 tgf

 Timestamp is 58251d36 (Fri Nov 11 01:21:58 2016)

 Preferred load address is 10000000

 Start         Length     Name                   Class
 0001:00000000 0000005eH .text$di                CODE
 0001:00000060 00060162H .text$mn                CODE
 0001:000601d0 00000133H .text$x                 CODE
 0002:00000000 00000194H .idata$5                DATA
 0002:00000194 00000004H .CRT$XCA                DATA
 0002:00000198 0000000cH .CRT$XCU                DATA
 0002:000001a4 00000004H .CRT$XCZ                DATA
 0002:000001a8 00000004H .CRT$XIA                DATA
 0002:000001ac 00000014H .CRT$XIC                DATA
 0002:000001c0 00000004H .CRT$XIZ                DATA
 0002:000001c4 00000004H .CRT$XPA                DATA
 0002:000001c8 00000008H .CRT$XPX                DATA
 0002:000001d0 00000004H .CRT$XPXA               DATA
 0002:000001d4 00000004H .CRT$XPZ                DATA
 0002:000001d8 00000004H .CRT$XTA                DATA
 0002:000001dc 00000004H .CRT$XTZ                DATA
 0002:000001e0 000120f0H .rdata                  DATA
 0002:000122d0 00000084H .rdata$debug            DATA
 0002:00012354 00000388H .rdata$r                DATA
 0002:000126dc 00000004H .rtc$IAA                DATA
 0002:000126e0 0000001cH .rtc$IMZ                DATA
 0002:000126fc 00000004H .rtc$IZZ                DATA
 0002:00012700 00000004H .rtc$TAA                DATA
 0002:00012704 0000001cH .rtc$TMZ                DATA
 0002:00012720 00000004H .rtc$TZZ                DATA
 0002:00012728 00000cccH .xdata$x                DATA
 0002:00013400 000005e1H .edata                  DATA
 0002:000139e4 00000028H .idata$2                DATA
 0002:00013a0c 00000014H .idata$3                DATA
 0002:00013a20 00000194H .idata$4                DATA
 0002:00013bb4 00000756H .idata$6                DATA
 0003:00000000 000013a8H .data                   DATA
 0003:000013a8 0000014fH .data$r                 DATA
 0003:00001500 00001fccH .bss                    DATA

  Address         Publics by Value              Rva+Base       Lib:Object

 0000:00000000       ___guard_fids_count        00000000     <absolute>
 0000:00000000       ___guard_flags             00000000     <absolute>
 0000:00000000       ___safe_se_handler_count   00000000     <absolute>
 0000:00000000       ___safe_se_handler_table   00000000     <absolute>
 0000:00000000       ___guard_fids_table        00000000     <absolute>
 0000:00000000       __except_list              00000000     <absolute>
 0000:00000000       ___ImageBase               10000000     <linker-defined>
 0001:00000060       ?GfDirGetList@@YAPAUFList@@PBD@Z 10001060 f   directory.obj
 0001:000000a0       ?GfDirGetListFiltered@@YAPAUFList@@PBD0@Z 100010a0 f   directory.obj
 0001:000000e0       ?GfDirFreeList@@YAXPAUFList@@P6AXPAX@Z_N3@Z 100010e0 f   directory.obj
 0001:00000190       ?gfDirInit@@YAXXZ          10001190 f   directory.obj
 0001:000001a0       ?GfHashCreate@@YAPAXH@Z    100011a0 f   hash.obj
 0001:00000270       ?GfHashAddStr@@YAHPAXPBDPBX@Z 10001270 f   hash.obj
 0001:00000390       ?GfHashRemStr@@YAPBXPAXPAD@Z 10001390 f   hash.obj
 0001:00000440       ?GfHashGetStr@@YAPBXPAXPBD@Z 10001440 f   hash.obj
 0001:000004d0       ?GfHashAddBuf@@YAXPAXPADI0@Z 100014d0 f   hash.obj
 0001:000005e0       ?GfHashRemBuf@@YAPBXPAXPADI@Z 100015e0 f   hash.obj
 0001:00000690       ?GfHashGetBuf@@YAPBXPAXPADI@Z 10001690 f   hash.obj
 0001:00000720       ?GfHashRelease@@YAXPAXP6AXPBX@Z@Z 10001720 f   hash.obj
 0001:000007e0       ?GfHashGetFirst@@YAPBXPAX@Z 100017e0 f   hash.obj
 0001:00000820       ?GfHashGetNext@@YAPBXPAX@Z 10001820 f   hash.obj
 0001:00000bf0       ?GfModLoad@@YAHIPADPAPAUModList@@@Z 10001bf0 f   module.obj
 0001:00000c30       ?GfModLoadDir@@YAHIPADPAPAUModList@@@Z 10001c30 f   module.obj
 0001:00000c70       ?GfModUnloadList@@YAHPAPAUModList@@@Z 10001c70 f   module.obj
 0001:00000cb0       ?GfModInfo@@YAHIPADPAPAUModList@@@Z 10001cb0 f   module.obj
 0001:00000cf0       ?GfModInfoDir@@YAHIPADHPAPAUModList@@@Z 10001cf0 f   module.obj
 0001:00000d30       ?GfModFreeInfoList@@YAHPAPAUModList@@@Z 10001d30 f   module.obj
 0001:00000d70       ?gfModInit@@YAXXZ          10001d70 f   module.obj
 0001:00000d80       ?GfTimeClock@@YANXZ        10001d80 f   os.obj
 0001:00000db0       ?gfOsInit@@YAXXZ           10001db0 f   os.obj
 0001:00000dc0       ?GfParmReadFile@@YAPAXPBDH@Z 10001dc0 f   params.obj
 0001:000010f0       ?GfParmWriteFile@@YAHPBDPAX0@Z 100020f0 f   params.obj
 0001:000012c0       ?GfParmGetName@@YAPADPAX@Z 100022c0 f   params.obj
 0001:00001320       ?GfParmGetFileName@@YAPADPAX@Z 10002320 f   params.obj
 0001:00001380       ?GfParmSetDTD@@YAXPAXPAD1@Z 10002380 f   params.obj
 0001:00001430       ?GfParmGetStr@@YAPBDPAXPBD11@Z 10002430 f   params.obj
 0001:000014e0       ?GfParmGetCurStr@@YAPBDPAXPBD11@Z 100024e0 f   params.obj
 0001:000015c0       ?GfParmSetStr@@YAHPAXPBD11@Z 100025c0 f   params.obj
 0001:000016f0       ?GfParmSetCurStr@@YAHPAXPAD11@Z 100026f0 f   params.obj
 0001:00001820       ?GfParmGetNum@@YAMPAXPBD11M@Z 10002820 f   params.obj
 0001:000018d0       ?GfParmGetCurNum@@YAMPAXPBD11M@Z 100028d0 f   params.obj
 0001:000019b0       ?GfParmSetNum@@YAHPAXPBD11M@Z 100029b0 f   params.obj
 0001:00001ac0       ?GfParmSetCurNum@@YAHPAXPBD11M@Z 10002ac0 f   params.obj
 0001:00001c00       ?GfParmClean@@YAXPAX@Z     10002c00 f   params.obj
 0001:00001c60       ?GfParmReleaseHandle@@YAXPAX@Z 10002c60 f   params.obj
 0001:00001cb0       ?GfParmUnit2SI@@YAMPBDM@Z  10002cb0 f   params.obj
 0001:00001fb0       ?GfParmSI2Unit@@YAMPBDM@Z  10002fb0 f   params.obj
 0001:000022b0       ?GfParmCheckHandle@@YAHPAX0@Z 100032b0 f   params.obj
 0001:00002520       ?GfParmMergeHandles@@YAPAXPAX0H@Z 10003520 f   params.obj
 0001:000028c0       ?GfParmGetNumBoundaries@@YAHPAXPAD1PAM2@Z 100038c0 f   params.obj
 0001:00002960       ?GfParmGetEltNb@@YAHPAXPBD@Z 10003960 f   params.obj
 0001:00002a10       ?GfParmListSeekFirst@@YAHPAXPBD@Z 10003a10 f   params.obj
 0001:00002aa0       ?GfParmListSeekNext@@YAHPAXPBD@Z 10003aa0 f   params.obj
 0001:00002b50       ?GfParmListGetCurEltName@@YAPADPAXPBD@Z 10003b50 f   params.obj
 0001:00002c00       ?GfParmListClean@@YAHPAXPBD@Z 10003c00 f   params.obj
 0001:000039d0       ?gfParamInit@@YAXXZ        100049d0 f   params.obj
 0001:000039f0       ?GfParmShutdown@@YAXXZ     100049f0 f   params.obj
 0001:00004b10       ?GfParmReadBuf@@YAPAXPAD@Z 10005b10 f   params.obj
 0001:00005690       ?GfParmWriteBuf@@YAHPAXPADH@Z 10006690 f   params.obj
 0001:00005810       ?GfParmRemove@@YAXPAXPAD1@Z 10006810 f   params.obj
 0001:00005cc0       ?GfParmSetNumEx@@YAHPAXPAD11MMM@Z 10006cc0 f   params.obj
 0001:000061c0       ?strchr@@YAPADPADH@Z       100071c0 f i params.obj
 0001:000061e0       ?strrchr@@YAPADPADH@Z      100071e0 f i params.obj
 0001:00006200       ?GfInit@@YAXXZ             10007200 f   tgf.obj
 0001:00006220       ?_tgf_win_malloc@@YAPAXI@Z 10007220 f   tgf.obj
 0001:00006280       ?_tgf_win_calloc@@YAPAXII@Z 10007280 f   tgf.obj
 0001:000062d0       ?_tgf_win_realloc@@YAPAXPAXI@Z 100072d0 f   tgf.obj
 0001:00006370       ?_tgf_win_free@@YAXPAX@Z   10007370 f   tgf.obj
 0001:00006460       ?_tgf_win_strdup@@YAPADPBD@Z 10007460 f   tgf.obj
 0001:000064b0       ?gfMean@@YAMMPAUtMeanVal@@HH@Z 100074b0 f   tgf.obj
 0001:00006590       ?gfMeanReset@@YAXMPAUtMeanVal@@@Z 10007590 f   tgf.obj
 0001:000065d0       ?GetLocalDir@@YAPADXZ      100075d0 f   tgf.obj
 0001:000065e0       ?SetLocalDir@@YAXPAD@Z     100075e0 f   tgf.obj
 0001:00006610       ?GetLibDir@@YAPADXZ        10007610 f   tgf.obj
 0001:00006620       ?SetLibDir@@YAXPAD@Z       10007620 f   tgf.obj
 0001:00006650       ?GetDataDir@@YAPADXZ       10007650 f   tgf.obj
 0001:00006660       ?SetDataDir@@YAXPAD@Z      10007660 f   tgf.obj
 0001:00006690       ?GetSingleTextureMode@@YAHXZ 10007690 f   tgf.obj
 0001:000066a0       ?SetSingleTextureMode@@YAXXZ 100076a0 f   tgf.obj
 0001:000066b0       ?GfNearestPow2@@YAHH@Z     100076b0 f   tgf.obj
 0001:00006710       ?GfCreateDir@@YAHPAD@Z     10007710 f   tgf.obj
 0001:000068b0       ?GfTime2Str@@YAPADMH@Z     100078b0 f   tgf.obj
 0001:00006ae0       ?gfTraceInit@@YAXXZ        10007ae0 f   trace.obj
 0001:00006ae6       _XML_ParserCreate          10007ae6 f   txml:txml.dll
 0001:00006aec       _XML_SetElementHandler     10007aec f   txml:txml.dll
 0001:00006af2       _XML_SetExternalEntityRefHandler 10007af2 f   txml:txml.dll
 0001:00006af8       _XML_SetUserData           10007af8 f   txml:txml.dll
 0001:00006afe       _XML_Parse                 10007afe f   txml:txml.dll
 0001:00006b04       _XML_ExternalEntityParserCreate 10007b04 f   txml:txml.dll
 0001:00006b0a       _XML_GetErrorCode          10007b0a f   txml:txml.dll
 0001:00006b10       _XML_GetCurrentLineNumber  10007b10 f   txml:txml.dll
 0001:00006b16       _XML_ParserFree            10007b16 f   txml:txml.dll
 0001:00006b1c       _XML_ErrorString           10007b1c f   txml:txml.dll
 0001:00006b22       _GlobalAlloc@8             10007b22 f   kernel32:KERNEL32.dll
 0001:00006b28       _GlobalFree@4              10007b28 f   kernel32:KERNEL32.dll
 0001:00006b30       @_RTC_AllocaHelper@12      10007b30 f   LIBCMTD:stack.obj
 0001:00006b70       @_RTC_CheckStackVars2@12   10007b70 f   LIBCMTD:stack.obj
 0001:00006c50       @_RTC_CheckStackVars@8     10007c50 f   LIBCMTD:stack.obj
 0001:00006cb0       __RTC_CheckEsp             10007cb0 f   LIBCMTD:stack.obj
 0001:00006ce0       __RTC_InitBase             10007ce0 f   LIBCMTD:init.obj
 0001:00006d10       __RTC_Shutdown             10007d10 f   LIBCMTD:init.obj
 0001:00006ee0       _memcmp                    10007ee0 f   LIBCMTD:memcmp.obj
 0001:000077b0       _memcpy                    100087b0 f   LIBCMTD:memcpy.obj
 0001:00007e00       _strcmp                    10008e00 f   LIBCMTD:strcmp.obj
 0001:00007e90       _strlen                    10008e90 f   LIBCMTD:strlen.obj
 0001:00007f20       __fpmath                   10008f20 f   LIBCMTD:fpinit.obj
 0001:00007f40       ___setfflag                10008f40 f   LIBCMTD:fpinit.obj
 0001:00007f60       __cfltcvt_init             10008f60 f   LIBCMTD:fpinit.obj
 0001:00008020       ___raise_securityfailure   10009020 f   LIBCMTD:gs_report.obj
 0001:00008070       ___report_gsfailure        10009070 f   LIBCMTD:gs_report.obj
 0001:00008180       ___report_rangecheckfailure 10009180 f   LIBCMTD:gs_report.obj
 0001:00008190       ___report_securityfailure  10009190 f   LIBCMTD:gs_report.obj
 0001:00008270       ___report_securityfailureEx 10009270 f   LIBCMTD:gs_report.obj
 0001:000083a0       _qsort                     100093a0 f   LIBCMTD:qsort.obj
 0001:00008a20       ??0_LocaleUpdate@@QAE@PAUlocaleinfo_struct@@@Z 10009a20 f i LIBCMTD:strtol.obj
 0001:00008b00       ??1_LocaleUpdate@@QAE@XZ   10009b00 f i LIBCMTD:strtol.obj
 0001:00008b30       ?GetLocaleT@_LocaleUpdate@@QAEPAUlocaleinfo_struct@@XZ 10009b30 f i LIBCMTD:strtol.obj
 0001:00009040       __strtol_l                 1000a040 f   LIBCMTD:strtol.obj
 0001:00009060       __strtoul_l                1000a060 f   LIBCMTD:strtol.obj
 0001:00009080       _strtol                    1000a080 f   LIBCMTD:strtol.obj
 0001:000090d0       _strtoul                   1000a0d0 f   LIBCMTD:strtol.obj
 0001:00009120       __get_sys_err_msg          1000a120 f i LIBCMTD:perror.obj
 0001:00009160       _perror                    1000a160 f   LIBCMTD:perror.obj
 0001:00009260       __fclose_nolock            1000a260 f   LIBCMTD:fclose.obj
 0001:00009370       _fclose                    1000a370 f   LIBCMTD:fclose.obj
 0001:00009490       __fsopen                   1000a490 f   LIBCMTD:fopen.obj
 0001:000096e0       _fopen                     1000a6e0 f   LIBCMTD:fopen.obj
 0001:00009700       _fopen_s                   1000a700 f   LIBCMTD:fopen.obj
 0001:000097c0       _fputs                     1000a7c0 f   LIBCMTD:fputs.obj
 0001:00009ab0       __fread_nolock             1000aab0 f   LIBCMTD:fread.obj
 0001:00009ad0       __fread_nolock_s           1000aad0 f   LIBCMTD:fread.obj
 0001:0000a100       _fread                     1000b100 f   LIBCMTD:fread.obj
 0001:0000a120       _fread_s                   1000b120 f   LIBCMTD:fread.obj
 0001:0000a270       __get_printf_count_output  1000b270 f   LIBCMTD:printf.obj
 0001:0000a2a0       __printf_l                 1000b2a0 f   LIBCMTD:printf.obj
 0001:0000a2d0       __printf_p                 1000b2d0 f   LIBCMTD:printf.obj
 0001:0000a2f0       __printf_p_l               1000b2f0 f   LIBCMTD:printf.obj
 0001:0000a320       __printf_s_l               1000b320 f   LIBCMTD:printf.obj
 0001:0000a350       __set_printf_count_output  1000b350 f   LIBCMTD:printf.obj
 0001:0000a3b0       _printf                    1000b3b0 f   LIBCMTD:printf.obj
 0001:0000a530       _printf_s                  1000b530 f   LIBCMTD:printf.obj
 0001:0000a550       __sscanf_l                 1000b550 f   LIBCMTD:sscanf.obj
 0001:0000a580       __sscanf_s_l               1000b580 f   LIBCMTD:sscanf.obj
 0001:0000a5b0       _sscanf                    1000b5b0 f   LIBCMTD:sscanf.obj
 0001:0000a5e0       _sscanf_s                  1000b5e0 f   LIBCMTD:sscanf.obj
 0001:0000a7a0       _vsscanf                   1000b7a0 f   LIBCMTD:sscanf.obj
 0001:0000a7c0       _vsscanf_s                 1000b7c0 f   LIBCMTD:sscanf.obj
 0001:0000a7e0       __snprintf                 1000b7e0 f   LIBCMTD:snprintf.obj
 0001:0000a9c0       __snprintf_l               1000b9c0 f   LIBCMTD:snprintf.obj
 0001:0000a9f0       _strchr                    1000b9f0 f   LIBCMTD:strchr.obj
 0001:0000aa5e       ___from_strstr_to_strchr   1000ba5e     LIBCMTD:strchr.obj
 0001:0000ab20       _strncmp                   1000bb20 f   LIBCMTD:strncmp.obj
 0001:0000aba0       _strncpy                   1000bba0 f   LIBCMTD:strncpy.obj
 0001:0000acd0       _strrchr                   1000bcd0 f   LIBCMTD:strrchr.obj
 0001:0000ae10       @__security_check_cookie@4 1000be10 f   LIBCMTD:secchk.obj
 0001:0000ae20       __alloca_probe             1000be20 f   LIBCMTD:chkstk.obj
 0001:0000ae20       __chkstk                   1000be20 f   LIBCMTD:chkstk.obj
 0001:0000ae50       _memset                    1000be50 f   LIBCMTD:memset.obj
 0001:0000aee0       _strcpy                    1000bee0 f   LIBCMTD:strcat.obj
 0001:0000aef0       _strcat                    1000bef0 f   LIBCMTD:strcat.obj
 0001:0000afe0       ___doserrno                1000bfe0 f   LIBCMTD:dosmap.obj
 0001:0000b010       __dosmaperr                1000c010 f   LIBCMTD:dosmap.obj
 0001:0000b040       __errno                    1000c040 f   LIBCMTD:dosmap.obj
 0001:0000b070       __get_doserrno             1000c070 f   LIBCMTD:dosmap.obj
 0001:0000b100       __get_errno                1000c100 f   LIBCMTD:dosmap.obj
 0001:0000b190       __get_errno_from_oserr     1000c190 f   LIBCMTD:dosmap.obj
 0001:0000b210       __set_doserrno             1000c210 f   LIBCMTD:dosmap.obj
 0001:0000b240       __set_errno                1000c240 f   LIBCMTD:dosmap.obj
 0001:0000b270       __mkdir                    1000c270 f   LIBCMTD:mkdir.obj
 0001:0000b2c0       _floor                     1000c2c0 f   LIBCMTD:floor_pentium4.obj
 0001:0000b300       __floor_pentium4           1000c300 f   LIBCMTD:floor_pentium4.obj
 0001:0000b880       __CrtCheckMemory           1000c880 f   LIBCMTD:dbgheap.obj
 0001:0000bce0       __CrtDoForAllClientObjects 1000cce0 f   LIBCMTD:dbgheap.obj
 0001:0000be10       __CrtDumpMemoryLeaks       1000ce10 f   LIBCMTD:dbgheap.obj
 0001:0000beb0       __CrtGetAllocHook          1000ceb0 f   LIBCMTD:dbgheap.obj
 0001:0000bec0       __CrtGetCheckCount         1000cec0 f   LIBCMTD:dbgheap.obj
 0001:0000bed0       __CrtGetDumpClient         1000ced0 f   LIBCMTD:dbgheap.obj
 0001:0000bee0       __CrtIsMemoryBlock         1000cee0 f   LIBCMTD:dbgheap.obj
 0001:0000c050       __CrtIsValidHeapPointer    1000d050 f   LIBCMTD:dbgheap.obj
 0001:0000c090       __CrtIsValidPointer        1000d090 f   LIBCMTD:dbgheap.obj
 0001:0000c0c0       __CrtMemCheckpoint         1000d0c0 f   LIBCMTD:dbgheap.obj
 0001:0000c2f0       __CrtMemDifference         1000d2f0 f   LIBCMTD:dbgheap.obj
 0001:0000c550       __CrtMemDumpAllObjectsSince 1000d550 f   LIBCMTD:dbgheap.obj
 0001:0000c590       __CrtMemDumpStatistics     1000d590 f   LIBCMTD:dbgheap.obj
 0001:0000c6b0       __CrtReportBlockType       1000d6b0 f   LIBCMTD:dbgheap.obj
 0001:0000c6e0       __CrtSetAllocHook          1000d6e0 f   LIBCMTD:dbgheap.obj
 0001:0000c700       __CrtSetBreakAlloc         1000d700 f   LIBCMTD:dbgheap.obj
 0001:0000c720       __CrtSetCheckCount         1000d720 f   LIBCMTD:dbgheap.obj
 0001:0000c740       __CrtSetDbgBlockType       1000d740 f   LIBCMTD:dbgheap.obj
 0001:0000c830       __CrtSetDbgFlag            1000d830 f   LIBCMTD:dbgheap.obj
 0001:0000c980       __CrtSetDebugFillThreshold 1000d980 f   LIBCMTD:dbgheap.obj
 0001:0000c9a0       __CrtSetDumpClient         1000d9a0 f   LIBCMTD:dbgheap.obj
 0001:0000c9c0       __aligned_free             1000d9c0 f   LIBCMTD:dbgheap.obj
 0001:0000c9e0       __aligned_free_dbg         1000d9e0 f   LIBCMTD:dbgheap.obj
 0001:0000ca90       __aligned_malloc           1000da90 f   LIBCMTD:dbgheap.obj
 0001:0000cab0       __aligned_malloc_dbg       1000dab0 f   LIBCMTD:dbgheap.obj
 0001:0000cad0       __aligned_msize            1000dad0 f   LIBCMTD:dbgheap.obj
 0001:0000caf0       __aligned_msize_dbg        1000daf0 f   LIBCMTD:dbgheap.obj
 0001:0000cc10       __aligned_offset_malloc    1000dc10 f   LIBCMTD:dbgheap.obj
 0001:0000cc30       __aligned_offset_malloc_dbg 1000dc30 f   LIBCMTD:dbgheap.obj
 0001:0000ce10       __aligned_offset_realloc   1000de10 f   LIBCMTD:dbgheap.obj
 0001:0000ce40       __aligned_offset_realloc_dbg 1000de40 f   LIBCMTD:dbgheap.obj
 0001:0000d150       __aligned_offset_recalloc  1000e150 f   LIBCMTD:dbgheap.obj
 0001:0000d180       __aligned_offset_recalloc_dbg 1000e180 f   LIBCMTD:dbgheap.obj
 0001:0000d240       __aligned_realloc          1000e240 f   LIBCMTD:dbgheap.obj
 0001:0000d260       __aligned_realloc_dbg      1000e260 f   LIBCMTD:dbgheap.obj
 0001:0000d290       __aligned_recalloc         1000e290 f   LIBCMTD:dbgheap.obj
 0001:0000d2c0       __aligned_recalloc_dbg     1000e2c0 f   LIBCMTD:dbgheap.obj
 0001:0000d2f0       __calloc_dbg               1000e2f0 f   LIBCMTD:dbgheap.obj
 0001:0000d350       __calloc_dbg_impl          1000e350 f   LIBCMTD:dbgheap.obj
 0001:0000d3d0       __expand                   1000e3d0 f   LIBCMTD:dbgheap.obj
 0001:0000d400       __expand_dbg               1000e400 f   LIBCMTD:dbgheap.obj
 0001:0000d530       __free_dbg                 1000e530 f   LIBCMTD:dbgheap.obj
 0001:0000d5b0       __free_dbg_nolock          1000e5b0 f   LIBCMTD:dbgheap.obj
 0001:0000dab0       __free_nolock              1000eab0 f   LIBCMTD:dbgheap.obj
 0001:0000dad0       __heap_alloc               1000ead0 f   LIBCMTD:dbgheap.obj
 0001:0000daf0       __heap_alloc_dbg           1000eaf0 f   LIBCMTD:dbgheap.obj
 0001:0000df10       __invoke_watson_if_oneof   1000ef10 f i LIBCMTD:dbgheap.obj
 0001:0000df50       __malloc_dbg               1000ef50 f   LIBCMTD:dbgheap.obj
 0001:0000df80       __msize                    1000ef80 f   LIBCMTD:dbgheap.obj
 0001:0000dfa0       __msize_dbg                1000efa0 f   LIBCMTD:dbgheap.obj
 0001:0000e1b0       __nh_malloc                1000f1b0 f   LIBCMTD:dbgheap.obj
 0001:0000e1d0       __nh_malloc_dbg            1000f1d0 f   LIBCMTD:dbgheap.obj
 0001:0000e460       __realloc_dbg              1000f460 f   LIBCMTD:dbgheap.obj
 0001:0000e500       __recalloc                 1000f500 f   LIBCMTD:dbgheap.obj
 0001:0000e530       __recalloc_dbg             1000f530 f   LIBCMTD:dbgheap.obj
 0001:0000ebf0       __invoke_watson_if_error   1000fbf0 f i LIBCMTD:wassert.obj
 0001:0000ec20       __wassert                  1000fc20 f   LIBCMTD:wassert.obj
 0001:0000f860       __ftol2_sse                10010860 f   LIBCMTD:ftol2.obj
 0001:0000f869       __ftol2_pentium4           10010869 f   LIBCMTD:ftol2.obj
 0001:0000f87c       __ftol2_sse_excpt          1001087c f   LIBCMTD:ftol2.obj
 0001:0000f896       __ftol2                    10010896 f   LIBCMTD:ftol2.obj
 0001:0000f910       __CRT_INIT@12              10010910 f   LIBCMTD:dllcrt0.obj
 0001:0000fb60       __DllMainCRTStartup@12     10010b60 f   LIBCMTD:dllcrt0.obj
 0001:0000fd50       ___DllXcptFilter           10010d50 f   LIBCMTD:dllcrt0.obj
 0001:0000fed0       ?_RTC_AllocaFailure@@YAXPAXPAU_RTC_ALLOCA_NODE@@H@Z 10010ed0 f   LIBCMTD:error.obj
 0001:00010050       ?_RTC_Failure@@YAXPAXH@Z   10011050 f   LIBCMTD:error.obj
 0001:000100a0       ?_RTC_StackFailure@@YAXPAXPBD@Z 100110a0 f   LIBCMTD:error.obj
 0001:00010420       __RTC_UninitUse            10011420 f   LIBCMTD:error.obj
 0001:00010510       ?_RTC_GetErrorFunc@@YAP6AHHPBDH00ZZPBX@Z 10011510 f   LIBCMTD:userapi.obj
 0001:00010520       ?_RTC_GetErrorFuncW@@YAP6AHHPB_WH00ZZPBX@Z 10011520 f   LIBCMTD:userapi.obj
 0001:00010530       __RTC_GetErrDesc           10011530 f   LIBCMTD:userapi.obj
 0001:00010550       __RTC_NumErrors            10011550 f   LIBCMTD:userapi.obj
 0001:00010560       __RTC_SetErrorFunc         10011560 f   LIBCMTD:userapi.obj
 0001:00010580       __RTC_SetErrorFuncW        10011580 f   LIBCMTD:userapi.obj
 0001:000105a0       __RTC_SetErrorType         100115a0 f   LIBCMTD:userapi.obj
 0001:000105d0       __CRT_RTC_INIT             100115d0 f   LIBCMTD:chkesp.obj
 0001:000105e0       __CRT_RTC_INITW            100115e0 f   LIBCMTD:chkesp.obj
 0001:000105f0       __chkesp                   100115f0 f   LIBCMTD:chkesp.obj
 0001:00010630       ___isa_available_init      10011630 f   LIBCMTD:cpu_disp.obj
 0001:000108e0       __cfltcvt                  100118e0 f   LIBCMTD:cvt.obj
 0001:00010910       __cfltcvt_l                10011910 f   LIBCMTD:cvt.obj
 0001:000109d0       __cftoa                    100119d0 f   LIBCMTD:cvt.obj
 0001:00010a00       __cftoa_l                  10011a00 f   LIBCMTD:cvt.obj
 0001:00011270       __cftoe                    10012270 f   LIBCMTD:cvt.obj
 0001:000116b0       __cftoe_l                  100126b0 f   LIBCMTD:cvt.obj
 0001:000118e0       __cftof                    100128e0 f   LIBCMTD:cvt.obj
 0001:00011b90       __cftof_l                  10012b90 f   LIBCMTD:cvt.obj
 0001:00011d90       __cftog                    10012d90 f   LIBCMTD:cvt.obj
 0001:00011dc0       __cftog_l                  10012dc0 f   LIBCMTD:cvt.obj
 0001:00012050       __cropzeros                10013050 f   LIBCMTD:cvt.obj
 0001:00012070       __cropzeros_l              10013070 f   LIBCMTD:cvt.obj
 0001:00012190       __fassign                  10013190 f   LIBCMTD:cvt.obj
 0001:000121b0       __fassign_l                100131b0 f   LIBCMTD:cvt.obj
 0001:00012200       __forcdecpt                10013200 f   LIBCMTD:cvt.obj
 0001:00012220       __forcdecpt_l              10013220 f   LIBCMTD:cvt.obj
 0001:000122f0       __positive                 100132f0 f   LIBCMTD:cvt.obj
 0001:00012350       __setdefaultprecision      10013350 f   LIBCMTD:fp8.obj
 0001:00012390       __initp_misc_cfltcvt_tab   10013390 f   LIBCMTD:cmiscdat.obj
 0001:000123d0       __CrtDefaultAllocHook      100133d0 f   LIBCMTD:dbghook.obj
 0001:000123e0       __crt_debugger_hook        100133e0 f   LIBCMTD:dbghook.obj
 0001:00012440       ___crtCloseThreadpoolTimer 10013440 f   LIBCMTD:winapisupp.obj
 0001:00012470       ___crtCloseThreadpoolWait  10013470 f   LIBCMTD:winapisupp.obj
 0001:000124a0       ___crtCreateEventExW       100134a0 f   LIBCMTD:winapisupp.obj
 0001:00012500       ___crtCreateSemaphoreExW   10013500 f   LIBCMTD:winapisupp.obj
 0001:00012560       ___crtCreateSymbolicLinkW  10013560 f   LIBCMTD:winapisupp.obj
 0001:000125a0       ___crtCreateThreadpoolTimer 100135a0 f   LIBCMTD:winapisupp.obj
 0001:000125e0       ___crtCreateThreadpoolWait 100135e0 f   LIBCMTD:winapisupp.obj
 0001:00012620       ___crtFlsAlloc             10013620 f   LIBCMTD:winapisupp.obj
 0001:00012650       ___crtFlsFree              10013650 f   LIBCMTD:winapisupp.obj
 0001:00012690       ___crtFlsGetValue          10013690 f   LIBCMTD:winapisupp.obj
 0001:000126d0       ___crtFlsSetValue          100136d0 f   LIBCMTD:winapisupp.obj
 0001:00012710       ___crtFlushProcessWriteBuffers 10013710 f   LIBCMTD:winapisupp.obj
 0001:00012740       ___crtFreeLibraryWhenCallbackReturns 10013740 f   LIBCMTD:winapisupp.obj
 0001:00012770       ___crtGetCurrentProcessorNumber 10013770 f   LIBCMTD:winapisupp.obj
 0001:000127a0       ___crtGetFileInformationByHandleEx 100137a0 f   LIBCMTD:winapisupp.obj
 0001:000127e0       ___crtGetLogicalProcessorInformation 100137e0 f   LIBCMTD:winapisupp.obj
 0001:00012820       ___crtGetShowWindowMode    10013820 f   LIBCMTD:winapisupp.obj
 0001:00012850       ___crtGetTickCount64       10013850 f   LIBCMTD:winapisupp.obj
 0001:00012880       ___crtInitializeCriticalSectionEx 10013880 f   LIBCMTD:winapisupp.obj
 0001:000128d0       ___crtIsPackagedApp        100138d0 f   LIBCMTD:winapisupp.obj
 0001:00012910       ___crtLoadWinApiPointers   10013910 f   LIBCMTD:winapisupp.obj
 0001:00012db0       ___crtSetFileInformationByHandle 10013db0 f   LIBCMTD:winapisupp.obj
 0001:00012df0       ___crtSetThreadStackGuarantee 10013df0 f   LIBCMTD:winapisupp.obj
 0001:00012e20       ___crtSetThreadpoolTimer   10013e20 f   LIBCMTD:winapisupp.obj
 0001:00012e60       ___crtSetThreadpoolWait    10013e60 f   LIBCMTD:winapisupp.obj
 0001:00012e90       ___crtSetUnhandledExceptionFilter 10013e90 f   LIBCMTD:winapisupp.obj
 0001:00012ea0       ___crtSleep                10013ea0 f   LIBCMTD:winapisupp.obj
 0001:00012eb0       ___crtTerminateProcess     10013eb0 f   LIBCMTD:winapisupp.obj
 0001:00012ed0       ___crtUnhandledException   10013ed0 f   LIBCMTD:winapisupp.obj
 0001:00012ef0       ___crtWaitForThreadpoolTimerCallbacks 10013ef0 f   LIBCMTD:winapisupp.obj
 0001:00012f20       ?_invalid_parameter@@YAXPBG00II@Z 10013f20 f   LIBCMTD:invarg.obj
 0001:00012f50       ?_invoke_watson@@YAXPBG00II@Z 10013f50 f   LIBCMTD:invarg.obj
 0001:00012f70       __call_reportfault         10013f70 f   LIBCMTD:invarg.obj
 0001:000130d0       __get_invalid_parameter_handler 100140d0 f   LIBCMTD:invarg.obj
 0001:00013100       __initp_misc_invarg        10014100 f   LIBCMTD:invarg.obj
 0001:00013110       __invalid_parameter        10014110 f   LIBCMTD:invarg.obj
 0001:00013170       __invoke_watson            10014170 f   LIBCMTD:invarg.obj
 0001:000131b0       __set_invalid_parameter_handler 100141b0 f   LIBCMTD:invarg.obj
 0001:000131f0       ?_CrtDbgReportW@@YAHHPBGH00ZZ 100141f0 f   LIBCMTD:dbgrptw.obj
 0001:00013240       __CrtDbgReportW            10014240 f   LIBCMTD:dbgrptw.obj
 0001:00013290       __CrtDbgReportWV           10014290 f i LIBCMTD:dbgrptw.obj
 0001:000132c0       __CrtSetReportHookW2       100142c0 f   LIBCMTD:dbgrptw.obj
 0001:00013610       ___crtMessageWindowW       10014610 f   LIBCMTD:dbgrptw.obj
 0001:00013ac0       ___addlocaleref            10014ac0 f   LIBCMTD:localref.obj
 0001:00013be0       ___freetlocinfo            10014be0 f   LIBCMTD:localref.obj
 0001:00013ed0       ___removelocaleref         10014ed0 f   LIBCMTD:localref.obj
 0001:00013ff0       ___updatetlocinfo          10014ff0 f   LIBCMTD:localref.obj
 0001:000140c0       __updatetlocinfoEx_nolock  100150c0 f   LIBCMTD:localref.obj
 0001:00014140       ___initmbctable            10015140 f   LIBCMTD:mbctype.obj
 0001:00014760       ___updatetmbcinfo          10015760 f   LIBCMTD:mbctype.obj
 0001:00014880       __getmbcp                  10015880 f   LIBCMTD:mbctype.obj
 0001:000148f0       __setmbcp                  100158f0 f   LIBCMTD:mbctype.obj
 0001:00014b90       __setmbcp_nolock           10015b90 f   LIBCMTD:mbctype.obj
 0001:00014f10       __chvalidator              10015f10 f   LIBCMTD:isctype.obj
 0001:00014f60       __chvalidator_l            10015f60 f   LIBCMTD:isctype.obj
 0001:00015020       __isctype                  10016020 f   LIBCMTD:isctype.obj
 0001:00015060       __isctype_l                10016060 f   LIBCMTD:isctype.obj
 0001:000151b0       ___get_flsindex            100161b0 f   LIBCMTD:tidtable.obj
 0001:000151c0       ___threadhandle            100161c0 f   LIBCMTD:tidtable.obj
 0001:000151d0       ___threadid                100161d0 f   LIBCMTD:tidtable.obj
 0001:000151e0       __freefls@4                100161e0 f   LIBCMTD:tidtable.obj
 0001:000153e0       __freeptd                  100163e0 f   LIBCMTD:tidtable.obj
 0001:00015420       __getptd                   10016420 f   LIBCMTD:tidtable.obj
 0001:00015450       __getptd_noexit            10016450 f   LIBCMTD:tidtable.obj
 0001:00015500       __initptd                  10016500 f   LIBCMTD:tidtable.obj
 0001:00015640       __mtinit                   10016640 f   LIBCMTD:tidtable.obj
 0001:000156f0       __mtterm                   100166f0 f   LIBCMTD:tidtable.obj
 0001:00015820       ?_CallCatchBlock2@@YAPAXPAUEHRegistrationNode@@PBU_s_FuncInfo@@PAXHK@Z 10016820 f   LIBCMTD:_trnsctrl_.obj
 0001:00015890       ?_CallMemberFunction0@@YGXPAX0@Z 10016890 f   LIBCMTD:_trnsctrl_.obj
 0001:000158a0       ?_CallMemberFunction1@@YGXPAX00@Z 100168a0 f   LIBCMTD:_trnsctrl_.obj
 0001:000158b0       ?_CallMemberFunction2@@YGXPAX00H@Z 100168b0 f   LIBCMTD:_trnsctrl_.obj
 0001:000158c0       ?_CallSETranslator@@YAHPAUEHExceptionRecord@@PAUEHRegistrationNode@@PAX2PBU_s_FuncInfo@@H1@Z 100168c0 f   LIBCMTD:_trnsctrl_.obj
 0001:000159b0       ?_GetRangeOfTrysToCheck@@YAPBU_s_TryBlockMapEntry@@PBU_s_FuncInfo@@HHPAI1@Z 100169b0 f   LIBCMTD:_trnsctrl_.obj
 0001:00015a40       ?_JumpToContinuation@@YGXPAXPAUEHRegistrationNode@@@Z 10016a40 f   LIBCMTD:_trnsctrl_.obj
 0001:00015a80       ?_UnwindNestedFrames@@YGXPAUEHRegistrationNode@@PAUEHExceptionRecord@@@Z 10016a80 f   LIBCMTD:_trnsctrl_.obj
 0001:00015ae0       __CreateFrameInfo          10016ae0 f   LIBCMTD:_trnsctrl_.obj
 0001:00015b10       __FindAndUnlinkFrame       10016b10 f   LIBCMTD:_trnsctrl_.obj
 0001:00015b70       __IsExceptionObjectToBeDestroyed 10016b70 f   LIBCMTD:_trnsctrl_.obj
 0001:00015ba0       ___CxxFrameHandler         10016ba0 f   LIBCMTD:_trnsctrl_.obj
 0001:00015be0       ___CxxFrameHandler2        10016be0 f   LIBCMTD:_trnsctrl_.obj
 0001:00015c20       ___CxxFrameHandler3        10016c20 f   LIBCMTD:_trnsctrl_.obj
 0001:00015c60       ___CxxLongjmpUnwind@4      10016c60 f   LIBCMTD:_trnsctrl_.obj
 0001:00015c90       ___init_dummy              10016c90 f   LIBCMTD:wsetloca.obj
 0001:00015ca0       __locterm                  10016ca0 f   LIBCMTD:wsetloca.obj
 0001:00015d30       ____setlc_active_func      10016d30 f   LIBCMTD:wsetloca.obj
 0001:00015d40       ____unguarded_readlc_active_add_func 10016d40 f   LIBCMTD:wsetloca.obj
 0001:00015d50       ___copy_locale_name        10016d50 f   LIBCMTD:wsetloca.obj
 0001:00015df0       ___create_locale           10016df0 f   LIBCMTD:wsetloca.obj
 0001:00015e10       ___free_locale             10016e10 f   LIBCMTD:wsetloca.obj
 0001:00015e30       ___get_current_locale      10016e30 f   LIBCMTD:wsetloca.obj
 0001:00015e40       ___lc_lctowcs              10016e40 f   LIBCMTD:wsetloca.obj
 0001:00015ef0       ___lc_wcstolc              10016ef0 f   LIBCMTD:wsetloca.obj
 0001:00016110       __configthreadlocale       10017110 f   LIBCMTD:wsetloca.obj
 0001:00016270       __create_locale            10017270 f   LIBCMTD:wsetloca.obj
 0001:000162e0       __expandlocale             100172e0 f   LIBCMTD:wsetloca.obj
 0001:000167d0       __free_locale              100177d0 f   LIBCMTD:wsetloca.obj
 0001:00016900       __get_current_locale       10017900 f   LIBCMTD:wsetloca.obj
 0001:00016a20       __wcreate_locale           10017a20 f   LIBCMTD:wsetloca.obj
 0001:00016c10       __wcscats                  10017c10 f   LIBCMTD:wsetloca.obj
 0001:00016c90       __wsetlocale               10017c90 f   LIBCMTD:wsetloca.obj
 0001:00017d20       ___sys_errlist             10018d20 f   LIBCMTD:syserr.obj
 0001:00017d30       ___sys_nerr                10018d30 f   LIBCMTD:syserr.obj
 0001:00017d40       ___lock_fhandle            10018d40 f   LIBCMTD:osfinfo.obj
 0001:00017e30       __alloc_osfhnd             10018e30 f   LIBCMTD:osfinfo.obj
 0001:000180d0       __free_osfhnd              100190d0 f   LIBCMTD:osfinfo.obj
 0001:000181c0       __get_osfhandle            100191c0 f   LIBCMTD:osfinfo.obj
 0001:00018340       __open_osfhandle           10019340 f   LIBCMTD:osfinfo.obj
 0001:00018570       __set_osfhnd               10019570 f   LIBCMTD:osfinfo.obj
 0001:00018640       __unlock_fhandle           10019640 f   LIBCMTD:osfinfo.obj
 0001:00018670       __write                    10019670 f   LIBCMTD:write.obj
 0001:000188c0       __write_nolock             100198c0 f   LIBCMTD:write.obj
 0001:000196d0       __except_handler4          1001a6d0 f   LIBCMTD:chandler4.obj
 0001:00019890       __fileno                   1001a890 f   LIBCMTD:fileno.obj
 0001:00019920       ___initstdio               1001a920 f   LIBCMTD:_file.obj
 0001:000199f0       ___endstdio                1001a9f0 f   LIBCMTD:_file.obj
 0001:00019a30       ___iob_func                1001aa30 f   LIBCMTD:_file.obj
 0001:00019a40       __lock_file                1001aa40 f   LIBCMTD:_file.obj
 0001:00019aa0       __lock_file2               1001aaa0 f   LIBCMTD:_file.obj
 0001:00019ae0       __unlock_file              1001aae0 f   LIBCMTD:_file.obj
 0001:00019b40       __unlock_file2             1001ab40 f   LIBCMTD:_file.obj
 0001:00019b80       __close                    1001ab80 f   LIBCMTD:close.obj
 0001:00019dc0       __close_nolock             1001adc0 f   LIBCMTD:close.obj
 0001:00019ea0       __freebuf                  1001aea0 f   LIBCMTD:_freebuf.obj
 0001:00019f30       __fflush_nolock            1001af30 f   LIBCMTD:fflush.obj
 0001:00019fa0       __flush                    1001afa0 f   LIBCMTD:fflush.obj
 0001:0001a060       __flushall                 1001b060 f   LIBCMTD:fflush.obj
 0001:0001a070       _fflush                    1001b070 f   LIBCMTD:fflush.obj
 0001:0001a2b0       __getstream                1001b2b0 f   LIBCMTD:stream.obj
 0001:0001a4e0       __openfile                 1001b4e0 f   LIBCMTD:_open.obj
 0001:0001ace0       __local_unwind4            1001bce0 f   LIBCMTD:exsup4.obj
 0001:0001adb6       __seh_longjmp_unwind4@4    1001bdb6 f   LIBCMTD:exsup4.obj
 0001:0001add2       @_EH4_CallFilterFunc@8     1001bdd2 f   LIBCMTD:exsup4.obj
 0001:0001ade9       @_EH4_TransferToHandler@8  1001bde9 f   LIBCMTD:exsup4.obj
 0001:0001ae02       @_EH4_GlobalUnwind2@8      1001be02 f   LIBCMTD:exsup4.obj
 0001:0001ae1b       @_EH4_LocalUnwind@16       1001be1b f   LIBCMTD:exsup4.obj
 0001:0001ae40       __fwrite_nolock            1001be40 f   LIBCMTD:fwrite.obj
 0001:0001b250       _fwrite                    1001c250 f   LIBCMTD:fwrite.obj
 0001:0001b370       __ftbuf                    1001c370 f   LIBCMTD:_sftbuf.obj
 0001:0001b400       __stbuf                    1001c400 f   LIBCMTD:_sftbuf.obj
 0001:0001b570       __ioinit                   1001c570 f   LIBCMTD:ioinit.obj
 0001:0001ba50       __ioterm                   1001ca50 f   LIBCMTD:ioinit.obj
 0001:0001baf0       __filbuf                   1001caf0 f   LIBCMTD:_filbuf.obj
 0001:0001bd60       _memcpy_s                  1001cd60 f   LIBCMTD:memcpy_s.obj
 0001:0001bf30       __read                     1001cf30 f   LIBCMTD:read.obj
 0001:0001c200       __read_nolock              1001d200 f   LIBCMTD:read.obj
 0001:0001d440       __vprintf_l                1001e440 f   LIBCMTD:vprintf.obj
 0001:0001d460       __vprintf_p                1001e460 f   LIBCMTD:vprintf.obj
 0001:0001d480       __vprintf_p_l              1001e480 f   LIBCMTD:vprintf.obj
 0001:0001d4a0       __vprintf_s_l              1001e4a0 f   LIBCMTD:vprintf.obj
 0001:0001d4c0       _vprintf                   1001e4c0 f   LIBCMTD:vprintf.obj
 0001:0001d4e0       _vprintf_helper            1001e4e0 f   LIBCMTD:vprintf.obj
 0001:0001d620       _vprintf_s                 1001e620 f   LIBCMTD:vprintf.obj
 0001:0001d640       __output_l                 1001e640 f   LIBCMTD:output.obj
 0001:0001ecf0       _get_int64_arg             1001fcf0 f i LIBCMTD:output.obj
 0001:0001ed10       _get_int_arg               1001fd10 f i LIBCMTD:output.obj
 0001:0001ed30       _get_short_arg             1001fd30 f i LIBCMTD:output.obj
 0001:0001eef0       __INTRN_LOCALE_CONV        1001fef0 f i LIBCMTD:input.obj
 0001:0001f0b0       __input_l                  100200b0 f   LIBCMTD:input.obj
 0001:00020fb0       __input_s_l                10021fb0 f   LIBCMTD:inputs.obj
 0001:00023190       __flsbuf                   10024190 f   LIBCMTD:_flsbuf.obj
 0001:00023460       __vsnprintf                10024460 f   LIBCMTD:vsnprint.obj
 0001:00023480       __vsnprintf_l              10024480 f   LIBCMTD:vsnprint.obj
 0001:00023660       __VEC_memset               10024660 f   LIBCMTD:p4_memset.obj
 0001:00023730       ___copy_path_to_wide_string 10024730 f   LIBCMTD:crt0dat.obj
 0001:00023920       ___copy_to_char            10024920 f   LIBCMTD:crt0dat.obj
 0001:00023b10       ___crtCorExitProcess       10024b10 f   LIBCMTD:crt0dat.obj
 0001:00023b50       ___crtExitProcess          10024b50 f   LIBCMTD:crt0dat.obj
 0001:00023b70       ___freeCrtMemory           10024b70 f   LIBCMTD:crt0dat.obj
 0001:00023d40       __amsg_exit                10024d40 f   LIBCMTD:crt0dat.obj
 0001:00023d60       __c_exit                   10024d60 f   LIBCMTD:crt0dat.obj
 0001:00023d80       __cexit                    10024d80 f   LIBCMTD:crt0dat.obj
 0001:00023da0       __cinit                    10024da0 f   LIBCMTD:crt0dat.obj
 0001:00023e40       __exit                     10024e40 f   LIBCMTD:crt0dat.obj
 0001:00023e60       __exit_app                 10024e60 f   LIBCMTD:crt0dat.obj
 0001:00023e80       __get_pgmptr               10024e80 f   LIBCMTD:crt0dat.obj
 0001:00023fa0       __get_wpgmptr              10024fa0 f   LIBCMTD:crt0dat.obj
 0001:000240c0       __init_pointers            100250c0 f   LIBCMTD:crt0dat.obj
 0001:00024150       __initterm_e               10025150 f   LIBCMTD:crt0dat.obj
 0001:00024190       __lockexit                 10025190 f   LIBCMTD:crt0dat.obj
 0001:000241a0       __unlockexit               100251a0 f   LIBCMTD:crt0dat.obj
 0001:000243a0       _exit                      100253a0 f   LIBCMTD:crt0dat.obj
 0001:000243c0       __wmkdir                   100253c0 f   LIBCMTD:wmkdir.obj
 0001:00024410       ___libm_error_support      10025410 f   LIBCMTD:libm_error.obj
 0001:00024fe0       ___libm_setusermatherr     10025fe0 f   LIBCMTD:libm_error.obj
 0001:00025010       __sse2_mathfcns_init       10026010 f   LIBCMTD:mathfcns.obj
 0001:00025030       __set_SSE2_enable          10026030 f   LIBCMTD:mathfcns.obj
 0001:00025080       __floor_default            10026080 f   LIBCMTD:floor.obj
 0001:000251c0       __free_base                100261c0 f   LIBCMTD:free.obj
 0001:00025210       __realloc_base             10026210 f   LIBCMTD:realloc.obj
 0001:00025310       __expand_base              10026310 f   LIBCMTD:expand.obj
 0001:00025480       __CrtDbgReport             10026480 f   LIBCMTD:dbgrpt.obj
 0001:000254d0       __CrtDbgReportV            100264d0 f i LIBCMTD:dbgrpt.obj
 0001:00025500       __CrtSetReportHook2        10026500 f   LIBCMTD:dbgrpt.obj
 0001:00025850       ___crtMessageWindowA       10026850 f   LIBCMTD:dbgrpt.obj
 0001:00025d00       __lock                     10026d00 f   LIBCMTD:mlock.obj
 0001:00025d40       __lockerr_exit             10026d40 f   LIBCMTD:mlock.obj
 0001:00025d70       __mtdeletelocks            10026d70 f   LIBCMTD:mlock.obj
 0001:00025e30       __mtinitlocknum            10026e30 f   LIBCMTD:mlock.obj
 0001:00025f50       __mtinitlocks              10026f50 f   LIBCMTD:mlock.obj
 0001:00025fd0       __unlock                   10026fd0 f   LIBCMTD:mlock.obj
 0001:00025ff0       ?_query_new_handler@@YAP6AHI@ZXZ 10026ff0 f   LIBCMTD:handler.obj
 0001:00026010       ?_set_new_handler@@YAP6AHI@ZH@Z 10027010 f   LIBCMTD:handler.obj
 0001:00026050       ?_set_new_handler@@YAP6AHI@ZP6AHI@Z@Z 10027050 f   LIBCMTD:handler.obj
 0001:00026090       __callnewh                 10027090 f   LIBCMTD:handler.obj
 0001:000260d0       __initp_heap_handler       100270d0 f   LIBCMTD:handler.obj
 0001:000260e0       __heapchk                  100270e0 f   LIBCMTD:heapchk.obj
 0001:00026110       __heapset                  10027110 f   LIBCMTD:heapchk.obj
 0001:00026120       __scprintf                 10027120 f   LIBCMTD:sprintf.obj
 0001:00026140       __scprintf_l               10027140 f   LIBCMTD:sprintf.obj
 0001:00026170       __scprintf_p               10027170 f   LIBCMTD:sprintf.obj
 0001:00026190       __scprintf_p_l             10027190 f   LIBCMTD:sprintf.obj
 0001:000261c0       __snprintf_s               100271c0 f   LIBCMTD:sprintf.obj
 0001:000261f0       __snprintf_s_l             100271f0 f   LIBCMTD:sprintf.obj
 0001:00026220       __sprintf_l                10027220 f   LIBCMTD:sprintf.obj
 0001:00026250       __sprintf_p                10027250 f   LIBCMTD:sprintf.obj
 0001:00026280       __sprintf_p_l              10027280 f   LIBCMTD:sprintf.obj
 0001:000262b0       __sprintf_s_l              100272b0 f   LIBCMTD:sprintf.obj
 0001:000262e0       _sprintf                   100272e0 f   LIBCMTD:sprintf.obj
 0001:000264a0       _sprintf_s                 100274a0 f   LIBCMTD:sprintf.obj
 0001:000264d0       __heap_alloc_base          100274d0 f i LIBCMTD:malloc.obj
 0001:00026530       __malloc_base              10027530 f   LIBCMTD:malloc.obj
 0001:000265c0       __get_heap_handle          100275c0 f   LIBCMTD:heapinit.obj
 0001:00026600       __heap_init                10027600 f   LIBCMTD:heapinit.obj
 0001:00026630       __heap_term                10027630 f   LIBCMTD:heapinit.obj
 0001:00026640       _wcscat_s                  10027640 f   LIBCMTD:wcscat_s.obj
 0001:00026a50       _wcscpy_s                  10027a50 f   LIBCMTD:wcscpy_s.obj
 0001:00026d60       _wcslen                    10027d60 f   LIBCMTD:wcslen.obj
 0001:00026da0       _wcsncat_s                 10027da0 f   LIBCMTD:wcsncat_s.obj
 0001:00027290       __set_abort_behavior       10028290 f   LIBCMTD:abort.obj
 0001:000272c0       _abort                     100282c0 f   LIBCMTD:abort.obj
 0001:00027330       ___set_app_type            10028330 f   LIBCMTD:errmode.obj
 0001:00027340       __set_error_mode           10028340 f   LIBCMTD:errmode.obj
 0001:00027840       __i64tow_s                 10028840 f   LIBCMTD:xtows.obj
 0001:00027890       __itow_s                   10028890 f   LIBCMTD:xtows.obj
 0001:000278f0       __ltow_s                   100288f0 f   LIBCMTD:xtows.obj
 0001:00027930       __ui64tow_s                10028930 f   LIBCMTD:xtows.obj
 0001:00027950       __ultow_s                  10028950 f   LIBCMTD:xtows.obj
 0001:00027d70       _setvbuf                   10028d70 f   LIBCMTD:setvbuf.obj
 0001:00028070       __fwprintf_l               10029070 f   LIBCMTD:fwprintf.obj
 0001:000280a0       __fwprintf_p               100290a0 f   LIBCMTD:fwprintf.obj
 0001:000280d0       __fwprintf_p_l             100290d0 f   LIBCMTD:fwprintf.obj
 0001:00028100       __fwprintf_s_l             10029100 f   LIBCMTD:fwprintf.obj
 0001:00028130       _fwprintf                  10029130 f   LIBCMTD:fwprintf.obj
 0001:000282e0       _fwprintf_s                100292e0 f   LIBCMTD:fwprintf.obj
 0001:00028310       __vsnwprintf_s             10029310 f   LIBCMTD:vswprnc.obj
 0001:00028340       __vsnwprintf_s_l           10029340 f   LIBCMTD:vswprnc.obj
 0001:00028710       __vswprintf_c              10029710 f   LIBCMTD:vswprnc.obj
 0001:00028760       __vswprintf_c_l            10029760 f   LIBCMTD:vswprnc.obj
 0001:000287b0       __vswprintf_helper         100297b0 f   LIBCMTD:vswprnc.obj
 0001:00028a20       __vswprintf_p              10029a20 f   LIBCMTD:vswprnc.obj
 0001:00028a70       __vswprintf_p_l            10029a70 f   LIBCMTD:vswprnc.obj
 0001:00028ac0       __vswprintf_s_l            10029ac0 f   LIBCMTD:vswprnc.obj
 0001:00028d50       _vswprintf_s               10029d50 f   LIBCMTD:vswprnc.obj
 0001:00028d70       ___fpecode                 10029d70 f   LIBCMTD:winsig.obj
 0001:00028d80       ___get_sigabrt             10029d80 f   LIBCMTD:winsig.obj
 0001:00028da0       ___pxcptinfoptrs           10029da0 f   LIBCMTD:winsig.obj
 0001:00028db0       __initp_misc_winsig        10029db0 f   LIBCMTD:winsig.obj
 0001:00028ee0       _raise                     10029ee0 f   LIBCMTD:winsig.obj
 0001:00029270       _signal                    1002a270 f   LIBCMTD:winsig.obj
 0001:00029620       ___crtMessageBoxW          1002a620 f   LIBCMTD:crtmboxw.obj
 0001:00029930       ___crtMessageBoxWaitThreadW@4 1002a930 f   LIBCMTD:crtmboxw.obj
 0001:00029970       __FF_MSGBANNER             1002a970 f   LIBCMTD:crt0msg.obj
 0001:000299c0       __GET_RTERRMSG             1002a9c0 f   LIBCMTD:crt0msg.obj
 0001:00029a00       __NMSG_WRITE               1002aa00 f   LIBCMTD:crt0msg.obj
 0001:00029dc0       __XcptFilter               1002adc0 f   LIBCMTD:winxfltr.obj
 0001:00029fc0       ___CppXcptFilter           1002afc0 f   LIBCMTD:winxfltr.obj
 0001:0002a050       __set_pgmptr               1002b050 f i LIBCMTD:stdargv.obj
 0001:0002a060       __setargv                  1002b060 f   LIBCMTD:stdargv.obj
 0001:0002a530       __setenvp                  1002b530 f   LIBCMTD:stdenvp.obj
 0001:0002a6d0       ___security_init_cookie    1002b6d0 f   LIBCMTD:gs_support.obj
 0001:0002a7b0       _DllMain@12                1002b7b0 f   LIBCMTD:dllmain.obj
 0001:0002a7c0       ___crtGetEnvironmentStringsA 1002b7c0 f   LIBCMTD:a_env.obj
 0001:0002a8c0       __RTC_Initialize           1002b8c0 f   LIBCMTD:initsect.obj
 0001:0002a8f0       __RTC_Terminate            1002b8f0 f   LIBCMTD:initsect.obj
 0001:0002ad60       ?_RTC_GetSrcLine@@YAHPAEPA_WKPAH1K@Z 1002bd60 f   LIBCMTD:pdblkup.obj
 0001:0002b010       ___isascii                 1002c010 f i LIBCMTD:_ctype.obj
 0001:0002b040       ___iscsym                  1002c040 f i LIBCMTD:_ctype.obj
 0001:0002b080       ___iscsymf                 1002c080 f i LIBCMTD:_ctype.obj
 0001:0002b0c0       ___toascii                 1002c0c0 f i LIBCMTD:_ctype.obj
 0001:0002b0d0       __isalnum_l                1002c0d0 f i LIBCMTD:_ctype.obj
 0001:0002b150       __isalpha_l                1002c150 f i LIBCMTD:_ctype.obj
 0001:0002b1d0       __isblank_l                1002c1d0 f i LIBCMTD:_ctype.obj
 0001:0002b260       __iscntrl_l                1002c260 f i LIBCMTD:_ctype.obj
 0001:0002b2e0       __iscsym_l                 1002c2e0 f i LIBCMTD:_ctype.obj
 0001:0002b320       __iscsymf_l                1002c320 f i LIBCMTD:_ctype.obj
 0001:0002b360       __isdigit_l                1002c360 f i LIBCMTD:_ctype.obj
 0001:0002b3e0       __isgraph_l                1002c3e0 f i LIBCMTD:_ctype.obj
 0001:0002b460       __islower_l                1002c460 f i LIBCMTD:_ctype.obj
 0001:0002b4e0       __isprint_l                1002c4e0 f i LIBCMTD:_ctype.obj
 0001:0002b560       __ispunct_l                1002c560 f i LIBCMTD:_ctype.obj
 0001:0002b5e0       __isspace_l                1002c5e0 f i LIBCMTD:_ctype.obj
 0001:0002b660       __isupper_l                1002c660 f i LIBCMTD:_ctype.obj
 0001:0002b6e0       __isxdigit_l               1002c6e0 f i LIBCMTD:_ctype.obj
 0001:0002b760       _isalnum                   1002c760 f i LIBCMTD:_ctype.obj
 0001:0002b7a0       _isalpha                   1002c7a0 f i LIBCMTD:_ctype.obj
 0001:0002b7e0       _isblank                   1002c7e0 f i LIBCMTD:_ctype.obj
 0001:0002b830       _iscntrl                   1002c830 f i LIBCMTD:_ctype.obj
 0001:0002b860       _isdigit                   1002c860 f i LIBCMTD:_ctype.obj
 0001:0002b890       _isgraph                   1002c890 f i LIBCMTD:_ctype.obj
 0001:0002b8d0       _islower                   1002c8d0 f i LIBCMTD:_ctype.obj
 0001:0002b900       _isprint                   1002c900 f i LIBCMTD:_ctype.obj
 0001:0002b940       _ispunct                   1002c940 f i LIBCMTD:_ctype.obj
 0001:0002b970       _isspace                   1002c970 f i LIBCMTD:_ctype.obj
 0001:0002b9a0       _isupper                   1002c9a0 f i LIBCMTD:_ctype.obj
 0001:0002b9d0       _isxdigit                  1002c9d0 f i LIBCMTD:_ctype.obj
 0001:0002ba10       __tolower                  1002ca10 f   LIBCMTD:tolower.obj
 0001:0002ba20       __tolower_l                1002ca20 f   LIBCMTD:tolower.obj
 0001:0002bc60       _tolower                   1002cc60 f   LIBCMTD:tolower.obj
 0001:0002bcb0       _strcpy_s                  1002ccb0 f   LIBCMTD:strcpy_s.obj
 0001:0002bfb0       _memmove                   1002cfb0 f   LIBCMTD:memmove.obj
 0001:0002c600       __fptostr                  1002d600 f   LIBCMTD:_fptostr.obj
 0001:0002c920       ___crt_atoflt_l            1002d920 f   LIBCMTD:atodbl.obj
 0001:0002ca30       __atodbl                   1002da30 f   LIBCMTD:atodbl.obj
 0001:0002ca50       __atodbl_l                 1002da50 f   LIBCMTD:atodbl.obj
 0001:0002cb50       __atoflt                   1002db50 f   LIBCMTD:atodbl.obj
 0001:0002cb70       __atoflt_l                 1002db70 f   LIBCMTD:atodbl.obj
 0001:0002cb90       __atoldbl                  1002db90 f   LIBCMTD:atodbl.obj
 0001:0002cbb0       __atoldbl_l                1002dbb0 f   LIBCMTD:atodbl.obj
 0001:0002ccb0       ___dtold                   1002dcb0 f   LIBCMTD:cfout.obj
 0001:0002ce10       __fltout2                  1002de10 f   LIBCMTD:cfout.obj
 0001:0002cec0       __alldiv                   1002dec0 f   LIBCMTD:lldiv.obj
 0001:0002cf70       __allrem                   1002df70 f   LIBCMTD:llrem.obj
 0001:0002d030       __allshl                   1002e030 f   LIBCMTD:llshl.obj
 0001:0002d050       __aullshr                  1002e050 f   LIBCMTD:ullshr.obj
 0001:0002d070       __get_output_format        1002e070 f   LIBCMTD:outputformat.obj
 0001:0002d080       __set_output_format        1002e080 f   LIBCMTD:outputformat.obj
 0001:0002d120       __controlfp_s              1002e120 f   LIBCMTD:contrlfp.obj
 0001:0002d210       __fptrap                   1002e210 f   LIBCMTD:crt0fp.obj
 0001:0002d220       ___swprintf_l              1002e220 f   LIBCMTD:swprintf.obj
 0001:0002d250       __scwprintf                1002e250 f   LIBCMTD:swprintf.obj
 0001:0002d270       __scwprintf_l              1002e270 f   LIBCMTD:swprintf.obj
 0001:0002d2a0       __scwprintf_p              1002e2a0 f   LIBCMTD:swprintf.obj
 0001:0002d2c0       __scwprintf_p_l            1002e2c0 f   LIBCMTD:swprintf.obj
 0001:0002d2f0       __snwprintf_s              1002e2f0 f   LIBCMTD:swprintf.obj
 0001:0002d320       __snwprintf_s_l            1002e320 f   LIBCMTD:swprintf.obj
 0001:0002d350       __swprintf                 1002e350 f   LIBCMTD:swprintf.obj
 0001:0002d570       __swprintf_p               1002e570 f   LIBCMTD:swprintf.obj
 0001:0002d5a0       __swprintf_p_l             1002e5a0 f   LIBCMTD:swprintf.obj
 0001:0002d5d0       __swprintf_s_l             1002e5d0 f   LIBCMTD:swprintf.obj
 0001:0002d600       _swprintf_s                1002e600 f   LIBCMTD:swprintf.obj
 0001:0002d630       __CrtDbgBreak              1002e630 f   LIBCMTD:dbgrptt.obj
 0001:0002d640       __CrtGetReportHook         1002e640 f   LIBCMTD:dbgrptt.obj
 0001:0002d650       __CrtSetReportFile         1002e650 f   LIBCMTD:dbgrptt.obj
 0001:0002d750       __CrtSetReportHook         1002e750 f   LIBCMTD:dbgrptt.obj
 0001:0002d770       __CrtSetReportMode         1002e770 f   LIBCMTD:dbgrptt.obj
 0001:0002d8b0       __VCrtDbgReportA           1002e8b0 f   LIBCMTD:dbgrptt.obj
 0001:0002e120       __VCrtDbgReportW           1002f120 f   LIBCMTD:dbgrptt.obj
 0001:0002eaa0       ___free_lconv_mon          1002faa0 f   LIBCMTD:initmon.obj
 0001:0002ec50       ___init_monetary           1002fc50 f   LIBCMTD:initmon.obj
 0001:0002f260       ___free_lconv_num          10030260 f   LIBCMTD:initnum.obj
 0001:0002f310       ___init_numeric            10030310 f   LIBCMTD:initnum.obj
 0001:0002f6e0       ___free_lc_time            100306e0 f   LIBCMTD:inittime.obj
 0001:00030010       ___init_time               10031010 f   LIBCMTD:inittime.obj
 0001:00031010       _localeconv                10032010 f   LIBCMTD:lconv.obj
 0001:00031390       __MallocaIsSizeInRange     10032390 f i LIBCMTD:a_map.obj
 0001:000313c0       __MarkAllocaS              100323c0 f i LIBCMTD:a_map.obj
 0001:000313e0       ___crtLCMapStringA         100323e0 f   LIBCMTD:a_map.obj
 0001:00031440       __freea                    10032440 f i LIBCMTD:a_map.obj
 0001:000315f0       ___crtGetStringTypeA       100325f0 f   LIBCMTD:a_str.obj
 0001:00031640       ___iswcsym                 10032640 f i LIBCMTD:_wctype.obj
 0001:00031680       ___iswcsymf                10032680 f i LIBCMTD:_wctype.obj
 0001:000316c0       __isleadbyte_l             100326c0 f i LIBCMTD:_wctype.obj
 0001:00031710       __iswalnum_l               10032710 f i LIBCMTD:_wctype.obj
 0001:00031730       __iswalpha_l               10032730 f i LIBCMTD:_wctype.obj
 0001:00031750       __iswblank_l               10032750 f i LIBCMTD:_wctype.obj
 0001:00031780       __iswcntrl_l               10032780 f i LIBCMTD:_wctype.obj
 0001:000317a0       __iswcsym_l                100327a0 f i LIBCMTD:_wctype.obj
 0001:000317e0       __iswcsymf_l               100327e0 f i LIBCMTD:_wctype.obj
 0001:00031820       __iswdigit_l               10032820 f i LIBCMTD:_wctype.obj
 0001:00031840       __iswgraph_l               10032840 f i LIBCMTD:_wctype.obj
 0001:00031860       __iswlower_l               10032860 f i LIBCMTD:_wctype.obj
 0001:00031880       __iswprint_l               10032880 f i LIBCMTD:_wctype.obj
 0001:000318a0       __iswpunct_l               100328a0 f i LIBCMTD:_wctype.obj
 0001:000318c0       __iswspace_l               100328c0 f i LIBCMTD:_wctype.obj
 0001:000318e0       __iswupper_l               100328e0 f i LIBCMTD:_wctype.obj
 0001:00031900       __iswxdigit_l              10032900 f i LIBCMTD:_wctype.obj
 0001:00031920       _isleadbyte                10032920 f i LIBCMTD:_wctype.obj
 0001:00031940       _iswalnum                  10032940 f i LIBCMTD:_wctype.obj
 0001:00031960       _iswalpha                  10032960 f i LIBCMTD:_wctype.obj
 0001:00031980       _iswascii                  10032980 f i LIBCMTD:_wctype.obj
 0001:000319b0       _iswblank                  100329b0 f i LIBCMTD:_wctype.obj
 0001:000319e0       _iswcntrl                  100329e0 f i LIBCMTD:_wctype.obj
 0001:00031a00       _iswdigit                  10032a00 f i LIBCMTD:_wctype.obj
 0001:00031a20       _iswgraph                  10032a20 f i LIBCMTD:_wctype.obj
 0001:00031a40       _iswlower                  10032a40 f i LIBCMTD:_wctype.obj
 0001:00031a60       _iswprint                  10032a60 f i LIBCMTD:_wctype.obj
 0001:00031a80       _iswpunct                  10032a80 f i LIBCMTD:_wctype.obj
 0001:00031aa0       _iswspace                  10032aa0 f i LIBCMTD:_wctype.obj
 0001:00031ac0       _iswupper                  10032ac0 f i LIBCMTD:_wctype.obj
 0001:00031ae0       _iswxdigit                 10032ae0 f i LIBCMTD:_wctype.obj
 0001:00031b00       __CallSettingFrame@12      10032b00 f   LIBCMTD:lowhelpr.obj
 0001:00031b27       __NLG_Return               10032b27     LIBCMTD:lowhelpr.obj
 0001:00031b50       ?_inconsistency@@YAXXZ     10032b50 f   LIBCMTD:hooks.obj
 0001:00031be0       ?terminate@@YAXXZ          10032be0 f   LIBCMTD:hooks.obj
 0001:00031c60       ?unexpected@@YAXXZ         10032c60 f   LIBCMTD:hooks.obj
 0001:00031c90       __initp_eh_hooks           10032c90 f   LIBCMTD:hooks.obj
 0001:00031cb0       ___DestructExceptionObject 10032cb0 f   LIBCMTD:frame.obj
 0001:00031dd0       ??0bad_exception@std@@QAE@ABV01@@Z 10032dd0 f i LIBCMTD:frame.obj
 0001:00031e00       ??0bad_exception@std@@QAE@PBD@Z 10032e00 f i LIBCMTD:frame.obj
 0001:00031e30       ??1bad_exception@std@@UAE@XZ 10032e30 f i LIBCMTD:frame.obj
 0001:00031e50       ??_Ebad_exception@std@@UAEPAXI@Z 10032e50 f i LIBCMTD:frame.obj
 0001:00031e50       ??_Gbad_exception@std@@UAEPAXI@Z 10032e50 f i LIBCMTD:frame.obj
 0001:00032a40       ?__uncaught_exception@@YA_NXZ 10033a40 f   LIBCMTD:frame.obj
 0001:00032a70       ?_is_exception_typeof@@YAHABVtype_info@@PAU_EXCEPTION_POINTERS@@@Z 10033a70 f   LIBCMTD:frame.obj
 0001:00032b50       __SetWinRTOutOfMemoryExceptionCallback 10033b50 f   LIBCMTD:frame.obj
 0001:00032b60       ___AdjustPointer           10033b60 f   LIBCMTD:frame.obj
 0001:00032bb0       ___BuildCatchObject        10033bb0 f   LIBCMTD:frame.obj
 0001:00032cc0       ___BuildCatchObjectHelper  10033cc0 f   LIBCMTD:frame.obj
 0001:00032fc0       ___CxxDetectRethrow        10033fc0 f   LIBCMTD:frame.obj
 0001:00033040       ___CxxExceptionFilter      10034040 f   LIBCMTD:frame.obj
 0001:00033240       ___CxxQueryExceptionSize   10034240 f   LIBCMTD:frame.obj
 0001:00033250       ___CxxRegisterExceptionObject 10034250 f   LIBCMTD:frame.obj
 0001:00033390       ___CxxUnregisterExceptionObject 10034390 f   LIBCMTD:frame.obj
 0001:00033510       ___FrameUnwindFilter       10034510 f   LIBCMTD:frame.obj
 0001:00033590       ___FrameUnwindToState      10034590 f   LIBCMTD:frame.obj
 0001:00033710       ___GetPlatformExceptionInfo 10034710 f   LIBCMTD:frame.obj
 0001:000337d0       ___InternalCxxFrameHandler 100347d0 f   LIBCMTD:frame.obj
 0001:00033940       ___TypeMatch               10034940 f   LIBCMTD:frame.obj
 0001:00033a20       ___pctype_func             10034a20 f   LIBCMTD:ctype.obj
 0001:00033a70       ___pwctype_func            10034a70 f   LIBCMTD:ctype.obj
 0001:00033a80       ___init_collate            10034a80 f   LIBCMTD:initcoll.obj
 0001:00033a90       ____lc_codepage_func       10034a90 f   LIBCMTD:initctyp.obj
 0001:00033ae0       ____lc_collate_cp_func     10034ae0 f   LIBCMTD:initctyp.obj
 0001:00033b30       ____lc_locale_name_func    10034b30 f   LIBCMTD:initctyp.obj
 0001:00033b80       ____mb_cur_max_func        10034b80 f   LIBCMTD:initctyp.obj
 0001:00033bd0       ____mb_cur_max_l_func      10034bd0 f   LIBCMTD:initctyp.obj
 0001:00033c00       ___init_ctype              10034c00 f   LIBCMTD:initctyp.obj
 0001:00034240       _wcscmp                    10035240 f   LIBCMTD:wcscmp.obj
 0001:000342a0       _wcscspn                   100352a0 f   LIBCMTD:wcscspn.obj
 0001:00034310       _wcsnlen                   10035310 f   LIBCMTD:wcslen_s.obj
 0001:00034350       _wcsncmp                   10035350 f   LIBCMTD:wcsncmp.obj
 0001:000343b0       _wcsncpy_s                 100353b0 f   LIBCMTD:wcsncpy_s.obj
 0001:000347e0       _wcspbrk                   100357e0 f   LIBCMTD:wcspbrk.obj
 0001:00035370       ___get_qualified_locale    10036370 f   LIBCMTD:getqloc.obj
 0001:00036340       ___get_qualified_locale_downlevel 10037340 f   LIBCMTD:getqloc_downlevel.obj
 0001:00036610       _GetTableIndexFromLcid     10037610 f   LIBCMTD:winapinls.obj
 0001:00036680       _GetTableIndexFromLocaleName 10037680 f   LIBCMTD:winapinls.obj
 0001:00036710       ___crtCompareStringEx      10037710 f   LIBCMTD:winapinls.obj
 0001:00036780       ___crtDownlevelLCIDToLocaleName 10037780 f   LIBCMTD:winapinls.obj
 0001:00036850       ___crtDownlevelLocaleNameToLCID 10037850 f   LIBCMTD:winapinls.obj
 0001:000368b0       ___crtEnumSystemLocalesEx  100378b0 f   LIBCMTD:winapinls.obj
 0001:00036920       ___crtGetDateFormatEx      10037920 f   LIBCMTD:winapinls.obj
 0001:00036990       ___crtGetLocaleInfoEx      10037990 f   LIBCMTD:winapinls.obj
 0001:000369f0       ___crtGetTimeFormatEx      100379f0 f   LIBCMTD:winapinls.obj
 0001:00036a60       ___crtGetUserDefaultLocaleName 10037a60 f   LIBCMTD:winapinls.obj
 0001:00036ab0       ___crtIsValidLocaleName    10037ab0 f   LIBCMTD:winapinls.obj
 0001:00036af0       ___crtLCMapStringEx        10037af0 f   LIBCMTD:winapinls.obj
 0001:00036b60       ___wcsnicmp_ascii          10037b60 f   LIBCMTD:winapinls.obj
 0001:00036c30       __isatty                   10037c30 f   LIBCMTD:isatty.obj
 0001:00036cf0       __lseeki64                 10037cf0 f   LIBCMTD:lseeki64.obj
 0001:00036f60       __lseeki64_nolock          10037f60 f   LIBCMTD:lseeki64.obj
 0001:00037030       __mbtowc_l                 10038030 f   LIBCMTD:mbtowc.obj
 0001:00037270       _mbtowc                    10038270 f   LIBCMTD:mbtowc.obj
 0001:00037290       __putwch                   10038290 f   LIBCMTD:putwch.obj
 0001:00037320       __putwch_nolock            10038320 f   LIBCMTD:putwch.obj
 0001:00037370       __FindPESection            10038370 f   LIBCMTD:pesect.obj
 0001:000373f0       __IsNonwritableInCurrentImage 100383f0 f   LIBCMTD:pesect.obj
 0001:00037520       __ValidateImageBase        10038520 f   LIBCMTD:pesect.obj
 0001:00037580       __fcloseall                10038580 f   LIBCMTD:closeall.obj
 0001:000376b0       __commit                   100386b0 f   LIBCMTD:commit.obj
 0001:000378f0       __open                     100388f0 f   LIBCMTD:open.obj
 0001:00037a90       __sopen                    10038a90 f   LIBCMTD:open.obj
 0001:00037b00       __sopen_helper             10038b00 f   LIBCMTD:open.obj
 0001:00037da0       __sopen_nolock             10038da0 f   LIBCMTD:open.obj
 0001:00037e10       __sopen_s                  10038e10 f   LIBCMTD:open.obj
 0001:00037e40       __mbsnbcmp                 10038e40 f   LIBCMTD:mbsnbcmp.obj
 0001:00037e60       __mbsnbcmp_l               10038e60 f   LIBCMTD:mbsnbcmp.obj
 0001:00038180       __mbsnbicmp                10039180 f   LIBCMTD:mbsnbicm.obj
 0001:000381a0       __mbsnbicmp_l              100391a0 f   LIBCMTD:mbsnbicm.obj
 0001:000386e0       __global_unwind2           100396e0 f   LIBCMTD:exsup.obj
 0001:00038745       __local_unwind2            10039745 f   LIBCMTD:exsup.obj
 0001:000387c9       __abnormal_termination     100397c9 f   LIBCMTD:exsup.obj
 0001:000387ec       __NLG_Notify1              100397ec f   LIBCMTD:exsup.obj
 0001:000387f5       __NLG_Notify               100397f5 f   LIBCMTD:exsup.obj
 0001:0003880c       __NLG_Dispatch2            1003980c     LIBCMTD:exsup.obj
 0001:0003880c       __NLG_Dispatch             1003980c     LIBCMTD:exsup.obj
 0001:00038814       __NLG_Call                 10039814 f   LIBCMTD:exsup.obj
 0001:00038816       __NLG_Return2              10039816     LIBCMTD:exsup.obj
 0001:00038820       __getbuf                   10039820 f   LIBCMTD:_getbuf.obj
 0001:000388f0       _free                      100398f0 f   LIBCMTD:dbgfree.obj
 0001:00038910       __output_s_l               10039910 f   LIBCMTD:outputs.obj
 0001:0003a2c0       __output_p_l               1003b2c0 f   LIBCMTD:outputp.obj
 0001:0003e0c0       __validate_param_reuseA    1003f0c0 f   LIBCMTD:outputp.obj
 0001:0003e3b0       _get_crtdouble_arg         1003f3b0 f i LIBCMTD:outputp.obj
 0001:0003e570       __wctomb_l                 1003f570 f   LIBCMTD:wctomb.obj
 0001:0003e5f0       __wctomb_s_l               1003f5f0 f   LIBCMTD:wctomb.obj
 0001:0003e940       _wctomb                    1003f940 f   LIBCMTD:wctomb.obj
 0001:0003e990       _wctomb_s                  1003f990 f   LIBCMTD:wctomb.obj
 0001:0003e9b0       __aulldiv                  1003f9b0 f   LIBCMTD:ulldiv.obj
 0001:0003ea20       __aullrem                  1003fa20 f   LIBCMTD:ullrem.obj
 0001:0003eaa0       __ungetc_nolock            1003faa0 f   LIBCMTD:ungetc.obj
 0001:0003ecd0       _ungetc                    1003fcd0 f   LIBCMTD:ungetc.obj
 0001:0003ede0       ___onexitinit              1003fde0 f   LIBCMTD:onexit.obj
 0001:0003ee40       __onexit                   1003fe40 f   LIBCMTD:onexit.obj
 0001:0003f000       _atexit                    10040000 f   LIBCMTD:onexit.obj
 0001:0003f030       ___getlocaleinfo           10040030 f   LIBCMTD:inithelp.obj
 0001:0003f330       __initp_misc_purevirt      10040330 f   LIBCMTD:inithelp.obj
 0001:0003f340       __initp_misc_rand_s        10040340 f   LIBCMTD:rand_s.obj
 0001:0003f350       _rand_s                    10040350 f   LIBCMTD:rand_s.obj
 0001:0003f5b0       __matherr                  100405b0 f   LIBCMTD:matherr.obj
 0001:0003f5c0       __frnd                     100405c0 f   LIBCMTD:frnd.obj
 0001:0003f5e0       __errcode                  100405e0 f   LIBCMTD:fpexcept.obj
 0001:0003f650       __except1                  10040650 f   LIBCMTD:fpexcept.obj
 0001:0003f750       __except2                  10040750 f   LIBCMTD:fpexcept.obj
 0001:0003f8a0       __handle_exc               100408a0 f   LIBCMTD:fpexcept.obj
 0001:0003fbc0       __handle_qnan1             10040bc0 f   LIBCMTD:fpexcept.obj
 0001:0003fc20       __handle_qnan2             10040c20 f   LIBCMTD:fpexcept.obj
 0001:0003fc90       __raise_exc                10040c90 f   LIBCMTD:fpexcept.obj
 0001:0003fcc0       __raise_exc_ex             10040cc0 f   LIBCMTD:fpexcept.obj
 0001:00040240       __raise_excf               10041240 f   LIBCMTD:fpexcept.obj
 0001:00040270       __set_errno_from_matherr   10041270 f   LIBCMTD:fpexcept.obj
 0001:000402b0       __umatherr                 100412b0 f   LIBCMTD:fpexcept.obj
 0001:00040350       __add_exp                  10041350 f   LIBCMTD:util.obj
 0001:00040380       __decomp                   10041380 f   LIBCMTD:util.obj
 0001:000404a0       __get_exp                  100414a0 f   LIBCMTD:util.obj
 0001:000404d0       __set_bexp                 100414d0 f   LIBCMTD:util.obj
 0001:00040500       __set_exp                  10041500 f   LIBCMTD:util.obj
 0001:00040540       __sptype                   10041540 f   LIBCMTD:util.obj
 0001:000405c0       ___clrfp_sse2              100415c0 f   LIBCMTD:fpctrl.obj
 0001:00040600       ___ctrlfp_sse2             10041600 f   LIBCMTD:fpctrl.obj
 0001:00040660       ___fclrf_sse2              10041660 f   LIBCMTD:fpctrl.obj
 0001:00040680       ___get_fpsr_sse2           10041680 f   LIBCMTD:fpctrl.obj
 0001:000406b0       ___set_fpsr_sse2           100416b0 f   LIBCMTD:fpctrl.obj
 0001:00040790       ___set_statfp_sse2         10041790 f   LIBCMTD:fpctrl.obj
 0001:000407c0       ___statfp_sse2             100417c0 f   LIBCMTD:fpctrl.obj
 0001:000407f0       __clrfp                    100417f0 f   LIBCMTD:fpctrl.obj
 0001:00040810       __ctrlfp                   10041810 f   LIBCMTD:fpctrl.obj
 0001:00040840       __set_statfp               10041840 f   LIBCMTD:fpctrl.obj
 0001:000408b0       __statfp                   100418b0 f   LIBCMTD:fpctrl.obj
 0001:000408c0       __vscprintf                100418c0 f   LIBCMTD:vsprintf.obj
 0001:000408e0       __vscprintf_helper         100418e0 f   LIBCMTD:vsprintf.obj
 0001:000409d0       __vscprintf_l              100419d0 f   LIBCMTD:vsprintf.obj
 0001:000409f0       __vscprintf_p              100419f0 f   LIBCMTD:vsprintf.obj
 0001:00040a10       __vscprintf_p_l            10041a10 f   LIBCMTD:vsprintf.obj
 0001:00040a30       __vsprintf_l               10041a30 f   LIBCMTD:vsprintf.obj
 0001:00040bf0       _vsprintf                  10041bf0 f   LIBCMTD:vsprintf.obj
 0001:00040c10       __vsnprintf_c              10041c10 f   LIBCMTD:vsnprnc.obj
 0001:00040c60       __vsnprintf_c_l            10041c60 f   LIBCMTD:vsnprnc.obj
 0001:00040cb0       __vsnprintf_helper         10041cb0 f   LIBCMTD:vsnprnc.obj
 0001:00040eb0       __vsnprintf_s              10041eb0 f   LIBCMTD:vsnprnc.obj
 0001:00040ee0       __vsnprintf_s_l            10041ee0 f   LIBCMTD:vsnprnc.obj
 0001:000412a0       __vsprintf_p               100422a0 f   LIBCMTD:vsnprnc.obj
 0001:000412f0       __vsprintf_p_l             100422f0 f   LIBCMTD:vsnprnc.obj
 0001:00041340       __vsprintf_s_l             10042340 f   LIBCMTD:vsnprnc.obj
 0001:000415d0       _vsprintf_s                100425d0 f   LIBCMTD:vsnprnc.obj
 0001:000415f0       __vfwprintf_l              100425f0 f   LIBCMTD:vfwprint.obj
 0001:00041620       __vfwprintf_p              10042620 f   LIBCMTD:vfwprint.obj
 0001:00041640       __vfwprintf_p_l            10042640 f   LIBCMTD:vfwprint.obj
 0001:00041670       __vfwprintf_s_l            10042670 f   LIBCMTD:vfwprint.obj
 0001:000416a0       _vfwprintf                 100426a0 f   LIBCMTD:vfwprint.obj
 0001:000416c0       _vfwprintf_helper          100426c0 f   LIBCMTD:vfwprint.obj
 0001:00041870       _vfwprintf_s               10042870 f   LIBCMTD:vfwprint.obj
 0001:00041890       __woutput_l                10042890 f   LIBCMTD:woutput.obj
 0001:00042e80       __woutput_s_l              10043e80 f   LIBCMTD:woutputs.obj
 0001:000445d0       __validate_param_reuseW    100455d0 f   LIBCMTD:woutputp.obj
 0001:000448b0       __woutput_p_l              100458b0 f   LIBCMTD:woutputp.obj
 0001:00048470       __ismbbalnum               10049470 f   LIBCMTD:ismbbyte.obj
 0001:00048490       __ismbbalnum_l             10049490 f   LIBCMTD:ismbbyte.obj
 0001:000484b0       __ismbbalpha               100494b0 f   LIBCMTD:ismbbyte.obj
 0001:000484d0       __ismbbalpha_l             100494d0 f   LIBCMTD:ismbbyte.obj
 0001:000484f0       __ismbbblank               100494f0 f   LIBCMTD:ismbbyte.obj
 0001:00048520       __ismbbblank_l             10049520 f   LIBCMTD:ismbbyte.obj
 0001:00048560       __ismbbgraph               10049560 f   LIBCMTD:ismbbyte.obj
 0001:00048580       __ismbbgraph_l             10049580 f   LIBCMTD:ismbbyte.obj
 0001:000485a0       __ismbbkalnum              100495a0 f   LIBCMTD:ismbbyte.obj
 0001:000485c0       __ismbbkalnum_l            100495c0 f   LIBCMTD:ismbbyte.obj
 0001:000485e0       __ismbbkana                100495e0 f   LIBCMTD:ismbbyte.obj
 0001:00048600       __ismbbkana_l              10049600 f   LIBCMTD:ismbbyte.obj
 0001:00048670       __ismbbkprint              10049670 f   LIBCMTD:ismbbyte.obj
 0001:00048690       __ismbbkprint_l            10049690 f   LIBCMTD:ismbbyte.obj
 0001:000486b0       __ismbbkpunct              100496b0 f   LIBCMTD:ismbbyte.obj
 0001:000486d0       __ismbbkpunct_l            100496d0 f   LIBCMTD:ismbbyte.obj
 0001:000486f0       __ismbblead                100496f0 f   LIBCMTD:ismbbyte.obj
 0001:00048710       __ismbblead_l              10049710 f   LIBCMTD:ismbbyte.obj
 0001:00048730       __ismbbprint               10049730 f   LIBCMTD:ismbbyte.obj
 0001:00048750       __ismbbprint_l             10049750 f   LIBCMTD:ismbbyte.obj
 0001:00048770       __ismbbpunct               10049770 f   LIBCMTD:ismbbyte.obj
 0001:00048790       __ismbbpunct_l             10049790 f   LIBCMTD:ismbbyte.obj
 0001:000487b0       __ismbbtrail               100497b0 f   LIBCMTD:ismbbyte.obj
 0001:000487d0       __ismbbtrail_l             100497d0 f   LIBCMTD:ismbbyte.obj
 0001:000487f0       __wmakepath_s              100497f0 f   LIBCMTD:wmakepath_s.obj
 0001:00048bb0       __wsplitpath_s             10049bb0 f   LIBCMTD:wsplitpath_s.obj
 0001:000491f0       __CopyMan                  1004a1f0 f i LIBCMTD:intrncvt.obj
 0001:00049240       __FillZeroMan              1004a240 f i LIBCMTD:intrncvt.obj
 0001:00049270       __IncMan                   1004a270 f i LIBCMTD:intrncvt.obj
 0001:00049320       __IsZeroMan                1004a320 f i LIBCMTD:intrncvt.obj
 0001:00049360       __RoundMan                 1004a360 f i LIBCMTD:intrncvt.obj
 0001:00049440       __ShrMan                   1004a440 f i LIBCMTD:intrncvt.obj
 0001:00049530       __ZeroTail                 1004a530 f i LIBCMTD:intrncvt.obj
 0001:000495c0       ___addl                    1004a5c0 f i LIBCMTD:intrncvt.obj
 0001:00049600       __ld12cvt                  1004a600 f i LIBCMTD:intrncvt.obj
 0001:000498c0       __ld12tod                  1004a8c0 f   LIBCMTD:intrncvt.obj
 0001:000498e0       __ld12tof                  1004a8e0 f   LIBCMTD:intrncvt.obj
 0001:00049900       __ld12told                 1004a900 f   LIBCMTD:intrncvt.obj
 0001:00049a00       ___STRINGTOLD_L            1004aa00 f   LIBCMTD:strgtold.obj
 0001:00049a70       ___ld12mul                 1004aa70 f i LIBCMTD:strgtold.obj
 0001:00049e80       ___multtenpow12            1004ae80 f i LIBCMTD:strgtold.obj
 0001:00049f60       ___shl_12                  1004af60 f i LIBCMTD:strgtold.obj
 0001:00049fe0       ___shr_12                  1004afe0 f i LIBCMTD:strgtold.obj
 0001:0004a060       ___strgtold12_l            1004b060 f   LIBCMTD:strgtold.obj
 0001:0004ab50       _$I10_OUTPUT               1004bb50 f   LIBCMTD:x10fout.obj
 0001:0004b160       ___add_12                  1004c160 f i LIBCMTD:x10fout.obj
 0001:0004b410       ___control87_2             1004c410 f   LIBCMTD:ieee87.obj
 0001:0004b8b0       __clearfp                  1004c8b0 f   LIBCMTD:ieee87.obj
 0001:0004b8f0       __control87                1004c8f0 f i LIBCMTD:ieee87.obj
 0001:0004b9a0       __controlfp                1004c9a0 f   LIBCMTD:ieee87.obj
 0001:0004b9c0       __fpreset                  1004c9c0 f   LIBCMTD:ieee87.obj
 0001:0004bb80       __set_controlfp            1004cb80 f   LIBCMTD:ieee87.obj
 0001:0004bc10       __statusfp                 1004cc10 f   LIBCMTD:ieee87.obj
 0001:0004bc50       __statusfp2                1004cc50 f   LIBCMTD:ieee87.obj
 0001:0004bc90       ___vswprintf_l             1004cc90 f   LIBCMTD:vswprint.obj
 0001:0004bcb0       __vscwprintf               1004ccb0 f   LIBCMTD:vswprint.obj
 0001:0004bcd0       __vscwprintf_helper        1004ccd0 f   LIBCMTD:vswprint.obj
 0001:0004bdc0       __vscwprintf_l             1004cdc0 f   LIBCMTD:vswprint.obj
 0001:0004bde0       __vscwprintf_p             1004cde0 f   LIBCMTD:vswprint.obj
 0001:0004be00       __vscwprintf_p_l           1004ce00 f   LIBCMTD:vswprint.obj
 0001:0004be20       __vswprintf                1004ce20 f   LIBCMTD:vswprint.obj
 0001:0004be40       __vswprintf_l              1004ce40 f   LIBCMTD:vswprint.obj
 0001:0004c060       _strcat_s                  1004d060 f   LIBCMTD:strcat_s.obj
 0001:0004c890       __i64toa_s                 1004d890 f   LIBCMTD:xtoas.obj
 0001:0004c8e0       __itoa_s                   1004d8e0 f   LIBCMTD:xtoas.obj
 0001:0004c940       __ltoa_s                   1004d940 f   LIBCMTD:xtoas.obj
 0001:0004c980       __ui64toa_s                1004d980 f   LIBCMTD:xtoas.obj
 0001:0004c9a0       __ultoa_s                  1004d9a0 f   LIBCMTD:xtoas.obj
 0001:0004cda0       __mbstowcs_l               1004dda0 f   LIBCMTD:mbstowcs.obj
 0001:0004cdc0       __mbstowcs_l_helper        1004ddc0 f   LIBCMTD:mbstowcs.obj
 0001:0004d150       __mbstowcs_s_l             1004e150 f   LIBCMTD:mbstowcs.obj
 0001:0004d510       _mbstowcs                  1004e510 f   LIBCMTD:mbstowcs.obj
 0001:0004d560       _mbstowcs_s                1004e560 f   LIBCMTD:mbstowcs.obj
 0001:0004d5f0       __wcstombs_l               1004e5f0 f   LIBCMTD:wcstombs.obj
 0001:0004d610       __wcstombs_l_helper        1004e610 f   LIBCMTD:wcstombs.obj
 0001:0004db20       __wcstombs_s_l             1004eb20 f   LIBCMTD:wcstombs.obj
 0001:0004de80       _wcstombs                  1004ee80 f   LIBCMTD:wcstombs.obj
 0001:0004dea0       _wcstombs_s                1004eea0 f   LIBCMTD:wcstombs.obj
 0001:0004ded0       _malloc                    1004eed0 f   LIBCMTD:dbgmalloc.obj
 0001:0004df00       __iswctype_l               1004ef00 f   LIBCMTD:iswctype.obj
 0001:0004df20       _is_wctype                 1004ef20 f   LIBCMTD:iswctype.obj
 0001:0004df40       _iswctype                  1004ef40 f   LIBCMTD:iswctype.obj
 0001:0004dfa0       ??3@YAXPAX@Z               1004efa0 f   LIBCMTD:dbgdel.obj
 0001:0004e090       ?_ValidateExecute@@YAHP6GHXZ@Z 1004f090 f   LIBCMTD:validate.obj
 0001:0004e0b0       ?_ValidateRead@@YAHPBXI@Z  1004f0b0 f   LIBCMTD:validate.obj
 0001:0004e0d0       ?_ValidateWrite@@YAHPAXI@Z 1004f0d0 f   LIBCMTD:validate.obj
 0001:0004e0f0       ??0type_info@@AAE@ABV0@@Z  1004f0f0 f   LIBCMTD:typinfo.obj
 0001:0004e110       ??1type_info@@UAE@XZ       1004f110 f   LIBCMTD:typinfo.obj
 0001:0004e130       ??4type_info@@AAEAAV0@ABV0@@Z 1004f130 f   LIBCMTD:typinfo.obj
 0001:0004e140       ??8type_info@@QBE_NABV0@@Z 1004f140 f   LIBCMTD:typinfo.obj
 0001:0004e180       ??9type_info@@QBE_NABV0@@Z 1004f180 f   LIBCMTD:typinfo.obj
 0001:0004e1c0       ??_Etype_info@@UAEPAXI@Z   1004f1c0 f i LIBCMTD:typinfo.obj
 0001:0004e1c0       ??_Gtype_info@@UAEPAXI@Z   1004f1c0 f i LIBCMTD:typinfo.obj
 0001:0004e1f0       ?_name_internal_method@type_info@@QBEPBDPAU__type_info_node@@@Z 1004f1f0 f   LIBCMTD:typinfo.obj
 0001:0004e210       ?_type_info_dtor_internal_method@type_info@@QAEXXZ 1004f210 f   LIBCMTD:typinfo.obj
 0001:0004e230       ?before@type_info@@QBE_NABV1@@Z 1004f230 f   LIBCMTD:typinfo.obj
 0001:0004e270       ?name@type_info@@QBEPBDPAU__type_info_node@@@Z 1004f270 f   LIBCMTD:typinfo.obj
 0001:0004e290       ?raw_name@type_info@@QBEPBDXZ 1004f290 f   LIBCMTD:typinfo.obj
 0001:0004e2b0       ??0__non_rtti_object@std@@QAE@ABV01@@Z 1004f2b0 f   LIBCMTD:stdexcpt.obj
 0001:0004e2e0       ??0__non_rtti_object@std@@QAE@PBD@Z 1004f2e0 f   LIBCMTD:stdexcpt.obj
 0001:0004e310       ??0bad_cast@std@@QAE@ABV01@@Z 1004f310 f   LIBCMTD:stdexcpt.obj
 0001:0004e340       ??0bad_cast@std@@QAE@PBD@Z 1004f340 f   LIBCMTD:stdexcpt.obj
 0001:0004e370       ??0bad_typeid@std@@QAE@ABV01@@Z 1004f370 f   LIBCMTD:stdexcpt.obj
 0001:0004e3a0       ??0bad_typeid@std@@QAE@PBD@Z 1004f3a0 f   LIBCMTD:stdexcpt.obj
 0001:0004e3d0       ??0exception@std@@QAE@ABQBD@Z 1004f3d0 f   LIBCMTD:stdexcpt.obj
 0001:0004e410       ??0exception@std@@QAE@ABQBDH@Z 1004f410 f   LIBCMTD:stdexcpt.obj
 0001:0004e440       ??0exception@std@@QAE@ABV01@@Z 1004f440 f   LIBCMTD:stdexcpt.obj
 0001:0004e480       ??0exception@std@@QAE@XZ   1004f480 f   LIBCMTD:stdexcpt.obj
 0001:0004e4b0       ??1__non_rtti_object@std@@UAE@XZ 1004f4b0 f   LIBCMTD:stdexcpt.obj
 0001:0004e4d0       ??1bad_cast@std@@UAE@XZ    1004f4d0 f   LIBCMTD:stdexcpt.obj
 0001:0004e4f0       ??1bad_typeid@std@@UAE@XZ  1004f4f0 f   LIBCMTD:stdexcpt.obj
 0001:0004e510       ??1exception@std@@UAE@XZ   1004f510 f   LIBCMTD:stdexcpt.obj
 0001:0004e530       ??4exception@std@@QAEAAV01@ABV01@@Z 1004f530 f   LIBCMTD:stdexcpt.obj
 0001:0004e580       ??_G__non_rtti_object@std@@UAEPAXI@Z 1004f580 f i LIBCMTD:stdexcpt.obj
 0001:0004e580       ??_E__non_rtti_object@std@@UAEPAXI@Z 1004f580 f i LIBCMTD:stdexcpt.obj
 0001:0004e5b0       ??_Gbad_cast@std@@UAEPAXI@Z 1004f5b0 f i LIBCMTD:stdexcpt.obj
 0001:0004e5b0       ??_Ebad_cast@std@@UAEPAXI@Z 1004f5b0 f i LIBCMTD:stdexcpt.obj
 0001:0004e5e0       ??_Ebad_typeid@std@@UAEPAXI@Z 1004f5e0 f i LIBCMTD:stdexcpt.obj
 0001:0004e5e0       ??_Gbad_typeid@std@@UAEPAXI@Z 1004f5e0 f i LIBCMTD:stdexcpt.obj
 0001:0004e610       ??_Eexception@std@@UAEPAXI@Z 1004f610 f i LIBCMTD:stdexcpt.obj
 0001:0004e610       ??_Gexception@std@@UAEPAXI@Z 1004f610 f i LIBCMTD:stdexcpt.obj
 0001:0004e640       ?_Copy_str@exception@std@@AAEXPBD@Z 1004f640 f   LIBCMTD:stdexcpt.obj
 0001:0004e6a0       ?_Tidy@exception@std@@AAEXXZ 1004f6a0 f   LIBCMTD:stdexcpt.obj
 0001:0004e6e0       ?what@exception@std@@UBEPBDXZ 1004f6e0 f   LIBCMTD:stdexcpt.obj
 0001:0004e710       __CxxThrowException@8      1004f710 f   LIBCMTD:throw.obj
 0001:0004e7b0       __wtoi                     1004f7b0 f   LIBCMTD:wtox.obj
 0001:0004e7d0       __wtoi64                   1004f7d0 f   LIBCMTD:wtox.obj
 0001:0004e7f0       __wtoi64_l                 1004f7f0 f   LIBCMTD:wtox.obj
 0001:0004e810       __wtoi_l                   1004f810 f   LIBCMTD:wtox.obj
 0001:0004e830       __wtol                     1004f830 f   LIBCMTD:wtox.obj
 0001:0004e850       __wtol_l                   1004f850 f   LIBCMTD:wtox.obj
 0001:0004e870       __wtoll                    1004f870 f   LIBCMTD:wtox.obj
 0001:0004e890       __wtoll_l                  1004f890 f   LIBCMTD:wtox.obj
[...]
 0002:00012704       __RTC_Shutdown.rtc$TMZ     10074704     directory.obj
 0002:00012708       __RTC_Shutdown.rtc$TMZ     10074708     hash.obj
 0002:0001270c       __RTC_Shutdown.rtc$TMZ     1007470c     module.obj
 0002:00012710       __RTC_Shutdown.rtc$TMZ     10074710     os.obj
 0002:00012714       __RTC_Shutdown.rtc$TMZ     10074714     params.obj
 0002:00012718       __RTC_Shutdown.rtc$TMZ     10074718     tgf.obj
 0002:0001271c       __RTC_Shutdown.rtc$TMZ     1007471c     trace.obj
 0002:00012728       __unwindtable$?strtoxl@@YAKPAUlocaleinfo_struct@@PBDPAPBDHH@Z 10074728     LIBCMTD:strtol.obj
 0002:00012730       __ehfuncinfo$?strtoxl@@YAKPAUlocaleinfo_struct@@PBDPAPBDHH@Z 10074730     LIBCMTD:strtol.obj
 0002:00012758       __sehtable$_perror         10074758     LIBCMTD:perror.obj
 0002:00012778       __sehtable$_fclose         10074778     LIBCMTD:fclose.obj
 0002:00012798       __sehtable$__fsopen        10074798     LIBCMTD:fopen.obj
 0002:000127b8       __sehtable$_fputs          100747b8     LIBCMTD:fputs.obj
 0002:000127d8       __sehtable$_fread_s        100747d8     LIBCMTD:fread.obj
 0002:000127f8       __sehtable$_printf         100747f8     LIBCMTD:printf.obj
 0002:00012818       __sehtable$__realloc_dbg   10074818     LIBCMTD:dbgheap.obj
 0002:00012838       __sehtable$__expand_dbg    10074838     LIBCMTD:dbgheap.obj
 0002:00012858       __sehtable$__free_dbg      10074858     LIBCMTD:dbgheap.obj
 0002:00012878       __sehtable$__msize_dbg     10074878     LIBCMTD:dbgheap.obj
 0002:00012898       __sehtable$__CrtCheckMemory 10074898     LIBCMTD:dbgheap.obj
 0002:000128b8       __sehtable$__CrtSetDbgFlag 100748b8     LIBCMTD:dbgheap.obj
 0002:000128d8       __sehtable$__CrtDoForAllClientObjects 100748d8     LIBCMTD:dbgheap.obj
 0002:000128f8       __sehtable$__CrtIsMemoryBlock 100748f8     LIBCMTD:dbgheap.obj
 0002:00012918       __sehtable$__CrtMemCheckpoint 10074918     LIBCMTD:dbgheap.obj
 0002:00012938       __sehtable$__CrtSetDbgBlockType 10074938     LIBCMTD:dbgheap.obj
 0002:00012958       __sehtable$__heap_alloc_dbg_impl 10074958     LIBCMTD:dbgheap.obj
 0002:00012978       __sehtable$?__crtIsBadReadPtr@@YAHPBXI@Z 10074978     LIBCMTD:dbgheap.obj
 0002:00012998       __sehtable$?_CrtMemDumpAllObjectsSince_stat@@YAXPBU_CrtMemState@@PAUlocaleinfo_struct@@@Z 10074998     LIBCMTD:dbgheap.obj
 0002:000129b8       __sehtable$__CRT_INIT@12   100749b8     LIBCMTD:dllcrt0.obj
 0002:000129d8       __sehtable$___DllMainCRTStartup 100749d8     LIBCMTD:dllcrt0.obj
 0002:000129f8       __sehtable$?DebuggerProbe@@YAHK@Z 100749f8     LIBCMTD:error.obj
 0002:00012a18       __sehtable$?DebuggerRuntime@@YAHKHPAXPB_W@Z 10074a18     LIBCMTD:error.obj
 0002:00012a38       __sehtable$__CrtSetReportHookW2 10074a38     LIBCMTD:dbgrptw.obj
 0002:00012a58       __sehtable$___updatetlocinfo 10074a58     LIBCMTD:localref.obj
 0002:00012a78       __sehtable$___updatetmbcinfo 10074a78     LIBCMTD:mbctype.obj
 0002:00012a98       __sehtable$__setmbcp       10074a98     LIBCMTD:mbctype.obj
 0002:00012ab4       __unwindtable$?getSystemCP@@YAHH@Z 10074ab4     LIBCMTD:mbctype.obj
 0002:00012abc       __ehfuncinfo$?getSystemCP@@YAHH@Z 10074abc     LIBCMTD:mbctype.obj
 0002:00012ae0       __sehtable$__freefls@4     10074ae0     LIBCMTD:tidtable.obj
 0002:00012b08       __sehtable$__initptd       10074b08     LIBCMTD:tidtable.obj
 0002:00012b30       __sehtable$__get_current_locale 10074b30     LIBCMTD:wsetloca.obj
 0002:00012b58       __sehtable$__free_locale   10074b58     LIBCMTD:wsetloca.obj
 0002:00012b80       __sehtable$__wsetlocale    10074b80     LIBCMTD:wsetloca.obj
 0002:00012bb8       __sehtable$__locterm       10074bb8     LIBCMTD:wsetloca.obj
 0002:00012bd8       __sehtable$__alloc_osfhnd  10074bd8     LIBCMTD:osfinfo.obj
 0002:00012c00       __sehtable$___lock_fhandle 10074c00     LIBCMTD:osfinfo.obj
 0002:00012c20       __sehtable$__open_osfhandle 10074c20     LIBCMTD:osfinfo.obj
 0002:00012c40       __sehtable$__write         10074c40     LIBCMTD:write.obj
 0002:00012c60       __sehtable$__close         10074c60     LIBCMTD:close.obj
 0002:00012c80       __sehtable$_fflush         10074c80     LIBCMTD:fflush.obj
 0002:00012ca0       __sehtable$_flsall         10074ca0     LIBCMTD:fflush.obj
 0002:00012cc8       __sehtable$__getstream     10074cc8     LIBCMTD:stream.obj
 0002:00012ce8       __sehtable$_fwrite         10074ce8     LIBCMTD:fwrite.obj
 0002:00012d08       __sehtable$__ioinit        10074d08     LIBCMTD:ioinit.obj
 0002:00012d28       __sehtable$__read          10074d28     LIBCMTD:read.obj
 0002:00012d48       __sehtable$_vprintf_helper 10074d48     LIBCMTD:vprintf.obj
 0002:00012d68       __sehtable$_doexit         10074d68     LIBCMTD:crt0dat.obj
 0002:00012d88       __sehtable$__CrtSetReportHook2 10074d88     LIBCMTD:dbgrpt.obj
 0002:00012da8       __sehtable$__mtinitlocknum 10074da8     LIBCMTD:mlock.obj
 0002:00012dc8       __sehtable$_setvbuf        10074dc8     LIBCMTD:setvbuf.obj
 0002:00012de8       __sehtable$_fwprintf       10074de8     LIBCMTD:fwprintf.obj
 0002:00012e08       __sehtable$_signal         10074e08     LIBCMTD:winsig.obj
 0002:00012e28       __sehtable$_raise          10074e28     LIBCMTD:winsig.obj
 0002:00012e48       __sehtable$_ctrlevent_capture@4 10074e48     LIBCMTD:winsig.obj
 0002:00012e68       __sehtable$__VCrtDbgReportA 10074e68     LIBCMTD:dbgrptt.obj
 0002:00012e90       __sehtable$__VCrtDbgReportW 10074e90     LIBCMTD:dbgrptt.obj
 0002:00012eb8       __sehtable$?terminate@@YAXXZ 10074eb8     LIBCMTD:hooks.obj
 0002:00012ed8       __sehtable$?_inconsistency@@YAXXZ 10074ed8     LIBCMTD:hooks.obj
 0002:00012ef8       __sehtable$___FrameUnwindToState 10074ef8     LIBCMTD:frame.obj
 0002:00012f20       __sehtable$?CallCatchBlock@@YAPAXPAUEHExceptionRecord@@PAUEHRegistrationNode@@PAU_CONTEXT@@PBU_s_FuncInfo@@PAXHK@Z 10074f20     LIBCMTD:frame.obj
 0002:00012f48       __sehtable$___BuildCatchObject 10074f48     LIBCMTD:frame.obj
 0002:00012f68       __sehtable$___DestructExceptionObject 10074f68     LIBCMTD:frame.obj
 0002:00012f84       __catchsym$?CallUnexpected@@YAXPBU_s_ESTypeList@@@Z$2 10074f84     LIBCMTD:frame.obj
 0002:00012f94       __unwindtable$?CallUnexpected@@YAXPBU_s_ESTypeList@@@Z 10074f94     LIBCMTD:frame.obj
 0002:00012fa4       __tryblocktable$?CallUnexpected@@YAXPBU_s_ESTypeList@@@Z 10074fa4     LIBCMTD:frame.obj
 0002:00012fb8       __ehfuncinfo$?CallUnexpected@@YAXPBU_s_ESTypeList@@@Z 10074fb8     LIBCMTD:frame.obj
 0002:00012fe0       __sehtable$___BuildCatchObjectHelper 10074fe0     LIBCMTD:frame.obj
 0002:00013050       __sehtable$__lseeki64      10075050     LIBCMTD:lseeki64.obj
 0002:00013070       __sehtable$__putwch        10075070     LIBCMTD:putwch.obj
 0002:00013090       __sehtable$__IsNonwritableInCurrentImage 10075090     LIBCMTD:pesect.obj
 0002:000130b0       __sehtable$__fcloseall     100750b0     LIBCMTD:closeall.obj
 0002:000130d0       __sehtable$__commit        100750d0     LIBCMTD:commit.obj
 0002:000130f0       __sehtable$__sopen_helper  100750f0     LIBCMTD:open.obj
 0002:00013110       __sehtable$__open          10075110     LIBCMTD:open.obj
 0002:00013130       __sehtable$_ungetc         10075130     LIBCMTD:ungetc.obj
 0002:00013150       __sehtable$__onexit        10075150     LIBCMTD:onexit.obj
 0002:00013170       __sehtable$___set_fpsr_sse2 10075170     LIBCMTD:fpctrl.obj
 0002:00013190       __sehtable$_vfwprintf_helper 10075190     LIBCMTD:vfwprint.obj
 0002:000131ac       __unwindtable$?x_ismbbtype_l@@YAHPAUlocaleinfo_struct@@IHH@Z 100751ac     LIBCMTD:ismbbyte.obj
 0002:000131b4       __ehfuncinfo$?x_ismbbtype_l@@YAHPAUlocaleinfo_struct@@IHH@Z 100751b4     LIBCMTD:ismbbyte.obj
 0002:000131d8       __sehtable$??3@YAXPAX@Z    100751d8     LIBCMTD:dbgdel.obj
 0002:000131f8       __sehtable$__wsopen_helper 100751f8     LIBCMTD:wopen.obj
 0002:00013218       __sehtable$__wopen         10075218     LIBCMTD:wopen.obj
 0002:00013238       __sehtable$_fputwc         10075238     LIBCMTD:fputwc.obj
 0002:00013258       __sehtable$?_Name_base@type_info@@CAPBDPBV1@PAU__type_info_node@@@Z 10075258     LIBCMTD:typname.obj
 0002:00013278       __sehtable$?_Type_info_dtor@type_info@@CAXPAV1@@Z 10075278     LIBCMTD:typname.obj
 0002:00013298       __sehtable$?_Name_base_internal@type_info@@CAPBDPBV1@PAU__type_info_node@@@Z 10075298     LIBCMTD:typname.obj
 0002:000132b8       __sehtable$?_Type_info_dtor_internal@type_info@@CAXPAV1@@Z 100752b8     LIBCMTD:typname.obj
 0002:000132d8       __sehtable$___clean_type_info_names_internal 100752d8     LIBCMTD:typname.obj
 0002:000132f4       __unwindtable$?wcstoxq@@YA_KPAUlocaleinfo_struct@@PB_WPAPB_WHH@Z 100752f4     LIBCMTD:wcstoq.obj
 0002:000132fc       __ehfuncinfo$?wcstoxq@@YA_KPAUlocaleinfo_struct@@PB_WPAPB_WHH@Z 100752fc     LIBCMTD:wcstoq.obj
 0002:00013320       __sehtable$__chsize_s      10075320     LIBCMTD:chsize.obj
 0002:00013340       __sehtable$__setmode       10075340     LIBCMTD:setmode.obj
 0002:00013360       __sehtable$___unDName      10075360     LIBCMTD:undname.obj
 0002:00013380       __sehtable$___unDNameEx    10075380     LIBCMTD:undname.obj
 0002:0001339c       __unwindtable$?make@DNameStatusNode@@SAPAV1@W4DNameStatus@@@Z 1007539c     LIBCMTD:undname.obj
 0002:000133a4       __ehfuncinfo$?make@DNameStatusNode@@SAPAV1@W4DNameStatus@@@Z 100753a4     LIBCMTD:undname.obj
 0002:000133c8       __unwindtable$?strtoxq@@YA_KPAUlocaleinfo_struct@@PBDPAPBDHH@Z 100753c8     LIBCMTD:strtoq.obj
 0002:000133d0       __ehfuncinfo$?strtoxq@@YA_KPAUlocaleinfo_struct@@PBDPAPBDHH@Z 100753d0     LIBCMTD:strtoq.obj
 0002:00013400       .edata                     10075400     tgf.exp
 0002:00013428       rgpv                       10075428     tgf.exp
 0002:00013514       rgszName                   10075514     tgf.exp
 0002:00013600       rgwOrd                     10075600     tgf.exp
 0002:00013676       szName                     10075676     tgf.exp
 0002:0001367e       $N00001                    1007567e     tgf.exp
 0002:00013689       $N00002                    10075689     tgf.exp
 0002:00013693       $N00003                    10075693     tgf.exp
 0002:0001369f       $N00004                    1007569f     tgf.exp
 0002:000136b4       $N00005                    100756b4     tgf.exp
 0002:000136c0       $N00006                    100756c0     tgf.exp
 0002:000136ce       $N00007                    100756ce     tgf.exp
 0002:000136db       $N00008                    100756db     tgf.exp
 0002:000136f0       $N00009                    100756f0     tgf.exp
 0002:000136fd       $N00010                    100756fd     tgf.exp
 0002:0001370a       $N00011                    1007570a     tgf.exp
 0002:00013717       $N00012                    10075717     tgf.exp
 0002:00013725       $N00013                    10075725     tgf.exp
 0002:0001372c       $N00014                    1007572c     tgf.exp
 0002:0001373e       $N00015                    1007573e     tgf.exp
 0002:00013748       $N00016                    10075748     tgf.exp
 0002:00013755       $N00017                    10075755     tgf.exp
 0002:0001375f       $N00018                    1007575f     tgf.exp
 0002:0001376c       $N00019                    1007576c     tgf.exp
 0002:0001377c       $N00020                    1007577c     tgf.exp
 0002:0001378a       $N00021                    1007578a     tgf.exp
 0002:0001379c       $N00022                    1007579c     tgf.exp
 0002:000137ae       $N00023                    100757ae     tgf.exp
 0002:000137ba       $N00024                    100757ba     tgf.exp
 0002:000137ca       $N00025                    100757ca     tgf.exp
 0002:000137da       $N00026                    100757da     tgf.exp
 0002:000137e9       $N00027                    100757e9     tgf.exp
 0002:000137fb       $N00028                    100757fb     tgf.exp
 0002:00013809       $N00029                    10075809     tgf.exp
 0002:00013816       $N00030                    10075816     tgf.exp
 0002:0001382d       $N00031                    1007582d     tgf.exp
 0002:0001383a       $N00032                    1007583a     tgf.exp
 0002:0001384a       $N00033                    1007584a     tgf.exp
 0002:00013862       $N00034                    10075862     tgf.exp
 0002:00013876       $N00035                    10075876     tgf.exp
 0002:00013889       $N00036                    10075889     tgf.exp
 0002:0001389c       $N00037                    1007589c     tgf.exp
 0002:000138ab       $N00038                    100758ab     tgf.exp
 0002:000138bf       $N00039                    100758bf     tgf.exp
 0002:000138cd       $N00040                    100758cd     tgf.exp
 0002:000138dd       $N00041                    100758dd     tgf.exp
 0002:000138ed       $N00042                    100758ed     tgf.exp
 0002:000138fa       $N00043                    100758fa     tgf.exp
 0002:00013907       $N00044                    10075907     tgf.exp
 0002:00013914       $N00045                    10075914     tgf.exp
 0002:00013922       $N00046                    10075922     tgf.exp
 0002:00013932       $N00047                    10075932     tgf.exp
 0002:0001393d       $N00048                    1007593d     tgf.exp
 0002:00013949       $N00049                    10075949     tgf.exp
 0002:00013954       $N00050                    10075954     tgf.exp
 0002:0001395e       $N00051                    1007595e     tgf.exp
 0002:0001396a       $N00052                    1007596a     tgf.exp
 0002:0001397f       $N00053                    1007597f     tgf.exp
 0002:0001398f       $N00054                    1007598f     tgf.exp
 0002:0001399d       $N00055                    1007599d     tgf.exp
 0002:000139ad       $N00056                    100759ad     tgf.exp
 0002:000139be       $N00057                    100759be     tgf.exp
 0002:000139ce       $N00058                    100759ce     tgf.exp
 0002:000139d5       $N00059                    100759d5     tgf.exp
 0002:00013c96       .idata$6                   10075c96     txml:txml.dll
 0002:00013cbc       .idata$6                   10075cbc     kernel32:KERNEL32.dll
 0003:00000020       _errtable                  10077020     LIBCMTD:dosmap.obj
 0003:00000188       _ErrnoNoMem                10077188     LIBCMTD:dosmap.obj
 0003:0000018c       _DoserrorNoMem             1007718c     LIBCMTD:dosmap.obj
 0003:0000019c       __lRequestCurr             1007719c     LIBCMTD:dbgheap.obj
 0003:000001a0       __bNoMansLandFill          100771a0     LIBCMTD:dbgheap.obj
 0003:000001a1       __bAlignLandFill           100771a1     LIBCMTD:dbgheap.obj
 0003:000001a2       __bDeadLandFill            100771a2     LIBCMTD:dbgheap.obj
 0003:000001a3       __bCleanLandFill           100771a3     LIBCMTD:dbgheap.obj
 0003:000001a8       __assertstring             100771a8     LIBCMTD:wassert.obj
 0003:000001f8       _dotdotdot                 100771f8     LIBCMTD:wassert.obj
 0003:000001fc       _newline                   100771fc     LIBCMTD:wassert.obj
 0003:00000200       _dblnewline                10077200     LIBCMTD:wassert.obj
 0003:00000254       ?isPackaged@?1??__crtIsPackagedApp@@9@9 10077254     LIBCMTD:winapisupp.obj
 0003:00000258       _dotdotdot                 10077258     LIBCMTD:dbgrptw.obj
 0003:00000688       ___rgctypeflag             10077688     LIBCMTD:mbctype.obj
 0003:00000690       ___rgcode_page_info        10077690     LIBCMTD:mbctype.obj
 0003:000009bc       __ctype_loc_style          100779bc     LIBCMTD:wsetloca.obj
 0003:00000d98       _newcw                     10077d98     LIBCMTD:floor.obj
 0003:00000d9c       _dotdotdot                 10077d9c     LIBCMTD:dbgrpt.obj
 0003:00000da0       __locktable                10077da0     LIBCMTD:mlock.obj
 0003:00000f78       ?_names@?1??_get_fname@@9@9 10077f78     LIBCMTD:fpexcept.obj
 0003:00001088       _over                      10078088     LIBCMTD:fpctrl.obj
 0003:00001094       _under                     10078094     LIBCMTD:fpctrl.obj
 0003:000010a0       ?__DAZ_ENABLED@?1??__set_fpsr_sse2@@9@9 100780a0     LIBCMTD:fpctrl.obj
 0003:000010a4       _DoubleFormat              100780a4     LIBCMTD:intrncvt.obj
 0003:000010bc       _FloatFormat               100780bc     LIBCMTD:intrncvt.obj
 0003:00001524       _parmHandleList            10078524     params.obj
 0003:0000152c       _singleTextureMode         1007852c     tgf.obj
 0003:00001530       _dataDir                   10078530     tgf.obj
 0003:00001534       _libDir                    10078534     tgf.obj
 0003:00001538       _localDir                  10078538     tgf.obj
 0003:0000153c       ?init@?1??_RTC_InitBase@@9@4_NA 1007853c     LIBCMTD:init.obj
 0003:00001548       _GS_ExceptionRecord        10078548     LIBCMTD:gs_report.obj
 0003:00001598       _GS_ContextRecord          10078598     LIBCMTD:gs_report.obj
 0003:00001864       _DebuggerWasPresent        10078864     LIBCMTD:gs_report.obj
 0003:00001868       ___enable_percent_n        10078868     LIBCMTD:printf.obj
 0003:00001870       _check_frequency           10078870     LIBCMTD:dbgheap.obj
 0003:00001878       _check_counter             10078878     LIBCMTD:dbgheap.obj
 0003:0000187c       __lTotalAlloc              1007887c     LIBCMTD:dbgheap.obj
 0003:00001880       __lCurAlloc                10078880     LIBCMTD:dbgheap.obj
 0003:00001884       __lMaxAlloc                10078884     LIBCMTD:dbgheap.obj
 0003:00001888       __pFirstBlock              10078888     LIBCMTD:dbgheap.obj
 0003:0000188c       __pLastBlock               1007888c     LIBCMTD:dbgheap.obj
 0003:00001890       ___proc_attached           10078890     LIBCMTD:dllcrt0.obj
 0003:000018a0       __RTC_ErrorReportFunc      100788a0     LIBCMTD:userapi.obj
 0003:000018a4       __RTC_ErrorReportFuncW     100788a4     LIBCMTD:userapi.obj
 0003:000018cc       _fSystemSet                100788cc     LIBCMTD:mbctype.obj
 0003:00001a14       __pmatherr_set             10078a14     LIBCMTD:libm_error.obj
 0003:00001a18       _lclcritsects              10078a18     LIBCMTD:mlock.obj
 0003:00001b90       _ctrlc_action              10078b90     LIBCMTD:winsig.obj
 0003:00001b94       _ctrlbreak_action          10078b94     LIBCMTD:winsig.obj
 0003:00001b98       _abort_action              10078b98     LIBCMTD:winsig.obj
 0003:00001b9c       _term_action               10078b9c     LIBCMTD:winsig.obj
 0003:00001ba0       _ConsoleCtrlHandler_Installed 10078ba0     LIBCMTD:winsig.obj
 0003:00001ba4       ?pfnGetLastActivePopup@?1??__crtMessageBoxW@@9@9 10078ba4     LIBCMTD:crtmboxw.obj
 0003:00001ba8       ?pfnGetProcessWindowStation@?1??__crtMessageBoxW@@9@9 10078ba8     LIBCMTD:crtmboxw.obj
 0003:00001bac       ?pfnGetUserObjectInformation@?1??__crtMessageBoxW@@9@9 10078bac     LIBCMTD:crtmboxw.obj
 0003:00001bb0       ?pfnMessageBox@?1??__crtMessageBoxW@@9@9 10078bb0     LIBCMTD:crtmboxw.obj
 0003:00001bb4       ?pfnGetActiveWindow@?1??__crtMessageBoxW@@9@9 10078bb4     LIBCMTD:crtmboxw.obj
 0003:00001bc0       ?outmsg@?M@??_NMSG_WRITE@@9@9 10078bc0     LIBCMTD:crt0msg.obj
 0003:000021e8       ?_pgmname@?1??_setargv@@9@9 100791e8     LIBCMTD:stdargv.obj
 0003:000022f0       _mspdb                     100792f0     LIBCMTD:pdblkup.obj
 0003:000022f4       ?alreadyTried@?1??GetPdbDll@@YAPAUHINSTANCE__@@XZ@4_NA 100792f4     LIBCMTD:pdblkup.obj
 0003:000022f5       ?PDBOK@?BM@??_RTC_GetSrcLine@@YAHPAEPA_WKPAH1K@Z@4_NA 100792f5     LIBCMTD:pdblkup.obj
 0003:0000230c       ___crtCallProc             1007930c     LIBCMTD:winapinls.obj
 0003:00002318       _g_pfnRtlGenRandom         10079318     LIBCMTD:rand_s.obj
 0003:0000231c       ___type_info_root_node     1007931c     LIBCMTD:typname.obj
 0003:0000234c       _heap                      1007934c     LIBCMTD:undname.obj
 0003:00002360       ?buf@?1??dbGetString@DName@@QBEPADXZ@4PADA 10079360     LIBCMTD:undname.obj
