 nfs2ac

 Timestamp is 58af2fcc (Thu Feb 23 18:54:04 2017)

 Preferred load address is 00400000

 Start         Length     Name                   Class
 0001:00000000 00054b8aH .text$mn                CODE
 0001:00054b90 00000139H .text$x                 CODE
 0002:00000000 00000190H .idata$5                DATA
 0002:00000190 00000004H .CRT$XCA                DATA
 0002:00000194 00000004H .CRT$XCZ                DATA
 0002:00000198 00000004H .CRT$XIA                DATA
 0002:0000019c 00000010H .CRT$XIC                DATA
 0002:000001ac 00000004H .CRT$XIY                DATA
 0002:000001b0 00000004H .CRT$XIZ                DATA
 0002:000001b4 00000004H .CRT$XPA                DATA
 0002:000001b8 00000008H .CRT$XPX                DATA
 0002:000001c0 00000004H .CRT$XPXA               DATA
 0002:000001c4 00000004H .CRT$XPZ                DATA
 0002:000001c8 00000004H .CRT$XTA                DATA
 0002:000001cc 00000004H .CRT$XTZ                DATA
 0002:000001d0 00010130H .rdata                  DATA
 0002:00010300 000000c0H .rdata$debug            DATA
 0002:000103c0 00000388H .rdata$r                DATA
 0002:00010748 00000004H .rtc$IAA                DATA
 0002:0001074c 00000004H .rtc$IZZ                DATA
 0002:00010750 00000004H .rtc$TAA                DATA
 0002:00010754 00000004H .rtc$TZZ                DATA
 0002:00010758 00000cc8H .xdata$x                DATA
 0002:00011420 00000000H .edata                  DATA
 0002:00011420 00000014H .idata$2                DATA
 0002:00011434 00000014H .idata$3                DATA
 0002:00011448 00000190H .idata$4                DATA
 0002:000115d8 00000768H .idata$6                DATA
 0003:00000000 00001320H .data                   DATA
 0003:00001320 0000014fH .data$r                 DATA
 0003:00001480 0000203cH .bss                    DATA

  Address         Publics by Value              Rva+Base       Lib:Object

 0000:00000000       ___safe_se_handler_count   00000000     <absolute>
 0000:00000000       ___safe_se_handler_table   00000000     <absolute>
 0000:00000000       ___guard_flags             00000000     <absolute>
 0000:00000000       ___guard_fids_table        00000000     <absolute>
 0000:00000000       __except_list              00000000     <absolute>
 0000:00000000       ___guard_fids_count        00000000     <absolute>
 0000:00000000       ___ImageBase               00400000     <linker-defined>
 0001:00000020       _main                      00401020 f   mainnfs2ac.obj
 0001:00000540       ___copy_path_to_wide_string 00401540 f   LIBCMTD:crt0dat.obj
 0001:00000730       ___copy_to_char            00401730 f   LIBCMTD:crt0dat.obj
 0001:00000920       ___crtCorExitProcess       00401920 f   LIBCMTD:crt0dat.obj
 0001:00000960       ___crtExitProcess          00401960 f   LIBCMTD:crt0dat.obj
 0001:00000980       ___freeCrtMemory           00401980 f   LIBCMTD:crt0dat.obj
 0001:00000b50       __amsg_exit                00401b50 f   LIBCMTD:crt0dat.obj
 0001:00000b70       __c_exit                   00401b70 f   LIBCMTD:crt0dat.obj
 0001:00000b90       __cexit                    00401b90 f   LIBCMTD:crt0dat.obj
 0001:00000bb0       __cinit                    00401bb0 f   LIBCMTD:crt0dat.obj
 0001:00000c50       __exit                     00401c50 f   LIBCMTD:crt0dat.obj
 0001:00000c70       __exit_app                 00401c70 f   LIBCMTD:crt0dat.obj
 0001:00000c90       __get_pgmptr               00401c90 f   LIBCMTD:crt0dat.obj
 0001:00000db0       __get_wpgmptr              00401db0 f   LIBCMTD:crt0dat.obj
 0001:00000ed0       __init_pointers            00401ed0 f   LIBCMTD:crt0dat.obj
 0001:00000f60       __initterm_e               00401f60 f   LIBCMTD:crt0dat.obj
 0001:00000fa0       __lockexit                 00401fa0 f   LIBCMTD:crt0dat.obj
 0001:00000fb0       __unlockexit               00401fb0 f   LIBCMTD:crt0dat.obj
 0001:000011b0       _exit                      004021b0 f   LIBCMTD:crt0dat.obj
 0001:000011d0       _malloc                    004021d0 f   LIBCMTD:dbgmalloc.obj
 0001:00001200       __get_sys_err_msg          00402200 f i LIBCMTD:perror.obj
 0001:00001240       _perror                    00402240 f   LIBCMTD:perror.obj
 0001:00001340       __stat64i32                00402340 f   LIBCMTD:stati32.obj
 0001:000013a0       __fsopen                   004023a0 f   LIBCMTD:fopen.obj
 0001:000015f0       _fopen                     004025f0 f   LIBCMTD:fopen.obj
 0001:00001610       _fopen_s                   00402610 f   LIBCMTD:fopen.obj
 0001:000016d0       __fread_nolock             004026d0 f   LIBCMTD:fread.obj
 0001:000016f0       __fread_nolock_s           004026f0 f   LIBCMTD:fread.obj
 0001:00001d20       _fread                     00402d20 f   LIBCMTD:fread.obj
 0001:00001d40       _fread_s                   00402d40 f   LIBCMTD:fread.obj
 0001:00001e90       __get_printf_count_output  00402e90 f   LIBCMTD:printf.obj
 0001:00001ec0       __printf_l                 00402ec0 f   LIBCMTD:printf.obj
 0001:00001ef0       __printf_p                 00402ef0 f   LIBCMTD:printf.obj
 0001:00001f10       __printf_p_l               00402f10 f   LIBCMTD:printf.obj
 0001:00001f40       __printf_s_l               00402f40 f   LIBCMTD:printf.obj
 0001:00001f70       __set_printf_count_output  00402f70 f   LIBCMTD:printf.obj
 0001:00001fd0       _printf                    00402fd0 f   LIBCMTD:printf.obj
 0001:00002150       _printf_s                  00403150 f   LIBCMTD:printf.obj
 0001:00002170       @__security_check_cookie@4 00403170 f   LIBCMTD:secchk.obj
 0001:00002180       __fpmath                   00403180 f   LIBCMTD:fpinit.obj
 0001:000021a0       ___setfflag                004031a0 f   LIBCMTD:fpinit.obj
 0001:000021c0       __cfltcvt_init             004031c0 f   LIBCMTD:fpinit.obj
 0001:000024e0       _mainCRTStartup            004034e0 f   LIBCMTD:crt0.obj
 0001:000024f0       ?_invalid_parameter@@YAXPBG00II@Z 004034f0 f   LIBCMTD:invarg.obj
 0001:00002520       ?_invoke_watson@@YAXPBG00II@Z 00403520 f   LIBCMTD:invarg.obj
 0001:00002540       __call_reportfault         00403540 f   LIBCMTD:invarg.obj
 0001:000026a0       __get_invalid_parameter_handler 004036a0 f   LIBCMTD:invarg.obj
 0001:000026d0       __initp_misc_invarg        004036d0 f   LIBCMTD:invarg.obj
 0001:000026e0       __invalid_parameter        004036e0 f   LIBCMTD:invarg.obj
 0001:00002740       __invoke_watson            00403740 f   LIBCMTD:invarg.obj
 0001:00002780       __set_invalid_parameter_handler 00403780 f   LIBCMTD:invarg.obj
 0001:000027c0       __RTC_Initialize           004037c0 f   LIBCMTD:initsect.obj
 0001:000027f0       __RTC_Terminate            004037f0 f   LIBCMTD:initsect.obj
 0001:00002820       __lock                     00403820 f   LIBCMTD:mlock.obj
 0001:00002860       __lockerr_exit             00403860 f   LIBCMTD:mlock.obj
 0001:00002890       __mtdeletelocks            00403890 f   LIBCMTD:mlock.obj
 0001:00002950       __mtinitlocknum            00403950 f   LIBCMTD:mlock.obj
 0001:00002a70       __mtinitlocks              00403a70 f   LIBCMTD:mlock.obj
 0001:00002af0       __unlock                   00403af0 f   LIBCMTD:mlock.obj
 0001:00002b60       ___crtCloseThreadpoolTimer 00403b60 f   LIBCMTD:winapisupp.obj
 0001:00002b90       ___crtCloseThreadpoolWait  00403b90 f   LIBCMTD:winapisupp.obj
 0001:00002bc0       ___crtCreateEventExW       00403bc0 f   LIBCMTD:winapisupp.obj
 0001:00002c20       ___crtCreateSemaphoreExW   00403c20 f   LIBCMTD:winapisupp.obj
 0001:00002c80       ___crtCreateSymbolicLinkW  00403c80 f   LIBCMTD:winapisupp.obj
 0001:00002cc0       ___crtCreateThreadpoolTimer 00403cc0 f   LIBCMTD:winapisupp.obj
 0001:00002d00       ___crtCreateThreadpoolWait 00403d00 f   LIBCMTD:winapisupp.obj
 0001:00002d40       ___crtFlsAlloc             00403d40 f   LIBCMTD:winapisupp.obj
 0001:00002d70       ___crtFlsFree              00403d70 f   LIBCMTD:winapisupp.obj
 0001:00002db0       ___crtFlsGetValue          00403db0 f   LIBCMTD:winapisupp.obj
 0001:00002df0       ___crtFlsSetValue          00403df0 f   LIBCMTD:winapisupp.obj
 0001:00002e30       ___crtFlushProcessWriteBuffers 00403e30 f   LIBCMTD:winapisupp.obj
 0001:00002e60       ___crtFreeLibraryWhenCallbackReturns 00403e60 f   LIBCMTD:winapisupp.obj
 0001:00002e90       ___crtGetCurrentProcessorNumber 00403e90 f   LIBCMTD:winapisupp.obj
 0001:00002ec0       ___crtGetFileInformationByHandleEx 00403ec0 f   LIBCMTD:winapisupp.obj
 0001:00002f00       ___crtGetLogicalProcessorInformation 00403f00 f   LIBCMTD:winapisupp.obj
 0001:00002f40       ___crtGetShowWindowMode    00403f40 f   LIBCMTD:winapisupp.obj
 0001:00002f70       ___crtGetTickCount64       00403f70 f   LIBCMTD:winapisupp.obj
 0001:00002fa0       ___crtInitializeCriticalSectionEx 00403fa0 f   LIBCMTD:winapisupp.obj
 0001:00002ff0       ___crtIsPackagedApp        00403ff0 f   LIBCMTD:winapisupp.obj
 0001:00003030       ___crtLoadWinApiPointers   00404030 f   LIBCMTD:winapisupp.obj
 0001:000034d0       ___crtSetFileInformationByHandle 004044d0 f   LIBCMTD:winapisupp.obj
 0001:00003510       ___crtSetThreadStackGuarantee 00404510 f   LIBCMTD:winapisupp.obj
 0001:00003540       ___crtSetThreadpoolTimer   00404540 f   LIBCMTD:winapisupp.obj
 0001:00003580       ___crtSetThreadpoolWait    00404580 f   LIBCMTD:winapisupp.obj
 0001:000035b0       ___crtSetUnhandledExceptionFilter 004045b0 f   LIBCMTD:winapisupp.obj
 0001:000035c0       ___crtSleep                004045c0 f   LIBCMTD:winapisupp.obj
 0001:000035d0       ___crtTerminateProcess     004045d0 f   LIBCMTD:winapisupp.obj
 0001:000035f0       ___crtUnhandledException   004045f0 f   LIBCMTD:winapisupp.obj
 0001:00003610       ___crtWaitForThreadpoolTimerCallbacks 00404610 f   LIBCMTD:winapisupp.obj
 0001:00003640       __FF_MSGBANNER             00404640 f   LIBCMTD:crt0msg.obj
 0001:00003690       __GET_RTERRMSG             00404690 f   LIBCMTD:crt0msg.obj
 0001:000036d0       __NMSG_WRITE               004046d0 f   LIBCMTD:crt0msg.obj
 0001:00003a90       __invoke_watson_if_error   00404a90 f i LIBCMTD:crt0msg.obj
 0001:00003ac0       ___doserrno                00404ac0 f   LIBCMTD:dosmap.obj
 0001:00003af0       __dosmaperr                00404af0 f   LIBCMTD:dosmap.obj
 0001:00003b20       __errno                    00404b20 f   LIBCMTD:dosmap.obj
 0001:00003b50       __get_doserrno             00404b50 f   LIBCMTD:dosmap.obj
 0001:00003be0       __get_errno                00404be0 f   LIBCMTD:dosmap.obj
 0001:00003c70       __get_errno_from_oserr     00404c70 f   LIBCMTD:dosmap.obj
 0001:00003cf0       __set_doserrno             00404cf0 f   LIBCMTD:dosmap.obj
 0001:00003d20       __set_errno                00404d20 f   LIBCMTD:dosmap.obj
 0001:00003d50       ?_CrtDbgReportW@@YAHHPBGH00ZZ 00404d50 f   LIBCMTD:dbgrptw.obj
 0001:00003da0       __CrtDbgReportW            00404da0 f   LIBCMTD:dbgrptw.obj
 0001:00003df0       __CrtDbgReportWV           00404df0 f i LIBCMTD:dbgrptw.obj
 0001:00003e20       __CrtSetReportHookW2       00404e20 f   LIBCMTD:dbgrptw.obj
 0001:00004170       ___crtMessageWindowW       00405170 f   LIBCMTD:dbgrptw.obj
 0001:00004620       __invoke_watson_if_oneof   00405620 f i LIBCMTD:dbgrptw.obj
 0001:00004660       ??0_LocaleUpdate@@QAE@PAUlocaleinfo_struct@@@Z 00405660 f i LIBCMTD:dbgheap.obj
 0001:00004740       ??1_LocaleUpdate@@QAE@XZ   00405740 f i LIBCMTD:dbgheap.obj
 0001:00004770       ?GetLocaleT@_LocaleUpdate@@QAEPAUlocaleinfo_struct@@XZ 00405770 f i LIBCMTD:dbgheap.obj
 0001:00004c10       __CrtCheckMemory           00405c10 f   LIBCMTD:dbgheap.obj
 0001:00005070       __CrtDoForAllClientObjects 00406070 f   LIBCMTD:dbgheap.obj
 0001:000051a0       __CrtDumpMemoryLeaks       004061a0 f   LIBCMTD:dbgheap.obj
 0001:00005240       __CrtGetAllocHook          00406240 f   LIBCMTD:dbgheap.obj
 0001:00005250       __CrtGetCheckCount         00406250 f   LIBCMTD:dbgheap.obj
 0001:00005260       __CrtGetDumpClient         00406260 f   LIBCMTD:dbgheap.obj
 0001:00005270       __CrtIsMemoryBlock         00406270 f   LIBCMTD:dbgheap.obj
 0001:000053e0       __CrtIsValidHeapPointer    004063e0 f   LIBCMTD:dbgheap.obj
 0001:00005420       __CrtIsValidPointer        00406420 f   LIBCMTD:dbgheap.obj
 0001:00005450       __CrtMemCheckpoint         00406450 f   LIBCMTD:dbgheap.obj
 0001:00005680       __CrtMemDifference         00406680 f   LIBCMTD:dbgheap.obj
 0001:000058e0       __CrtMemDumpAllObjectsSince 004068e0 f   LIBCMTD:dbgheap.obj
 0001:00005920       __CrtMemDumpStatistics     00406920 f   LIBCMTD:dbgheap.obj
 0001:00005a40       __CrtReportBlockType       00406a40 f   LIBCMTD:dbgheap.obj
 0001:00005a70       __CrtSetAllocHook          00406a70 f   LIBCMTD:dbgheap.obj
 0001:00005a90       __CrtSetBreakAlloc         00406a90 f   LIBCMTD:dbgheap.obj
 0001:00005ab0       __CrtSetCheckCount         00406ab0 f   LIBCMTD:dbgheap.obj
 0001:00005ad0       __CrtSetDbgBlockType       00406ad0 f   LIBCMTD:dbgheap.obj
 0001:00005bc0       __CrtSetDbgFlag            00406bc0 f   LIBCMTD:dbgheap.obj
 0001:00005d10       __CrtSetDebugFillThreshold 00406d10 f   LIBCMTD:dbgheap.obj
 0001:00005d30       __CrtSetDumpClient         00406d30 f   LIBCMTD:dbgheap.obj
 0001:00005d50       __aligned_free             00406d50 f   LIBCMTD:dbgheap.obj
 0001:00005d70       __aligned_free_dbg         00406d70 f   LIBCMTD:dbgheap.obj
 0001:00005e20       __aligned_malloc           00406e20 f   LIBCMTD:dbgheap.obj
 0001:00005e40       __aligned_malloc_dbg       00406e40 f   LIBCMTD:dbgheap.obj
 0001:00005e60       __aligned_msize            00406e60 f   LIBCMTD:dbgheap.obj
 0001:00005e80       __aligned_msize_dbg        00406e80 f   LIBCMTD:dbgheap.obj
 0001:00005fa0       __aligned_offset_malloc    00406fa0 f   LIBCMTD:dbgheap.obj
 0001:00005fc0       __aligned_offset_malloc_dbg 00406fc0 f   LIBCMTD:dbgheap.obj
 0001:000061a0       __aligned_offset_realloc   004071a0 f   LIBCMTD:dbgheap.obj
 0001:000061d0       __aligned_offset_realloc_dbg 004071d0 f   LIBCMTD:dbgheap.obj
 0001:000064e0       __aligned_offset_recalloc  004074e0 f   LIBCMTD:dbgheap.obj
 0001:00006510       __aligned_offset_recalloc_dbg 00407510 f   LIBCMTD:dbgheap.obj
 0001:000065d0       __aligned_realloc          004075d0 f   LIBCMTD:dbgheap.obj
 0001:000065f0       __aligned_realloc_dbg      004075f0 f   LIBCMTD:dbgheap.obj
 0001:00006620       __aligned_recalloc         00407620 f   LIBCMTD:dbgheap.obj
 0001:00006650       __aligned_recalloc_dbg     00407650 f   LIBCMTD:dbgheap.obj
 0001:00006680       __calloc_dbg               00407680 f   LIBCMTD:dbgheap.obj
 0001:000066e0       __calloc_dbg_impl          004076e0 f   LIBCMTD:dbgheap.obj
 0001:00006760       __expand                   00407760 f   LIBCMTD:dbgheap.obj
 0001:00006790       __expand_dbg               00407790 f   LIBCMTD:dbgheap.obj
 0001:000068c0       __free_dbg                 004078c0 f   LIBCMTD:dbgheap.obj
 0001:00006940       __free_dbg_nolock          00407940 f   LIBCMTD:dbgheap.obj
 0001:00006e40       __free_nolock              00407e40 f   LIBCMTD:dbgheap.obj
 0001:00006e60       __heap_alloc               00407e60 f   LIBCMTD:dbgheap.obj
 0001:00006e80       __heap_alloc_dbg           00407e80 f   LIBCMTD:dbgheap.obj
 0001:000072a0       __malloc_dbg               004082a0 f   LIBCMTD:dbgheap.obj
 0001:000072d0       __msize                    004082d0 f   LIBCMTD:dbgheap.obj
 0001:000072f0       __msize_dbg                004082f0 f   LIBCMTD:dbgheap.obj
 0001:00007500       __nh_malloc                00408500 f   LIBCMTD:dbgheap.obj
 0001:00007520       __nh_malloc_dbg            00408520 f   LIBCMTD:dbgheap.obj
 0001:000077b0       __realloc_dbg              004087b0 f   LIBCMTD:dbgheap.obj
 0001:00007850       __recalloc                 00408850 f   LIBCMTD:dbgheap.obj
 0001:00007880       __recalloc_dbg             00408880 f   LIBCMTD:dbgheap.obj
 0001:00007f40       __FindPESection            00408f40 f   LIBCMTD:pesect.obj
 0001:00007fc0       __IsNonwritableInCurrentImage 00408fc0 f   LIBCMTD:pesect.obj
 0001:000080f0       __ValidateImageBase        004090f0 f   LIBCMTD:pesect.obj
 0001:00008150       ___onexitinit              00409150 f   LIBCMTD:onexit.obj
 0001:000081b0       __onexit                   004091b0 f   LIBCMTD:onexit.obj
 0001:00008370       _atexit                    00409370 f   LIBCMTD:onexit.obj
 0001:000083a0       __initp_misc_cfltcvt_tab   004093a0 f   LIBCMTD:cmiscdat.obj
 0001:000083e0       ?_inconsistency@@YAXXZ     004093e0 f   LIBCMTD:hooks.obj
 0001:00008470       ?terminate@@YAXXZ          00409470 f   LIBCMTD:hooks.obj
 0001:000084f0       ?unexpected@@YAXXZ         004094f0 f   LIBCMTD:hooks.obj
 0001:00008520       __initp_eh_hooks           00409520 f   LIBCMTD:hooks.obj
 0001:00008540       ?_query_new_handler@@YAP6AHI@ZXZ 00409540 f   LIBCMTD:handler.obj
 0001:00008560       ?_set_new_handler@@YAP6AHI@ZH@Z 00409560 f   LIBCMTD:handler.obj
 0001:000085a0       ?_set_new_handler@@YAP6AHI@ZP6AHI@Z@Z 004095a0 f   LIBCMTD:handler.obj
 0001:000085e0       __callnewh                 004095e0 f   LIBCMTD:handler.obj
 0001:00008620       __initp_heap_handler       00409620 f   LIBCMTD:handler.obj
 0001:00008630       ___getlocaleinfo           00409630 f   LIBCMTD:inithelp.obj
 0001:00008930       __initp_misc_purevirt      00409930 f   LIBCMTD:inithelp.obj
 0001:00008940       ___fpecode                 00409940 f   LIBCMTD:winsig.obj
 0001:00008950       ___get_sigabrt             00409950 f   LIBCMTD:winsig.obj
 0001:00008970       ___pxcptinfoptrs           00409970 f   LIBCMTD:winsig.obj
 0001:00008980       __initp_misc_winsig        00409980 f   LIBCMTD:winsig.obj
 0001:00008ab0       _raise                     00409ab0 f   LIBCMTD:winsig.obj
 0001:00008e40       _signal                    00409e40 f   LIBCMTD:winsig.obj
 0001:000091f0       __initp_misc_rand_s        0040a1f0 f   LIBCMTD:rand_s.obj
 0001:00009200       _rand_s                    0040a200 f   LIBCMTD:rand_s.obj
 0001:000094c0       __except_handler4          0040a4c0 f   LIBCMTD:chandler4.obj
 0001:00009680       ___initmbctable            0040a680 f   LIBCMTD:mbctype.obj
 0001:00009ca0       ___updatetmbcinfo          0040aca0 f   LIBCMTD:mbctype.obj
 0001:00009dc0       __getmbcp                  0040adc0 f   LIBCMTD:mbctype.obj
 0001:00009e30       __setmbcp                  0040ae30 f   LIBCMTD:mbctype.obj
 0001:0000a0d0       __setmbcp_nolock           0040b0d0 f   LIBCMTD:mbctype.obj
 0001:0000a450       __ftbuf                    0040b450 f   LIBCMTD:_sftbuf.obj
 0001:0000a4e0       __stbuf                    0040b4e0 f   LIBCMTD:_sftbuf.obj
 0001:0000a650       ___sys_errlist             0040b650 f   LIBCMTD:syserr.obj
 0001:0000a660       ___sys_nerr                0040b660 f   LIBCMTD:syserr.obj
 0001:0000a670       _strlen                    0040b670 f   LIBCMTD:strlen.obj
 0001:0000a700       ___lock_fhandle            0040b700 f   LIBCMTD:osfinfo.obj
 0001:0000a7f0       __alloc_osfhnd             0040b7f0 f   LIBCMTD:osfinfo.obj
 0001:0000aa90       __free_osfhnd              0040ba90 f   LIBCMTD:osfinfo.obj
 0001:0000ab80       __get_osfhandle            0040bb80 f   LIBCMTD:osfinfo.obj
 0001:0000ad00       __open_osfhandle           0040bd00 f   LIBCMTD:osfinfo.obj
 0001:0000af30       __set_osfhnd               0040bf30 f   LIBCMTD:osfinfo.obj
 0001:0000b000       __unlock_fhandle           0040c000 f   LIBCMTD:osfinfo.obj
 0001:0000b030       __write                    0040c030 f   LIBCMTD:write.obj
 0001:0000b280       __write_nolock             0040c280 f   LIBCMTD:write.obj
 0001:0000c200       __wstat64i32               0040d200 f   LIBCMTD:wstati32.obj
 0001:0000c970       ___initstdio               0040d970 f   LIBCMTD:_file.obj
 0001:0000ca40       ___endstdio                0040da40 f   LIBCMTD:_file.obj
 0001:0000ca80       ___iob_func                0040da80 f   LIBCMTD:_file.obj
 0001:0000ca90       __lock_file                0040da90 f   LIBCMTD:_file.obj
 0001:0000caf0       __lock_file2               0040daf0 f   LIBCMTD:_file.obj
 0001:0000cb30       __unlock_file              0040db30 f   LIBCMTD:_file.obj
 0001:0000cb90       __unlock_file2             0040db90 f   LIBCMTD:_file.obj
 0001:0000cbd0       __getstream                0040dbd0 f   LIBCMTD:stream.obj
 0001:0000ce00       __openfile                 0040de00 f   LIBCMTD:_open.obj
 0001:0000d600       __local_unwind4            0040e600 f   LIBCMTD:exsup4.obj
 0001:0000d6d6       __seh_longjmp_unwind4@4    0040e6d6 f   LIBCMTD:exsup4.obj
 0001:0000d6f2       @_EH4_CallFilterFunc@8     0040e6f2 f   LIBCMTD:exsup4.obj
 0001:0000d709       @_EH4_TransferToHandler@8  0040e709 f   LIBCMTD:exsup4.obj
 0001:0000d722       @_EH4_GlobalUnwind2@8      0040e722 f   LIBCMTD:exsup4.obj
 0001:0000d73b       @_EH4_LocalUnwind@16       0040e73b f   LIBCMTD:exsup4.obj
 0001:0000d760       __filbuf                   0040e760 f   LIBCMTD:_filbuf.obj
 0001:0000d9d0       __fileno                   0040e9d0 f   LIBCMTD:fileno.obj
 0001:0000da60       _memcpy_s                  0040ea60 f   LIBCMTD:memcpy_s.obj
 0001:0000dc30       _memset                    0040ec30 f   LIBCMTD:memset.obj
 0001:0000dcc0       __read                     0040ecc0 f   LIBCMTD:read.obj
 0001:0000df90       __read_nolock              0040ef90 f   LIBCMTD:read.obj
 0001:0000f1d0       __vprintf_l                004101d0 f   LIBCMTD:vprintf.obj
 0001:0000f1f0       __vprintf_p                004101f0 f   LIBCMTD:vprintf.obj
 0001:0000f210       __vprintf_p_l              00410210 f   LIBCMTD:vprintf.obj
 0001:0000f230       __vprintf_s_l              00410230 f   LIBCMTD:vprintf.obj
 0001:0000f250       _vprintf                   00410250 f   LIBCMTD:vprintf.obj
 0001:0000f270       _vprintf_helper            00410270 f   LIBCMTD:vprintf.obj
 0001:0000f3b0       _vprintf_s                 004103b0 f   LIBCMTD:vprintf.obj
 0001:0000f3d0       __output_l                 004103d0 f   LIBCMTD:output.obj
 0001:00010a80       _get_int64_arg             00411a80 f i LIBCMTD:output.obj
 0001:00010aa0       _get_int_arg               00411aa0 f i LIBCMTD:output.obj
 0001:00010ac0       _get_short_arg             00411ac0 f i LIBCMTD:output.obj
 0001:00010c80       ___raise_securityfailure   00411c80 f   LIBCMTD:gs_report.obj
 0001:00010cd0       ___report_gsfailure        00411cd0 f   LIBCMTD:gs_report.obj
 0001:00010de0       ___report_rangecheckfailure 00411de0 f   LIBCMTD:gs_report.obj
 0001:00010df0       ___report_securityfailure  00411df0 f   LIBCMTD:gs_report.obj
 0001:00010ed0       ___report_securityfailureEx 00411ed0 f   LIBCMTD:gs_report.obj
 0001:00011000       ?strrchr@@YAPADPADH@Z      00412000 f i LIBCMTD:cvt.obj
 0001:00011020       __cfltcvt                  00412020 f   LIBCMTD:cvt.obj
 0001:00011050       __cfltcvt_l                00412050 f   LIBCMTD:cvt.obj
 0001:00011110       __cftoa                    00412110 f   LIBCMTD:cvt.obj
 0001:00011140       __cftoa_l                  00412140 f   LIBCMTD:cvt.obj
 0001:000119b0       __cftoe                    004129b0 f   LIBCMTD:cvt.obj
 0001:00011df0       __cftoe_l                  00412df0 f   LIBCMTD:cvt.obj
 0001:00012020       __cftof                    00413020 f   LIBCMTD:cvt.obj
 0001:000122d0       __cftof_l                  004132d0 f   LIBCMTD:cvt.obj
 0001:000124d0       __cftog                    004134d0 f   LIBCMTD:cvt.obj
 0001:00012500       __cftog_l                  00413500 f   LIBCMTD:cvt.obj
 0001:00012790       __cropzeros                00413790 f   LIBCMTD:cvt.obj
 0001:000127b0       __cropzeros_l              004137b0 f   LIBCMTD:cvt.obj
 0001:000128d0       __fassign                  004138d0 f   LIBCMTD:cvt.obj
 0001:000128f0       __fassign_l                004138f0 f   LIBCMTD:cvt.obj
 0001:00012940       __forcdecpt                00413940 f   LIBCMTD:cvt.obj
 0001:00012960       __forcdecpt_l              00413960 f   LIBCMTD:cvt.obj
 0001:00012a30       __positive                 00413a30 f   LIBCMTD:cvt.obj
 0001:00012a90       __setdefaultprecision      00413a90 f   LIBCMTD:fp8.obj
 0001:00012ad0       ?__CxxUnhandledExceptionFilter@@YGJPAU_EXCEPTION_POINTERS@@@Z 00413ad0 f   LIBCMTD:unhandld.obj
 0001:00012b40       ___CxxSetUnhandledExceptionFilter 00413b40 f   LIBCMTD:unhandld.obj
 0001:00012b60       __XcptFilter               00413b60 f   LIBCMTD:winxfltr.obj
 0001:00012d60       ___CppXcptFilter           00413d60 f   LIBCMTD:winxfltr.obj
 0001:00012df0       ___get_flsindex            00413df0 f   LIBCMTD:tidtable.obj
 0001:00012e00       ___threadhandle            00413e00 f   LIBCMTD:tidtable.obj
 0001:00012e10       ___threadid                00413e10 f   LIBCMTD:tidtable.obj
 0001:00012e20       __freefls@4                00413e20 f   LIBCMTD:tidtable.obj
 0001:00013020       __freeptd                  00414020 f   LIBCMTD:tidtable.obj
 0001:00013060       __getptd                   00414060 f   LIBCMTD:tidtable.obj
 0001:00013090       __getptd_noexit            00414090 f   LIBCMTD:tidtable.obj
 0001:00013140       __initptd                  00414140 f   LIBCMTD:tidtable.obj
 0001:00013280       __mtinit                   00414280 f   LIBCMTD:tidtable.obj
 0001:00013330       __mtterm                   00414330 f   LIBCMTD:tidtable.obj
 0001:00013360       __get_heap_handle          00414360 f   LIBCMTD:heapinit.obj
 0001:000133a0       __heap_init                004143a0 f   LIBCMTD:heapinit.obj
 0001:000133d0       __heap_term                004143d0 f   LIBCMTD:heapinit.obj
 0001:000133e0       __ioinit                   004143e0 f   LIBCMTD:ioinit.obj
 0001:000138c0       __ioterm                   004148c0 f   LIBCMTD:ioinit.obj
 0001:00013960       __set_pgmptr               00414960 f i LIBCMTD:stdargv.obj
 0001:00013970       __setargv                  00414970 f   LIBCMTD:stdargv.obj
 0001:00013e40       __setenvp                  00414e40 f   LIBCMTD:stdenvp.obj
 0001:00013fe0       ___set_app_type            00414fe0 f   LIBCMTD:errmode.obj
 0001:00013ff0       __set_error_mode           00414ff0 f   LIBCMTD:errmode.obj
 0001:000140b0       ___security_init_cookie    004150b0 f   LIBCMTD:gs_support.obj
 0001:00014190       ___crtGetEnvironmentStringsA 00415190 f   LIBCMTD:a_env.obj
 0001:00014290       __CrtDefaultAllocHook      00415290 f   LIBCMTD:dbghook.obj
 0001:000142a0       __crt_debugger_hook        004152a0 f   LIBCMTD:dbghook.obj
 0001:000142b0       _wcscat_s                  004152b0 f   LIBCMTD:wcscat_s.obj
 0001:000146c0       _wcscpy_s                  004156c0 f   LIBCMTD:wcscpy_s.obj
 0001:000149d0       _wcslen                    004159d0 f   LIBCMTD:wcslen.obj
 0001:00014a10       _wcsncpy_s                 00415a10 f   LIBCMTD:wcsncpy_s.obj
 0001:00014e40       ___crtMessageBoxW          00415e40 f   LIBCMTD:crtmboxw.obj
 0001:00015150       ___crtMessageBoxWaitThreadW@4 00416150 f   LIBCMTD:crtmboxw.obj
 0001:00015190       ___swprintf_l              00416190 f   LIBCMTD:swprintf.obj
 0001:000151c0       __scwprintf                004161c0 f   LIBCMTD:swprintf.obj
 0001:000151e0       __scwprintf_l              004161e0 f   LIBCMTD:swprintf.obj
 0001:00015210       __scwprintf_p              00416210 f   LIBCMTD:swprintf.obj
 0001:00015230       __scwprintf_p_l            00416230 f   LIBCMTD:swprintf.obj
 0001:00015260       __snwprintf_s              00416260 f   LIBCMTD:swprintf.obj
 0001:00015290       __snwprintf_s_l            00416290 f   LIBCMTD:swprintf.obj
 0001:000152c0       __swprintf                 004162c0 f   LIBCMTD:swprintf.obj
 0001:000154e0       __swprintf_p               004164e0 f   LIBCMTD:swprintf.obj
 0001:00015510       __swprintf_p_l             00416510 f   LIBCMTD:swprintf.obj
 0001:00015540       __swprintf_s_l             00416540 f   LIBCMTD:swprintf.obj
 0001:00015570       _swprintf_s                00416570 f   LIBCMTD:swprintf.obj
 0001:000155a0       __CrtDbgBreak              004165a0 f   LIBCMTD:dbgrptt.obj
 0001:000155b0       __CrtGetReportHook         004165b0 f   LIBCMTD:dbgrptt.obj
 0001:000155c0       __CrtSetReportFile         004165c0 f   LIBCMTD:dbgrptt.obj
 0001:000156c0       __CrtSetReportHook         004166c0 f   LIBCMTD:dbgrptt.obj
 0001:000156e0       __CrtSetReportMode         004166e0 f   LIBCMTD:dbgrptt.obj
 0001:00015820       __VCrtDbgReportA           00416820 f   LIBCMTD:dbgrptt.obj
 0001:00016090       __VCrtDbgReportW           00417090 f   LIBCMTD:dbgrptt.obj
 0001:00016a10       __alloca_probe             00417a10 f   LIBCMTD:chkstk.obj
 0001:00016a10       __chkstk                   00417a10 f   LIBCMTD:chkstk.obj
 0001:00016a40       ___addlocaleref            00417a40 f   LIBCMTD:localref.obj
 0001:00016b60       ___freetlocinfo            00417b60 f   LIBCMTD:localref.obj
 0001:00016e50       ___removelocaleref         00417e50 f   LIBCMTD:localref.obj
 0001:00016f70       ___updatetlocinfo          00417f70 f   LIBCMTD:localref.obj
 0001:00017040       __updatetlocinfoEx_nolock  00418040 f   LIBCMTD:localref.obj
 0001:000170c0       __chvalidator              004180c0 f   LIBCMTD:isctype.obj
 0001:00017110       __chvalidator_l            00418110 f   LIBCMTD:isctype.obj
 0001:000171d0       __isctype                  004181d0 f   LIBCMTD:isctype.obj
 0001:00017210       __isctype_l                00418210 f   LIBCMTD:isctype.obj
 0001:00017360       _memcpy                    00418360 f   LIBCMTD:memcpy.obj
 0001:000179b0       __free_base                004189b0 f   LIBCMTD:free.obj
 0001:00017a00       __realloc_base             00418a00 f   LIBCMTD:realloc.obj
 0001:00017b00       __expand_base              00418b00 f   LIBCMTD:expand.obj
 0001:00017c70       __CrtDbgReport             00418c70 f   LIBCMTD:dbgrpt.obj
 0001:00017cc0       __CrtDbgReportV            00418cc0 f i LIBCMTD:dbgrpt.obj
 0001:00017cf0       __CrtSetReportHook2        00418cf0 f   LIBCMTD:dbgrpt.obj
 0001:00018040       ___crtMessageWindowA       00419040 f   LIBCMTD:dbgrpt.obj
 0001:000184f0       __heapchk                  004194f0 f   LIBCMTD:heapchk.obj
 0001:00018520       __heapset                  00419520 f   LIBCMTD:heapchk.obj
 0001:00018530       __scprintf                 00419530 f   LIBCMTD:sprintf.obj
 0001:00018550       __scprintf_l               00419550 f   LIBCMTD:sprintf.obj
 0001:00018580       __scprintf_p               00419580 f   LIBCMTD:sprintf.obj
 0001:000185a0       __scprintf_p_l             004195a0 f   LIBCMTD:sprintf.obj
 0001:000185d0       __snprintf_s               004195d0 f   LIBCMTD:sprintf.obj
 0001:00018600       __snprintf_s_l             00419600 f   LIBCMTD:sprintf.obj
 0001:00018630       __sprintf_l                00419630 f   LIBCMTD:sprintf.obj
 0001:00018660       __sprintf_p                00419660 f   LIBCMTD:sprintf.obj
 0001:00018690       __sprintf_p_l              00419690 f   LIBCMTD:sprintf.obj
 0001:000186c0       __sprintf_s_l              004196c0 f   LIBCMTD:sprintf.obj
 0001:000186f0       _sprintf                   004196f0 f   LIBCMTD:sprintf.obj
 0001:000188b0       _sprintf_s                 004198b0 f   LIBCMTD:sprintf.obj
 0001:000188e0       __heap_alloc_base          004198e0 f i LIBCMTD:malloc.obj
 0001:00018940       __malloc_base              00419940 f   LIBCMTD:malloc.obj
 0001:000189d0       __fptrap                   004199d0 f   LIBCMTD:crt0fp.obj
 0001:000189e0       __set_abort_behavior       004199e0 f   LIBCMTD:abort.obj
 0001:00018a10       _abort                     00419a10 f   LIBCMTD:abort.obj
 0001:00018a80       _strncpy_s                 00419a80 f   LIBCMTD:strncpy_s.obj
 0001:00018fd0       __MallocaIsSizeInRange     00419fd0 f i LIBCMTD:a_loc.obj
 0001:00019000       __MarkAllocaS              0041a000 f i LIBCMTD:a_loc.obj
 0001:00019020       ___crtGetLocaleInfoA       0041a020 f   LIBCMTD:a_loc.obj
 0001:00019070       __freea                    0041a070 f i LIBCMTD:a_loc.obj
 0001:000190e0       _GetTableIndexFromLcid     0041a0e0 f   LIBCMTD:winapinls.obj
 0001:00019150       _GetTableIndexFromLocaleName 0041a150 f   LIBCMTD:winapinls.obj
 0001:000191e0       ___crtCompareStringEx      0041a1e0 f   LIBCMTD:winapinls.obj
 0001:00019250       ___crtDownlevelLCIDToLocaleName 0041a250 f   LIBCMTD:winapinls.obj
 0001:00019320       ___crtDownlevelLocaleNameToLCID 0041a320 f   LIBCMTD:winapinls.obj
 0001:00019380       ___crtEnumSystemLocalesEx  0041a380 f   LIBCMTD:winapinls.obj
 0001:000193f0       ___crtGetDateFormatEx      0041a3f0 f   LIBCMTD:winapinls.obj
 0001:00019460       ___crtGetLocaleInfoEx      0041a460 f   LIBCMTD:winapinls.obj
 0001:000194c0       ___crtGetTimeFormatEx      0041a4c0 f   LIBCMTD:winapinls.obj
 0001:00019530       ___crtGetUserDefaultLocaleName 0041a530 f   LIBCMTD:winapinls.obj
 0001:00019580       ___crtIsValidLocaleName    0041a580 f   LIBCMTD:winapinls.obj
 0001:000195c0       ___crtLCMapStringEx        0041a5c0 f   LIBCMTD:winapinls.obj
 0001:00019630       ___wcsnicmp_ascii          0041a630 f   LIBCMTD:winapinls.obj
 0001:00019a30       ___crtLCMapStringA         0041aa30 f   LIBCMTD:a_map.obj
 0001:00019bd0       ___crtGetStringTypeA       0041abd0 f   LIBCMTD:a_str.obj
 0001:00019d20       ?_CallCatchBlock2@@YAPAXPAUEHRegistrationNode@@PBU_s_FuncInfo@@PAXHK@Z 0041ad20 f   LIBCMTD:_trnsctrl_.obj
 0001:00019d90       ?_CallMemberFunction0@@YGXPAX0@Z 0041ad90 f   LIBCMTD:_trnsctrl_.obj
 0001:00019da0       ?_CallMemberFunction1@@YGXPAX00@Z 0041ada0 f   LIBCMTD:_trnsctrl_.obj
 0001:00019db0       ?_CallMemberFunction2@@YGXPAX00H@Z 0041adb0 f   LIBCMTD:_trnsctrl_.obj
 0001:00019dc0       ?_CallSETranslator@@YAHPAUEHExceptionRecord@@PAUEHRegistrationNode@@PAX2PBU_s_FuncInfo@@H1@Z 0041adc0 f   LIBCMTD:_trnsctrl_.obj
 0001:00019eb0       ?_GetRangeOfTrysToCheck@@YAPBU_s_TryBlockMapEntry@@PBU_s_FuncInfo@@HHPAI1@Z 0041aeb0 f   LIBCMTD:_trnsctrl_.obj
 0001:00019f40       ?_JumpToContinuation@@YGXPAXPAUEHRegistrationNode@@@Z 0041af40 f   LIBCMTD:_trnsctrl_.obj
 0001:00019f80       ?_UnwindNestedFrames@@YGXPAUEHRegistrationNode@@PAUEHExceptionRecord@@@Z 0041af80 f   LIBCMTD:_trnsctrl_.obj
 0001:00019fe0       __CreateFrameInfo          0041afe0 f   LIBCMTD:_trnsctrl_.obj
 0001:0001a010       __FindAndUnlinkFrame       0041b010 f   LIBCMTD:_trnsctrl_.obj
 0001:0001a070       __IsExceptionObjectToBeDestroyed 0041b070 f   LIBCMTD:_trnsctrl_.obj
 0001:0001a0a0       ___CxxFrameHandler         0041b0a0 f   LIBCMTD:_trnsctrl_.obj
 0001:0001a0e0       ___CxxFrameHandler2        0041b0e0 f   LIBCMTD:_trnsctrl_.obj
 0001:0001a120       ___CxxFrameHandler3        0041b120 f   LIBCMTD:_trnsctrl_.obj
 0001:0001a160       ___CxxLongjmpUnwind@4      0041b160 f   LIBCMTD:_trnsctrl_.obj
 0001:0001a190       __isatty                   0041b190 f   LIBCMTD:isatty.obj
 0001:0001a250       __fflush_nolock            0041b250 f   LIBCMTD:fflush.obj
 0001:0001a2c0       __flush                    0041b2c0 f   LIBCMTD:fflush.obj
 0001:0001a380       __flushall                 0041b380 f   LIBCMTD:fflush.obj
 0001:0001a390       _fflush                    0041b390 f   LIBCMTD:fflush.obj
 0001:0001a5d0       ___iswcsym                 0041b5d0 f i LIBCMTD:_wctype.obj
 0001:0001a610       ___iswcsymf                0041b610 f i LIBCMTD:_wctype.obj
 0001:0001a650       __isleadbyte_l             0041b650 f i LIBCMTD:_wctype.obj
 0001:0001a6a0       __iswalnum_l               0041b6a0 f i LIBCMTD:_wctype.obj
 0001:0001a6c0       __iswalpha_l               0041b6c0 f i LIBCMTD:_wctype.obj
 0001:0001a6e0       __iswblank_l               0041b6e0 f i LIBCMTD:_wctype.obj
 0001:0001a710       __iswcntrl_l               0041b710 f i LIBCMTD:_wctype.obj
 0001:0001a730       __iswcsym_l                0041b730 f i LIBCMTD:_wctype.obj
 0001:0001a770       __iswcsymf_l               0041b770 f i LIBCMTD:_wctype.obj
 0001:0001a7b0       __iswdigit_l               0041b7b0 f i LIBCMTD:_wctype.obj
 0001:0001a7d0       __iswgraph_l               0041b7d0 f i LIBCMTD:_wctype.obj
 0001:0001a7f0       __iswlower_l               0041b7f0 f i LIBCMTD:_wctype.obj
 0001:0001a810       __iswprint_l               0041b810 f i LIBCMTD:_wctype.obj
 0001:0001a830       __iswpunct_l               0041b830 f i LIBCMTD:_wctype.obj
 0001:0001a850       __iswspace_l               0041b850 f i LIBCMTD:_wctype.obj
 0001:0001a870       __iswupper_l               0041b870 f i LIBCMTD:_wctype.obj
 0001:0001a890       __iswxdigit_l              0041b890 f i LIBCMTD:_wctype.obj
 0001:0001a8b0       _isleadbyte                0041b8b0 f i LIBCMTD:_wctype.obj
 0001:0001a8d0       _iswalnum                  0041b8d0 f i LIBCMTD:_wctype.obj
 0001:0001a8f0       _iswalpha                  0041b8f0 f i LIBCMTD:_wctype.obj
 0001:0001a910       _iswascii                  0041b910 f i LIBCMTD:_wctype.obj
 0001:0001a940       _iswblank                  0041b940 f i LIBCMTD:_wctype.obj
 0001:0001a970       _iswcntrl                  0041b970 f i LIBCMTD:_wctype.obj
 0001:0001a990       _iswdigit                  0041b990 f i LIBCMTD:_wctype.obj
 0001:0001a9b0       _iswgraph                  0041b9b0 f i LIBCMTD:_wctype.obj
 0001:0001a9d0       _iswlower                  0041b9d0 f i LIBCMTD:_wctype.obj
 0001:0001a9f0       _iswprint                  0041b9f0 f i LIBCMTD:_wctype.obj
 0001:0001aa10       _iswpunct                  0041ba10 f i LIBCMTD:_wctype.obj
 0001:0001aa30       _iswspace                  0041ba30 f i LIBCMTD:_wctype.obj
 0001:0001aa50       _iswupper                  0041ba50 f i LIBCMTD:_wctype.obj
 0001:0001aa70       _iswxdigit                 0041ba70 f i LIBCMTD:_wctype.obj
 0001:0001aa90       __lseeki64                 0041ba90 f   LIBCMTD:lseeki64.obj
 0001:0001ad00       __lseeki64_nolock          0041bd00 f   LIBCMTD:lseeki64.obj
 0001:0001add0       __mbtowc_l                 0041bdd0 f   LIBCMTD:mbtowc.obj
 0001:0001b010       _mbtowc                    0041c010 f   LIBCMTD:mbtowc.obj
 0001:0001b030       __putwch                   0041c030 f   LIBCMTD:putwch.obj
 0001:0001b0c0       __putwch_nolock            0041c0c0 f   LIBCMTD:putwch.obj
 0001:0001b110       __fstat64i32               0041c110 f   LIBCMTD:fstati32.obj
 0001:0001b7c0       __towlower_l               0041c7c0 f   LIBCMTD:towlower.obj
 0001:0001b910       _towlower                  0041c910 f   LIBCMTD:towlower.obj
 0001:0001b930       _wcspbrk                   0041c930 f   LIBCMTD:wcspbrk.obj
 0001:0001b990       ___loctotime64_t           0041c990 f   LIBCMTD:dtoxtm64.obj
 0001:0001bd10       _free                      0041cd10 f   LIBCMTD:dbgfree.obj
 0001:0001bd30       __wfullpath                0041cd30 f   LIBCMTD:wfullpat.obj
 0001:0001bd50       __wfullpath_dbg            0041cd50 f   LIBCMTD:wfullpat.obj
 0001:0001bf20       __chdrive                  0041cf20 f   LIBCMTD:drive.obj
 0001:0001c040       __getdrive                 0041d040 f   LIBCMTD:drive.obj
 0001:0001c290       __wopen                    0041d290 f   LIBCMTD:wopen.obj
 0001:0001c430       __wsopen                   0041d430 f   LIBCMTD:wopen.obj
 0001:0001c4a0       __wsopen_helper            0041d4a0 f   LIBCMTD:wopen.obj
 0001:0001c740       __wsopen_nolock            0041d740 f   LIBCMTD:wopen.obj
 0001:0001d7c0       __wsopen_s                 0041e7c0 f   LIBCMTD:wopen.obj
 0001:0001d7f0       __close                    0041e7f0 f   LIBCMTD:close.obj
 0001:0001da30       __close_nolock             0041ea30 f   LIBCMTD:close.obj
 0001:0001dc60       ___wdtoxmode               0041ec60 f   LIBCMTD:wstat.obj
 0001:0001de40       __wstat32                  0041ee40 f   LIBCMTD:wstat.obj
 0001:0001e590       __fcloseall                0041f590 f   LIBCMTD:closeall.obj
 0001:0001e6c0       __open                     0041f6c0 f   LIBCMTD:open.obj
 0001:0001e860       __sopen                    0041f860 f   LIBCMTD:open.obj
 0001:0001e8d0       __sopen_helper             0041f8d0 f   LIBCMTD:open.obj
 0001:0001eb70       __sopen_nolock             0041fb70 f   LIBCMTD:open.obj
 0001:0001ebe0       __sopen_s                  0041fbe0 f   LIBCMTD:open.obj
 0001:0001ec10       __mbsnbcmp                 0041fc10 f   LIBCMTD:mbsnbcmp.obj
 0001:0001ec30       __mbsnbcmp_l               0041fc30 f   LIBCMTD:mbsnbcmp.obj
 0001:0001ef50       __mbsnbicmp                0041ff50 f   LIBCMTD:mbsnbicm.obj
 0001:0001ef70       __mbsnbicmp_l              0041ff70 f   LIBCMTD:mbsnbicm.obj
 0001:0001f4b0       __global_unwind2           004204b0 f   LIBCMTD:exsup.obj
 0001:0001f515       __local_unwind2            00420515 f   LIBCMTD:exsup.obj
 0001:0001f599       __abnormal_termination     00420599 f   LIBCMTD:exsup.obj
 0001:0001f5bc       __NLG_Notify1              004205bc f   LIBCMTD:exsup.obj
 0001:0001f5c5       __NLG_Notify               004205c5 f   LIBCMTD:exsup.obj
 0001:0001f5dc       __NLG_Dispatch             004205dc     LIBCMTD:exsup.obj
 0001:0001f5dc       __NLG_Dispatch2            004205dc     LIBCMTD:exsup.obj
 0001:0001f5e4       __NLG_Call                 004205e4 f   LIBCMTD:exsup.obj
 0001:0001f5e6       __NLG_Return2              004205e6     LIBCMTD:exsup.obj
 0001:0001f5f0       __getbuf                   004205f0 f   LIBCMTD:_getbuf.obj
 0001:0001f6c0       __VEC_memset               004206c0 f   LIBCMTD:p4_memset.obj
 0001:0001f790       ___isa_available_init      00420790 f   LIBCMTD:cpu_disp.obj
 0001:0001fa40       __output_s_l               00420a40 f   LIBCMTD:outputs.obj
 0001:000213f0       __output_p_l               004223f0 f   LIBCMTD:outputp.obj
 0001:000251f0       __validate_param_reuseA    004261f0 f   LIBCMTD:outputp.obj
 0001:000254e0       _get_crtdouble_arg         004264e0 f i LIBCMTD:outputp.obj
 0001:000256a0       __flsbuf                   004266a0 f   LIBCMTD:_flsbuf.obj
 0001:00025970       __wctomb_l                 00426970 f   LIBCMTD:wctomb.obj
 0001:000259f0       __wctomb_s_l               004269f0 f   LIBCMTD:wctomb.obj
 0001:00025d40       _wctomb                    00426d40 f   LIBCMTD:wctomb.obj
 0001:00025d90       _wctomb_s                  00426d90 f   LIBCMTD:wctomb.obj
 0001:00025db0       __aulldiv                  00426db0 f   LIBCMTD:ulldiv.obj
 0001:00025e20       __aullrem                  00426e20 f   LIBCMTD:ullrem.obj
 0001:00025ea0       ___isascii                 00426ea0 f i LIBCMTD:_ctype.obj
 0001:00025ed0       ___iscsym                  00426ed0 f i LIBCMTD:_ctype.obj
 0001:00025f10       ___iscsymf                 00426f10 f i LIBCMTD:_ctype.obj
 0001:00025f50       ___toascii                 00426f50 f i LIBCMTD:_ctype.obj
 0001:00025f60       __isalnum_l                00426f60 f i LIBCMTD:_ctype.obj
 0001:00025fe0       __isalpha_l                00426fe0 f i LIBCMTD:_ctype.obj
 0001:00026060       __isblank_l                00427060 f i LIBCMTD:_ctype.obj
 0001:000260f0       __iscntrl_l                004270f0 f i LIBCMTD:_ctype.obj
 0001:00026170       __iscsym_l                 00427170 f i LIBCMTD:_ctype.obj
 0001:000261b0       __iscsymf_l                004271b0 f i LIBCMTD:_ctype.obj
 0001:000261f0       __isdigit_l                004271f0 f i LIBCMTD:_ctype.obj
 0001:00026270       __isgraph_l                00427270 f i LIBCMTD:_ctype.obj
 0001:000262f0       __islower_l                004272f0 f i LIBCMTD:_ctype.obj
 0001:00026370       __isprint_l                00427370 f i LIBCMTD:_ctype.obj
 0001:000263f0       __ispunct_l                004273f0 f i LIBCMTD:_ctype.obj
 0001:00026470       __isspace_l                00427470 f i LIBCMTD:_ctype.obj
 0001:000264f0       __isupper_l                004274f0 f i LIBCMTD:_ctype.obj
 0001:00026570       __isxdigit_l               00427570 f i LIBCMTD:_ctype.obj
 0001:000265f0       _isalnum                   004275f0 f i LIBCMTD:_ctype.obj
 0001:00026630       _isalpha                   00427630 f i LIBCMTD:_ctype.obj
 0001:00026670       _isblank                   00427670 f i LIBCMTD:_ctype.obj
 0001:000266c0       _iscntrl                   004276c0 f i LIBCMTD:_ctype.obj
 0001:000266f0       _isdigit                   004276f0 f i LIBCMTD:_ctype.obj
 0001:00026720       _isgraph                   00427720 f i LIBCMTD:_ctype.obj
 0001:00026760       _islower                   00427760 f i LIBCMTD:_ctype.obj
 0001:00026790       _isprint                   00427790 f i LIBCMTD:_ctype.obj
 0001:000267d0       _ispunct                   004277d0 f i LIBCMTD:_ctype.obj
 0001:00026800       _isspace                   00427800 f i LIBCMTD:_ctype.obj
 0001:00026830       _isupper                   00427830 f i LIBCMTD:_ctype.obj
 0001:00026860       _isxdigit                  00427860 f i LIBCMTD:_ctype.obj
 0001:000268a0       __tolower                  004278a0 f   LIBCMTD:tolower.obj
 0001:000268b0       __tolower_l                004278b0 f   LIBCMTD:tolower.obj
 0001:00026af0       _tolower                   00427af0 f   LIBCMTD:tolower.obj
 0001:00026b40       _strcpy_s                  00427b40 f   LIBCMTD:strcpy_s.obj
 0001:00026e40       _memmove                   00427e40 f   LIBCMTD:memmove.obj
 0001:00027490       _strrchr                   00428490 f   LIBCMTD:strrchr.obj
 0001:000275d0       __fptostr                  004285d0 f   LIBCMTD:_fptostr.obj
 0001:000278f0       ___crt_atoflt_l            004288f0 f   LIBCMTD:atodbl.obj
 0001:00027a00       __atodbl                   00428a00 f   LIBCMTD:atodbl.obj
 0001:00027a20       __atodbl_l                 00428a20 f   LIBCMTD:atodbl.obj
 0001:00027b20       __atoflt                   00428b20 f   LIBCMTD:atodbl.obj
 0001:00027b40       __atoflt_l                 00428b40 f   LIBCMTD:atodbl.obj
 0001:00027b60       __atoldbl                  00428b60 f   LIBCMTD:atodbl.obj
 0001:00027b80       __atoldbl_l                00428b80 f   LIBCMTD:atodbl.obj
 0001:00027c80       ___dtold                   00428c80 f   LIBCMTD:cfout.obj
 0001:00027de0       __fltout2                  00428de0 f   LIBCMTD:cfout.obj
 0001:00027e90       __alldiv                   00428e90 f   LIBCMTD:lldiv.obj
 0001:00027f40       __allrem                   00428f40 f   LIBCMTD:llrem.obj
 0001:00028000       __allshl                   00429000 f   LIBCMTD:llshl.obj
 0001:00028020       __aullshr                  00429020 f   LIBCMTD:ullshr.obj
 0001:00028040       __get_output_format        00429040 f   LIBCMTD:outputformat.obj
 0001:00028050       __set_output_format        00429050 f   LIBCMTD:outputformat.obj
 0001:000280f0       __controlfp_s              004290f0 f   LIBCMTD:contrlfp.obj
 0001:000282a0       __ismbbalnum               004292a0 f   LIBCMTD:ismbbyte.obj
 0001:000282c0       __ismbbalnum_l             004292c0 f   LIBCMTD:ismbbyte.obj
 0001:000282e0       __ismbbalpha               004292e0 f   LIBCMTD:ismbbyte.obj
 0001:00028300       __ismbbalpha_l             00429300 f   LIBCMTD:ismbbyte.obj
 0001:00028320       __ismbbblank               00429320 f   LIBCMTD:ismbbyte.obj
 0001:00028350       __ismbbblank_l             00429350 f   LIBCMTD:ismbbyte.obj
 0001:00028390       __ismbbgraph               00429390 f   LIBCMTD:ismbbyte.obj
 0001:000283b0       __ismbbgraph_l             004293b0 f   LIBCMTD:ismbbyte.obj
 0001:000283d0       __ismbbkalnum              004293d0 f   LIBCMTD:ismbbyte.obj
 0001:000283f0       __ismbbkalnum_l            004293f0 f   LIBCMTD:ismbbyte.obj
 0001:00028410       __ismbbkana                00429410 f   LIBCMTD:ismbbyte.obj
 0001:00028430       __ismbbkana_l              00429430 f   LIBCMTD:ismbbyte.obj
 0001:000284a0       __ismbbkprint              004294a0 f   LIBCMTD:ismbbyte.obj
 0001:000284c0       __ismbbkprint_l            004294c0 f   LIBCMTD:ismbbyte.obj
 0001:000284e0       __ismbbkpunct              004294e0 f   LIBCMTD:ismbbyte.obj
 0001:00028500       __ismbbkpunct_l            00429500 f   LIBCMTD:ismbbyte.obj
 0001:00028520       __ismbblead                00429520 f   LIBCMTD:ismbbyte.obj
 0001:00028540       __ismbblead_l              00429540 f   LIBCMTD:ismbbyte.obj
 0001:00028560       __ismbbprint               00429560 f   LIBCMTD:ismbbyte.obj
 0001:00028580       __ismbbprint_l             00429580 f   LIBCMTD:ismbbyte.obj
 0001:000285a0       __ismbbpunct               004295a0 f   LIBCMTD:ismbbyte.obj
 0001:000285c0       __ismbbpunct_l             004295c0 f   LIBCMTD:ismbbyte.obj
 0001:000285e0       __ismbbtrail               004295e0 f   LIBCMTD:ismbbyte.obj
 0001:00028600       __ismbbtrail_l             00429600 f   LIBCMTD:ismbbyte.obj
 0001:00028620       ___vswprintf_l             00429620 f   LIBCMTD:vswprint.obj
 0001:00028640       __vscwprintf               00429640 f   LIBCMTD:vswprint.obj
 0001:00028660       __vscwprintf_helper        00429660 f   LIBCMTD:vswprint.obj
 0001:00028750       __vscwprintf_l             00429750 f   LIBCMTD:vswprint.obj
 0001:00028770       __vscwprintf_p             00429770 f   LIBCMTD:vswprint.obj
 0001:00028790       __vscwprintf_p_l           00429790 f   LIBCMTD:vswprint.obj
 0001:000287b0       __vswprintf                004297b0 f   LIBCMTD:vswprint.obj
 0001:000287d0       __vswprintf_l              004297d0 f   LIBCMTD:vswprint.obj
 0001:000289f0       __vsnwprintf_s             004299f0 f   LIBCMTD:vswprnc.obj
 0001:00028a20       __vsnwprintf_s_l           00429a20 f   LIBCMTD:vswprnc.obj
 0001:00028df0       __vswprintf_c              00429df0 f   LIBCMTD:vswprnc.obj
 0001:00028e40       __vswprintf_c_l            00429e40 f   LIBCMTD:vswprnc.obj
 0001:00028e90       __vswprintf_helper         00429e90 f   LIBCMTD:vswprnc.obj
 0001:00029100       __vswprintf_p              0042a100 f   LIBCMTD:vswprnc.obj
 0001:00029150       __vswprintf_p_l            0042a150 f   LIBCMTD:vswprnc.obj
 0001:000291a0       __vswprintf_s_l            0042a1a0 f   LIBCMTD:vswprnc.obj
 0001:00029430       _vswprintf_s               0042a430 f   LIBCMTD:vswprnc.obj
 0001:00029450       __woutput_l                0042a450 f   LIBCMTD:woutput.obj
 0001:0002aa40       _strcat_s                  0042ba40 f   LIBCMTD:strcat_s.obj
 0001:0002b270       __i64toa_s                 0042c270 f   LIBCMTD:xtoas.obj
 0001:0002b2c0       __itoa_s                   0042c2c0 f   LIBCMTD:xtoas.obj
 0001:0002b320       __ltoa_s                   0042c320 f   LIBCMTD:xtoas.obj
 0001:0002b360       __ui64toa_s                0042c360 f   LIBCMTD:xtoas.obj
 0001:0002b380       __ultoa_s                  0042c380 f   LIBCMTD:xtoas.obj
 0001:0002b780       __mbstowcs_l               0042c780 f   LIBCMTD:mbstowcs.obj
 0001:0002b7a0       __mbstowcs_l_helper        0042c7a0 f   LIBCMTD:mbstowcs.obj
 0001:0002bb30       __mbstowcs_s_l             0042cb30 f   LIBCMTD:mbstowcs.obj
 0001:0002bef0       _mbstowcs                  0042cef0 f   LIBCMTD:mbstowcs.obj
 0001:0002bf40       _mbstowcs_s                0042cf40 f   LIBCMTD:mbstowcs.obj
 0001:0002bfd0       __wcstombs_l               0042cfd0 f   LIBCMTD:wcstombs.obj
 0001:0002bff0       __wcstombs_l_helper        0042cff0 f   LIBCMTD:wcstombs.obj
 0001:0002c500       __wcstombs_s_l             0042d500 f   LIBCMTD:wcstombs.obj
 0001:0002c860       _wcstombs                  0042d860 f   LIBCMTD:wcstombs.obj
 0001:0002c880       _wcstombs_s                0042d880 f   LIBCMTD:wcstombs.obj
 0001:0002ccf0       __i64tow_s                 0042dcf0 f   LIBCMTD:xtows.obj
 0001:0002cd40       __itow_s                   0042dd40 f   LIBCMTD:xtows.obj
 0001:0002cda0       __ltow_s                   0042dda0 f   LIBCMTD:xtows.obj
 0001:0002cde0       __ui64tow_s                0042dde0 f   LIBCMTD:xtows.obj
 0001:0002ce00       __ultow_s                  0042de00 f   LIBCMTD:xtows.obj
 0001:0002d220       __vsnprintf_c              0042e220 f   LIBCMTD:vsnprnc.obj
 0001:0002d270       __vsnprintf_c_l            0042e270 f   LIBCMTD:vsnprnc.obj
 0001:0002d2c0       __vsnprintf_helper         0042e2c0 f   LIBCMTD:vsnprnc.obj
 0001:0002d4c0       __vsnprintf_s              0042e4c0 f   LIBCMTD:vsnprnc.obj
 0001:0002d4f0       __vsnprintf_s_l            0042e4f0 f   LIBCMTD:vsnprnc.obj
 0001:0002d8b0       __vsprintf_p               0042e8b0 f   LIBCMTD:vsnprnc.obj
 0001:0002d900       __vsprintf_p_l             0042e900 f   LIBCMTD:vsnprnc.obj
 0001:0002d950       __vsprintf_s_l             0042e950 f   LIBCMTD:vsnprnc.obj
 0001:0002dbe0       _vsprintf_s                0042ebe0 f   LIBCMTD:vsnprnc.obj
 0001:0002dc00       ___free_lconv_mon          0042ec00 f   LIBCMTD:initmon.obj
 0001:0002ddb0       ___init_monetary           0042edb0 f   LIBCMTD:initmon.obj
 0001:0002e3c0       ___free_lconv_num          0042f3c0 f   LIBCMTD:initnum.obj
 0001:0002e470       ___init_numeric            0042f470 f   LIBCMTD:initnum.obj
 0001:0002e840       ___free_lc_time            0042f840 f   LIBCMTD:inittime.obj
 0001:0002f170       ___init_time               00430170 f   LIBCMTD:inittime.obj
 0001:00030170       _localeconv                00431170 f   LIBCMTD:lconv.obj
 0001:000301c0       ___init_dummy              004311c0 f   LIBCMTD:wsetloca.obj
 0001:000301d0       __locterm                  004311d0 f   LIBCMTD:wsetloca.obj
 0001:00030260       ____setlc_active_func      00431260 f   LIBCMTD:wsetloca.obj
 0001:00030270       ____unguarded_readlc_active_add_func 00431270 f   LIBCMTD:wsetloca.obj
 0001:00030280       ___copy_locale_name        00431280 f   LIBCMTD:wsetloca.obj
 0001:00030320       ___create_locale           00431320 f   LIBCMTD:wsetloca.obj
 0001:00030340       ___free_locale             00431340 f   LIBCMTD:wsetloca.obj
 0001:00030360       ___get_current_locale      00431360 f   LIBCMTD:wsetloca.obj
 0001:00030370       ___lc_lctowcs              00431370 f   LIBCMTD:wsetloca.obj
 0001:00030420       ___lc_wcstolc              00431420 f   LIBCMTD:wsetloca.obj
 0001:00030640       __configthreadlocale       00431640 f   LIBCMTD:wsetloca.obj
 0001:000307a0       __create_locale            004317a0 f   LIBCMTD:wsetloca.obj
 0001:00030810       __expandlocale             00431810 f   LIBCMTD:wsetloca.obj
 0001:00030d00       __free_locale              00431d00 f   LIBCMTD:wsetloca.obj
 0001:00030e30       __get_current_locale       00431e30 f   LIBCMTD:wsetloca.obj
 0001:00030f50       __wcreate_locale           00431f50 f   LIBCMTD:wsetloca.obj
 0001:00031140       __wcscats                  00432140 f   LIBCMTD:wsetloca.obj
 0001:000311c0       __wsetlocale               004321c0 f   LIBCMTD:wsetloca.obj
 0001:00032250       __vscprintf                00433250 f   LIBCMTD:vsprintf.obj
 0001:00032270       __vscprintf_helper         00433270 f   LIBCMTD:vsprintf.obj
 0001:00032360       __vscprintf_l              00433360 f   LIBCMTD:vsprintf.obj
 0001:00032380       __vscprintf_p              00433380 f   LIBCMTD:vsprintf.obj
 0001:000323a0       __vscprintf_p_l            004333a0 f   LIBCMTD:vsprintf.obj
 0001:000323c0       __vsprintf_l               004333c0 f   LIBCMTD:vsprintf.obj
 0001:00032580       _vsprintf                  00433580 f   LIBCMTD:vsprintf.obj
 0001:000325a0       ___pctype_func             004335a0 f   LIBCMTD:ctype.obj
 0001:000325f0       ___pwctype_func            004335f0 f   LIBCMTD:ctype.obj
 0001:00032600       _wcsnlen                   00433600 f   LIBCMTD:wcslen_s.obj
 0001:00032640       __CallSettingFrame@12      00433640 f   LIBCMTD:lowhelpr.obj
 0001:00032667       __NLG_Return               00433667     LIBCMTD:lowhelpr.obj
 0001:00032690       ___DestructExceptionObject 00433690 f   LIBCMTD:frame.obj
 0001:000327b0       ??0bad_exception@std@@QAE@ABV01@@Z 004337b0 f i LIBCMTD:frame.obj
 0001:000327e0       ??0bad_exception@std@@QAE@PBD@Z 004337e0 f i LIBCMTD:frame.obj
 0001:00032810       ??1bad_exception@std@@UAE@XZ 00433810 f i LIBCMTD:frame.obj
 0001:00032830       ??_Gbad_exception@std@@UAEPAXI@Z 00433830 f i LIBCMTD:frame.obj
 0001:00032830       ??_Ebad_exception@std@@UAEPAXI@Z 00433830 f i LIBCMTD:frame.obj
 0001:00033420       ?__uncaught_exception@@YA_NXZ 00434420 f   LIBCMTD:frame.obj
 0001:00033450       ?_is_exception_typeof@@YAHABVtype_info@@PAU_EXCEPTION_POINTERS@@@Z 00434450 f   LIBCMTD:frame.obj
 0001:00033530       __SetWinRTOutOfMemoryExceptionCallback 00434530 f   LIBCMTD:frame.obj
 0001:00033540       ___AdjustPointer           00434540 f   LIBCMTD:frame.obj
 0001:00033590       ___BuildCatchObject        00434590 f   LIBCMTD:frame.obj
 0001:000336a0       ___BuildCatchObjectHelper  004346a0 f   LIBCMTD:frame.obj
 0001:000339a0       ___CxxDetectRethrow        004349a0 f   LIBCMTD:frame.obj
 0001:00033a20       ___CxxExceptionFilter      00434a20 f   LIBCMTD:frame.obj
 0001:00033c20       ___CxxQueryExceptionSize   00434c20 f   LIBCMTD:frame.obj
 0001:00033c30       ___CxxRegisterExceptionObject 00434c30 f   LIBCMTD:frame.obj
 0001:00033d70       ___CxxUnregisterExceptionObject 00434d70 f   LIBCMTD:frame.obj
 0001:00033ef0       ___FrameUnwindFilter       00434ef0 f   LIBCMTD:frame.obj
 0001:00033f70       ___FrameUnwindToState      00434f70 f   LIBCMTD:frame.obj
 0001:000340f0       ___GetPlatformExceptionInfo 004350f0 f   LIBCMTD:frame.obj
 0001:000341b0       ___InternalCxxFrameHandler 004351b0 f   LIBCMTD:frame.obj
 0001:00034320       ___TypeMatch               00435320 f   LIBCMTD:frame.obj
 0001:00034400       __commit                   00435400 f   LIBCMTD:commit.obj
 0001:00034640       __iswctype_l               00435640 f   LIBCMTD:iswctype.obj
 0001:00034660       _is_wctype                 00435660 f   LIBCMTD:iswctype.obj
 0001:00034680       _iswctype                  00435680 f   LIBCMTD:iswctype.obj
 0001:000346e0       ___termconout              004356e0 f   LIBCMTD:initcon.obj
 0001:00034710       ___initconout              00435710 f   LIBCMTD:initcon.obj
 0001:00034740       ___crtLCMapStringW         00435740 f   LIBCMTD:w_map.obj
 0001:00034780       ___daylight                00435780 f   LIBCMTD:timeset.obj
 0001:00034790       ___dstbias                 00435790 f   LIBCMTD:timeset.obj
 0001:000347a0       ___timezone                004357a0 f   LIBCMTD:timeset.obj
 0001:000347b0       ___tzname                  004357b0 f   LIBCMTD:timeset.obj
 0001:000347c0       __get_daylight             004357c0 f   LIBCMTD:timeset.obj
 0001:00034850       __get_dstbias              00435850 f   LIBCMTD:timeset.obj
 0001:000348e0       __get_timezone             004358e0 f   LIBCMTD:timeset.obj
 0001:00034970       __get_tzname               00435970 f   LIBCMTD:timeset.obj
 0001:00034b70       ___tzset                   00435b70 f   LIBCMTD:tzset.obj
 0001:00034c00       __isindst                  00435c00 f   LIBCMTD:tzset.obj
 0001:00034fe0       __set_daylight             00435fe0 f i LIBCMTD:tzset.obj
 0001:00034ff0       __set_dstbias              00435ff0 f i LIBCMTD:tzset.obj
 0001:00035000       __set_timezone             00436000 f i LIBCMTD:tzset.obj
 0001:00035010       __tzset                    00436010 f   LIBCMTD:tzset.obj
 0001:00035900       __allmul                   00436900 f   LIBCMTD:llmul.obj
 0001:00035940       __wgetcwd                  00436940 f   LIBCMTD:wgetcwd.obj
 0001:00035960       __wgetcwd_dbg              00436960 f   LIBCMTD:wgetcwd.obj
 0001:00035990       __wgetdcwd                 00436990 f   LIBCMTD:wgetcwd.obj
 0001:000359b0       __wgetdcwd_dbg             004369b0 f   LIBCMTD:wgetcwd.obj
 0001:00035cb0       __chsize                   00436cb0 f   LIBCMTD:chsize.obj
 0001:00035cf0       __chsize_nolock            00436cf0 f   LIBCMTD:chsize.obj
 0001:00035fa0       __chsize_s                 00436fa0 f   LIBCMTD:chsize.obj
 0001:00036270       __get_fmode                00437270 f   LIBCMTD:setmode.obj
 0001:00036310       __set_fmode                00437310 f   LIBCMTD:setmode.obj
 0001:000363c0       __setmode                  004373c0 f   LIBCMTD:setmode.obj
 0001:00036680       __setmode_nolock           00437680 f   LIBCMTD:setmode.obj
 0001:000368f0       __fstat32                  004378f0 f   LIBCMTD:fstat.obj
 0001:00036f70       _wcsrchr                   00437f70 f   LIBCMTD:wcsrchr.obj
 0001:00037110       __wcsicmp                  00438110 f   LIBCMTD:wcsicmp.obj
 0001:000372e0       __wcsicmp_l                004382e0 f   LIBCMTD:wcsicmp.obj
 0001:00037550       ___loctotime32_t           00438550 f   LIBCMTD:dtoxtime.obj
 0001:00037850       __fclose_nolock            00438850 f   LIBCMTD:fclose.obj
 0001:00037960       _fclose                    00438960 f   LIBCMTD:fclose.obj
 0001:00037a80       _strncmp                   00438a80 f   LIBCMTD:strncmp.obj
 0001:00037b00       __strnicmp                 00438b00 f   LIBCMTD:strnicmp.obj
 0001:00037cd0       __strnicmp_l               00438cd0 f   LIBCMTD:strnicmp.obj
 0001:00038460       __strtol_l                 00439460 f   LIBCMTD:strtol.obj
 0001:00038480       __strtoul_l                00439480 f   LIBCMTD:strtol.obj
 0001:000384a0       _strtol                    004394a0 f   LIBCMTD:strtol.obj
 0001:000384f0       _strtoul                   004394f0 f   LIBCMTD:strtol.obj
 0001:00038540       ____lc_codepage_func       00439540 f   LIBCMTD:initctyp.obj
 0001:00038590       ____lc_collate_cp_func     00439590 f   LIBCMTD:initctyp.obj
 0001:000385e0       ____lc_locale_name_func    004395e0 f   LIBCMTD:initctyp.obj
 0001:00038630       ____mb_cur_max_func        00439630 f   LIBCMTD:initctyp.obj
 0001:00038680       ____mb_cur_max_l_func      00439680 f   LIBCMTD:initctyp.obj
 0001:000386b0       ___init_ctype              004396b0 f   LIBCMTD:initctyp.obj
 0001:00038cf0       __CopyMan                  00439cf0 f i LIBCMTD:intrncvt.obj
 0001:00038d40       __FillZeroMan              00439d40 f i LIBCMTD:intrncvt.obj
 0001:00038d70       __IncMan                   00439d70 f i LIBCMTD:intrncvt.obj
 0001:00038e20       __IsZeroMan                00439e20 f i LIBCMTD:intrncvt.obj
 0001:00038e60       __RoundMan                 00439e60 f i LIBCMTD:intrncvt.obj
 0001:00038f40       __ShrMan                   00439f40 f i LIBCMTD:intrncvt.obj
 0001:00039030       __ZeroTail                 0043a030 f i LIBCMTD:intrncvt.obj
 0001:000390c0       ___addl                    0043a0c0 f i LIBCMTD:intrncvt.obj
 0001:00039100       __ld12cvt                  0043a100 f i LIBCMTD:intrncvt.obj
 0001:000393c0       __ld12tod                  0043a3c0 f   LIBCMTD:intrncvt.obj
 0001:000393e0       __ld12tof                  0043a3e0 f   LIBCMTD:intrncvt.obj
 0001:00039400       __ld12told                 0043a400 f   LIBCMTD:intrncvt.obj
 0001:00039500       ___STRINGTOLD_L            0043a500 f   LIBCMTD:strgtold.obj
 0001:00039570       ___ld12mul                 0043a570 f i LIBCMTD:strgtold.obj
 0001:00039980       ___multtenpow12            0043a980 f i LIBCMTD:strgtold.obj
 0001:00039a60       ___shl_12                  0043aa60 f i LIBCMTD:strgtold.obj
 0001:00039ae0       ___shr_12                  0043aae0 f i LIBCMTD:strgtold.obj
 0001:00039b60       ___strgtold12_l            0043ab60 f   LIBCMTD:strgtold.obj
 0001:0003a650       _$I10_OUTPUT               0043b650 f   LIBCMTD:x10fout.obj
 0001:0003ac60       ___add_12                  0043bc60 f i LIBCMTD:x10fout.obj
 0001:0003af10       ___control87_2             0043bf10 f   LIBCMTD:ieee87.obj
 0001:0003b3b0       __clearfp                  0043c3b0 f   LIBCMTD:ieee87.obj
 0001:0003b3f0       __control87                0043c3f0 f i LIBCMTD:ieee87.obj
 0001:0003b4a0       __controlfp                0043c4a0 f   LIBCMTD:ieee87.obj
 0001:0003b4c0       __fpreset                  0043c4c0 f   LIBCMTD:ieee87.obj
 0001:0003b680       __set_controlfp            0043c680 f   LIBCMTD:ieee87.obj
 0001:0003b710       __statusfp                 0043c710 f   LIBCMTD:ieee87.obj
 0001:0003b750       __statusfp2                0043c750 f   LIBCMTD:ieee87.obj
 0001:0003b790       __validate_param_reuseW    0043c790 f   LIBCMTD:woutputp.obj
 0001:0003ba70       __woutput_p_l              0043ca70 f   LIBCMTD:woutputp.obj
 0001:0003f570       __woutput_s_l              00440570 f   LIBCMTD:woutputs.obj
 0001:00040cc0       __fputwc_nolock            00441cc0 f   LIBCMTD:fputwc.obj
 0001:00040fb0       _fputwc                    00441fb0 f   LIBCMTD:fputwc.obj
 0001:000410c0       _putwc                     004420c0 f   LIBCMTD:fputwc.obj
 0001:000410e0       ___init_collate            004420e0 f   LIBCMTD:initcoll.obj
 0001:000412a0       _memcmp                    004422a0 f   LIBCMTD:memcmp.obj
 0001:00041b70       _wcscmp                    00442b70 f   LIBCMTD:wcscmp.obj
 0001:00041bd0       _wcscspn                   00442bd0 f   LIBCMTD:wcscspn.obj
 0001:00041c40       _wcsncmp                   00442c40 f   LIBCMTD:wcsncmp.obj
 0001:000427d0       ___get_qualified_locale    004437d0 f   LIBCMTD:getqloc.obj
 0001:000437a0       ___get_qualified_locale_downlevel 004447a0 f   LIBCMTD:getqloc_downlevel.obj
 0001:00043a70       ??3@YAXPAX@Z               00444a70 f   LIBCMTD:dbgdel.obj
 0001:00043b60       _strcmp                    00444b60 f   LIBCMTD:strcmp.obj
 0001:00043bf0       ?_ValidateExecute@@YAHP6GHXZ@Z 00444bf0 f   LIBCMTD:validate.obj
 0001:00043c10       ?_ValidateRead@@YAHPBXI@Z  00444c10 f   LIBCMTD:validate.obj
 0001:00043c30       ?_ValidateWrite@@YAHPAXI@Z 00444c30 f   LIBCMTD:validate.obj
 0001:00043c50       ??0type_info@@AAE@ABV0@@Z  00444c50 f   LIBCMTD:typinfo.obj
 0001:00043c70       ??1type_info@@UAE@XZ       00444c70 f   LIBCMTD:typinfo.obj
 0001:00043c90       ??4type_info@@AAEAAV0@ABV0@@Z 00444c90 f   LIBCMTD:typinfo.obj
 0001:00043ca0       ??8type_info@@QBE_NABV0@@Z 00444ca0 f   LIBCMTD:typinfo.obj
 0001:00043ce0       ??9type_info@@QBE_NABV0@@Z 00444ce0 f   LIBCMTD:typinfo.obj
 0001:00043d20       ??_Etype_info@@UAEPAXI@Z   00444d20 f i LIBCMTD:typinfo.obj
 0001:00043d20       ??_Gtype_info@@UAEPAXI@Z   00444d20 f i LIBCMTD:typinfo.obj
 0001:00043d50       ?_name_internal_method@type_info@@QBEPBDPAU__type_info_node@@@Z 00444d50 f   LIBCMTD:typinfo.obj
 0001:00043d70       ?_type_info_dtor_internal_method@type_info@@QAEXXZ 00444d70 f   LIBCMTD:typinfo.obj
 0001:00043d90       ?before@type_info@@QBE_NABV1@@Z 00444d90 f   LIBCMTD:typinfo.obj
 0001:00043dd0       ?name@type_info@@QBEPBDPAU__type_info_node@@@Z 00444dd0 f   LIBCMTD:typinfo.obj
 0001:00043df0       ?raw_name@type_info@@QBEPBDXZ 00444df0 f   LIBCMTD:typinfo.obj
 0001:00043e10       ??0__non_rtti_object@std@@QAE@ABV01@@Z 00444e10 f   LIBCMTD:stdexcpt.obj
 0001:00043e40       ??0__non_rtti_object@std@@QAE@PBD@Z 00444e40 f   LIBCMTD:stdexcpt.obj
 0001:00043e70       ??0bad_cast@std@@QAE@ABV01@@Z 00444e70 f   LIBCMTD:stdexcpt.obj
 0001:00043ea0       ??0bad_cast@std@@QAE@PBD@Z 00444ea0 f   LIBCMTD:stdexcpt.obj
 0001:00043ed0       ??0bad_typeid@std@@QAE@ABV01@@Z 00444ed0 f   LIBCMTD:stdexcpt.obj
 0001:00043f00       ??0bad_typeid@std@@QAE@PBD@Z 00444f00 f   LIBCMTD:stdexcpt.obj
 0001:00043f30       ??0exception@std@@QAE@ABQBD@Z 00444f30 f   LIBCMTD:stdexcpt.obj
 0001:00043f70       ??0exception@std@@QAE@ABQBDH@Z 00444f70 f   LIBCMTD:stdexcpt.obj
 0001:00043fa0       ??0exception@std@@QAE@ABV01@@Z 00444fa0 f   LIBCMTD:stdexcpt.obj
 0001:00043fe0       ??0exception@std@@QAE@XZ   00444fe0 f   LIBCMTD:stdexcpt.obj
 0001:00044010       ??1__non_rtti_object@std@@UAE@XZ 00445010 f   LIBCMTD:stdexcpt.obj
 0001:00044030       ??1bad_cast@std@@UAE@XZ    00445030 f   LIBCMTD:stdexcpt.obj
 0001:00044050       ??1bad_typeid@std@@UAE@XZ  00445050 f   LIBCMTD:stdexcpt.obj
 0001:00044070       ??1exception@std@@UAE@XZ   00445070 f   LIBCMTD:stdexcpt.obj
 0001:00044090       ??4exception@std@@QAEAAV01@ABV01@@Z 00445090 f   LIBCMTD:stdexcpt.obj
 0001:000440e0       ??_G__non_rtti_object@std@@UAEPAXI@Z 004450e0 f i LIBCMTD:stdexcpt.obj
 0001:000440e0       ??_E__non_rtti_object@std@@UAEPAXI@Z 004450e0 f i LIBCMTD:stdexcpt.obj
 0001:00044110       ??_Gbad_cast@std@@UAEPAXI@Z 00445110 f i LIBCMTD:stdexcpt.obj
 0001:00044110       ??_Ebad_cast@std@@UAEPAXI@Z 00445110 f i LIBCMTD:stdexcpt.obj
 0001:00044140       ??_Ebad_typeid@std@@UAEPAXI@Z 00445140 f i LIBCMTD:stdexcpt.obj
 0001:00044140       ??_Gbad_typeid@std@@UAEPAXI@Z 00445140 f i LIBCMTD:stdexcpt.obj
 0001:00044170       ??_Gexception@std@@UAEPAXI@Z 00445170 f i LIBCMTD:stdexcpt.obj
 0001:00044170       ??_Eexception@std@@UAEPAXI@Z 00445170 f i LIBCMTD:stdexcpt.obj
 0001:000441a0       ?_Copy_str@exception@std@@AAEXPBD@Z 004451a0 f   LIBCMTD:stdexcpt.obj
 0001:00044200       ?_Tidy@exception@std@@AAEXXZ 00445200 f   LIBCMTD:stdexcpt.obj
 0001:00044240       ?what@exception@std@@UBEPBDXZ 00445240 f   LIBCMTD:stdexcpt.obj
 0001:00044270       __CxxThrowException@8      00445270 f   LIBCMTD:throw.obj
 0001:00044310       __atoi64                   00445310 f   LIBCMTD:atox.obj
 0001:00044330       __atoi64_l                 00445330 f   LIBCMTD:atox.obj
 0001:00044350       __atoi_l                   00445350 f   LIBCMTD:atox.obj
 0001:00044370       __atol_l                   00445370 f   LIBCMTD:atox.obj
 0001:00044390       __atoll_l                  00445390 f   LIBCMTD:atox.obj
 0001:000443b0       _atoi                      004453b0 f   LIBCMTD:atox.obj
 0001:000443d0       _atol                      004453d0 f   LIBCMTD:atox.obj
 0001:000443f0       _atoll                     004453f0 f   LIBCMTD:atox.obj
 0001:00044410       __dupenv_s                 00445410 f   LIBCMTD:getenv.obj
 0001:00044430       __dupenv_s_dbg             00445430 f   LIBCMTD:getenv.obj
 0001:000446b0       __getenv_helper_nolock     004456b0 f   LIBCMTD:getenv.obj
 0001:00044980       _getenv                    00445980 f   LIBCMTD:getenv.obj
 0001:00044b10       _getenv_s                  00445b10 f   LIBCMTD:getenv.obj
 0001:00044bb0       __getcwd                   00445bb0 f   LIBCMTD:getcwd.obj
 0001:00044bd0       __getcwd_dbg               00445bd0 f   LIBCMTD:getcwd.obj
 0001:00044c00       __getdcwd                  00445c00 f   LIBCMTD:getcwd.obj
 0001:00044c20       __getdcwd_dbg              00445c20 f   LIBCMTD:getcwd.obj
 0001:00044f00       __validdrive               00445f00 f   LIBCMTD:getcwd.obj
 0001:00045040       __freebuf                  00446040 f   LIBCMTD:_freebuf.obj
 0001:000450d0       ___ascii_strnicmp          004460d0 f   LIBCMTD:_strnicm.obj
 0001:00045140       ___mtold12                 00446140 f   LIBCMTD:mantold.obj
 0001:00045290       ___clrfp_sse2              00446290 f   LIBCMTD:fpctrl.obj
 0001:000452d0       ___ctrlfp_sse2             004462d0 f   LIBCMTD:fpctrl.obj
 0001:00045330       ___fclrf_sse2              00446330 f   LIBCMTD:fpctrl.obj
 0001:00045350       ___get_fpsr_sse2           00446350 f   LIBCMTD:fpctrl.obj
 0001:00045380       ___set_fpsr_sse2           00446380 f   LIBCMTD:fpctrl.obj
 0001:00045460       ___set_statfp_sse2         00446460 f   LIBCMTD:fpctrl.obj
 0001:00045490       ___statfp_sse2             00446490 f   LIBCMTD:fpctrl.obj
 0001:000454c0       __clrfp                    004464c0 f   LIBCMTD:fpctrl.obj
 0001:000454e0       __ctrlfp                   004464e0 f   LIBCMTD:fpctrl.obj
 0001:00045510       __set_statfp               00446510 f   LIBCMTD:fpctrl.obj
 0001:00045580       __statfp                   00446580 f   LIBCMTD:fpctrl.obj
 0001:00045950       __wcstol_l                 00446950 f   LIBCMTD:wcstol.obj
 0001:00045970       __wcstoul_l                00446970 f   LIBCMTD:wcstol.obj
 0001:00045990       _wcstol                    00446990 f   LIBCMTD:wcstol.obj
 0001:000459b0       _wcstoul                   004469b0 f   LIBCMTD:wcstol.obj
 0001:000459d0       __flswbuf                  004469d0 f   LIBCMTD:_flswbuf.obj
 0001:00045cc0       __wtoi                     00446cc0 f   LIBCMTD:wtox.obj
 0001:00045ce0       __wtoi64                   00446ce0 f   LIBCMTD:wtox.obj
 0001:00045d00       __wtoi64_l                 00446d00 f   LIBCMTD:wtox.obj
 0001:00045d20       __wtoi_l                   00446d20 f   LIBCMTD:wtox.obj
 0001:00045d40       __wtol                     00446d40 f   LIBCMTD:wtox.obj
 0001:00045d60       __wtol_l                   00446d60 f   LIBCMTD:wtox.obj
 0001:00045d80       __wtoll                    00446d80 f   LIBCMTD:wtox.obj
 0001:00045da0       __wtoll_l                  00446da0 f   LIBCMTD:wtox.obj
 0001:00045dc0       _wcschr                    00446dc0 f   LIBCMTD:wcschr.obj
 0001:00045f40       __wcsnicmp                 00446f40 f   LIBCMTD:wcsnicmp.obj
 0001:00046130       __wcsnicmp_l               00447130 f   LIBCMTD:wcsnicmp.obj
 0001:00046390       ?_Name_base@type_info@@CAPBDPBV1@PAU__type_info_node@@@Z 00447390 f   LIBCMTD:typname.obj
 0001:00046540       ?_Name_base_internal@type_info@@CAPBDPBV1@PAU__type_info_node@@@Z 00447540 f   LIBCMTD:typname.obj
 0001:00046700       ?_Type_info_dtor@type_info@@CAXPAV1@@Z 00447700 f   LIBCMTD:typname.obj
 0001:00046810       ?_Type_info_dtor_internal@type_info@@CAXPAV1@@Z 00447810 f   LIBCMTD:typname.obj
 0001:00046920       ___clean_type_info_names_internal 00447920 f   LIBCMTD:typname.obj
 0001:000469d0       ___unDNameHelper           004479d0 f   LIBCMTD:typname.obj
 0001:00046f40       __strtof_l                 00447f40 f   LIBCMTD:strtoq.obj
 0001:00046f70       __strtoi64                 00447f70 f   LIBCMTD:strtoq.obj
 0001:00046fc0       __strtoi64_l               00447fc0 f   LIBCMTD:strtoq.obj
 0001:00046fe0       __strtoimax_l              00447fe0 f   LIBCMTD:strtoq.obj
 0001:00047000       __strtold_l                00448000 f   LIBCMTD:strtoq.obj
 0001:00047020       __strtoll_l                00448020 f   LIBCMTD:strtoq.obj
 0001:00047040       __strtoui64                00448040 f   LIBCMTD:strtoq.obj
 0001:00047090       __strtoui64_l              00448090 f   LIBCMTD:strtoq.obj
 0001:000470b0       __strtoull_l               004480b0 f   LIBCMTD:strtoq.obj
 0001:000470d0       __strtoumax_l              004480d0 f   LIBCMTD:strtoq.obj
 0001:000470f0       _strtof                    004480f0 f   LIBCMTD:strtoq.obj
 0001:00047120       _strtoimax                 00448120 f   LIBCMTD:strtoq.obj
 0001:00047140       _strtold                   00448140 f   LIBCMTD:strtoq.obj
 0001:00047160       _strtoll                   00448160 f   LIBCMTD:strtoq.obj
 0001:00047180       _strtoull                  00448180 f   LIBCMTD:strtoq.obj
 0001:000471a0       _strtoumax                 004481a0 f   LIBCMTD:strtoq.obj
 0001:000471c0       _strnlen                   004481c0 f   LIBCMTD:strlen_s.obj
 0001:00047200       ___wtomb_environ           00448200 f   LIBCMTD:wtombenv.obj
 0001:000472f0       __mbsnbicoll               004482f0 f   LIBCMTD:mbsnbico.obj
 0001:00047310       __mbsnbicoll_l             00448310 f   LIBCMTD:mbsnbico.obj
 0001:00047590       __wchartodigit             00448590 f   LIBCMTD:wchtodig.obj
 0001:00047e00       __wcstof_l                 00448e00 f   LIBCMTD:wcstoq.obj
 0001:00047f10       __wcstoi64                 00448f10 f   LIBCMTD:wcstoq.obj
 0001:00047f60       __wcstoi64_l               00448f60 f   LIBCMTD:wcstoq.obj
 0001:00047f80       __wcstoimax_l              00448f80 f   LIBCMTD:wcstoq.obj
 0001:00047fa0       __wcstold_l                00448fa0 f   LIBCMTD:wcstoq.obj
 0001:00047fc0       __wcstoll_l                00448fc0 f   LIBCMTD:wcstoq.obj
 0001:00047fe0       __wcstoui64                00448fe0 f   LIBCMTD:wcstoq.obj
 0001:00048030       __wcstoui64_l              00449030 f   LIBCMTD:wcstoq.obj
 0001:00048050       __wcstoull_l               00449050 f   LIBCMTD:wcstoq.obj
 0001:00048070       __wcstoumax_l              00449070 f   LIBCMTD:wcstoq.obj
 0001:00048090       _wcstof                    00449090 f   LIBCMTD:wcstoq.obj
 0001:000480b0       _wcstoimax                 004490b0 f   LIBCMTD:wcstoq.obj
 0001:000480d0       _wcstold                   004490d0 f   LIBCMTD:wcstoq.obj
 0001:000480f0       _wcstoll                   004490f0 f   LIBCMTD:wcstoq.obj
 0001:00048110       _wcstoull                  00449110 f   LIBCMTD:wcstoq.obj
 0001:00048130       _wcstoumax                 00449130 f   LIBCMTD:wcstoq.obj
 0001:00048150       ??0Block@_HeapManager@@QAE@XZ 00449150 f i LIBCMTD:undname.obj
 0001:00048170       ??0DName@@QAE@AAPBDD@Z     00449170 f   LIBCMTD:undname.obj
 0001:00048430       ??0DName@@QAE@ABV0@@Z      00449430 f i LIBCMTD:undname.obj
 0001:00048450       ??0DName@@QAE@D@Z          00449450 f   LIBCMTD:undname.obj
 0001:00048530       ??0DName@@QAE@PAV0@@Z      00449530 f   LIBCMTD:undname.obj
 0001:00048670       ??0DName@@QAE@PBD@Z        00449670 f   LIBCMTD:undname.obj
 0001:00048760       ??0DName@@QAE@W4DNameStatus@@@Z 00449760 f   LIBCMTD:undname.obj
 0001:00048880       ??0DName@@QAE@XZ           00449880 f i LIBCMTD:undname.obj
 0001:00048940       ??0DName@@QAE@_J@Z         00449940 f   LIBCMTD:undname.obj
 0001:00048ac0       ??0DName@@QAE@_K@Z         00449ac0 f   LIBCMTD:undname.obj
 0001:00048c00       ??0DNameNode@@IAE@XZ       00449c00 f   LIBCMTD:undname.obj
 0001:00048c20       ??0DNameStatusNode@@AAE@W4DNameStatus@@@Z 00449c20 f   LIBCMTD:undname.obj
 0001:00048c70       ??0Replicator@@QAE@XZ      00449c70 f i LIBCMTD:undname.obj
 0001:00048c90       ??0UnDecorator@@QAE@PADPBDHP6APADJ@ZK@Z 00449c90 f i LIBCMTD:undname.obj
 0001:00048d30       ??0charNode@@QAE@D@Z       00449d30 f   LIBCMTD:undname.obj
 0001:00048d60       ??0pDNameNode@@QAE@PAVDName@@@Z 00449d60 f   LIBCMTD:undname.obj
 0001:00048dc0       ??0pairNode@@QAE@PAVDNameNode@@0@Z 00449dc0 f   LIBCMTD:undname.obj
 0001:00048e00       ??0pcharNode@@QAE@PBDH@Z   00449e00 f   LIBCMTD:undname.obj
 0001:00048ea0       ??2@YAPAXIAAV_HeapManager@@H@Z 00449ea0 f i LIBCMTD:undname.obj
 0001:00048ec0       ??4DName@@QAEAAV0@ABV0@@Z  00449ec0 f   LIBCMTD:undname.obj
 0001:00048ee0       ??4DName@@QAEAAV0@D@Z      00449ee0 f i LIBCMTD:undname.obj
 0001:00048fc0       ??4DName@@QAEAAV0@PAV0@@Z  00449fc0 f   LIBCMTD:undname.obj
 0001:000490f0       ??4DName@@QAEAAV0@PBD@Z    0044a0f0 f   LIBCMTD:undname.obj
 0001:000491d0       ??4DName@@QAEAAV0@W4DNameStatus@@@Z 0044a1d0 f   LIBCMTD:undname.obj
 0001:000492d0       ??AReplicator@@QBE?AVDName@@H@Z 0044a2d0 f   LIBCMTD:undname.obj
 0001:00049340       ??BUnDecorator@@QAEPADXZ   0044a340 f i LIBCMTD:undname.obj
 0001:000495f0       ??H@YA?AVDName@@DABV0@@Z   0044a5f0 f i LIBCMTD:undname.obj
 0001:00049620       ??H@YA?AVDName@@PBDABV0@@Z 0044a620 f i LIBCMTD:undname.obj
 0001:00049650       ??H@YA?AVDName@@W4DNameStatus@@ABV0@@Z 0044a650 f i LIBCMTD:undname.obj
 0001:00049680       ??HDName@@QBE?AV0@ABV0@@Z  0044a680 f   LIBCMTD:undname.obj
 0001:000496c0       ??HDName@@QBE?AV0@D@Z      0044a6c0 f   LIBCMTD:undname.obj
 0001:00049700       ??HDName@@QBE?AV0@PAV0@@Z  0044a700 f   LIBCMTD:undname.obj
 0001:00049740       ??HDName@@QBE?AV0@PBD@Z    0044a740 f   LIBCMTD:undname.obj
 0001:00049780       ??HDName@@QBE?AV0@W4DNameStatus@@@Z 0044a780 f   LIBCMTD:undname.obj
 0001:000497c0       ??YDName@@QAEAAV0@ABV0@@Z  0044a7c0 f   LIBCMTD:undname.obj
 0001:00049830       ??YDName@@QAEAAV0@D@Z      0044a830 f   LIBCMTD:undname.obj
 0001:000498b0       ??YDName@@QAEAAV0@PAV0@@Z  0044a8b0 f   LIBCMTD:undname.obj
 0001:00049960       ??YDName@@QAEAAV0@PBD@Z    0044a960 f   LIBCMTD:undname.obj
 0001:00049a00       ??YDName@@QAEAAV0@W4DNameStatus@@@Z 0044aa00 f   LIBCMTD:undname.obj
 0001:00049a60       ??YReplicator@@QAEAAV0@ABVDName@@@Z 0044aa60 f   LIBCMTD:undname.obj
 0001:00049af0       ??_5DName@@QAEAAV0@ABV0@@Z 0044aaf0 f   LIBCMTD:undname.obj
 0001:00049b50       ?Constructor@_HeapManager@@QAEXP6APAXI@ZP6AXPAX@Z@Z 0044ab50 f i LIBCMTD:undname.obj
 0001:00049b90       ?Destructor@_HeapManager@@QAEXXZ 0044ab90 f i LIBCMTD:undname.obj
 0001:00049be0       ?UScore@UnDecorator@@SAPBDW4Tokens@@@Z 0044abe0 f   LIBCMTD:undname.obj
 0001:00049c10       ?append@DName@@AAEXPAVDNameNode@@@Z 0044ac10 f   LIBCMTD:undname.obj
 0001:00049ca0       ?composeDeclaration@UnDecorator@@CA?AVDName@@ABV2@@Z 0044aca0 f i LIBCMTD:undname.obj
[...]
 0001:000531e0       ?__crtCompareStringA_stat@@YAHPAUlocaleinfo_struct@@PB_WKPBDH2HH@Z 004541e0 f   LIBCMTD:a_cmp.obj
 0001:00053600       ?strncnt@@YAHPBDH@Z        00454600 f   LIBCMTD:a_cmp.obj
 0001:00053ca0       $$000000                   00454ca0     LIBCMTD:strchr.obj
 0001:0005482c       $LN137                     0045582c     LIBCMTD:wstrgtold.obj
 0001:0005485c       $LN138                     0045585c     LIBCMTD:wstrgtold.obj
 0001:0005486c       $LN134                     0045586c     LIBCMTD:wstrgtold.obj
 0001:000548a8       $LN139                     004558a8     LIBCMTD:wstrgtold.obj
 0001:000548b4       $LN135                     004558b4     LIBCMTD:wstrgtold.obj
 0001:000548f0       $LN140                     004558f0     LIBCMTD:wstrgtold.obj
 0001:000548fc       $LN136                     004558fc     LIBCMTD:wstrgtold.obj
 0001:00054b90       __unwindfunclet$?getSystemCP@@YAHH@Z$0 00455b90 f   LIBCMTD:mbctype.obj
 0001:00054b98       __ehhandler$?getSystemCP@@YAHH@Z 00455b98 f   LIBCMTD:mbctype.obj
 0001:00054bc0       __unwindfunclet$?x_ismbbtype_l@@YAHPAUlocaleinfo_struct@@IHH@Z$0 00455bc0 f   LIBCMTD:ismbbyte.obj
 0001:00054bc8       __ehhandler$?x_ismbbtype_l@@YAHPAUlocaleinfo_struct@@IHH@Z 00455bc8 f   LIBCMTD:ismbbyte.obj
 0001:00054bf0       __ehhandler$?CallUnexpected@@YAXPBU_s_ESTypeList@@@Z 00455bf0 f   LIBCMTD:frame.obj
 0001:00054c10       __unwindfunclet$?strtoxl@@YAKPAUlocaleinfo_struct@@PBDPAPBDHH@Z$0 00455c10 f   LIBCMTD:strtol.obj
 0001:00054c18       __ehhandler$?strtoxl@@YAKPAUlocaleinfo_struct@@PBDPAPBDHH@Z 00455c18 f   LIBCMTD:strtol.obj
 0001:00054c40       __unwindfunclet$?strtoxq@@YA_KPAUlocaleinfo_struct@@PBDPAPBDHH@Z$0 00455c40 f   LIBCMTD:strtoq.obj
 0001:00054c48       __ehhandler$?strtoxq@@YA_KPAUlocaleinfo_struct@@PBDPAPBDHH@Z 00455c48 f   LIBCMTD:strtoq.obj
 0001:00054c70       __unwindfunclet$?wcstoxq@@YA_KPAUlocaleinfo_struct@@PB_WPAPB_WHH@Z$0 00455c70 f   LIBCMTD:wcstoq.obj
 0001:00054c78       __ehhandler$?wcstoxq@@YA_KPAUlocaleinfo_struct@@PB_WPAPB_WHH@Z 00455c78 f   LIBCMTD:wcstoq.obj
 0001:00054ca0       __unwindfunclet$?make@DNameStatusNode@@SAPAV1@W4DNameStatus@@@Z$0 00455ca0 f   LIBCMTD:undname.obj
 0001:00054cae       __ehhandler$?make@DNameStatusNode@@SAPAV1@W4DNameStatus@@@Z 00455cae f   LIBCMTD:undname.obj
 0002:0000019c       _pinit                     0045619c     LIBCMTD:onexit.obj
 0002:000001a0       _pinit                     004561a0     LIBCMTD:mbctype.obj
 0002:000001a4       _pinit                     004561a4     LIBCMTD:_file.obj
 0002:000001a8       _pinit                     004561a8     LIBCMTD:cpu_disp.obj
 0002:000001ac       _pinit                     004561ac     LIBCMTD:crt0.obj
 0002:000001b8       _pterm                     004561b8     LIBCMTD:wsetloca.obj
 0002:000001bc       _pterm                     004561bc     LIBCMTD:initcon.obj
 0002:000001c0       _pterm                     004561c0     LIBCMTD:_file.obj
 0002:00000208       $SG100510                  00456208     mainnfs2ac.obj
 0002:00000230       $SG100513                  00456230     mainnfs2ac.obj
 0002:00000234       $SG100537                  00456234     mainnfs2ac.obj
 0002:00000240       $SG100538                  00456240     mainnfs2ac.obj
 0002:000002ac       $SG100539                  004562ac     mainnfs2ac.obj
 0002:000002bc       $SG100540                  004562bc     mainnfs2ac.obj
 0002:000002c4       $SG100541                  004562c4     mainnfs2ac.obj
 0002:000002d4       $SG100542                  004562d4     mainnfs2ac.obj
 0002:000002e8       $SG100543                  004562e8     mainnfs2ac.obj
 0002:000002f4       $SG100549                  004562f4     mainnfs2ac.obj
 0002:00000304       $SG100550                  00456304     mainnfs2ac.obj
 0002:00000310       $SG100551                  00456310     mainnfs2ac.obj
 0002:00000328       $SG100552                  00456328     mainnfs2ac.obj
 0002:00000334       $SG100557                  00456334     mainnfs2ac.obj
 0002:00000340       $SG100558                  00456340     mainnfs2ac.obj
 0002:0000034c       $SG100562                  0045634c     mainnfs2ac.obj
 0002:00000358       $SG100563                  00456358     mainnfs2ac.obj
 0002:00000360       $SG100564                  00456360     mainnfs2ac.obj
 0002:00000368       $SG100568                  00456368     mainnfs2ac.obj
 0002:00000374       $SG100569                  00456374     mainnfs2ac.obj
 0002:00000380       $SG100570                  00456380     mainnfs2ac.obj
 0002:0000038c       $SG100571                  0045638c     mainnfs2ac.obj
 0002:00000c70       _rterrs                    00456c70     LIBCMTD:crt0msg.obj
 0002:00001a78       __CrtDbgModeMsg            00457a78     LIBCMTD:dbgrptw.obj
 0002:000020c8       _szBlockUseName            004580c8     LIBCMTD:dbgheap.obj
 0002:0000367c       __mb_locale_names          0045967c     LIBCMTD:mbctype.obj
 0002:00003f34       ?ccsField@?P@??_openfile@@9@9 00459f34     LIBCMTD:_open.obj
 0002:00003f38       ?utf8encoding@?P@??_openfile@@9@9 00459f38     LIBCMTD:_open.obj
 0002:00003f40       ?utf16encoding@?P@??_openfile@@9@9 00459f40     LIBCMTD:_open.obj
 0002:00003f4c       ?unicodeencoding@?P@??_openfile@@9@9 00459f4c     LIBCMTD:_open.obj
 0002:000045cc       _GS_ExceptionPointers      0045a5cc     LIBCMTD:gs_report.obj
 0002:00006144       __CrtDbgModeMsg            0045c144     LIBCMTD:dbgrpt.obj
 0002:0000abe0       __first_127char            00460be0     LIBCMTD:wsetloca.obj
 0002:0000e978       ?ExceptionTemplate@?1??_CxxThrowException@@9@8@4UEHExceptionRecord@@B 00464978     LIBCMTD:throw.obj
 0002:0000f238       _tokenTable                00465238     LIBCMTD:undname.obj
 0002:0000f270       _nameTable                 00465270     LIBCMTD:undname.obj
 0002:0000f3b0       _rttiTable                 004653b0     LIBCMTD:undname.obj
 0002:00010758       __sehtable$_doexit         00466758     LIBCMTD:crt0dat.obj
 0002:00010778       __sehtable$_perror         00466778     LIBCMTD:perror.obj
 0002:00010798       __sehtable$__fsopen        00466798     LIBCMTD:fopen.obj
 0002:000107b8       __sehtable$_fread_s        004667b8     LIBCMTD:fread.obj
 0002:000107d8       __sehtable$_printf         004667d8     LIBCMTD:printf.obj
 0002:000107f8       __sehtable$___tmainCRTStartup 004667f8     LIBCMTD:crt0.obj
 0002:00010818       __sehtable$__mtinitlocknum 00466818     LIBCMTD:mlock.obj
 0002:00010838       __sehtable$__CrtSetReportHookW2 00466838     LIBCMTD:dbgrptw.obj
 0002:00010858       __sehtable$__realloc_dbg   00466858     LIBCMTD:dbgheap.obj
 0002:00010878       __sehtable$__expand_dbg    00466878     LIBCMTD:dbgheap.obj
 0002:00010898       __sehtable$__free_dbg      00466898     LIBCMTD:dbgheap.obj
 0002:000108b8       __sehtable$__msize_dbg     004668b8     LIBCMTD:dbgheap.obj
 0002:000108d8       __sehtable$__CrtCheckMemory 004668d8     LIBCMTD:dbgheap.obj
 0002:000108f8       __sehtable$__CrtSetDbgFlag 004668f8     LIBCMTD:dbgheap.obj
 0002:00010918       __sehtable$__CrtDoForAllClientObjects 00466918     LIBCMTD:dbgheap.obj
 0002:00010938       __sehtable$__CrtIsMemoryBlock 00466938     LIBCMTD:dbgheap.obj
 0002:00010958       __sehtable$__CrtMemCheckpoint 00466958     LIBCMTD:dbgheap.obj
 0002:00010978       __sehtable$__CrtSetDbgBlockType 00466978     LIBCMTD:dbgheap.obj
 0002:00010998       __sehtable$__heap_alloc_dbg_impl 00466998     LIBCMTD:dbgheap.obj
 0002:000109b8       __sehtable$?__crtIsBadReadPtr@@YAHPBXI@Z 004669b8     LIBCMTD:dbgheap.obj
 0002:000109d8       __sehtable$?_CrtMemDumpAllObjectsSince_stat@@YAXPBU_CrtMemState@@PAUlocaleinfo_struct@@@Z 004669d8     LIBCMTD:dbgheap.obj
 0002:000109f8       __sehtable$__IsNonwritableInCurrentImage 004669f8     LIBCMTD:pesect.obj
 0002:00010a18       __sehtable$__onexit        00466a18     LIBCMTD:onexit.obj
 0002:00010a38       __sehtable$?terminate@@YAXXZ 00466a38     LIBCMTD:hooks.obj
 0002:00010a58       __sehtable$?_inconsistency@@YAXXZ 00466a58     LIBCMTD:hooks.obj
 0002:00010a78       __sehtable$_signal         00466a78     LIBCMTD:winsig.obj
 0002:00010a98       __sehtable$_raise          00466a98     LIBCMTD:winsig.obj
 0002:00010ab8       __sehtable$_ctrlevent_capture@4 00466ab8     LIBCMTD:winsig.obj
 0002:00010ad8       __sehtable$___updatetmbcinfo 00466ad8     LIBCMTD:mbctype.obj
 0002:00010af8       __sehtable$__setmbcp       00466af8     LIBCMTD:mbctype.obj
 0002:00010b14       __unwindtable$?getSystemCP@@YAHH@Z 00466b14     LIBCMTD:mbctype.obj
 0002:00010b1c       __ehfuncinfo$?getSystemCP@@YAHH@Z 00466b1c     LIBCMTD:mbctype.obj
 0002:00010b40       __sehtable$__alloc_osfhnd  00466b40     LIBCMTD:osfinfo.obj
 0002:00010b68       __sehtable$___lock_fhandle 00466b68     LIBCMTD:osfinfo.obj
 0002:00010b88       __sehtable$__open_osfhandle 00466b88     LIBCMTD:osfinfo.obj
 0002:00010ba8       __sehtable$__write         00466ba8     LIBCMTD:write.obj
 0002:00010bc8       __sehtable$__getstream     00466bc8     LIBCMTD:stream.obj
 0002:00010be8       __sehtable$__read          00466be8     LIBCMTD:read.obj
 0002:00010c08       __sehtable$_vprintf_helper 00466c08     LIBCMTD:vprintf.obj
 0002:00010c28       __sehtable$__freefls@4     00466c28     LIBCMTD:tidtable.obj
 0002:00010c50       __sehtable$__initptd       00466c50     LIBCMTD:tidtable.obj
 0002:00010c78       __sehtable$__ioinit        00466c78     LIBCMTD:ioinit.obj
 0002:00010c98       __sehtable$__VCrtDbgReportA 00466c98     LIBCMTD:dbgrptt.obj
 0002:00010cc0       __sehtable$__VCrtDbgReportW 00466cc0     LIBCMTD:dbgrptt.obj
 0002:00010ce8       __sehtable$___updatetlocinfo 00466ce8     LIBCMTD:localref.obj
 0002:00010d08       __sehtable$__CrtSetReportHook2 00466d08     LIBCMTD:dbgrpt.obj
 0002:00010d28       __sehtable$_fflush         00466d28     LIBCMTD:fflush.obj
 0002:00010d48       __sehtable$_flsall         00466d48     LIBCMTD:fflush.obj
 0002:00010d70       __sehtable$__lseeki64      00466d70     LIBCMTD:lseeki64.obj
 0002:00010d90       __sehtable$__putwch        00466d90     LIBCMTD:putwch.obj
 0002:00010db0       __sehtable$__fstat64i32    00466db0     LIBCMTD:fstati32.obj
 0002:00010dd0       __sehtable$__wsopen_helper 00466dd0     LIBCMTD:wopen.obj
 0002:00010df0       __sehtable$__wopen         00466df0     LIBCMTD:wopen.obj
 0002:00010e10       __sehtable$__close         00466e10     LIBCMTD:close.obj
 0002:00010e30       __sehtable$__fcloseall     00466e30     LIBCMTD:closeall.obj
 0002:00010e50       __sehtable$__sopen_helper  00466e50     LIBCMTD:open.obj
 0002:00010e70       __sehtable$__open          00466e70     LIBCMTD:open.obj
 0002:00010e8c       __unwindtable$?x_ismbbtype_l@@YAHPAUlocaleinfo_struct@@IHH@Z 00466e8c     LIBCMTD:ismbbyte.obj
 0002:00010e94       __ehfuncinfo$?x_ismbbtype_l@@YAHPAUlocaleinfo_struct@@IHH@Z 00466e94     LIBCMTD:ismbbyte.obj
 0002:00010eb8       __sehtable$__get_current_locale 00466eb8     LIBCMTD:wsetloca.obj
 0002:00010ee0       __sehtable$__free_locale   00466ee0     LIBCMTD:wsetloca.obj
 0002:00010f08       __sehtable$__wsetlocale    00466f08     LIBCMTD:wsetloca.obj
 0002:00010f40       __sehtable$__locterm       00466f40     LIBCMTD:wsetloca.obj
 0002:00010f60       __sehtable$___FrameUnwindToState 00466f60     LIBCMTD:frame.obj
 0002:00010f88       __sehtable$?CallCatchBlock@@YAPAXPAUEHExceptionRecord@@PAUEHRegistrationNode@@PAU_CONTEXT@@PBU_s_FuncInfo@@PAXHK@Z 00466f88     LIBCMTD:frame.obj
 0002:00010fb0       __sehtable$___BuildCatchObject 00466fb0     LIBCMTD:frame.obj
 0002:00010fd0       __sehtable$___DestructExceptionObject 00466fd0     LIBCMTD:frame.obj
 0002:00010fec       __catchsym$?CallUnexpected@@YAXPBU_s_ESTypeList@@@Z$2 00466fec     LIBCMTD:frame.obj
 0002:00010ffc       __unwindtable$?CallUnexpected@@YAXPBU_s_ESTypeList@@@Z 00466ffc     LIBCMTD:frame.obj
 0002:0001100c       __tryblocktable$?CallUnexpected@@YAXPBU_s_ESTypeList@@@Z 0046700c     LIBCMTD:frame.obj
 0002:00011020       __ehfuncinfo$?CallUnexpected@@YAXPBU_s_ESTypeList@@@Z 00467020     LIBCMTD:frame.obj
 0002:00011048       __sehtable$___BuildCatchObjectHelper 00467048     LIBCMTD:frame.obj
 0002:000110b8       __sehtable$__commit        004670b8     LIBCMTD:commit.obj
 0002:000110d8       __sehtable$__tzset         004670d8     LIBCMTD:tzset.obj
 0002:000110f8       __sehtable$__isindst       004670f8     LIBCMTD:tzset.obj
 0002:00011118       __sehtable$___tzset        00467118     LIBCMTD:tzset.obj
 0002:00011138       __sehtable$__tzset_nolock  00467138     LIBCMTD:tzset.obj
 0002:00011158       __sehtable$__chsize_s      00467158     LIBCMTD:chsize.obj
 0002:00011178       __sehtable$__setmode       00467178     LIBCMTD:setmode.obj
 0002:00011198       __sehtable$__fstat32       00467198     LIBCMTD:fstat.obj
 0002:000111b8       __sehtable$_fclose         004671b8     LIBCMTD:fclose.obj
 0002:000111d4       __unwindtable$?strtoxl@@YAKPAUlocaleinfo_struct@@PBDPAPBDHH@Z 004671d4     LIBCMTD:strtol.obj
 0002:000111dc       __ehfuncinfo$?strtoxl@@YAKPAUlocaleinfo_struct@@PBDPAPBDHH@Z 004671dc     LIBCMTD:strtol.obj
 0002:00011200       __sehtable$_fputwc         00467200     LIBCMTD:fputwc.obj
 0002:00011220       __sehtable$??3@YAXPAX@Z    00467220     LIBCMTD:dbgdel.obj
 0002:00011240       __sehtable$__dupenv_s_dbg  00467240     LIBCMTD:getenv.obj
 0002:00011260       __sehtable$_getenv         00467260     LIBCMTD:getenv.obj
 0002:00011280       __sehtable$_getenv_s       00467280     LIBCMTD:getenv.obj
 0002:000112a0       __sehtable$___set_fpsr_sse2 004672a0     LIBCMTD:fpctrl.obj
 0002:000112c0       __sehtable$?_Name_base@type_info@@CAPBDPBV1@PAU__type_info_node@@@Z 004672c0     LIBCMTD:typname.obj
 0002:000112e0       __sehtable$?_Type_info_dtor@type_info@@CAXPAV1@@Z 004672e0     LIBCMTD:typname.obj
 0002:00011300       __sehtable$?_Name_base_internal@type_info@@CAPBDPBV1@PAU__type_info_node@@@Z 00467300     LIBCMTD:typname.obj
 0002:00011320       __sehtable$?_Type_info_dtor_internal@type_info@@CAXPAV1@@Z 00467320     LIBCMTD:typname.obj
 0002:00011340       __sehtable$___clean_type_info_names_internal 00467340     LIBCMTD:typname.obj
 0002:0001135c       __unwindtable$?strtoxq@@YA_KPAUlocaleinfo_struct@@PBDPAPBDHH@Z 0046735c     LIBCMTD:strtoq.obj
 0002:00011364       __ehfuncinfo$?strtoxq@@YA_KPAUlocaleinfo_struct@@PBDPAPBDHH@Z 00467364     LIBCMTD:strtoq.obj
 0002:00011388       __unwindtable$?wcstoxq@@YA_KPAUlocaleinfo_struct@@PB_WPAPB_WHH@Z 00467388     LIBCMTD:wcstoq.obj
 0002:00011390       __ehfuncinfo$?wcstoxq@@YA_KPAUlocaleinfo_struct@@PB_WPAPB_WHH@Z 00467390     LIBCMTD:wcstoq.obj
 0002:000113b8       __sehtable$___unDName      004673b8     LIBCMTD:undname.obj
 0002:000113d8       __sehtable$___unDNameEx    004673d8     LIBCMTD:undname.obj
 0002:000113f4       __unwindtable$?make@DNameStatusNode@@SAPAV1@W4DNameStatus@@@Z 004673f4     LIBCMTD:undname.obj
 0002:000113fc       __ehfuncinfo$?make@DNameStatusNode@@SAPAV1@W4DNameStatus@@@Z 004673fc     LIBCMTD:undname.obj
 0002:00011d32       .idata$6                   00467d32     kernel32:KERNEL32.dll
 0003:00000010       __locktable                00468010     LIBCMTD:mlock.obj
 0003:00000130       ?isPackaged@?1??__crtIsPackagedApp@@9@9 00468130     LIBCMTD:winapisupp.obj
 0003:00000138       _errtable                  00468138     LIBCMTD:dosmap.obj
 0003:000002a0       _ErrnoNoMem                004682a0     LIBCMTD:dosmap.obj
 0003:000002a4       _DoserrorNoMem             004682a4     LIBCMTD:dosmap.obj
 0003:000002a8       _dotdotdot                 004682a8     LIBCMTD:dbgrptw.obj
 0003:000002b8       __lRequestCurr             004682b8     LIBCMTD:dbgheap.obj
 0003:000002bc       __bNoMansLandFill          004682bc     LIBCMTD:dbgheap.obj
 0003:000002bd       __bAlignLandFill           004682bd     LIBCMTD:dbgheap.obj
 0003:000002be       __bDeadLandFill            004682be     LIBCMTD:dbgheap.obj
 0003:000002bf       __bCleanLandFill           004682bf     LIBCMTD:dbgheap.obj
 0003:00000710       ___rgctypeflag             00468710     LIBCMTD:mbctype.obj
 0003:00000718       ___rgcode_page_info        00468718     LIBCMTD:mbctype.obj
 0003:00000c00       _dotdotdot                 00468c00     LIBCMTD:dbgrpt.obj
 0003:00000ebc       __ctype_loc_style          00468ebc     LIBCMTD:wsetloca.obj
 0003:00000ee8       _tzstd                     00468ee8     LIBCMTD:timeset.obj
 0003:00000f28       _tzdst                     00468f28     LIBCMTD:timeset.obj
 0003:00000f70       _dststart                  00468f70     LIBCMTD:tzset.obj
 0003:00000f7c       _dstend                    00468f7c     LIBCMTD:tzset.obj
 0003:00001000       _DoubleFormat              00469000     LIBCMTD:intrncvt.obj
 0003:00001018       _FloatFormat               00469018     LIBCMTD:intrncvt.obj
 0003:000012ec       _over                      004692ec     LIBCMTD:fpctrl.obj
 0003:000012f8       _under                     004692f8     LIBCMTD:fpctrl.obj
 0003:00001304       ?__DAZ_ENABLED@?1??__set_fpsr_sse2@@9@9 00469304     LIBCMTD:fpctrl.obj
 0003:000014b8       ___enable_percent_n        004694b8     LIBCMTD:printf.obj
 0003:000014d0       _lclcritsects              004694d0     LIBCMTD:mlock.obj
 0003:00001640       ?outmsg@?M@??_NMSG_WRITE@@9@9 00469640     LIBCMTD:crt0msg.obj
 0003:00001c6c       _check_frequency           00469c6c     LIBCMTD:dbgheap.obj
 0003:00001c74       _check_counter             00469c74     LIBCMTD:dbgheap.obj
 0003:00001c78       __lTotalAlloc              00469c78     LIBCMTD:dbgheap.obj
 0003:00001c7c       __lCurAlloc                00469c7c     LIBCMTD:dbgheap.obj
 0003:00001c80       __lMaxAlloc                00469c80     LIBCMTD:dbgheap.obj
 0003:00001c84       __pFirstBlock              00469c84     LIBCMTD:dbgheap.obj
 0003:00001c88       __pLastBlock               00469c88     LIBCMTD:dbgheap.obj
 0003:00001c98       _ctrlc_action              00469c98     LIBCMTD:winsig.obj
 0003:00001c9c       _ctrlbreak_action          00469c9c     LIBCMTD:winsig.obj
 0003:00001ca0       _abort_action              00469ca0     LIBCMTD:winsig.obj
 0003:00001ca4       _term_action               00469ca4     LIBCMTD:winsig.obj
 0003:00001ca8       _ConsoleCtrlHandler_Installed 00469ca8     LIBCMTD:winsig.obj
 0003:00001cac       _g_pfnRtlGenRandom         00469cac     LIBCMTD:rand_s.obj
 0003:00001cc8       _fSystemSet                00469cc8     LIBCMTD:mbctype.obj
 0003:00001ce0       _GS_ExceptionRecord        00469ce0     LIBCMTD:gs_report.obj
 0003:00001d30       _GS_ContextRecord          00469d30     LIBCMTD:gs_report.obj
 0003:00001ffc       _DebuggerWasPresent        00469ffc     LIBCMTD:gs_report.obj
 0003:00002108       ?_pgmname@?1??_setargv@@9@9 0046a108     LIBCMTD:stdargv.obj
 0003:00002214       ?pfnGetLastActivePopup@?1??__crtMessageBoxW@@9@9 0046a214     LIBCMTD:crtmboxw.obj
 0003:00002218       ?pfnGetProcessWindowStation@?1??__crtMessageBoxW@@9@9 0046a218     LIBCMTD:crtmboxw.obj
 0003:0000221c       ?pfnGetUserObjectInformation@?1??__crtMessageBoxW@@9@9 0046a21c     LIBCMTD:crtmboxw.obj
 0003:00002220       ?pfnMessageBox@?1??__crtMessageBoxW@@9@9 0046a220     LIBCMTD:crtmboxw.obj
 0003:00002224       ?pfnGetActiveWindow@?1??__crtMessageBoxW@@9@9 0046a224     LIBCMTD:crtmboxw.obj
 0003:00002228       ___crtCallProc             0046a228     LIBCMTD:winapinls.obj
 0003:00002250       _lastTZ                    0046a250     LIBCMTD:tzset.obj
 0003:00002254       ?first_time@?1??__tzset@@9@9 0046a254     LIBCMTD:tzset.obj
 0003:00002258       _tzapiused                 0046a258     LIBCMTD:tzset.obj
 0003:00002260       _tzinfo                    0046a260     LIBCMTD:tzset.obj
 0003:00002310       ___type_info_root_node     0046a310     LIBCMTD:typname.obj
 0003:00002340       _heap                      0046a340     LIBCMTD:undname.obj
 0003:00002358       ?buf@?1??dbGetString@DName@@QBEPADXZ@4PADA 0046a358     LIBCMTD:undname.obj
