 learning

 Timestamp is 5825e6e7 (Fri Nov 11 15:42:31 2016)

 Preferred load address is 10000000

 Start         Length     Name                   Class
 0001:00000000 00000019H .text$di                CODE
 0001:00000020 000626ecH .text$mn                CODE
 0001:00062710 000001d3H .text$x                 CODE
 0001:000628f0 00000056H .text$yd                CODE
 0002:00000000 0000015cH .idata$5                DATA
 0002:0000015c 00000004H .CRT$XCA                DATA
 0002:00000160 00000004H .CRT$XCU                DATA
 0002:00000164 00000004H .CRT$XCZ                DATA
 0002:00000168 00000004H .CRT$XIA                DATA
 0002:0000016c 00000014H .CRT$XIC                DATA
 0002:00000180 00000004H .CRT$XIZ                DATA
 0002:00000184 00000004H .CRT$XPA                DATA
 0002:00000188 00000008H .CRT$XPX                DATA
 0002:00000190 00000004H .CRT$XPXA               DATA
 0002:00000194 00000004H .CRT$XPZ                DATA
 0002:00000198 00000004H .CRT$XTA                DATA
 0002:0000019c 00000004H .CRT$XTZ                DATA
 0002:000001a0 00017cd0H .rdata                  DATA
 0002:00017e70 000000c4H .rdata$debug            DATA
 0002:00017f34 00000638H .rdata$r                DATA
 0002:0001856c 00000004H .rtc$IAA                DATA
 0002:00018570 0000001cH .rtc$IMZ                DATA
 0002:0001858c 00000004H .rtc$IZZ                DATA
 0002:00018590 00000004H .rtc$TAA                DATA
 0002:00018594 0000001cH .rtc$TMZ                DATA
 0002:000185b0 00000004H .rtc$TZZ                DATA
 0002:000185b8 00000ddcH .xdata$x                DATA
 0002:000193a0 000006aeH .edata                  DATA
 0002:00019a50 00000014H .idata$2                DATA
 0002:00019a64 00000014H .idata$3                DATA
 0002:00019a78 0000015cH .idata$4                DATA
 0002:00019bd4 0000063aH .idata$6                DATA
 0003:00000000 000013f8H .data                   DATA
 0003:000013f8 0000027bH .data$r                 DATA
 0003:00001680 000046e8H .bss                    DATA

  Address         Publics by Value              Rva+Base       Lib:Object

 0000:00000000       ___guard_fids_count        00000000     <absolute>
 0000:00000000       ___safe_se_handler_count   00000000     <absolute>
 0000:00000000       ___guard_fids_table        00000000     <absolute>
 0000:00000000       ___safe_se_handler_table   00000000     <absolute>
 0000:00000000       __except_list              00000000     <absolute>
 0000:00000000       ___guard_flags             00000000     <absolute>
 0000:00000000       ___ImageBase               10000000     <linker-defined>
 0001:00000020       ?NewANN@@YAPAUANN_@@HH@Z   10001020 f   ANN.obj
 0001:00000200       ?DeleteANN@@YAHPAUANN_@@@Z 10001200 f   ANN.obj
 0001:00000330       ?LoadANN@@YAPAUANN_@@PAD@Z 10001330 f   ANN.obj
 0001:00000390       ?LoadANN@@YAPAUANN_@@PAU_iobuf@@@Z 10001390 f   ANN.obj
 0001:00000690       ?SaveANN@@YAHPAUANN_@@PAD@Z 10001690 f   ANN.obj
 0001:00000700       ?SaveANN@@YAHPAUANN_@@PAU_iobuf@@@Z 10001700 f   ANN.obj
 0001:00000a00       ?ANN_AddHiddenLayer@@YAHPAUANN_@@H@Z 10001a00 f   ANN.obj
 0001:00000a90       ?ANN_AddRBFHiddenLayer@@YAHPAUANN_@@H@Z 10001a90 f   ANN.obj
 0001:00000b20       ?ANN_Init@@YAHPAUANN_@@@Z  10001b20 f   ANN.obj
 0001:00000c20       ?ANN_SetOutputsToTanH@@YAXPAUANN_@@@Z 10001c20 f   ANN.obj
 0001:00000ca0       ?ANN_SetOutputsToLinear@@YAXPAUANN_@@@Z 10001ca0 f   ANN.obj
 0001:00000d20       ?ANN_SetLearningRate@@YAXPAUANN_@@M@Z 10001d20 f   ANN.obj
 0001:00000d90       ?ANN_SetLambda@@YAXPAUANN_@@M@Z 10001d90 f   ANN.obj
 0001:00000e00       ?ANN_SetZeta@@YAXPAUANN_@@M@Z 10001e00 f   ANN.obj
 0001:00000e70       ?ANN_Reset@@YAXPAUANN_@@@Z 10001e70 f   ANN.obj
 0001:00000f60       ?ANN_Input@@YAMPAUANN_@@PAM@Z 10001f60 f   ANN.obj
 0001:00001000       ?ANN_StochasticInput@@YAMPAUANN_@@PAM@Z 10002000 f   ANN.obj
 0001:000010a0       ?ANN_Train@@YAMPAUANN_@@PAM1@Z 100020a0 f   ANN.obj
 0001:000011f0       ?ANN_Delta_Train@@YAMPAUANN_@@PAMM@Z 100021f0 f   ANN.obj
 0001:00001320       ?ANN_SetBatchMode@@YAXPAUANN_@@_N@Z 10002320 f   ANN.obj
 0001:00001390       ?ANN_BatchAdapt@@YAXPAUANN_@@@Z 10002390 f   ANN.obj
 0001:00001400       ?ANN_Test@@YAMPAUANN_@@PAM1@Z 10002400 f   ANN.obj
 0001:000014d0       ?ANN_GetOutput@@YAPAMPAUANN_@@@Z 100024d0 f   ANN.obj
 0001:000014e0       ?ANN_GetError@@YAMPAUANN_@@@Z 100024e0 f   ANN.obj
 0001:00001570       ?ANN_GetErrorVector@@YAPAMPAUANN_@@@Z 10002570 f   ANN.obj
 0001:00001580       ?ANN_AddLayer@@YAPAULayer_@@PAUANN_@@HHPAM@Z 10002580 f   ANN.obj
 0001:000019e0       ?ANN_AddRBFLayer@@YAPAULayer_@@PAUANN_@@HHPAM@Z 100029e0 f   ANN.obj
 0001:00001d70       ?ANN_FreeLayer@@YAXPAX@Z   10002d70 f   ANN.obj
 0001:00001d90       ?ANN_FreeLayer@@YAXPAULayer_@@@Z 10002d90 f   ANN.obj
 0001:00001f30       ?ANN_CalculateLayerOutputs@@YAXPAULayer_@@_N@Z 10002f30 f   ANN.obj
 0001:000021d0       ?ANN_Backpropagate@@YAMPAUListItem@@PAM_NM@Z 100031d0 f   ANN.obj
 0001:00002990       ?ANN_RBFCalculateLayerOutputs@@YAXPAULayer_@@_N@Z 10003990 f   ANN.obj
 0001:00002b10       ?ANN_RBFBackpropagate@@YAMPAUListItem@@PAM_NM@Z 10003b10 f   ANN.obj
 0001:00002dd0       ?ANN_LayerBatchAdapt@@YAXPAULayer_@@@Z 10003dd0 f   ANN.obj
 0001:00002ef0       ?Exp@@YAMM@Z               10003ef0 f   ANN.obj
 0001:00002f10       ?Exp_d@@YAMM@Z             10003f10 f   ANN.obj
 0001:00002f20       ?htan@@YAMM@Z              10003f20 f   ANN.obj
 0001:00002f40       ?htan_d@@YAMM@Z            10003f40 f   ANN.obj
 0001:00002fa0       ?dtan@@YAMM@Z              10003fa0 f   ANN.obj
 0001:00002fe0       ?dtan_d@@YAMM@Z            10003fe0 f   ANN.obj
 0001:00003020       ?linear@@YAMM@Z            10004020 f   ANN.obj
 0001:00003030       ?linear_d@@YAMM@Z          10004030 f   ANN.obj
 0001:00003040       ?ANN_LayerShowWeights@@YAMPAULayer_@@@Z 10004040 f   ANN.obj
 0001:00003100       ?ANN_ShowWeights@@YAMPAUANN_@@@Z 10004100 f   ANN.obj
 0001:00003190       ?ANN_ShowOutputs@@YAXPAUANN_@@@Z 10004190 f   ANN.obj
 0001:00003200       ?ANN_ShowInputs@@YAMPAUANN_@@@Z 10004200 f   ANN.obj
 0001:00003290       ?ANN_LayerShowInputs@@YAMPAULayer_@@@Z 10004290 f   ANN.obj
 0001:00003470       ?exp@@YAMM@Z               10004470 f i ANN.obj
 0001:00003490       ?fabs@@YAMM@Z              10004490 f i ANN.obj
 0001:000034b0       ?sqrt@@YAMM@Z              100044b0 f i ANN.obj
 0001:000034d0       ?tanh@@YAMM@Z              100044d0 f i ANN.obj
 0001:000034f0       _expf                      100044f0 f i ANN.obj
 0001:00003530       _fabsf                     10004530 f i ANN.obj
 0001:00003570       _hypot                     10004570 f i ANN.obj
 0001:000035a0       _sqrtf                     100045a0 f i ANN.obj
 0001:000035e0       _tanhf                     100045e0 f i ANN.obj
 0001:00003620       ??0ANN_Policy@@QAE@HHHMMM_N0MM0@Z 10004620 f   ann_policy.obj
 0001:000039a0       ??1ANN_Policy@@UAE@XZ      100049a0 f   ann_policy.obj
 0001:00003ab0       ?SelectAction@ANN_Policy@@UAEHPAMMH@Z 10004ab0 f   ann_policy.obj
 0001:00003f60       ?Reset@ANN_Policy@@UAEXXZ  10004f60 f   ann_policy.obj
 0001:00003fe0       ?useConfidenceEstimates@ANN_Policy@@UAE_N_NM@Z 10004fe0 f   ann_policy.obj
 0001:000040d0       ??_GANN_Policy@@UAEPAXI@Z  100050d0 f i ann_policy.obj
 0001:000040d0       ??_EANN_Policy@@UAEPAXI@Z  100050d0 f i ann_policy.obj
 0001:00004110       ?getActionProbabilities@ANN_Policy@@UAEPAMXZ 10005110 f i ann_policy.obj
 0001:000041c0       ?getLastActionValue@ANN_Policy@@UAEMXZ 100051c0 f i ann_policy.obj
 0001:000041e0       ?getTDError@DiscretePolicy@@UAEMXZ 100051e0 f i ann_policy.obj
 0001:00004200       ?setLearningRate@DiscretePolicy@@UAEXM@Z 10005200 f i ann_policy.obj
 0001:00004230       ?setRandomSeed@@YAXI@Z     10005230 f   Distribution.obj
 0001:00004250       ?urandom@@YAMXZ            10005250 f   Distribution.obj
 0001:000042a0       ?urandom@@YAMMM@Z          100052a0 f   Distribution.obj
 0001:00004300       ??0DiscreteDistribution@@QAE@XZ 10005300 f   Distribution.obj
 0001:00004350       ??0DiscreteDistribution@@QAE@H@Z 10005350 f   Distribution.obj
 0001:00004420       ??1DiscreteDistribution@@UAE@XZ 10005420 f   Distribution.obj
 0001:00004460       ?generate@DiscreteDistribution@@UAEMXZ 10005460 f   Distribution.obj
 0001:000044f0       ?pdf@DiscreteDistribution@@UAEMM@Z 100054f0 f   Distribution.obj
 0001:00004560       ?generate@NormalDistribution@@UAEMXZ 10005560 f   Distribution.obj
 0001:000046f0       ?pdf@NormalDistribution@@UAEMM@Z 100056f0 f   Distribution.obj
 0001:000047c0       ?generate@UniformDistribution@@UAEMXZ 100057c0 f   Distribution.obj
 0001:00004840       ?pdf@UniformDistribution@@UAEMM@Z 10005840 f   Distribution.obj
 0001:000048d0       ?generate@LaplacianDistribution@@UAEMXZ 100058d0 f   Distribution.obj
 0001:000049d0       ?pdf@LaplacianDistribution@@UAEMM@Z 100059d0 f   Distribution.obj
 0001:00004a80       ?generate@ExponentialDistribution@@UAEMXZ 10005a80 f   Distribution.obj
 0001:00004b00       ?pdf@ExponentialDistribution@@UAEMM@Z 10005b00 f   Distribution.obj
 0001:00004b90       ??0Distribution@@QAE@XZ    10005b90 f i Distribution.obj
 0001:00004bb0       ??1Distribution@@UAE@XZ    10005bb0 f i Distribution.obj
 0001:00004bd0       ??_GDiscreteDistribution@@UAEPAXI@Z 10005bd0 f i Distribution.obj
 0001:00004bd0       ??_EDiscreteDistribution@@UAEPAXI@Z 10005bd0 f i Distribution.obj
 0001:00004c10       ??_GDistribution@@UAEPAXI@Z 10005c10 f i Distribution.obj
 0001:00004c10       ??_EDistribution@@UAEPAXI@Z 10005c10 f i Distribution.obj
 0001:00004c50       ?floor@@YAMM@Z             10005c50 f i Distribution.obj
 0001:00004c70       _floorf                    10005c70 f i Distribution.obj
 0001:00004cb0       ?List@@YAPAU0@XZ           10005cb0 f   List.obj
 0001:00004d40       ?ListSize@@YAHPAUList@@@Z  10005d40 f   List.obj
 0001:00004d50       ?ListAppend@@YAPAUListItem@@PAUList@@PAX@Z 10005d50 f   List.obj
 0001:00004d70       ?ListAppend@@YAPAUListItem@@PAUList@@PAXP6AX1@Z@Z 10005d70 f   List.obj
 0001:00004e90       ?FirstListItem@@YAPAUListItem@@PAUList@@@Z 10005e90 f   List.obj
 0001:00004ef0       ?LastListItem@@YAPAUListItem@@PAUList@@@Z 10005ef0 f   List.obj
 0001:00004f50       ?NextListItem@@YAPAUListItem@@PAUList@@@Z 10005f50 f   List.obj
 0001:00004fc0       ?PopItem@@YAHPAUList@@@Z   10005fc0 f   List.obj
 0001:00005170       ?ClearList@@YAHPAUList@@@Z 10006170 f   List.obj
 0001:00005270       ?FindItem@@YAPAUListItem@@PAUList@@PAX@Z 10006270 f   List.obj
 0001:000052a0       ?GetItem@@YAPAUListItem@@PAUList@@H@Z 100062a0 f   List.obj
 0001:00005320       ?ListItem@@YAPAU0@PAXP6AX0@Z@Z 10006320 f   List.obj
 0001:000053c0       ?GetNextItem@@YAPAUListItem@@PAU1@@Z 100063c0 f   List.obj
 0001:00005400       ?GetPrevItem@@YAPAUListItem@@PAU1@@Z 10006400 f   List.obj
 0001:00005450       ?LinkNext@@YAPAUListItem@@PAU1@PAXP6AX1@Z@Z 10006450 f   List.obj
 0001:00005510       ?LinkPrev@@YAPAUListItem@@PAU1@PAXP6AX1@Z@Z 10006510 f   List.obj
 0001:00005550       ?FreeListItem@@YAHPAUList@@PAUListItem@@@Z 10006550 f   List.obj
 0001:000055e0       ?RemoveListItem@@YAHPAUList@@PAUListItem@@@Z 100065e0 f   List.obj
 0001:000057a0       ?ListLinearSearchRetrieve@@YAPAUListItem@@PAUList@@PAX@Z 100067a0 f   List.obj
 0001:000057f0       ?ArgMin@@YAHHPAM@Z         100067f0 f   MathFunctions.obj
 0001:00005880       ?ArgMax@@YAHHPAM@Z         10006880 f   MathFunctions.obj
 0001:00005910       ?SmoothMaxGamma@@YAMMMMM@Z 10006910 f   MathFunctions.obj
 0001:00005a80       ?SmoothMaxPNorm@@YAMMMM@Z  10006a80 f   MathFunctions.obj
 0001:00005b50       ?SoftMax@@YAXHPAM0M@Z      10006b50 f   MathFunctions.obj
 0001:00005c20       ?SoftMin@@YAXHPAM0M@Z      10006c20 f   MathFunctions.obj
 0001:00005d00       ?Normalise@@YAXPAM0H@Z     10006d00 f   MathFunctions.obj
 0001:00005e00       ?EuclideanNorm@@YAMPAM0H@Z 10006e00 f   MathFunctions.obj
 0001:00005ea0       ?SquareNorm@@YAMPAM0H@Z    10006ea0 f   MathFunctions.obj
 0001:00005f30       ?LNorm@@YAMPAM0HM@Z        10006f30 f   MathFunctions.obj
 0001:00006010       ?Sum@@YAMPAMH@Z            10007010 f   MathFunctions.obj
 0001:00006070       ?pow@@YAMMM@Z              10007070 f i MathFunctions.obj
 0001:000060a0       _powf                      100070a0 f i MathFunctions.obj
 0001:000060f0       ?confMax@DiscretePolicy@@IAEHPAM0M@Z 100070f0 f   policy.obj
 0001:000062e0       ?confSample@DiscretePolicy@@IAEHPAM0@Z 100072e0 f   policy.obj
 0001:000065a0       ?softMax@DiscretePolicy@@IAEHPAM@Z 100075a0 f   policy.obj
 0001:00006720       ?eGreedy@DiscretePolicy@@IAEHPAM@Z 10007720 f   policy.obj
 0001:00006820       ?argMax@DiscretePolicy@@IAEHPAM@Z 10007820 f   policy.obj
 0001:000068b0       ??0DiscretePolicy@@QAE@HHMMM_NMM@Z 100078b0 f   policy.obj
 0001:00006e40       ??1DiscretePolicy@@UAE@XZ  10007e40 f   policy.obj
 0001:00007180       ?SelectAction@DiscretePolicy@@UAEHHMH@Z 10008180 f   policy.obj
 0001:00007ca0       ?Reset@DiscretePolicy@@UAEXXZ 10008ca0 f   policy.obj
 0001:00007d20       ?loadFile@DiscretePolicy@@UAEXPAD@Z 10008d20 f   policy.obj
 0001:000082a0       ?saveFile@DiscretePolicy@@UAEXPAD@Z 100092a0 f   policy.obj
 0001:000084b0       ?setQLearning@DiscretePolicy@@UAEXXZ 100094b0 f   policy.obj
 0001:000084f0       ?setELearning@DiscretePolicy@@UAEXXZ 100094f0 f   policy.obj
 0001:00008530       ?setSarsa@DiscretePolicy@@UAEXXZ 10009530 f   policy.obj
 0001:00008570       ?useConfidenceEstimates@DiscretePolicy@@UAE_N_NM0@Z 10009570 f   policy.obj
 0001:000085f0       ?setForcedLearning@DiscretePolicy@@UAEX_N@Z 100095f0 f   policy.obj
 0001:00008610       ?setRandomness@DiscretePolicy@@UAEXM@Z 10009610 f   policy.obj
 0001:00008660       ?setGamma@DiscretePolicy@@UAEXM@Z 10009660 f   policy.obj
 0001:00008690       ?setPursuit@DiscretePolicy@@UAEX_N@Z 10009690 f   policy.obj
 0001:000086e0       ?setReplacingTraces@DiscretePolicy@@UAEX_N@Z 100096e0 f   policy.obj
 0001:00008730       ?useSoftmax@DiscretePolicy@@UAEX_N@Z 10009730 f   policy.obj
 0001:00008780       ?setConfidenceDistribution@DiscretePolicy@@UAEXW4ConfidenceDistribution@@@Z 10009780 f   policy.obj
 0001:00008840       ?useGibbsConfidence@DiscretePolicy@@UAEX_N@Z 10009840 f   policy.obj
 0001:00008890       ?useReliabilityEstimate@DiscretePolicy@@UAEX_N@Z 10009890 f   policy.obj
 0001:000088e0       ?saveState@DiscretePolicy@@UAEXPAU_iobuf@@@Z 100098e0 f   policy.obj
 0001:00008a80       ?empty_log@@YAXPBDZZ       10009a80 f   policy.obj
 0001:00008a90       ??0LaplacianDistribution@@QAE@XZ 10009a90 f i policy.obj
 0001:00008ae0       ??0NormalDistribution@@QAE@XZ 10009ae0 f i policy.obj
 0001:00008b40       ??0ParametricDistribution@@QAE@XZ 10009b40 f i policy.obj
 0001:00008b70       ??0UniformDistribution@@QAE@XZ 10009b70 f i policy.obj
 0001:00008bc0       ??1LaplacianDistribution@@UAE@XZ 10009bc0 f i policy.obj
 0001:00008bf0       ??1NormalDistribution@@UAE@XZ 10009bf0 f i policy.obj
 0001:00008c20       ??1ParametricDistribution@@UAE@XZ 10009c20 f i policy.obj
 0001:00008c50       ??1UniformDistribution@@UAE@XZ 10009c50 f i policy.obj
 0001:00008c80       ??_GDiscretePolicy@@UAEPAXI@Z 10009c80 f i policy.obj
 0001:00008c80       ??_EDiscretePolicy@@UAEPAXI@Z 10009c80 f i policy.obj
 0001:00008cc0       ??_ELaplacianDistribution@@UAEPAXI@Z 10009cc0 f i policy.obj
 0001:00008cc0       ??_GLaplacianDistribution@@UAEPAXI@Z 10009cc0 f i policy.obj
 0001:00008d00       ??_GNormalDistribution@@UAEPAXI@Z 10009d00 f i policy.obj
 0001:00008d00       ??_ENormalDistribution@@UAEPAXI@Z 10009d00 f i policy.obj
 0001:00008d40       ??_GParametricDistribution@@UAEPAXI@Z 10009d40 f i policy.obj
 0001:00008d40       ??_EParametricDistribution@@UAEPAXI@Z 10009d40 f i policy.obj
 0001:00008d80       ??_GUniformDistribution@@UAEPAXI@Z 10009d80 f i policy.obj
 0001:00008d80       ??_EUniformDistribution@@UAEPAXI@Z 10009d80 f i policy.obj
 0001:00008dc0       ?getLastActionValue@DiscretePolicy@@UAEMXZ 10009dc0 f i policy.obj
 0001:00008df0       ?setMean@LaplacianDistribution@@UAEXM@Z 10009df0 f i policy.obj
 0001:00008e20       ?setMean@NormalDistribution@@UAEXM@Z 10009e20 f i policy.obj
 0001:00008e50       ?setMean@UniformDistribution@@UAEXM@Z 10009e50 f i policy.obj
 0001:00008e80       ?setVariance@LaplacianDistribution@@UAEXM@Z 10009e80 f i policy.obj
 0001:00008ed0       ?setVariance@NormalDistribution@@UAEXM@Z 10009ed0 f i policy.obj
 0001:00008f10       ?setVariance@UniformDistribution@@UAEXM@Z 10009f10 f i policy.obj
 0001:00008f60       ?NewStringBuffer@@YAPAUStringBuffer_@@H@Z 10009f60 f   string_utils.obj
 0001:00009000       ?FreeStringBuffer@@YAXPAPAUStringBuffer_@@@Z 1000a000 f   string_utils.obj
 0001:000090a0       ?SetStringBufferLength@@YAPAUStringBuffer_@@PAU1@I@Z 1000a0a0 f   string_utils.obj
 0001:00009130       ?strBaseName@@YAPADPAD@Z   1000a130 f   string_utils.obj
 0001:00009180       ?strRemoveSuffix@@YAPADPADD@Z 1000a180 f   string_utils.obj
 0001:00009280       ?strConcat@@YAPADHZZ       1000a280 f   string_utils.obj
 0001:00009390       ?message@@YAXPBDZZ         1000a390 f   string_utils.obj
 0001:00009400       ?read_string@@YAPAUStringBuffer_@@PAU_iobuf@@PAU1@@Z 1000a400 f   string_utils.obj
 0001:00009580       ?string_copy@@YAPADPAD@Z   1000a580 f   string_utils.obj
 0001:000095e0       ?strrchr@@YAPADPADH@Z      1000a5e0 f i string_utils.obj
 0001:00009600       _strcmp                    1000a600 f   LIBCMTD:strcmp.obj
 0001:00009690       _strlen                    1000a690 f   LIBCMTD:strlen.obj
 0001:00009720       __invoke_watson_if_error   1000a720 f i LIBCMTD:wassert.obj
 0001:00009750       __wassert                  1000a750 f   LIBCMTD:wassert.obj
 0001:0000a390       ___initstdio               1000b390 f   LIBCMTD:_file.obj
 0001:0000a460       ___endstdio                1000b460 f   LIBCMTD:_file.obj
 0001:0000a4a0       ___iob_func                1000b4a0 f   LIBCMTD:_file.obj
 0001:0000a4b0       __lock_file                1000b4b0 f   LIBCMTD:_file.obj
 0001:0000a510       __lock_file2               1000b510 f   LIBCMTD:_file.obj
 0001:0000a550       __unlock_file              1000b550 f   LIBCMTD:_file.obj
 0001:0000a5b0       __unlock_file2             1000b5b0 f   LIBCMTD:_file.obj
 0001:0000a5f0       __fclose_nolock            1000b5f0 f   LIBCMTD:fclose.obj
 0001:0000a700       _fclose                    1000b700 f   LIBCMTD:fclose.obj
 0001:0000a820       __fsopen                   1000b820 f   LIBCMTD:fopen.obj
 0001:0000aa70       _fopen                     1000ba70 f   LIBCMTD:fopen.obj
 0001:0000aa90       _fopen_s                   1000ba90 f   LIBCMTD:fopen.obj
 0001:0000ab50       __fprintf_l                1000bb50 f   LIBCMTD:fprintf.obj
 0001:0000ab80       __fprintf_p                1000bb80 f   LIBCMTD:fprintf.obj
 0001:0000abb0       __fprintf_p_l              1000bbb0 f   LIBCMTD:fprintf.obj
 0001:0000abe0       __fprintf_s_l              1000bbe0 f   LIBCMTD:fprintf.obj
 0001:0000ac10       _fprintf                   1000bc10 f   LIBCMTD:fprintf.obj
 0001:0000aee0       _fprintf_s                 1000bee0 f   LIBCMTD:fprintf.obj
 0001:0000af10       __fread_nolock             1000bf10 f   LIBCMTD:fread.obj
 0001:0000af30       __fread_nolock_s           1000bf30 f   LIBCMTD:fread.obj
 0001:0000b560       _fread                     1000c560 f   LIBCMTD:fread.obj
 0001:0000b580       _fread_s                   1000c580 f   LIBCMTD:fread.obj
 0001:0000b6d0       __fwrite_nolock            1000c6d0 f   LIBCMTD:fwrite.obj
 0001:0000bae0       _fwrite                    1000cae0 f   LIBCMTD:fwrite.obj
 0001:0000bc00       __get_printf_count_output  1000cc00 f   LIBCMTD:printf.obj
 0001:0000bc30       __printf_l                 1000cc30 f   LIBCMTD:printf.obj
 0001:0000bc60       __printf_p                 1000cc60 f   LIBCMTD:printf.obj
 0001:0000bc80       __printf_p_l               1000cc80 f   LIBCMTD:printf.obj
 0001:0000bcb0       __printf_s_l               1000ccb0 f   LIBCMTD:printf.obj
 0001:0000bce0       __set_printf_count_output  1000cce0 f   LIBCMTD:printf.obj
 0001:0000bd40       _printf                    1000cd40 f   LIBCMTD:printf.obj
 0001:0000bec0       _printf_s                  1000cec0 f   LIBCMTD:printf.obj
 0001:0000bee0       _free                      1000cee0 f   LIBCMTD:dbgfree.obj
 0001:0000bf00       _malloc                    1000cf00 f   LIBCMTD:dbgmalloc.obj
 0001:0000bf30       _exp                       1000cf30 f   LIBCMTD:87ctran.obj
 0001:0000bf6c       __CIexp                    1000cf6c f   LIBCMTD:87ctran.obj
 0001:0000bfa7       __exp_default              1000cfa7 f   LIBCMTD:87ctran.obj
 0001:0000bfb1       __CIexp_default            1000cfb1 f   LIBCMTD:87ctran.obj
 0001:0000bfc0       _fabs                      1000cfc0 f   LIBCMTD:fabs.obj
 0001:0000c0c0       __CIsqrt                   1000d0c0 f   LIBCMTD:sqrt.obj
 0001:0000c0d4       _sqrt                      1000d0d4     LIBCMTD:sqrt.obj
 0001:0000c180       _sinh                      1000d180 f   LIBCMTD:87ctrigh.obj
 0001:0000c18a       _cosh                      1000d18a f   LIBCMTD:87ctrigh.obj
 0001:0000c191       _tanh                      1000d191 f   LIBCMTD:87ctrigh.obj
 0001:0000c198       __CIsinh                   1000d198 f   LIBCMTD:87ctrigh.obj
 0001:0000c1a2       __CIcosh                   1000d1a2 f   LIBCMTD:87ctrigh.obj
 0001:0000c1a9       __CItanh                   1000d1a9 f   LIBCMTD:87ctrigh.obj
 0001:0000c1b0       __cabs                     1000d1b0 f   LIBCMTD:hypot.obj
 0001:0000c1e0       __hypot                    1000d1e0 f   LIBCMTD:hypot.obj
 0001:0000c540       @_RTC_AllocaHelper@12      1000d540 f   LIBCMTD:stack.obj
 0001:0000c580       @_RTC_CheckStackVars2@12   1000d580 f   LIBCMTD:stack.obj
 0001:0000c660       @_RTC_CheckStackVars@8     1000d660 f   LIBCMTD:stack.obj
 0001:0000c6c0       __RTC_CheckEsp             1000d6c0 f   LIBCMTD:stack.obj
 0001:0000c6f0       __RTC_InitBase             1000d6f0 f   LIBCMTD:init.obj
 0001:0000c720       __RTC_Shutdown             1000d720 f   LIBCMTD:init.obj
 0001:0000c740       __fpmath                   1000d740 f   LIBCMTD:fpinit.obj
 0001:0000c760       ___setfflag                1000d760 f   LIBCMTD:fpinit.obj
 0001:0000c780       __cfltcvt_init             1000d780 f   LIBCMTD:fpinit.obj
 0001:0000c840       ??0bad_alloc@std@@QAE@ABV01@@Z 1000d840 f i LIBCMTD:new.obj
 0001:0000c870       ??0bad_alloc@std@@QAE@XZ   1000d870 f i LIBCMTD:new.obj
 0001:0000c8a0       ??1bad_alloc@std@@UAE@XZ   1000d8a0 f i LIBCMTD:new.obj
 0001:0000c8c0       ??2@YAPAXI@Z               1000d8c0 f   LIBCMTD:new.obj
 0001:0000c910       ??_Ebad_alloc@std@@UAEPAXI@Z 1000d910 f i LIBCMTD:new.obj
 0001:0000c910       ??_Gbad_alloc@std@@UAEPAXI@Z 1000d910 f i LIBCMTD:new.obj
 0001:0000c940       ??3@YAXPAX@Z               1000d940 f   LIBCMTD:dbgdel.obj
 0001:0000ca30       @__security_check_cookie@4 1000da30 f   LIBCMTD:secchk.obj
 0001:0000cb40       ?_CallCatchBlock2@@YAPAXPAUEHRegistrationNode@@PBU_s_FuncInfo@@PAXHK@Z 1000db40 f   LIBCMTD:_trnsctrl_.obj
 0001:0000cbb0       ?_CallMemberFunction0@@YGXPAX0@Z 1000dbb0 f   LIBCMTD:_trnsctrl_.obj
 0001:0000cbc0       ?_CallMemberFunction1@@YGXPAX00@Z 1000dbc0 f   LIBCMTD:_trnsctrl_.obj
 0001:0000cbd0       ?_CallMemberFunction2@@YGXPAX00H@Z 1000dbd0 f   LIBCMTD:_trnsctrl_.obj
 0001:0000cbe0       ?_CallSETranslator@@YAHPAUEHExceptionRecord@@PAUEHRegistrationNode@@PAX2PBU_s_FuncInfo@@H1@Z 1000dbe0 f   LIBCMTD:_trnsctrl_.obj
 0001:0000ccd0       ?_GetRangeOfTrysToCheck@@YAPBU_s_TryBlockMapEntry@@PBU_s_FuncInfo@@HHPAI1@Z 1000dcd0 f   LIBCMTD:_trnsctrl_.obj
 0001:0000cd60       ?_JumpToContinuation@@YGXPAXPAUEHRegistrationNode@@@Z 1000dd60 f   LIBCMTD:_trnsctrl_.obj
 0001:0000cda0       ?_UnwindNestedFrames@@YGXPAUEHRegistrationNode@@PAUEHExceptionRecord@@@Z 1000dda0 f   LIBCMTD:_trnsctrl_.obj
 0001:0000ce00       __CreateFrameInfo          1000de00 f   LIBCMTD:_trnsctrl_.obj
 0001:0000ce30       __FindAndUnlinkFrame       1000de30 f   LIBCMTD:_trnsctrl_.obj
 0001:0000ce90       __IsExceptionObjectToBeDestroyed 1000de90 f   LIBCMTD:_trnsctrl_.obj
 0001:0000cec0       ___CxxFrameHandler         1000dec0 f   LIBCMTD:_trnsctrl_.obj
 0001:0000cf00       ___CxxFrameHandler2        1000df00 f   LIBCMTD:_trnsctrl_.obj
 0001:0000cf40       ___CxxFrameHandler3        1000df40 f   LIBCMTD:_trnsctrl_.obj
 0001:0000cf80       ___CxxLongjmpUnwind@4      1000df80 f   LIBCMTD:_trnsctrl_.obj
 0001:0000cfb0       ??0type_info@@AAE@ABV0@@Z  1000dfb0 f   LIBCMTD:typinfo.obj
 0001:0000cfd0       ??1type_info@@UAE@XZ       1000dfd0 f   LIBCMTD:typinfo.obj
 0001:0000cff0       ??4type_info@@AAEAAV0@ABV0@@Z 1000dff0 f   LIBCMTD:typinfo.obj
 0001:0000d000       ??8type_info@@QBE_NABV0@@Z 1000e000 f   LIBCMTD:typinfo.obj
 0001:0000d040       ??9type_info@@QBE_NABV0@@Z 1000e040 f   LIBCMTD:typinfo.obj
 0001:0000d080       ??_Etype_info@@UAEPAXI@Z   1000e080 f i LIBCMTD:typinfo.obj
 0001:0000d080       ??_Gtype_info@@UAEPAXI@Z   1000e080 f i LIBCMTD:typinfo.obj
 0001:0000d0b0       ?_name_internal_method@type_info@@QBEPBDPAU__type_info_node@@@Z 1000e0b0 f   LIBCMTD:typinfo.obj
 0001:0000d0d0       ?_type_info_dtor_internal_method@type_info@@QAEXXZ 1000e0d0 f   LIBCMTD:typinfo.obj
 0001:0000d0f0       ?before@type_info@@QBE_NABV1@@Z 1000e0f0 f   LIBCMTD:typinfo.obj
 0001:0000d130       ?name@type_info@@QBEPBDPAU__type_info_node@@@Z 1000e130 f   LIBCMTD:typinfo.obj
 0001:0000d150       ?raw_name@type_info@@QBEPBDXZ 1000e150 f   LIBCMTD:typinfo.obj
 0001:0000d170       __get_purecall_handler     1000e170 f   LIBCMTD:purevirt.obj
 0001:0000d190       __purecall                 1000e190 f   LIBCMTD:purevirt.obj
 0001:0000d1d0       __set_purecall_handler     1000e1d0 f   LIBCMTD:purevirt.obj
 0001:0000d200       _rand                      1000e200 f   LIBCMTD:rand.obj
 0001:0000d240       _srand                     1000e240 f   LIBCMTD:rand.obj
 0001:0000d250       _cos                       1000e250 f   LIBCMTD:cos.obj
 0001:0000d290       __CIcos                    1000e290 f   LIBCMTD:cos.obj
 0001:0000d2cb       __CIcos_default            1000e2cb f   LIBCMTD:cos.obj
 0001:0000d2df       __cos_default              1000e2df     LIBCMTD:cos.obj
 0001:0000d380       _log                       1000e380 f   LIBCMTD:log.obj
 0001:0000d3c0       __CIlog                    1000e3c0 f   LIBCMTD:log.obj
 0001:0000d3fb       __CIlog_default            1000e3fb f   LIBCMTD:log.obj
 0001:0000d40f       __log_default              1000e40f     LIBCMTD:log.obj
 0001:0000d4d0       _sin                       1000e4d0 f   LIBCMTD:sin.obj
 0001:0000d510       __CIsin                    1000e510 f   LIBCMTD:sin.obj
 0001:0000d54b       __CIsin_default            1000e54b f   LIBCMTD:sin.obj
 0001:0000d55f       __sin_default              1000e55f     LIBCMTD:sin.obj
 0001:0000d600       _floor                     1000e600 f   LIBCMTD:floor_pentium4.obj
 0001:0000d640       __floor_pentium4           1000e640 f   LIBCMTD:floor_pentium4.obj
 0001:0000d730       __ftol2_sse                1000e730 f   LIBCMTD:ftol2.obj
 0001:0000d739       __ftol2_pentium4           1000e739 f   LIBCMTD:ftol2.obj
 0001:0000d74c       __ftol2_sse_excpt          1000e74c f   LIBCMTD:ftol2.obj
 0001:0000d766       __ftol2                    1000e766 f   LIBCMTD:ftol2.obj
 0001:0000d7e0       _pow                       1000e7e0 f   LIBCMTD:pow.obj
 0001:0000d820       __CIpow                    1000e820 f   LIBCMTD:pow.obj
 0001:0000d85b       __CIpow_default            1000e85b f   LIBCMTD:pow.obj
 0001:0000d874       __pow_default              1000e874     LIBCMTD:pow.obj
 0001:0000da70       ___onexitinit              1000ea70 f   LIBCMTD:onexit.obj
 0001:0000dad0       __onexit                   1000ead0 f   LIBCMTD:onexit.obj
 0001:0000dc90       _atexit                    1000ec90 f   LIBCMTD:onexit.obj
 0001:0000dcc0       __chgsign                  1000ecc0 f   LIBCMTD:ieeemisc.obj
 0001:0000dd00       __chgsignf                 1000ed00 f   LIBCMTD:ieeemisc.obj
 0001:0000dd40       __copysign                 1000ed40 f   LIBCMTD:ieeemisc.obj
 0001:0000dd70       __copysignf                1000ed70 f   LIBCMTD:ieeemisc.obj
 0001:0000ddb0       __finite                   1000edb0 f   LIBCMTD:ieeemisc.obj
 0001:0000ddd0       __fpclass                  1000edd0 f   LIBCMTD:ieeemisc.obj
 0001:0000dec0       __isnan                    1000eec0 f   LIBCMTD:ieeemisc.obj
 0001:0000df00       __logb                     1000ef00 f   LIBCMTD:ieeemisc.obj
 0001:0000e030       __nextafter                1000f030 f   LIBCMTD:ieeemisc.obj
 0001:0000e350       __scalb                    1000f350 f   LIBCMTD:ieeemisc.obj
 0001:0000e370       __fflush_nolock            1000f370 f   LIBCMTD:fflush.obj
 0001:0000e3e0       __flush                    1000f3e0 f   LIBCMTD:fflush.obj
 0001:0000e4a0       __flushall                 1000f4a0 f   LIBCMTD:fflush.obj
 0001:0000e4b0       _fflush                    1000f4b0 f   LIBCMTD:fflush.obj
 0001:0000e6f0       _fgetpos                   1000f6f0 f   LIBCMTD:fgetpos.obj
 0001:0000e820       _fgets                     1000f820 f   LIBCMTD:fgets.obj
 0001:0000ebf0       _fsetpos                   1000fbf0 f   LIBCMTD:fsetpos.obj
 0001:0000ed10       _realloc                   1000fd10 f   LIBCMTD:dbgrealloc.obj
 0001:0000ed40       _strcpy                    1000fd40 f   LIBCMTD:strcat.obj
 0001:0000ed50       _strcat                    1000fd50 f   LIBCMTD:strcat.obj
 0001:0000ee40       _strncpy                   1000fe40 f   LIBCMTD:strncpy.obj
 0001:0000ef70       _strrchr                   1000ff70 f   LIBCMTD:strrchr.obj
 0001:0000f0b0       __CRT_INIT@12              100100b0 f   LIBCMTD:dllcrt0.obj
 0001:0000f300       __DllMainCRTStartup@12     10010300 f   LIBCMTD:dllcrt0.obj
 0001:0000f4f0       ___DllXcptFilter           100104f0 f   LIBCMTD:dllcrt0.obj
 0001:0000f520       ___raise_securityfailure   10010520 f   LIBCMTD:gs_report.obj
 0001:0000f570       ___report_gsfailure        10010570 f   LIBCMTD:gs_report.obj
 0001:0000f680       ___report_rangecheckfailure 10010680 f   LIBCMTD:gs_report.obj
 0001:0000f690       ___report_securityfailure  10010690 f   LIBCMTD:gs_report.obj
 0001:0000f770       ___report_securityfailureEx 10010770 f   LIBCMTD:gs_report.obj
 0001:0000f8a0       ?_invalid_parameter@@YAXPBG00II@Z 100108a0 f   LIBCMTD:invarg.obj
 0001:0000f8d0       ?_invoke_watson@@YAXPBG00II@Z 100108d0 f   LIBCMTD:invarg.obj
 0001:0000f8f0       __call_reportfault         100108f0 f   LIBCMTD:invarg.obj
 0001:0000fa50       __get_invalid_parameter_handler 10010a50 f   LIBCMTD:invarg.obj
 0001:0000fa80       __initp_misc_invarg        10010a80 f   LIBCMTD:invarg.obj
 0001:0000fa90       __invalid_parameter        10010a90 f   LIBCMTD:invarg.obj
 0001:0000faf0       __invoke_watson            10010af0 f   LIBCMTD:invarg.obj
 0001:0000fb30       __set_invalid_parameter_handler 10010b30 f   LIBCMTD:invarg.obj
 0001:0000fb70       _memcpy_s                  10010b70 f   LIBCMTD:memcpy_s.obj
 0001:0000fd40       _wcscat_s                  10010d40 f   LIBCMTD:wcscat_s.obj
 0001:00010150       _wcscpy_s                  10011150 f   LIBCMTD:wcscpy_s.obj
 0001:00010460       _wcslen                    10011460 f   LIBCMTD:wcslen.obj
 0001:000104a0       _wcsncat_s                 100114a0 f   LIBCMTD:wcsncat_s.obj
 0001:00010990       ___copy_path_to_wide_string 10011990 f   LIBCMTD:crt0dat.obj
 0001:00010b80       ___copy_to_char            10011b80 f   LIBCMTD:crt0dat.obj
 0001:00010d70       ___crtCorExitProcess       10011d70 f   LIBCMTD:crt0dat.obj
 0001:00010db0       ___crtExitProcess          10011db0 f   LIBCMTD:crt0dat.obj
 0001:00010dd0       ___freeCrtMemory           10011dd0 f   LIBCMTD:crt0dat.obj
 0001:00010fa0       __amsg_exit                10011fa0 f   LIBCMTD:crt0dat.obj
 0001:00010fc0       __c_exit                   10011fc0 f   LIBCMTD:crt0dat.obj
 0001:00010fe0       __cexit                    10011fe0 f   LIBCMTD:crt0dat.obj
 0001:00011000       __cinit                    10012000 f   LIBCMTD:crt0dat.obj
 0001:000110a0       __exit                     100120a0 f   LIBCMTD:crt0dat.obj
 0001:000110c0       __exit_app                 100120c0 f   LIBCMTD:crt0dat.obj
 0001:000110e0       __get_pgmptr               100120e0 f   LIBCMTD:crt0dat.obj
 0001:00011200       __get_wpgmptr              10012200 f   LIBCMTD:crt0dat.obj
 0001:00011320       __init_pointers            10012320 f   LIBCMTD:crt0dat.obj
 0001:000113b0       __initterm_e               100123b0 f   LIBCMTD:crt0dat.obj
 0001:000113f0       __lockexit                 100123f0 f   LIBCMTD:crt0dat.obj
 0001:00011400       __unlockexit               10012400 f   LIBCMTD:crt0dat.obj
 0001:00011600       _exit                      10012600 f   LIBCMTD:crt0dat.obj
 0001:00011620       __set_abort_behavior       10012620 f   LIBCMTD:abort.obj
 0001:00011650       _abort                     10012650 f   LIBCMTD:abort.obj
 0001:000116c0       ___set_app_type            100126c0 f   LIBCMTD:errmode.obj
 0001:000116d0       __set_error_mode           100126d0 f   LIBCMTD:errmode.obj
 0001:00011bd0       __i64tow_s                 10012bd0 f   LIBCMTD:xtows.obj
 0001:00011c20       __itow_s                   10012c20 f   LIBCMTD:xtows.obj
 0001:00011c80       __ltow_s                   10012c80 f   LIBCMTD:xtows.obj
 0001:00011cc0       __ui64tow_s                10012cc0 f   LIBCMTD:xtows.obj
 0001:00011ce0       __ultow_s                  10012ce0 f   LIBCMTD:xtows.obj
 0001:00012100       _setvbuf                   10013100 f   LIBCMTD:setvbuf.obj
 0001:00012400       __fwprintf_l               10013400 f   LIBCMTD:fwprintf.obj
 0001:00012430       __fwprintf_p               10013430 f   LIBCMTD:fwprintf.obj
 0001:00012460       __fwprintf_p_l             10013460 f   LIBCMTD:fwprintf.obj
 0001:00012490       __fwprintf_s_l             10013490 f   LIBCMTD:fwprintf.obj
 0001:000124c0       _fwprintf                  100134c0 f   LIBCMTD:fwprintf.obj
 0001:00012670       _fwprintf_s                10013670 f   LIBCMTD:fwprintf.obj
 0001:000126a0       __vsnwprintf_s             100136a0 f   LIBCMTD:vswprnc.obj
 0001:000126d0       __vsnwprintf_s_l           100136d0 f   LIBCMTD:vswprnc.obj
 0001:00012aa0       __vswprintf_c              10013aa0 f   LIBCMTD:vswprnc.obj
 0001:00012af0       __vswprintf_c_l            10013af0 f   LIBCMTD:vswprnc.obj
 0001:00012b40       __vswprintf_helper         10013b40 f   LIBCMTD:vswprnc.obj
 0001:00012db0       __vswprintf_p              10013db0 f   LIBCMTD:vswprnc.obj
 0001:00012e00       __vswprintf_p_l            10013e00 f   LIBCMTD:vswprnc.obj
 0001:00012e50       __vswprintf_s_l            10013e50 f   LIBCMTD:vswprnc.obj
 0001:000130e0       _vswprintf_s               100140e0 f   LIBCMTD:vswprnc.obj
 0001:00013100       ___fpecode                 10014100 f   LIBCMTD:winsig.obj
 0001:00013110       ___get_sigabrt             10014110 f   LIBCMTD:winsig.obj
 0001:00013130       ___pxcptinfoptrs           10014130 f   LIBCMTD:winsig.obj
 0001:00013140       __initp_misc_winsig        10014140 f   LIBCMTD:winsig.obj
 0001:00013270       _raise                     10014270 f   LIBCMTD:winsig.obj
 0001:00013600       _signal                    10014600 f   LIBCMTD:winsig.obj
 0001:000139b0       ___crtMessageBoxW          100149b0 f   LIBCMTD:crtmboxw.obj
 0001:00013cc0       ___crtMessageBoxWaitThreadW@4 10014cc0 f   LIBCMTD:crtmboxw.obj
 0001:00013d00       __FF_MSGBANNER             10014d00 f   LIBCMTD:crt0msg.obj
 0001:00013d50       __GET_RTERRMSG             10014d50 f   LIBCMTD:crt0msg.obj
 0001:00013d90       __NMSG_WRITE               10014d90 f   LIBCMTD:crt0msg.obj
 0001:00014150       __fcloseall                10015150 f   LIBCMTD:closeall.obj
 0001:00014280       __lock                     10015280 f   LIBCMTD:mlock.obj
 0001:000142c0       __lockerr_exit             100152c0 f   LIBCMTD:mlock.obj
 0001:000142f0       __mtdeletelocks            100152f0 f   LIBCMTD:mlock.obj
 0001:000143b0       __mtinitlocknum            100153b0 f   LIBCMTD:mlock.obj
 0001:000144d0       __mtinitlocks              100154d0 f   LIBCMTD:mlock.obj
 0001:00014550       __unlock                   10015550 f   LIBCMTD:mlock.obj
 0001:00014570       ??0_LocaleUpdate@@QAE@PAUlocaleinfo_struct@@@Z 10015570 f i LIBCMTD:dbgheap.obj
 0001:00014650       ??1_LocaleUpdate@@QAE@XZ   10015650 f i LIBCMTD:dbgheap.obj
 0001:00014680       ?GetLocaleT@_LocaleUpdate@@QAEPAUlocaleinfo_struct@@XZ 10015680 f i LIBCMTD:dbgheap.obj
 0001:00014b20       __CrtCheckMemory           10015b20 f   LIBCMTD:dbgheap.obj
 0001:00014f80       __CrtDoForAllClientObjects 10015f80 f   LIBCMTD:dbgheap.obj
 0001:000150b0       __CrtDumpMemoryLeaks       100160b0 f   LIBCMTD:dbgheap.obj
 0001:00015150       __CrtGetAllocHook          10016150 f   LIBCMTD:dbgheap.obj
 0001:00015160       __CrtGetCheckCount         10016160 f   LIBCMTD:dbgheap.obj
 0001:00015170       __CrtGetDumpClient         10016170 f   LIBCMTD:dbgheap.obj
 0001:00015180       __CrtIsMemoryBlock         10016180 f   LIBCMTD:dbgheap.obj
 0001:000152f0       __CrtIsValidHeapPointer    100162f0 f   LIBCMTD:dbgheap.obj
 0001:00015330       __CrtIsValidPointer        10016330 f   LIBCMTD:dbgheap.obj
 0001:00015360       __CrtMemCheckpoint         10016360 f   LIBCMTD:dbgheap.obj
 0001:00015590       __CrtMemDifference         10016590 f   LIBCMTD:dbgheap.obj
 0001:000157f0       __CrtMemDumpAllObjectsSince 100167f0 f   LIBCMTD:dbgheap.obj
 0001:00015830       __CrtMemDumpStatistics     10016830 f   LIBCMTD:dbgheap.obj
 0001:00015950       __CrtReportBlockType       10016950 f   LIBCMTD:dbgheap.obj
 0001:00015980       __CrtSetAllocHook          10016980 f   LIBCMTD:dbgheap.obj
 0001:000159a0       __CrtSetBreakAlloc         100169a0 f   LIBCMTD:dbgheap.obj
 0001:000159c0       __CrtSetCheckCount         100169c0 f   LIBCMTD:dbgheap.obj
 0001:000159e0       __CrtSetDbgBlockType       100169e0 f   LIBCMTD:dbgheap.obj
 0001:00015ad0       __CrtSetDbgFlag            10016ad0 f   LIBCMTD:dbgheap.obj
 0001:00015c20       __CrtSetDebugFillThreshold 10016c20 f   LIBCMTD:dbgheap.obj
 0001:00015c40       __CrtSetDumpClient         10016c40 f   LIBCMTD:dbgheap.obj
 0001:00015c60       __aligned_free             10016c60 f   LIBCMTD:dbgheap.obj
 0001:00015c80       __aligned_free_dbg         10016c80 f   LIBCMTD:dbgheap.obj
 0001:00015d30       __aligned_malloc           10016d30 f   LIBCMTD:dbgheap.obj
 0001:00015d50       __aligned_malloc_dbg       10016d50 f   LIBCMTD:dbgheap.obj
 0001:00015d70       __aligned_msize            10016d70 f   LIBCMTD:dbgheap.obj
 0001:00015d90       __aligned_msize_dbg        10016d90 f   LIBCMTD:dbgheap.obj
 0001:00015eb0       __aligned_offset_malloc    10016eb0 f   LIBCMTD:dbgheap.obj
 0001:00015ed0       __aligned_offset_malloc_dbg 10016ed0 f   LIBCMTD:dbgheap.obj
 0001:000160b0       __aligned_offset_realloc   100170b0 f   LIBCMTD:dbgheap.obj
 0001:000160e0       __aligned_offset_realloc_dbg 100170e0 f   LIBCMTD:dbgheap.obj
 0001:000163f0       __aligned_offset_recalloc  100173f0 f   LIBCMTD:dbgheap.obj
 0001:00016420       __aligned_offset_recalloc_dbg 10017420 f   LIBCMTD:dbgheap.obj
 0001:000164e0       __aligned_realloc          100174e0 f   LIBCMTD:dbgheap.obj
 0001:00016500       __aligned_realloc_dbg      10017500 f   LIBCMTD:dbgheap.obj
 0001:00016530       __aligned_recalloc         10017530 f   LIBCMTD:dbgheap.obj
 0001:00016560       __aligned_recalloc_dbg     10017560 f   LIBCMTD:dbgheap.obj
 0001:00016590       __calloc_dbg               10017590 f   LIBCMTD:dbgheap.obj
 0001:000165f0       __calloc_dbg_impl          100175f0 f   LIBCMTD:dbgheap.obj
 0001:00016670       __expand                   10017670 f   LIBCMTD:dbgheap.obj
 0001:000166a0       __expand_dbg               100176a0 f   LIBCMTD:dbgheap.obj
 0001:000167d0       __free_dbg                 100177d0 f   LIBCMTD:dbgheap.obj
 0001:00016850       __free_dbg_nolock          10017850 f   LIBCMTD:dbgheap.obj
 0001:00016d50       __free_nolock              10017d50 f   LIBCMTD:dbgheap.obj
 0001:00016d70       __heap_alloc               10017d70 f   LIBCMTD:dbgheap.obj
 0001:00016d90       __heap_alloc_dbg           10017d90 f   LIBCMTD:dbgheap.obj
 0001:000171b0       __invoke_watson_if_oneof   100181b0 f i LIBCMTD:dbgheap.obj
 0001:000171f0       __malloc_dbg               100181f0 f   LIBCMTD:dbgheap.obj
 0001:00017220       __msize                    10018220 f   LIBCMTD:dbgheap.obj
 0001:00017240       __msize_dbg                10018240 f   LIBCMTD:dbgheap.obj
 0001:00017450       __nh_malloc                10018450 f   LIBCMTD:dbgheap.obj
 0001:00017470       __nh_malloc_dbg            10018470 f   LIBCMTD:dbgheap.obj
 0001:00017700       __realloc_dbg              10018700 f   LIBCMTD:dbgheap.obj
 0001:000177a0       __recalloc                 100187a0 f   LIBCMTD:dbgheap.obj
 0001:000177d0       __recalloc_dbg             100187d0 f   LIBCMTD:dbgheap.obj
 0001:00017e90       __fileno                   10018e90 f   LIBCMTD:fileno.obj
 0001:00017f20       __close                    10018f20 f   LIBCMTD:close.obj
 0001:00018160       __close_nolock             10019160 f   LIBCMTD:close.obj
 0001:00018240       ___doserrno                10019240 f   LIBCMTD:dosmap.obj
 0001:00018270       __dosmaperr                10019270 f   LIBCMTD:dosmap.obj
 0001:000182a0       __errno                    100192a0 f   LIBCMTD:dosmap.obj
 0001:000182d0       __get_doserrno             100192d0 f   LIBCMTD:dosmap.obj
 0001:00018360       __get_errno                10019360 f   LIBCMTD:dosmap.obj
 0001:000183f0       __get_errno_from_oserr     100193f0 f   LIBCMTD:dosmap.obj
 0001:00018470       __set_doserrno             10019470 f   LIBCMTD:dosmap.obj
 0001:000184a0       __set_errno                100194a0 f   LIBCMTD:dosmap.obj
 0001:000184d0       __freebuf                  100194d0 f   LIBCMTD:_freebuf.obj
 0001:00018560       ?_CrtDbgReportW@@YAHHPBGH00ZZ 10019560 f   LIBCMTD:dbgrptw.obj
 0001:000185b0       __CrtDbgReportW            100195b0 f   LIBCMTD:dbgrptw.obj
 0001:00018600       __CrtDbgReportWV           10019600 f i LIBCMTD:dbgrptw.obj
 0001:00018630       __CrtSetReportHookW2       10019630 f   LIBCMTD:dbgrptw.obj
 0001:00018980       ___crtMessageWindowW       10019980 f   LIBCMTD:dbgrptw.obj
 0001:00018e90       __except_handler4          10019e90 f   LIBCMTD:chandler4.obj
 0001:00019050       __getstream                1001a050 f   LIBCMTD:stream.obj
 0001:00019280       __openfile                 1001a280 f   LIBCMTD:_open.obj
 0001:00019a80       __local_unwind4            1001aa80 f   LIBCMTD:exsup4.obj
 0001:00019b56       __seh_longjmp_unwind4@4    1001ab56 f   LIBCMTD:exsup4.obj
 0001:00019b72       @_EH4_CallFilterFunc@8     1001ab72 f   LIBCMTD:exsup4.obj
 0001:00019b89       @_EH4_TransferToHandler@8  1001ab89 f   LIBCMTD:exsup4.obj
 0001:00019ba2       @_EH4_GlobalUnwind2@8      1001aba2 f   LIBCMTD:exsup4.obj
 0001:00019bbb       @_EH4_LocalUnwind@16       1001abbb f   LIBCMTD:exsup4.obj
 0001:00019be0       __vfprintf_l               1001abe0 f   LIBCMTD:vfprintf.obj
 0001:00019c10       __vfprintf_p               1001ac10 f   LIBCMTD:vfprintf.obj
 0001:00019c30       __vfprintf_p_l             1001ac30 f   LIBCMTD:vfprintf.obj
 0001:00019c60       __vfprintf_s_l             1001ac60 f   LIBCMTD:vfprintf.obj
 0001:00019c90       _vfprintf                  1001ac90 f   LIBCMTD:vfprintf.obj
 0001:00019cb0       _vfprintf_helper           1001acb0 f   LIBCMTD:vfprintf.obj
 0001:00019f80       _vfprintf_s                1001af80 f   LIBCMTD:vfprintf.obj
 0001:00019fa0       __ftbuf                    1001afa0 f   LIBCMTD:_sftbuf.obj
 0001:0001a030       __stbuf                    1001b030 f   LIBCMTD:_sftbuf.obj
 0001:0001a1a0       __output_l                 1001b1a0 f   LIBCMTD:output.obj
 0001:0001b850       _get_int64_arg             1001c850 f i LIBCMTD:output.obj
 0001:0001b870       _get_int_arg               1001c870 f i LIBCMTD:output.obj
 0001:0001b890       _get_short_arg             1001c890 f i LIBCMTD:output.obj
 0001:0001ba50       __ioinit                   1001ca50 f   LIBCMTD:ioinit.obj
 0001:0001bf30       __ioterm                   1001cf30 f   LIBCMTD:ioinit.obj
 0001:0001bfd0       __filbuf                   1001cfd0 f   LIBCMTD:_filbuf.obj
 0001:0001c240       _memset                    1001d240 f   LIBCMTD:memset.obj
 0001:0001c2d0       __read                     1001d2d0 f   LIBCMTD:read.obj
 0001:0001c5a0       __read_nolock              1001d5a0 f   LIBCMTD:read.obj
 0001:0001d7e0       __flsbuf                   1001e7e0 f   LIBCMTD:_flsbuf.obj
 0001:0001dab0       _memcpy                    1001eab0 f   LIBCMTD:memcpy.obj
 0001:0001e100       __write                    1001f100 f   LIBCMTD:write.obj
 0001:0001e350       __write_nolock             1001f350 f   LIBCMTD:write.obj
 0001:0001f100       __vprintf_l                10020100 f   LIBCMTD:vprintf.obj
 0001:0001f120       __vprintf_p                10020120 f   LIBCMTD:vprintf.obj
 0001:0001f140       __vprintf_p_l              10020140 f   LIBCMTD:vprintf.obj
 0001:0001f160       __vprintf_s_l              10020160 f   LIBCMTD:vprintf.obj
 0001:0001f180       _vprintf                   10020180 f   LIBCMTD:vprintf.obj
 0001:0001f1a0       _vprintf_helper            100201a0 f   LIBCMTD:vprintf.obj
 0001:0001f2e0       _vprintf_s                 100202e0 f   LIBCMTD:vprintf.obj
 0001:0001f300       __sse2_mathfcns_init       10020300 f   LIBCMTD:mathfcns.obj
 0001:0001f320       __set_SSE2_enable          10020320 f   LIBCMTD:mathfcns.obj
 0001:0001f370       __CIexp_pentium4           10020370 f   LIBCMTD:exp_pentium4.obj
 0001:0001f388       __exp_pentium4             10020388     LIBCMTD:exp_pentium4.obj
 0001:0001f641       __fFEXP                    10020641     LIBCMTD:87tran.obj
 0001:0001f698       __rtinfpopse               10020698     LIBCMTD:87tran.obj
 0001:0001f69a       __rtinfnpopse              1002069a     LIBCMTD:87tran.obj
 0001:0001f6aa       __fFLN                     100206aa     LIBCMTD:87tran.obj
 0001:0001f75f       __rtinfpop                 1002075f     LIBCMTD:87tran.obj
 0001:0001f761       __rtinfnpop                10020761     LIBCMTD:87tran.obj
 0001:0001f77e       __ffexpm1                  1002077e     LIBCMTD:87tran.obj
 0001:0001f830       __cintrindisp2             10020830 f   LIBCMTD:87cdisp.obj
 0001:0001f86e       __cintrindisp1             1002086e f   LIBCMTD:87cdisp.obj
 0001:0001f8ab       __ctrandisp2               100208ab f   LIBCMTD:87cdisp.obj
 0001:0001fa3a       __ctrandisp1               10020a3a f   LIBCMTD:87cdisp.obj
 0001:0001fa6d       __fload                    10020a6d f   LIBCMTD:87cdisp.obj
 0001:0001fab0       __errcode                  10020ab0 f   LIBCMTD:fpexcept.obj
 0001:0001fb20       __except1                  10020b20 f   LIBCMTD:fpexcept.obj
 0001:0001fc20       __except2                  10020c20 f   LIBCMTD:fpexcept.obj
 0001:0001fd70       __handle_exc               10020d70 f   LIBCMTD:fpexcept.obj
 0001:00020090       __handle_qnan1             10021090 f   LIBCMTD:fpexcept.obj
 0001:000200f0       __handle_qnan2             100210f0 f   LIBCMTD:fpexcept.obj
 0001:00020160       __raise_exc                10021160 f   LIBCMTD:fpexcept.obj
 0001:00020190       __raise_exc_ex             10021190 f   LIBCMTD:fpexcept.obj
 0001:00020710       __raise_excf               10021710 f   LIBCMTD:fpexcept.obj
 0001:00020740       __set_errno_from_matherr   10021740 f   LIBCMTD:fpexcept.obj
 0001:00020780       __umatherr                 10021780 f   LIBCMTD:fpexcept.obj
 0001:00020820       __add_exp                  10021820 f   LIBCMTD:util.obj
 0001:00020850       __decomp                   10021850 f   LIBCMTD:util.obj
 0001:00020970       __get_exp                  10021970 f   LIBCMTD:util.obj
 0001:000209a0       __set_bexp                 100219a0 f   LIBCMTD:util.obj
 0001:000209d0       __set_exp                  100219d0 f   LIBCMTD:util.obj
 0001:00020a10       __sptype                   10021a10 f   LIBCMTD:util.obj
 0001:00020a90       ___clrfp_sse2              10021a90 f   LIBCMTD:fpctrl.obj
 0001:00020ad0       ___ctrlfp_sse2             10021ad0 f   LIBCMTD:fpctrl.obj
 0001:00020b30       ___fclrf_sse2              10021b30 f   LIBCMTD:fpctrl.obj
 0001:00020b50       ___get_fpsr_sse2           10021b50 f   LIBCMTD:fpctrl.obj
 0001:00020b80       ___set_fpsr_sse2           10021b80 f   LIBCMTD:fpctrl.obj
 0001:00020c60       ___set_statfp_sse2         10021c60 f   LIBCMTD:fpctrl.obj
 0001:00020c90       ___statfp_sse2             10021c90 f   LIBCMTD:fpctrl.obj
 0001:00020cc0       __clrfp                    10021cc0 f   LIBCMTD:fpctrl.obj
 0001:00020ce0       __ctrlfp                   10021ce0 f   LIBCMTD:fpctrl.obj
 0001:00020d10       __set_statfp               10021d10 f   LIBCMTD:fpctrl.obj
 0001:00020d80       __statfp                   10021d80 f   LIBCMTD:fpctrl.obj
 0001:00020d90       __trandisp1                10021d90 f   LIBCMTD:87disp.obj
 0001:00020df7       __trandisp2                10021df7 f   LIBCMTD:87disp.obj
 0001:00020e83       __rttospopde               10021e83     LIBCMTD:87disp.obj
 0001:00020e88       __rttospop                 10021e88     LIBCMTD:87disp.obj
 0001:00020e8a       __rtnospop                 10021e8a     LIBCMTD:87disp.obj
 0001:00020e8c       __rttosnpop                10021e8c     LIBCMTD:87disp.obj
 0001:00020e8d       __rtnospopde               10021e8d     LIBCMTD:87disp.obj
 0001:00020e94       __rtzeropop                10021e94     LIBCMTD:87disp.obj
 0001:00020e96       __rtzeronpop               10021e96     LIBCMTD:87disp.obj
 0001:00020e9b       __rtonepop                 10021e9b     LIBCMTD:87disp.obj
 0001:00020e9d       __rtonenpop                10021e9d     LIBCMTD:87disp.obj
 0001:00020ea2       __tosnan1                  10021ea2     LIBCMTD:87disp.obj
 0001:00020ecd       __nosnan2                  10021ecd     LIBCMTD:87disp.obj
 0001:00020ecf       __tosnan2                  10021ecf     LIBCMTD:87disp.obj
 0001:00020ef7       __nan2                     10021ef7     LIBCMTD:87disp.obj
 0001:00020f36       __rtindfpop                10021f36     LIBCMTD:87disp.obj
 0001:00020f38       __rtindfnpop               10021f38     LIBCMTD:87disp.obj
 0001:00020f49       __rttosnpopde              10021f49     LIBCMTD:87disp.obj
 0001:00020f53       __rtchsifneg               10021f53     LIBCMTD:87disp.obj
 0001:00020f60       __startTwoArgErrorHandling 10021f60 f   LIBCMTD:genexcep.obj
 0001:00020f77       __startOneArgErrorHandling 10021f77 f   LIBCMTD:genexcep.obj
 0001:00020fc0       __twoToTOS                 10021fc0 f   LIBCMTD:common.obj
 0001:00020fd5       __load_CW                  10021fd5 f   LIBCMTD:common.obj
 0001:00020fec       __convertTOStoQNaN         10021fec f   LIBCMTD:common.obj
 0001:00021005       __fload_withFB             10022005 f   LIBCMTD:common.obj
 0001:00021048       __checkTOS_withFB          10022048 f   LIBCMTD:common.obj
 0001:0002105e       __fast_exit                1002205e f   LIBCMTD:common.obj
 0001:0002106b       __math_exit                1002206b f   LIBCMTD:common.obj
 0001:00021095       __check_overflow_exit      10022095 f   LIBCMTD:common.obj
 0001:000210a9       __check_range_exit         100220a9 f   LIBCMTD:common.obj
 0001:00021150       __fFSINH                   10022150     LIBCMTD:87trigh.obj
 0001:000211a2       __fFCOSH                   100221a2     LIBCMTD:87trigh.obj
 0001:000213a0       ?_RTC_AllocaFailure@@YAXPAXPAU_RTC_ALLOCA_NODE@@H@Z 100223a0 f   LIBCMTD:error.obj
 0001:00021520       ?_RTC_Failure@@YAXPAXH@Z   10022520 f   LIBCMTD:error.obj
 0001:00021570       ?_RTC_StackFailure@@YAXPAXPBD@Z 10022570 f   LIBCMTD:error.obj
 0001:000218f0       __RTC_UninitUse            100228f0 f   LIBCMTD:error.obj
 0001:000219e0       ?_RTC_GetErrorFunc@@YAP6AHHPBDH00ZZPBX@Z 100229e0 f   LIBCMTD:userapi.obj
 0001:000219f0       ?_RTC_GetErrorFuncW@@YAP6AHHPB_WH00ZZPBX@Z 100229f0 f   LIBCMTD:userapi.obj
 0001:00021a00       __RTC_GetErrDesc           10022a00 f   LIBCMTD:userapi.obj
 0001:00021a20       __RTC_NumErrors            10022a20 f   LIBCMTD:userapi.obj
 0001:00021a30       __RTC_SetErrorFunc         10022a30 f   LIBCMTD:userapi.obj
 0001:00021a50       __RTC_SetErrorFuncW        10022a50 f   LIBCMTD:userapi.obj
 0001:00021a70       __RTC_SetErrorType         10022a70 f   LIBCMTD:userapi.obj
 0001:00021aa0       __CRT_RTC_INIT             10022aa0 f   LIBCMTD:chkesp.obj
 0001:00021ab0       __CRT_RTC_INITW            10022ab0 f   LIBCMTD:chkesp.obj
 0001:00021ac0       __chkesp                   10022ac0 f   LIBCMTD:chkesp.obj
 0001:00021b00       __cfltcvt                  10022b00 f   LIBCMTD:cvt.obj
 0001:00021b30       __cfltcvt_l                10022b30 f   LIBCMTD:cvt.obj
 0001:00021bf0       __cftoa                    10022bf0 f   LIBCMTD:cvt.obj
 0001:00021c20       __cftoa_l                  10022c20 f   LIBCMTD:cvt.obj
 0001:00022490       __cftoe                    10023490 f   LIBCMTD:cvt.obj
 0001:000228d0       __cftoe_l                  100238d0 f   LIBCMTD:cvt.obj
 0001:00022b00       __cftof                    10023b00 f   LIBCMTD:cvt.obj
 0001:00022db0       __cftof_l                  10023db0 f   LIBCMTD:cvt.obj
 0001:00022fb0       __cftog                    10023fb0 f   LIBCMTD:cvt.obj
 0001:00022fe0       __cftog_l                  10023fe0 f   LIBCMTD:cvt.obj
 0001:00023270       __cropzeros                10024270 f   LIBCMTD:cvt.obj
 0001:00023290       __cropzeros_l              10024290 f   LIBCMTD:cvt.obj
 0001:000233b0       __fassign                  100243b0 f   LIBCMTD:cvt.obj
 0001:000233d0       __fassign_l                100243d0 f   LIBCMTD:cvt.obj
 0001:00023420       __forcdecpt                10024420 f   LIBCMTD:cvt.obj
 0001:00023440       __forcdecpt_l              10024440 f   LIBCMTD:cvt.obj
 0001:00023510       __positive                 10024510 f   LIBCMTD:cvt.obj
 0001:00023570       __setdefaultprecision      10024570 f   LIBCMTD:fp8.obj
 0001:000235b0       __initp_misc_cfltcvt_tab   100245b0 f   LIBCMTD:cmiscdat.obj
 0001:000235f0       ??0__non_rtti_object@std@@QAE@ABV01@@Z 100245f0 f   LIBCMTD:stdexcpt.obj
 0001:00023620       ??0__non_rtti_object@std@@QAE@PBD@Z 10024620 f   LIBCMTD:stdexcpt.obj
 0001:00023650       ??0bad_cast@std@@QAE@ABV01@@Z 10024650 f   LIBCMTD:stdexcpt.obj
 0001:00023680       ??0bad_cast@std@@QAE@PBD@Z 10024680 f   LIBCMTD:stdexcpt.obj
 0001:000236b0       ??0bad_typeid@std@@QAE@ABV01@@Z 100246b0 f   LIBCMTD:stdexcpt.obj
 0001:000236e0       ??0bad_typeid@std@@QAE@PBD@Z 100246e0 f   LIBCMTD:stdexcpt.obj
 0001:00023710       ??0exception@std@@QAE@ABQBD@Z 10024710 f   LIBCMTD:stdexcpt.obj
 0001:00023750       ??0exception@std@@QAE@ABQBDH@Z 10024750 f   LIBCMTD:stdexcpt.obj
 0001:00023780       ??0exception@std@@QAE@ABV01@@Z 10024780 f   LIBCMTD:stdexcpt.obj
 0001:000237c0       ??0exception@std@@QAE@XZ   100247c0 f   LIBCMTD:stdexcpt.obj
 0001:000237f0       ??1__non_rtti_object@std@@UAE@XZ 100247f0 f   LIBCMTD:stdexcpt.obj
 0001:00023810       ??1bad_cast@std@@UAE@XZ    10024810 f   LIBCMTD:stdexcpt.obj
 0001:00023830       ??1bad_typeid@std@@UAE@XZ  10024830 f   LIBCMTD:stdexcpt.obj
 0001:00023850       ??1exception@std@@UAE@XZ   10024850 f   LIBCMTD:stdexcpt.obj
 0001:00023870       ??4exception@std@@QAEAAV01@ABV01@@Z 10024870 f   LIBCMTD:stdexcpt.obj
 0001:000238c0       ??_G__non_rtti_object@std@@UAEPAXI@Z 100248c0 f i LIBCMTD:stdexcpt.obj
 0001:000238c0       ??_E__non_rtti_object@std@@UAEPAXI@Z 100248c0 f i LIBCMTD:stdexcpt.obj
 0001:000238f0       ??_Gbad_cast@std@@UAEPAXI@Z 100248f0 f i LIBCMTD:stdexcpt.obj
 0001:000238f0       ??_Ebad_cast@std@@UAEPAXI@Z 100248f0 f i LIBCMTD:stdexcpt.obj
 0001:00023920       ??_Ebad_typeid@std@@UAEPAXI@Z 10024920 f i LIBCMTD:stdexcpt.obj
 0001:00023920       ??_Gbad_typeid@std@@UAEPAXI@Z 10024920 f i LIBCMTD:stdexcpt.obj
 0001:00023950       ??_Eexception@std@@UAEPAXI@Z 10024950 f i LIBCMTD:stdexcpt.obj
 0001:00023950       ??_Gexception@std@@UAEPAXI@Z 10024950 f i LIBCMTD:stdexcpt.obj
 0001:00023980       ?_Copy_str@exception@std@@AAEXPBD@Z 10024980 f   LIBCMTD:stdexcpt.obj
 0001:000239e0       ?_Tidy@exception@std@@AAEXXZ 100249e0 f   LIBCMTD:stdexcpt.obj
 0001:00023a20       ?what@exception@std@@UBEPBDXZ 10024a20 f   LIBCMTD:stdexcpt.obj
 0001:00023a50       ?_query_new_handler@@YAP6AHI@ZXZ 10024a50 f   LIBCMTD:handler.obj
 0001:00023a70       ?_set_new_handler@@YAP6AHI@ZH@Z 10024a70 f   LIBCMTD:handler.obj
 0001:00023ab0       ?_set_new_handler@@YAP6AHI@ZP6AHI@Z@Z 10024ab0 f   LIBCMTD:handler.obj
 0001:00023af0       __callnewh                 10024af0 f   LIBCMTD:handler.obj
 0001:00023b30       __initp_heap_handler       10024b30 f   LIBCMTD:handler.obj
 0001:00023b40       __CxxThrowException@8      10024b40 f   LIBCMTD:throw.obj
 0001:00023be0       ___get_flsindex            10024be0 f   LIBCMTD:tidtable.obj
 0001:00023bf0       ___threadhandle            10024bf0 f   LIBCMTD:tidtable.obj
 0001:00023c00       ___threadid                10024c00 f   LIBCMTD:tidtable.obj
 0001:00023c10       __freefls@4                10024c10 f   LIBCMTD:tidtable.obj
 0001:00023e10       __freeptd                  10024e10 f   LIBCMTD:tidtable.obj
 0001:00023e50       __getptd                   10024e50 f   LIBCMTD:tidtable.obj
 0001:00023e80       __getptd_noexit            10024e80 f   LIBCMTD:tidtable.obj
 0001:00023f30       __initptd                  10024f30 f   LIBCMTD:tidtable.obj
 0001:00024070       __mtinit                   10025070 f   LIBCMTD:tidtable.obj
 0001:00024120       __mtterm                   10025120 f   LIBCMTD:tidtable.obj
 0001:00024150       __CallSettingFrame@12      10025150 f   LIBCMTD:lowhelpr.obj
 0001:00024177       __NLG_Return               10025177     LIBCMTD:lowhelpr.obj
 0001:000241a0       ?_inconsistency@@YAXXZ     100251a0 f   LIBCMTD:hooks.obj
 0001:00024230       ?terminate@@YAXXZ          10025230 f   LIBCMTD:hooks.obj
 0001:000242b0       ?unexpected@@YAXXZ         100252b0 f   LIBCMTD:hooks.obj
 0001:000242e0       __initp_eh_hooks           100252e0 f   LIBCMTD:hooks.obj
 0001:00024300       ___DestructExceptionObject 10025300 f   LIBCMTD:frame.obj
 0001:00024420       ??0bad_exception@std@@QAE@ABV01@@Z 10025420 f i LIBCMTD:frame.obj
 0001:00024450       ??0bad_exception@std@@QAE@PBD@Z 10025450 f i LIBCMTD:frame.obj
 0001:00024480       ??1bad_exception@std@@UAE@XZ 10025480 f i LIBCMTD:frame.obj
 0001:000244a0       ??_Ebad_exception@std@@UAEPAXI@Z 100254a0 f i LIBCMTD:frame.obj
 0001:000244a0       ??_Gbad_exception@std@@UAEPAXI@Z 100254a0 f i LIBCMTD:frame.obj
 0001:00025090       ?__uncaught_exception@@YA_NXZ 10026090 f   LIBCMTD:frame.obj
 0001:000250c0       ?_is_exception_typeof@@YAHABVtype_info@@PAU_EXCEPTION_POINTERS@@@Z 100260c0 f   LIBCMTD:frame.obj
 0001:000251a0       __SetWinRTOutOfMemoryExceptionCallback 100261a0 f   LIBCMTD:frame.obj
 0001:000251b0       ___AdjustPointer           100261b0 f   LIBCMTD:frame.obj
 0001:00025200       ___BuildCatchObject        10026200 f   LIBCMTD:frame.obj
 0001:00025310       ___BuildCatchObjectHelper  10026310 f   LIBCMTD:frame.obj
 0001:00025610       ___CxxDetectRethrow        10026610 f   LIBCMTD:frame.obj
 0001:00025690       ___CxxExceptionFilter      10026690 f   LIBCMTD:frame.obj
 0001:00025890       ___CxxQueryExceptionSize   10026890 f   LIBCMTD:frame.obj
 0001:000258a0       ___CxxRegisterExceptionObject 100268a0 f   LIBCMTD:frame.obj
 0001:000259e0       ___CxxUnregisterExceptionObject 100269e0 f   LIBCMTD:frame.obj
 0001:00025b60       ___FrameUnwindFilter       10026b60 f   LIBCMTD:frame.obj
 0001:00025be0       ___FrameUnwindToState      10026be0 f   LIBCMTD:frame.obj
 0001:00025d60       ___GetPlatformExceptionInfo 10026d60 f   LIBCMTD:frame.obj
 0001:00025e20       ___InternalCxxFrameHandler 10026e20 f   LIBCMTD:frame.obj
 0001:00025f90       ___TypeMatch               10026f90 f   LIBCMTD:frame.obj
 0001:00026070       ?_Name_base@type_info@@CAPBDPBV1@PAU__type_info_node@@@Z 10027070 f   LIBCMTD:typname.obj
 0001:00026220       ?_Name_base_internal@type_info@@CAPBDPBV1@PAU__type_info_node@@@Z 10027220 f   LIBCMTD:typname.obj
 0001:000263e0       ?_Type_info_dtor@type_info@@CAXPAV1@@Z 100273e0 f   LIBCMTD:typname.obj
 0001:000264f0       ?_Type_info_dtor_internal@type_info@@CAXPAV1@@Z 100274f0 f   LIBCMTD:typname.obj
 0001:00026600       ___clean_type_info_names_internal 10027600 f   LIBCMTD:typname.obj
 0001:000266b0       ___unDNameHelper           100276b0 f   LIBCMTD:typname.obj
 0001:000266f0       ___getlocaleinfo           100276f0 f   LIBCMTD:inithelp.obj
 0001:000269f0       __initp_misc_purevirt      100279f0 f   LIBCMTD:inithelp.obj
 0001:00026a00       __CIcos_pentium4           10027a00 f   LIBCMTD:cos_pentium4.obj
 0001:00026a18       __cos_pentium4             10027a18     LIBCMTD:cos_pentium4.obj
 0001:00026bb0       __CIlog_pentium4           10027bb0 f   LIBCMTD:log_pentium4.obj
 0001:00026bc8       __log_pentium4             10027bc8     LIBCMTD:log_pentium4.obj
 0001:00026e20       __CIsin_pentium4           10027e20 f   LIBCMTD:sin_pentium4.obj
 0001:00026e38       __sin_pentium4             10027e38     LIBCMTD:sin_pentium4.obj
 0001:00026ff0       ___libm_error_support      10027ff0 f   LIBCMTD:libm_error.obj
 0001:00027bc0       ___libm_setusermatherr     10028bc0 f   LIBCMTD:libm_error.obj
 0001:00027bf0       __floor_default            10028bf0 f   LIBCMTD:floor.obj
 0001:00027d30       ___isa_available_init      10028d30 f   LIBCMTD:cpu_disp.obj
 0001:00027fe0       __CIpow_pentium4           10028fe0 f   LIBCMTD:pow_pentium4.obj
 0001:00027ff9       __pow_pentium4             10028ff9     LIBCMTD:pow_pentium4.obj
 0001:00028b40       __d_inttype                10029b40 f   LIBCMTD:powhlp.obj
 0001:00028bd0       __powhlp                   10029bd0 f   LIBCMTD:powhlp.obj
 0001:00028d80       _ldexp                     10029d80 f   LIBCMTD:ldexp.obj
 0001:00029060       __commit                   1002a060 f   LIBCMTD:commit.obj
 0001:000292a0       __ftelli64                 1002a2a0 f   LIBCMTD:ftelli64.obj
 0001:000293b0       __ftelli64_nolock          1002a3b0 f   LIBCMTD:ftelli64.obj
 0001:00029ae0       __fseeki64                 1002aae0 f   LIBCMTD:fseeki64.obj
 0001:00029c70       __fseeki64_nolock          1002ac70 f   LIBCMTD:fseeki64.obj
 0001:00029db0       _vsnprintf                 1002adb0 f   LIBCMTD:vsnprint.obj
 0001:00029db0       __vsnprintf                1002adb0 f   LIBCMTD:vsnprint.obj
 0001:00029dd0       __vsnprintf_l              1002add0 f   LIBCMTD:vsnprint.obj
 0001:00029fb0       __XcptFilter               1002afb0 f   LIBCMTD:winxfltr.obj
 0001:0002a1b0       ___CppXcptFilter           1002b1b0 f   LIBCMTD:winxfltr.obj
 0001:0002a240       __get_heap_handle          1002b240 f   LIBCMTD:heapinit.obj
 0001:0002a280       __heap_init                1002b280 f   LIBCMTD:heapinit.obj
 0001:0002a2b0       __heap_term                1002b2b0 f   LIBCMTD:heapinit.obj
 0001:0002a2c0       __set_pgmptr               1002b2c0 f i LIBCMTD:stdargv.obj
 0001:0002a2d0       __setargv                  1002b2d0 f   LIBCMTD:stdargv.obj
 0001:0002a7a0       __setenvp                  1002b7a0 f   LIBCMTD:stdenvp.obj
 0001:0002a940       ___security_init_cookie    1002b940 f   LIBCMTD:gs_support.obj
 0001:0002aa20       _DllMain@12                1002ba20 f   LIBCMTD:dllmain.obj
 0001:0002aa30       ___crtGetEnvironmentStringsA 1002ba30 f   LIBCMTD:a_env.obj
 0001:0002ab80       ___crtCloseThreadpoolTimer 1002bb80 f   LIBCMTD:winapisupp.obj
 0001:0002abb0       ___crtCloseThreadpoolWait  1002bbb0 f   LIBCMTD:winapisupp.obj
 0001:0002abe0       ___crtCreateEventExW       1002bbe0 f   LIBCMTD:winapisupp.obj
 0001:0002ac40       ___crtCreateSemaphoreExW   1002bc40 f   LIBCMTD:winapisupp.obj
 0001:0002aca0       ___crtCreateSymbolicLinkW  1002bca0 f   LIBCMTD:winapisupp.obj
 0001:0002ace0       ___crtCreateThreadpoolTimer 1002bce0 f   LIBCMTD:winapisupp.obj
 0001:0002ad20       ___crtCreateThreadpoolWait 1002bd20 f   LIBCMTD:winapisupp.obj
 0001:0002ad60       ___crtFlsAlloc             1002bd60 f   LIBCMTD:winapisupp.obj
 0001:0002ad90       ___crtFlsFree              1002bd90 f   LIBCMTD:winapisupp.obj
 0001:0002add0       ___crtFlsGetValue          1002bdd0 f   LIBCMTD:winapisupp.obj
 0001:0002ae10       ___crtFlsSetValue          1002be10 f   LIBCMTD:winapisupp.obj
 0001:0002ae50       ___crtFlushProcessWriteBuffers 1002be50 f   LIBCMTD:winapisupp.obj
 0001:0002ae80       ___crtFreeLibraryWhenCallbackReturns 1002be80 f   LIBCMTD:winapisupp.obj
 0001:0002aeb0       ___crtGetCurrentProcessorNumber 1002beb0 f   LIBCMTD:winapisupp.obj
 0001:0002aee0       ___crtGetFileInformationByHandleEx 1002bee0 f   LIBCMTD:winapisupp.obj
 0001:0002af20       ___crtGetLogicalProcessorInformation 1002bf20 f   LIBCMTD:winapisupp.obj
 0001:0002af60       ___crtGetShowWindowMode    1002bf60 f   LIBCMTD:winapisupp.obj
 0001:0002af90       ___crtGetTickCount64       1002bf90 f   LIBCMTD:winapisupp.obj
 0001:0002afc0       ___crtInitializeCriticalSectionEx 1002bfc0 f   LIBCMTD:winapisupp.obj
 0001:0002b010       ___crtIsPackagedApp        1002c010 f   LIBCMTD:winapisupp.obj
 0001:0002b050       ___crtLoadWinApiPointers   1002c050 f   LIBCMTD:winapisupp.obj
 0001:0002b4f0       ___crtSetFileInformationByHandle 1002c4f0 f   LIBCMTD:winapisupp.obj
 0001:0002b530       ___crtSetThreadStackGuarantee 1002c530 f   LIBCMTD:winapisupp.obj
 0001:0002b560       ___crtSetThreadpoolTimer   1002c560 f   LIBCMTD:winapisupp.obj
 0001:0002b5a0       ___crtSetThreadpoolWait    1002c5a0 f   LIBCMTD:winapisupp.obj
 0001:0002b5d0       ___crtSetUnhandledExceptionFilter 1002c5d0 f   LIBCMTD:winapisupp.obj
 0001:0002b5e0       ___crtSleep                1002c5e0 f   LIBCMTD:winapisupp.obj
 0001:0002b5f0       ___crtTerminateProcess     1002c5f0 f   LIBCMTD:winapisupp.obj
 0001:0002b610       ___crtUnhandledException   1002c610 f   LIBCMTD:winapisupp.obj
 0001:0002b630       ___crtWaitForThreadpoolTimerCallbacks 1002c630 f   LIBCMTD:winapisupp.obj
 0001:0002b660       __RTC_Initialize           1002c660 f   LIBCMTD:initsect.obj
 0001:0002b690       __RTC_Terminate            1002c690 f   LIBCMTD:initsect.obj
 0001:0002b6c0       __CrtDefaultAllocHook      1002c6c0 f   LIBCMTD:dbghook.obj
 0001:0002b6d0       __crt_debugger_hook        1002c6d0 f   LIBCMTD:dbghook.obj
 0001:0002b6e0       __FindPESection            1002c6e0 f   LIBCMTD:pesect.obj
 0001:0002b760       __IsNonwritableInCurrentImage 1002c760 f   LIBCMTD:pesect.obj
 0001:0002b890       __ValidateImageBase        1002c890 f   LIBCMTD:pesect.obj
 0001:0002b8f0       __initp_misc_rand_s        1002c8f0 f   LIBCMTD:rand_s.obj
 0001:0002b900       _rand_s                    1002c900 f   LIBCMTD:rand_s.obj
 0001:0002bb60       ___initmbctable            1002cb60 f   LIBCMTD:mbctype.obj
 0001:0002c180       ___updatetmbcinfo          1002d180 f   LIBCMTD:mbctype.obj
 0001:0002c2a0       __getmbcp                  1002d2a0 f   LIBCMTD:mbctype.obj
 0001:0002c310       __setmbcp                  1002d310 f   LIBCMTD:mbctype.obj
 0001:0002c5b0       __setmbcp_nolock           1002d5b0 f   LIBCMTD:mbctype.obj
 0001:0002c930       __aulldiv                  1002d930 f   LIBCMTD:ulldiv.obj
 0001:0002c9a0       __aullrem                  1002d9a0 f   LIBCMTD:ullrem.obj
 0001:0002ca20       __vfwprintf_l              1002da20 f   LIBCMTD:vfwprint.obj
 0001:0002ca50       __vfwprintf_p              1002da50 f   LIBCMTD:vfwprint.obj
 0001:0002ca70       __vfwprintf_p_l            1002da70 f   LIBCMTD:vfwprint.obj
 0001:0002caa0       __vfwprintf_s_l            1002daa0 f   LIBCMTD:vfwprint.obj
 0001:0002cad0       _vfwprintf                 1002dad0 f   LIBCMTD:vfwprint.obj
 0001:0002caf0       _vfwprintf_helper          1002daf0 f   LIBCMTD:vfwprint.obj
 0001:0002cca0       _vfwprintf_s               1002dca0 f   LIBCMTD:vfwprint.obj
 0001:0002ccc0       __woutput_l                1002dcc0 f   LIBCMTD:woutput.obj
 0001:0002e2b0       __woutput_s_l              1002f2b0 f   LIBCMTD:woutputs.obj
 0001:0002fa00       __validate_param_reuseW    10030a00 f   LIBCMTD:woutputp.obj
 0001:0002fce0       __woutput_p_l              10030ce0 f   LIBCMTD:woutputp.obj
 0001:000337e0       _wcsncpy_s                 100347e0 f   LIBCMTD:wcsncpy_s.obj
 0001:00033c10       ___addlocaleref            10034c10 f   LIBCMTD:localref.obj
 0001:00033d30       ___freetlocinfo            10034d30 f   LIBCMTD:localref.obj
 0001:00034020       ___removelocaleref         10035020 f   LIBCMTD:localref.obj
 0001:00034140       ___updatetlocinfo          10035140 f   LIBCMTD:localref.obj
 0001:00034210       __updatetlocinfoEx_nolock  10035210 f   LIBCMTD:localref.obj
 0001:00034290       __chvalidator              10035290 f   LIBCMTD:isctype.obj
 0001:000342e0       __chvalidator_l            100352e0 f   LIBCMTD:isctype.obj
 0001:000343a0       __isctype                  100353a0 f   LIBCMTD:isctype.obj
 0001:000343e0       __isctype_l                100353e0 f   LIBCMTD:isctype.obj
 0001:00034530       __free_base                10035530 f   LIBCMTD:free.obj
 0001:00034580       __realloc_base             10035580 f   LIBCMTD:realloc.obj
 0001:00034680       __expand_base              10035680 f   LIBCMTD:expand.obj
 0001:000347f0       __CrtDbgReport             100357f0 f   LIBCMTD:dbgrpt.obj
 0001:00034840       __CrtDbgReportV            10035840 f i LIBCMTD:dbgrpt.obj
 0001:00034870       __CrtSetReportHook2        10035870 f   LIBCMTD:dbgrpt.obj
 0001:00034bc0       ___crtMessageWindowA       10035bc0 f   LIBCMTD:dbgrpt.obj
 0001:00035070       __heapchk                  10036070 f   LIBCMTD:heapchk.obj
 0001:000350a0       __heapset                  100360a0 f   LIBCMTD:heapchk.obj
 0001:000350b0       __scprintf                 100360b0 f   LIBCMTD:sprintf.obj
 0001:000350d0       __scprintf_l               100360d0 f   LIBCMTD:sprintf.obj
 0001:00035100       __scprintf_p               10036100 f   LIBCMTD:sprintf.obj
 0001:00035120       __scprintf_p_l             10036120 f   LIBCMTD:sprintf.obj
 0001:00035150       __snprintf_s               10036150 f   LIBCMTD:sprintf.obj
 0001:00035180       __snprintf_s_l             10036180 f   LIBCMTD:sprintf.obj
 0001:000351b0       __sprintf_l                100361b0 f   LIBCMTD:sprintf.obj
 0001:000351e0       __sprintf_p                100361e0 f   LIBCMTD:sprintf.obj
 0001:00035210       __sprintf_p_l              10036210 f   LIBCMTD:sprintf.obj
 0001:00035240       __sprintf_s_l              10036240 f   LIBCMTD:sprintf.obj
 0001:00035270       _sprintf                   10036270 f   LIBCMTD:sprintf.obj
 0001:00035430       _sprintf_s                 10036430 f   LIBCMTD:sprintf.obj
 0001:00035460       __heap_alloc_base          10036460 f i LIBCMTD:malloc.obj
 0001:000354c0       __malloc_base              100364c0 f   LIBCMTD:malloc.obj
 0001:00035550       ___lock_fhandle            10036550 f   LIBCMTD:osfinfo.obj
 0001:00035640       __alloc_osfhnd             10036640 f   LIBCMTD:osfinfo.obj
 0001:000358e0       __free_osfhnd              100368e0 f   LIBCMTD:osfinfo.obj
 0001:000359d0       __get_osfhandle            100369d0 f   LIBCMTD:osfinfo.obj
 0001:00035b50       __open_osfhandle           10036b50 f   LIBCMTD:osfinfo.obj
 0001:00035d80       __set_osfhnd               10036d80 f   LIBCMTD:osfinfo.obj
 0001:00035e50       __unlock_fhandle           10036e50 f   LIBCMTD:osfinfo.obj
 0001:00035e80       ___swprintf_l              10036e80 f   LIBCMTD:swprintf.obj
 0001:00035eb0       __scwprintf                10036eb0 f   LIBCMTD:swprintf.obj
 0001:00035ed0       __scwprintf_l              10036ed0 f   LIBCMTD:swprintf.obj
 0001:00035f00       __scwprintf_p              10036f00 f   LIBCMTD:swprintf.obj
 0001:00035f20       __scwprintf_p_l            10036f20 f   LIBCMTD:swprintf.obj
 0001:00035f50       __snwprintf_s              10036f50 f   LIBCMTD:swprintf.obj
 0001:00035f80       __snwprintf_s_l            10036f80 f   LIBCMTD:swprintf.obj
 0001:00035fb0       __swprintf                 10036fb0 f   LIBCMTD:swprintf.obj
 0001:000361d0       __swprintf_p               100371d0 f   LIBCMTD:swprintf.obj
 0001:00036200       __swprintf_p_l             10037200 f   LIBCMTD:swprintf.obj
 0001:00036230       __swprintf_s_l             10037230 f   LIBCMTD:swprintf.obj
 0001:00036260       _swprintf_s                10037260 f   LIBCMTD:swprintf.obj
 0001:00036290       __CrtDbgBreak              10037290 f   LIBCMTD:dbgrptt.obj
 0001:000362a0       __CrtGetReportHook         100372a0 f   LIBCMTD:dbgrptt.obj
 0001:000362b0       __CrtSetReportFile         100372b0 f   LIBCMTD:dbgrptt.obj
 0001:000363b0       __CrtSetReportHook         100373b0 f   LIBCMTD:dbgrptt.obj
 0001:000363d0       __CrtSetReportMode         100373d0 f   LIBCMTD:dbgrptt.obj
 0001:00036510       __VCrtDbgReportA           10037510 f   LIBCMTD:dbgrptt.obj
 0001:00036d80       __VCrtDbgReportW           10037d80 f   LIBCMTD:dbgrptt.obj
 0001:00037700       __alloca_probe             10038700 f   LIBCMTD:chkstk.obj
 0001:00037700       __chkstk                   10038700 f   LIBCMTD:chkstk.obj
 0001:00037730       __open                     10038730 f   LIBCMTD:open.obj
 0001:000378d0       __sopen                    100388d0 f   LIBCMTD:open.obj
 0001:00037940       __sopen_helper             10038940 f   LIBCMTD:open.obj
 0001:00037be0       __sopen_nolock             10038be0 f   LIBCMTD:open.obj
 0001:00037c50       __sopen_s                  10038c50 f   LIBCMTD:open.obj
 0001:00037c80       __mbsnbcmp                 10038c80 f   LIBCMTD:mbsnbcmp.obj
 0001:00037ca0       __mbsnbcmp_l               10038ca0 f   LIBCMTD:mbsnbcmp.obj
 0001:00037fc0       __mbsnbicmp                10038fc0 f   LIBCMTD:mbsnbicm.obj
 0001:00037fe0       __mbsnbicmp_l              10038fe0 f   LIBCMTD:mbsnbicm.obj
 0001:00038520       __global_unwind2           10039520 f   LIBCMTD:exsup.obj
 0001:00038585       __local_unwind2            10039585 f   LIBCMTD:exsup.obj
 0001:00038609       __abnormal_termination     10039609 f   LIBCMTD:exsup.obj
 0001:0003862c       __NLG_Notify1              1003962c f   LIBCMTD:exsup.obj
 0001:00038635       __NLG_Notify               10039635 f   LIBCMTD:exsup.obj
 0001:0003864c       __NLG_Dispatch2            1003964c     LIBCMTD:exsup.obj
 0001:0003864c       __NLG_Dispatch             1003964c     LIBCMTD:exsup.obj
 0001:00038654       __NLG_Call                 10039654 f   LIBCMTD:exsup.obj
 0001:00038656       __NLG_Return2              10039656     LIBCMTD:exsup.obj
 0001:00038660       __output_s_l               10039660 f   LIBCMTD:outputs.obj
 0001:0003a010       __output_p_l               1003b010 f   LIBCMTD:outputp.obj
 0001:0003de10       __validate_param_reuseA    1003ee10 f   LIBCMTD:outputp.obj
 0001:0003e100       _get_crtdouble_arg         1003f100 f i LIBCMTD:outputp.obj
 0001:0003e2c0       __isatty                   1003f2c0 f   LIBCMTD:isatty.obj
 0001:0003e380       ___iswcsym                 1003f380 f i LIBCMTD:_wctype.obj
 0001:0003e3c0       ___iswcsymf                1003f3c0 f i LIBCMTD:_wctype.obj
 0001:0003e400       __isleadbyte_l             1003f400 f i LIBCMTD:_wctype.obj
 0001:0003e450       __iswalnum_l               1003f450 f i LIBCMTD:_wctype.obj
 0001:0003e470       __iswalpha_l               1003f470 f i LIBCMTD:_wctype.obj
 0001:0003e490       __iswblank_l               1003f490 f i LIBCMTD:_wctype.obj
 0001:0003e4c0       __iswcntrl_l               1003f4c0 f i LIBCMTD:_wctype.obj
 0001:0003e4e0       __iswcsym_l                1003f4e0 f i LIBCMTD:_wctype.obj
 0001:0003e520       __iswcsymf_l               1003f520 f i LIBCMTD:_wctype.obj
 0001:0003e560       __iswdigit_l               1003f560 f i LIBCMTD:_wctype.obj
 0001:0003e580       __iswgraph_l               1003f580 f i LIBCMTD:_wctype.obj
 0001:0003e5a0       __iswlower_l               1003f5a0 f i LIBCMTD:_wctype.obj
 0001:0003e5c0       __iswprint_l               1003f5c0 f i LIBCMTD:_wctype.obj
 0001:0003e5e0       __iswpunct_l               1003f5e0 f i LIBCMTD:_wctype.obj
 0001:0003e600       __iswspace_l               1003f600 f i LIBCMTD:_wctype.obj
 0001:0003e620       __iswupper_l               1003f620 f i LIBCMTD:_wctype.obj
 0001:0003e640       __iswxdigit_l              1003f640 f i LIBCMTD:_wctype.obj
 0001:0003e660       _isleadbyte                1003f660 f i LIBCMTD:_wctype.obj
 0001:0003e680       _iswalnum                  1003f680 f i LIBCMTD:_wctype.obj
 0001:0003e6a0       _iswalpha                  1003f6a0 f i LIBCMTD:_wctype.obj
 0001:0003e6c0       _iswascii                  1003f6c0 f i LIBCMTD:_wctype.obj
 0001:0003e6f0       _iswblank                  1003f6f0 f i LIBCMTD:_wctype.obj
 0001:0003e720       _iswcntrl                  1003f720 f i LIBCMTD:_wctype.obj
 0001:0003e740       _iswdigit                  1003f740 f i LIBCMTD:_wctype.obj
 0001:0003e760       _iswgraph                  1003f760 f i LIBCMTD:_wctype.obj
 0001:0003e780       _iswlower                  1003f780 f i LIBCMTD:_wctype.obj
 0001:0003e7a0       _iswprint                  1003f7a0 f i LIBCMTD:_wctype.obj
 0001:0003e7c0       _iswpunct                  1003f7c0 f i LIBCMTD:_wctype.obj
 0001:0003e7e0       _iswspace                  1003f7e0 f i LIBCMTD:_wctype.obj
 0001:0003e800       _iswupper                  1003f800 f i LIBCMTD:_wctype.obj
 0001:0003e820       _iswxdigit                 1003f820 f i LIBCMTD:_wctype.obj
 0001:0003e840       __wctomb_l                 1003f840 f   LIBCMTD:wctomb.obj
 0001:0003e8c0       __wctomb_s_l               1003f8c0 f   LIBCMTD:wctomb.obj
 0001:0003ec10       _wctomb                    1003fc10 f   LIBCMTD:wctomb.obj
 0001:0003ec60       _wctomb_s                  1003fc60 f   LIBCMTD:wctomb.obj
 0001:0003ec80       __getbuf                   1003fc80 f   LIBCMTD:_getbuf.obj
 0001:0003ed50       __VEC_memset               1003fd50 f   LIBCMTD:p4_memset.obj
 0001:0003ee20       __lseeki64                 1003fe20 f   LIBCMTD:lseeki64.obj
 0001:0003f090       __lseeki64_nolock          10040090 f   LIBCMTD:lseeki64.obj
 0001:0003f160       __mbtowc_l                 10040160 f   LIBCMTD:mbtowc.obj
 0001:0003f3a0       _mbtowc                    100403a0 f   LIBCMTD:mbtowc.obj
 0001:0003f3c0       __putwch                   100403c0 f   LIBCMTD:putwch.obj
 0001:0003f450       __putwch_nolock            10040450 f   LIBCMTD:putwch.obj
 0001:0003f4a0       __87except                 100404a0 f   LIBCMTD:87except.obj
 0001:0003f6a0       __matherr                  100406a0 f   LIBCMTD:matherr.obj
 0001:0003faf0       ?_RTC_GetSrcLine@@YAHPAEPA_WKPAH1K@Z 10040af0 f   LIBCMTD:pdblkup.obj
 0001:0003fda0       ___isascii                 10040da0 f i LIBCMTD:_ctype.obj
 0001:0003fdd0       ___iscsym                  10040dd0 f i LIBCMTD:_ctype.obj
 0001:0003fe10       ___iscsymf                 10040e10 f i LIBCMTD:_ctype.obj
 0001:0003fe50       ___toascii                 10040e50 f i LIBCMTD:_ctype.obj
 0001:0003fe60       __isalnum_l                10040e60 f i LIBCMTD:_ctype.obj
 0001:0003fee0       __isalpha_l                10040ee0 f i LIBCMTD:_ctype.obj
 0001:0003ff60       __isblank_l                10040f60 f i LIBCMTD:_ctype.obj
 0001:0003fff0       __iscntrl_l                10040ff0 f i LIBCMTD:_ctype.obj
 0001:00040070       __iscsym_l                 10041070 f i LIBCMTD:_ctype.obj
 0001:000400b0       __iscsymf_l                100410b0 f i LIBCMTD:_ctype.obj
[...]
 0002:00018868       __sehtable$_setvbuf        1007c868     LIBCMTD:setvbuf.obj
 0002:00018888       __sehtable$_fwprintf       1007c888     LIBCMTD:fwprintf.obj
 0002:000188a8       __sehtable$_signal         1007c8a8     LIBCMTD:winsig.obj
 0002:000188c8       __sehtable$_raise          1007c8c8     LIBCMTD:winsig.obj
 0002:000188e8       __sehtable$_ctrlevent_capture@4 1007c8e8     LIBCMTD:winsig.obj
 0002:00018908       __sehtable$__fcloseall     1007c908     LIBCMTD:closeall.obj
 0002:00018928       __sehtable$__mtinitlocknum 1007c928     LIBCMTD:mlock.obj
 0002:00018948       __sehtable$__realloc_dbg   1007c948     LIBCMTD:dbgheap.obj
 0002:00018968       __sehtable$__expand_dbg    1007c968     LIBCMTD:dbgheap.obj
 0002:00018988       __sehtable$__free_dbg      1007c988     LIBCMTD:dbgheap.obj
 0002:000189a8       __sehtable$__msize_dbg     1007c9a8     LIBCMTD:dbgheap.obj
 0002:000189c8       __sehtable$__CrtCheckMemory 1007c9c8     LIBCMTD:dbgheap.obj
 0002:000189e8       __sehtable$__CrtSetDbgFlag 1007c9e8     LIBCMTD:dbgheap.obj
 0002:00018a08       __sehtable$__CrtDoForAllClientObjects 1007ca08     LIBCMTD:dbgheap.obj
 0002:00018a28       __sehtable$__CrtIsMemoryBlock 1007ca28     LIBCMTD:dbgheap.obj
 0002:00018a48       __sehtable$__CrtMemCheckpoint 1007ca48     LIBCMTD:dbgheap.obj
 0002:00018a68       __sehtable$__CrtSetDbgBlockType 1007ca68     LIBCMTD:dbgheap.obj
 0002:00018a88       __sehtable$__heap_alloc_dbg_impl 1007ca88     LIBCMTD:dbgheap.obj
 0002:00018aa8       __sehtable$?__crtIsBadReadPtr@@YAHPBXI@Z 1007caa8     LIBCMTD:dbgheap.obj
 0002:00018ac8       __sehtable$?_CrtMemDumpAllObjectsSince_stat@@YAXPBU_CrtMemState@@PAUlocaleinfo_struct@@@Z 1007cac8     LIBCMTD:dbgheap.obj
 0002:00018ae8       __sehtable$__close         1007cae8     LIBCMTD:close.obj
 0002:00018b08       __sehtable$__CrtSetReportHookW2 1007cb08     LIBCMTD:dbgrptw.obj
 0002:00018b28       __sehtable$__getstream     1007cb28     LIBCMTD:stream.obj
 0002:00018b48       __sehtable$_vfprintf_helper 1007cb48     LIBCMTD:vfprintf.obj
 0002:00018b68       __sehtable$__ioinit        1007cb68     LIBCMTD:ioinit.obj
 0002:00018b88       __sehtable$__read          1007cb88     LIBCMTD:read.obj
 0002:00018ba8       __sehtable$__write         1007cba8     LIBCMTD:write.obj
 0002:00018bc8       __sehtable$_vprintf_helper 1007cbc8     LIBCMTD:vprintf.obj
 0002:00018be8       __sehtable$___set_fpsr_sse2 1007cbe8     LIBCMTD:fpctrl.obj
 0002:00018c08       __sehtable$?DebuggerProbe@@YAHK@Z 1007cc08     LIBCMTD:error.obj
 0002:00018c28       __sehtable$?DebuggerRuntime@@YAHKHPAXPB_W@Z 1007cc28     LIBCMTD:error.obj
 0002:00018c48       __sehtable$__freefls@4     1007cc48     LIBCMTD:tidtable.obj
 0002:00018c70       __sehtable$__initptd       1007cc70     LIBCMTD:tidtable.obj
 0002:00018c98       __sehtable$?terminate@@YAXXZ 1007cc98     LIBCMTD:hooks.obj
 0002:00018cb8       __sehtable$?_inconsistency@@YAXXZ 1007ccb8     LIBCMTD:hooks.obj
 0002:00018cd8       __sehtable$___FrameUnwindToState 1007ccd8     LIBCMTD:frame.obj
 0002:00018d00       __sehtable$?CallCatchBlock@@YAPAXPAUEHExceptionRecord@@PAUEHRegistrationNode@@PAU_CONTEXT@@PBU_s_FuncInfo@@PAXHK@Z 1007cd00     LIBCMTD:frame.obj
 0002:00018d28       __sehtable$___BuildCatchObject 1007cd28     LIBCMTD:frame.obj
 0002:00018d48       __sehtable$___DestructExceptionObject 1007cd48     LIBCMTD:frame.obj
 0002:00018d64       __catchsym$?CallUnexpected@@YAXPBU_s_ESTypeList@@@Z$2 1007cd64     LIBCMTD:frame.obj
 0002:00018d74       __unwindtable$?CallUnexpected@@YAXPBU_s_ESTypeList@@@Z 1007cd74     LIBCMTD:frame.obj
 0002:00018d84       __tryblocktable$?CallUnexpected@@YAXPBU_s_ESTypeList@@@Z 1007cd84     LIBCMTD:frame.obj
 0002:00018d98       __ehfuncinfo$?CallUnexpected@@YAXPBU_s_ESTypeList@@@Z 1007cd98     LIBCMTD:frame.obj
 0002:00018dc0       __sehtable$___BuildCatchObjectHelper 1007cdc0     LIBCMTD:frame.obj
 0002:00018e18       __sehtable$?_Name_base@type_info@@CAPBDPBV1@PAU__type_info_node@@@Z 1007ce18     LIBCMTD:typname.obj
 0002:00018e38       __sehtable$?_Type_info_dtor@type_info@@CAXPAV1@@Z 1007ce38     LIBCMTD:typname.obj
 0002:00018e58       __sehtable$?_Name_base_internal@type_info@@CAPBDPBV1@PAU__type_info_node@@@Z 1007ce58     LIBCMTD:typname.obj
 0002:00018e78       __sehtable$?_Type_info_dtor_internal@type_info@@CAXPAV1@@Z 1007ce78     LIBCMTD:typname.obj
 0002:00018e98       __sehtable$___clean_type_info_names_internal 1007ce98     LIBCMTD:typname.obj
 0002:00018eb8       __sehtable$__commit        1007ceb8     LIBCMTD:commit.obj
 0002:00018ed8       __sehtable$__ftelli64      1007ced8     LIBCMTD:ftelli64.obj
 0002:00018ef8       __sehtable$__fseeki64      1007cef8     LIBCMTD:fseeki64.obj
 0002:00018f18       __sehtable$__IsNonwritableInCurrentImage 1007cf18     LIBCMTD:pesect.obj
 0002:00018f38       __sehtable$___updatetmbcinfo 1007cf38     LIBCMTD:mbctype.obj
 0002:00018f58       __sehtable$__setmbcp       1007cf58     LIBCMTD:mbctype.obj
 0002:00018f74       __unwindtable$?getSystemCP@@YAHH@Z 1007cf74     LIBCMTD:mbctype.obj
 0002:00018f7c       __ehfuncinfo$?getSystemCP@@YAHH@Z 1007cf7c     LIBCMTD:mbctype.obj
 0002:00018fa0       __sehtable$_vfwprintf_helper 1007cfa0     LIBCMTD:vfwprint.obj
 0002:00018fc0       __sehtable$___updatetlocinfo 1007cfc0     LIBCMTD:localref.obj
 0002:00018fe0       __sehtable$__CrtSetReportHook2 1007cfe0     LIBCMTD:dbgrpt.obj
 0002:00019000       __sehtable$__alloc_osfhnd  1007d000     LIBCMTD:osfinfo.obj
 0002:00019028       __sehtable$___lock_fhandle 1007d028     LIBCMTD:osfinfo.obj
 0002:00019048       __sehtable$__open_osfhandle 1007d048     LIBCMTD:osfinfo.obj
 0002:00019068       __sehtable$__VCrtDbgReportA 1007d068     LIBCMTD:dbgrptt.obj
 0002:00019090       __sehtable$__VCrtDbgReportW 1007d090     LIBCMTD:dbgrptt.obj
 0002:000190b8       __sehtable$__sopen_helper  1007d0b8     LIBCMTD:open.obj
 0002:000190d8       __sehtable$__open          1007d0d8     LIBCMTD:open.obj
 0002:000190f8       __sehtable$__lseeki64      1007d0f8     LIBCMTD:lseeki64.obj
 0002:00019118       __sehtable$__putwch        1007d118     LIBCMTD:putwch.obj
 0002:00019138       __sehtable$___unDName      1007d138     LIBCMTD:undname.obj
 0002:00019158       __sehtable$___unDNameEx    1007d158     LIBCMTD:undname.obj
 0002:00019174       __unwindtable$?make@DNameStatusNode@@SAPAV1@W4DNameStatus@@@Z 1007d174     LIBCMTD:undname.obj
 0002:0001917c       __ehfuncinfo$?make@DNameStatusNode@@SAPAV1@W4DNameStatus@@@Z 1007d17c     LIBCMTD:undname.obj
 0002:000191a0       __unwindtable$?x_ismbbtype_l@@YAHPAUlocaleinfo_struct@@IHH@Z 1007d1a0     LIBCMTD:ismbbyte.obj
 0002:000191a8       __ehfuncinfo$?x_ismbbtype_l@@YAHPAUlocaleinfo_struct@@IHH@Z 1007d1a8     LIBCMTD:ismbbyte.obj
 0002:000191d0       __sehtable$_fputwc         1007d1d0     LIBCMTD:fputwc.obj
 0002:000191f0       __sehtable$__get_current_locale 1007d1f0     LIBCMTD:wsetloca.obj
 0002:00019218       __sehtable$__free_locale   1007d218     LIBCMTD:wsetloca.obj
 0002:00019240       __sehtable$__wsetlocale    1007d240     LIBCMTD:wsetloca.obj
 0002:00019278       __sehtable$__locterm       1007d278     LIBCMTD:wsetloca.obj
 0002:00019298       __sehtable$__wsopen_helper 1007d298     LIBCMTD:wopen.obj
 0002:000192b8       __sehtable$__wopen         1007d2b8     LIBCMTD:wopen.obj
 0002:000192d4       __unwindtable$?strtoxl@@YAKPAUlocaleinfo_struct@@PBDPAPBDHH@Z 1007d2d4     LIBCMTD:strtol.obj
 0002:000192dc       __ehfuncinfo$?strtoxl@@YAKPAUlocaleinfo_struct@@PBDPAPBDHH@Z 1007d2dc     LIBCMTD:strtol.obj
 0002:00019300       __sehtable$__chsize_s      1007d300     LIBCMTD:chsize.obj
 0002:00019320       __sehtable$__setmode       1007d320     LIBCMTD:setmode.obj
 0002:0001933c       __unwindtable$?strtoxq@@YA_KPAUlocaleinfo_struct@@PBDPAPBDHH@Z 1007d33c     LIBCMTD:strtoq.obj
 0002:00019344       __ehfuncinfo$?strtoxq@@YA_KPAUlocaleinfo_struct@@PBDPAPBDHH@Z 1007d344     LIBCMTD:strtoq.obj
 0002:00019368       __unwindtable$?wcstoxq@@YA_KPAUlocaleinfo_struct@@PB_WPAPB_WHH@Z 1007d368     LIBCMTD:wcstoq.obj
 0002:00019370       __ehfuncinfo$?wcstoxq@@YA_KPAUlocaleinfo_struct@@PB_WPAPB_WHH@Z 1007d370     LIBCMTD:wcstoq.obj
 0002:000193a0       .edata                     1007d3a0     learning.exp
 0002:000193c8       rgpv                       1007d3c8     learning.exp
 0002:000194d0       rgszName                   1007d4d0     learning.exp
 0002:000195d8       rgwOrd                     1007d5d8     learning.exp
 0002:0001965c       szName                     1007d65c     learning.exp
 0002:00019669       $N00001                    1007d669     learning.exp
 0002:0001967c       $N00002                    1007d67c     learning.exp
 0002:00019689       $N00003                    1007d689     learning.exp
 0002:0001969f       $N00004                    1007d69f     learning.exp
 0002:000196af       $N00005                    1007d6af     learning.exp
 0002:000196c1       $N00006                    1007d6c1     learning.exp
 0002:000196d0       $N00007                    1007d6d0     learning.exp
 0002:000196ea       $N00008                    1007d6ea     learning.exp
 0002:000196fa       $N00009                    1007d6fa     learning.exp
 0002:0001971b       $N00010                    1007d71b     learning.exp
 0002:00019734       $N00011                    1007d734     learning.exp
 0002:00019741       $N00012                    1007d741     learning.exp
 0002:00019754       $N00013                    1007d754     learning.exp
 0002:00019762       $N00014                    1007d762     learning.exp
 0002:0001976b       $N00015                    1007d76b     learning.exp
 0002:00019775       $N00016                    1007d775     learning.exp
 0002:00019789       $N00017                    1007d789     learning.exp
 0002:0001979d       $N00018                    1007d79d     learning.exp
 0002:000197b2       $N00019                    1007d7b2     learning.exp
 0002:000197c7       $N00020                    1007d7c7     learning.exp
 0002:000197e4       $N00021                    1007d7e4     learning.exp
 0002:000197ee       $N00022                    1007d7ee     learning.exp
 0002:000197ff       $N00023                    1007d7ff     learning.exp
 0002:0001980d       $N00024                    1007d80d     learning.exp
 0002:00019821       $N00025                    1007d821     learning.exp
 0002:00019838       $N00026                    1007d838     learning.exp
 0002:0001984d       $N00027                    1007d84d     learning.exp
 0002:00019859       $N00028                    1007d859     learning.exp
 0002:00019868       $N00029                    1007d868     learning.exp
 0002:00019878       $N00030                    1007d878     learning.exp
 0002:00019888       $N00031                    1007d888     learning.exp
 0002:0001989c       $N00032                    1007d89c     learning.exp
 0002:000198a5       $N00033                    1007d8a5     learning.exp
 0002:000198af       $N00034                    1007d8af     learning.exp
 0002:000198b6       $N00035                    1007d8b6     learning.exp
 0002:000198bd       $N00036                    1007d8bd     learning.exp
 0002:000198c7       $N00037                    1007d8c7     learning.exp
 0002:000198d5       $N00038                    1007d8d5     learning.exp
 0002:000198d9       $N00039                    1007d8d9     learning.exp
 0002:000198df       $N00040                    1007d8df     learning.exp
 0002:000198f0       $N00041                    1007d8f0     learning.exp
 0002:000198f6       $N00042                    1007d8f6     learning.exp
 0002:00019911       $N00043                    1007d911     learning.exp
 0002:00019934       $N00044                    1007d934     learning.exp
 0002:0001993b       $N00045                    1007d93b     learning.exp
 0002:0001994b       $N00046                    1007d94b     learning.exp
 0002:00019955       $N00047                    1007d955     learning.exp
 0002:00019971       $N00048                    1007d971     learning.exp
 0002:00019995       $N00049                    1007d995     learning.exp
 0002:000199ab       $N00050                    1007d9ab     learning.exp
 0002:000199ba       $N00051                    1007d9ba     learning.exp
 0002:000199c9       $N00052                    1007d9c9     learning.exp
 0002:000199d1       $N00053                    1007d9d1     learning.exp
 0002:000199d9       $N00054                    1007d9d9     learning.exp
 0002:000199e4       $N00055                    1007d9e4     learning.exp
 0002:000199e8       $N00056                    1007d9e8     learning.exp
 0002:000199ed       $N00057                    1007d9ed     learning.exp
 0002:000199f4       $N00058                    1007d9f4     learning.exp
 0002:000199f9       $N00059                    1007d9f9     learning.exp
 0002:00019a00       $N00060                    1007da00     learning.exp
 0002:00019a07       $N00061                    1007da07     learning.exp
 0002:00019a10       $N00062                    1007da10     learning.exp
 0002:00019a1c       $N00063                    1007da1c     learning.exp
 0002:00019a28       $N00064                    1007da28     learning.exp
 0002:00019a32       $N00065                    1007da32     learning.exp
 0002:00019a42       $N00066                    1007da42     learning.exp
 0002:0001a200       .idata$6                   1007e200     kernel32:KERNEL32.dll
 0003:00000000       __assertstring             1007f000     LIBCMTD:wassert.obj
 0003:00000050       _dotdotdot                 1007f050     LIBCMTD:wassert.obj
 0003:00000054       _newline                   1007f054     LIBCMTD:wassert.obj
 0003:00000058       _dblnewline                1007f058     LIBCMTD:wassert.obj
 0003:000002e0       _NAME_                     1007f2e0     LIBCMTD:sqrt.obj
 0003:00000300       _NAME_                     1007f300     LIBCMTD:cos.obj
 0003:00000310       LOG_name                   1007f310     LIBCMTD:log.obj
 0003:00000320       _NAME_                     1007f320     LIBCMTD:sin.obj
 0003:00000338       POW_name                   1007f338     LIBCMTD:pow.obj
 0003:00000348       __locktable                1007f348     LIBCMTD:mlock.obj
 0003:00000474       __lRequestCurr             1007f474     LIBCMTD:dbgheap.obj
 0003:00000478       __bNoMansLandFill          1007f478     LIBCMTD:dbgheap.obj
 0003:00000479       __bAlignLandFill           1007f479     LIBCMTD:dbgheap.obj
 0003:0000047a       __bDeadLandFill            1007f47a     LIBCMTD:dbgheap.obj
 0003:0000047b       __bCleanLandFill           1007f47b     LIBCMTD:dbgheap.obj
 0003:00000480       _errtable                  1007f480     LIBCMTD:dosmap.obj
 0003:000005e8       _ErrnoNoMem                1007f5e8     LIBCMTD:dosmap.obj
 0003:000005ec       _DoserrorNoMem             1007f5ec     LIBCMTD:dosmap.obj
 0003:000005f0       _dotdotdot                 1007f5f0     LIBCMTD:dbgrptw.obj
 0003:00000750       ?_names@?1??_get_fname@@9@9 1007f750     LIBCMTD:fpexcept.obj
 0003:00000860       _over                      1007f860     LIBCMTD:fpctrl.obj
 0003:0000086c       _under                     1007f86c     LIBCMTD:fpctrl.obj
 0003:00000878       ?__DAZ_ENABLED@?1??__set_fpsr_sse2@@9@9 1007f878     LIBCMTD:fpctrl.obj
 0003:000008c0       _newcw                     1007f8c0     LIBCMTD:floor.obj
 0003:000008d0       ?isPackaged@?1??__crtIsPackagedApp@@9@9 1007f8d0     LIBCMTD:winapisupp.obj
 0003:00000d00       ___rgctypeflag             1007fd00     LIBCMTD:mbctype.obj
 0003:00000d08       ___rgcode_page_info        1007fd08     LIBCMTD:mbctype.obj
 0003:00000e00       _dotdotdot                 1007fe00     LIBCMTD:dbgrpt.obj
 0003:000010dc       __ctype_loc_style          100800dc     LIBCMTD:wsetloca.obj
 0003:000010f4       _DoubleFormat              100800f4     LIBCMTD:intrncvt.obj
 0003:0000110c       _FloatFormat               1008010c     LIBCMTD:intrncvt.obj
 0003:00001680       ?gaussian@?1??confSample@DiscretePolicy@@IAEHPAM0@Z@4VNormalDistribution@@A 10080680     policy.obj
 0003:0000169c       ?$S1@?1??confSample@DiscretePolicy@@IAEHPAM0@Z@4IA 1008069c     policy.obj
 0003:000016a0       ?laplacian@?1??confSample@DiscretePolicy@@IAEHPAM0@Z@4VLaplacianDistribution@@A 100806a0     policy.obj
 0003:000016ac       ?uniform@?1??confSample@DiscretePolicy@@IAEHPAM0@Z@4VUniformDistribution@@A 100806ac     policy.obj
 0003:000016b8       _msgport                   100806b8     string_utils.obj
 0003:000016c0       _msgbuf                    100806c0     string_utils.obj
 0003:00003dd4       ___enable_percent_n        10082dd4     LIBCMTD:printf.obj
 0003:00003dd8       ?init@?1??_RTC_InitBase@@9@4_NA 10082dd8     LIBCMTD:init.obj
 0003:00003de0       ___proc_attached           10082de0     LIBCMTD:dllcrt0.obj
 0003:00003df0       _GS_ExceptionRecord        10082df0     LIBCMTD:gs_report.obj
 0003:00003e40       _GS_ContextRecord          10082e40     LIBCMTD:gs_report.obj
 0003:0000410c       _DebuggerWasPresent        1008310c     LIBCMTD:gs_report.obj
 0003:0000414c       _ctrlc_action              1008314c     LIBCMTD:winsig.obj
 0003:00004150       _ctrlbreak_action          10083150     LIBCMTD:winsig.obj
 0003:00004154       _abort_action              10083154     LIBCMTD:winsig.obj
 0003:00004158       _term_action               10083158     LIBCMTD:winsig.obj
 0003:0000415c       _ConsoleCtrlHandler_Installed 1008315c     LIBCMTD:winsig.obj
 0003:00004160       ?pfnGetLastActivePopup@?1??__crtMessageBoxW@@9@9 10083160     LIBCMTD:crtmboxw.obj
 0003:00004164       ?pfnGetProcessWindowStation@?1??__crtMessageBoxW@@9@9 10083164     LIBCMTD:crtmboxw.obj
 0003:00004168       ?pfnGetUserObjectInformation@?1??__crtMessageBoxW@@9@9 10083168     LIBCMTD:crtmboxw.obj
 0003:0000416c       ?pfnMessageBox@?1??__crtMessageBoxW@@9@9 1008316c     LIBCMTD:crtmboxw.obj
 0003:00004170       ?pfnGetActiveWindow@?1??__crtMessageBoxW@@9@9 10083170     LIBCMTD:crtmboxw.obj
 0003:00004180       ?outmsg@?M@??_NMSG_WRITE@@9@9 10083180     LIBCMTD:crt0msg.obj
 0003:000047a8       _lclcritsects              100837a8     LIBCMTD:mlock.obj
 0003:00004914       _check_frequency           10083914     LIBCMTD:dbgheap.obj
 0003:0000491c       _check_counter             1008391c     LIBCMTD:dbgheap.obj
 0003:00004920       __lTotalAlloc              10083920     LIBCMTD:dbgheap.obj
 0003:00004924       __lCurAlloc                10083924     LIBCMTD:dbgheap.obj
 0003:00004928       __lMaxAlloc                10083928     LIBCMTD:dbgheap.obj
 0003:0000492c       __pFirstBlock              1008392c     LIBCMTD:dbgheap.obj
 0003:00004930       __pLastBlock               10083930     LIBCMTD:dbgheap.obj
 0003:00004a48       __RTC_ErrorReportFunc      10083a48     LIBCMTD:userapi.obj
 0003:00004a4c       __RTC_ErrorReportFuncW     10083a4c     LIBCMTD:userapi.obj
 0003:00004a5c       ___type_info_root_node     10083a5c     LIBCMTD:typname.obj
 0003:00004a68       __pmatherr_set             10083a68     LIBCMTD:libm_error.obj
 0003:00004a78       ?_pgmname@?1??_setargv@@9@9 10083a78     LIBCMTD:stdargv.obj
 0003:00004b80       _g_pfnRtlGenRandom         10083b80     LIBCMTD:rand_s.obj
 0003:00004b9c       _fSystemSet                10083b9c     LIBCMTD:mbctype.obj
 0003:00004ba4       _mspdb                     10083ba4     LIBCMTD:pdblkup.obj
 0003:00004ba8       ?alreadyTried@?1??GetPdbDll@@YAPAUHINSTANCE__@@XZ@4_NA 10083ba8     LIBCMTD:pdblkup.obj
 0003:00004ba9       ?PDBOK@?BM@??_RTC_GetSrcLine@@YAHPAEPA_WKPAH1K@Z@4_NA 10083ba9     LIBCMTD:pdblkup.obj
 0003:00004bd8       _heap                      10083bd8     LIBCMTD:undname.obj
 0003:00004bf0       ?buf@?1??dbGetString@DName@@QBEPADXZ@4PADA 10083bf0     LIBCMTD:undname.obj
 0003:00004c74       ___crtCallProc             10083c74     LIBCMTD:winapinls.obj
