 simuv2

 Timestamp is 593049d9 (Thu Jun 01 18:07:37 2017)

 Preferred load address is 10000000

 Start         Length     Name                   Class
 0001:00000000 00000311H .text                   CODE
 0001:00000320 000001b4H .text$di                CODE
 0001:000004e0 000243bcH .text$mn                CODE
 0001:000248a0 000002b7H .text$x                 CODE
 0001:00024b60 00000404H .text$yd                CODE
 0002:00000000 00000130H .idata$5                DATA
 0002:00000130 00000004H .CRT$XCA                DATA
 0002:00000134 0000003cH .CRT$XCU                DATA
 0002:00000170 00000004H .CRT$XCZ                DATA
 0002:00000174 00000004H .CRT$XIA                DATA
 0002:00000178 00000014H .CRT$XIC                DATA
 0002:0000018c 00000004H .CRT$XIZ                DATA
 0002:00000190 00000004H .CRT$XPA                DATA
 0002:00000194 00000008H .CRT$XPX                DATA
 0002:0000019c 00000004H .CRT$XPXA               DATA
 0002:000001a0 00000004H .CRT$XPZ                DATA
 0002:000001a4 00000004H .CRT$XTA                DATA
 0002:000001a8 00000004H .CRT$XTZ                DATA
 0002:000001b0 000132f8H .rdata                  DATA
 0002:000134a8 000006a0H .rdata$r                DATA
 0002:00013b50 00000060H .rdata$sxdata           DATA
 0002:00013bb0 00000004H .rtc$IAA                DATA
 0002:00013bb4 00000004H .rtc$IZZ                DATA
 0002:00013bb8 00000004H .rtc$TAA                DATA
 0002:00013bbc 00000004H .rtc$TZZ                DATA
 0002:00013bc0 00000b1cH .xdata$x                DATA
 0002:000146e0 00000044H .edata                  DATA
 0002:00014724 0000003cH .idata$2                DATA
 0002:00014760 00000014H .idata$3                DATA
 0002:00014774 00000130H .idata$4                DATA
 0002:000148a4 00000570H .idata$6                DATA
 0003:00000000 00001338H .data                   DATA
 0003:00001338 00000278H .data$r                 DATA
 0003:000015c0 00002ba0H .bss                    DATA

  Address         Publics by Value              Rva+Base       Lib:Object

 0000:00000000       ___guard_fids_count        00000000     <absolute>
 0000:00000000       __except_list              00000000     <absolute>
 0000:00000000       ___guard_flags             00000000     <absolute>
 0000:00000000       ___guard_fids_table        00000000     <absolute>
 0000:00000018       ___safe_se_handler_count   00000018     <absolute>
 0000:00000000       ___ImageBase               10000000     <linker-defined>
 0001:00000000       ?sgMakeCoordMat4@@YAXQAY03MMMMMMM@Z 10001000 f   sg_vs2008_32:sg.obj
 0001:000001f0       ?sgXformPnt4@@YAXQAMQBMQAY03$$CBM@Z 100011f0 f   sg_vs2008_32:sg.obj
 0001:000002b0       ?sgFullXformPnt3@@YAXQAMQBMQAY03$$CBM@Z 100012b0 f   sg_vs2008_32:sg.obj
 0001:000004e0       ?SimAeroConfig@@YAXPAUtCar@@@Z 100014e0 f   aero.obj
 0001:000005b0       ?SimAeroUpdate@@YAXPAUtCar@@PAUSituation@@@Z 100015b0 f   aero.obj
 0001:00000aa0       ?SimWingConfig@@YAXPAUtCar@@H@Z 10001aa0 f   aero.obj
 0001:00000bd0       ?SimWingUpdate@@YAXPAUtCar@@HPAUSituation@@@Z 10001bd0 f   aero.obj
 0001:00000cd0       ?SimAxleConfig@@YAXPAUtCar@@H@Z 10001cd0 f   axle.obj
 0001:00000e40       ?SimAxleUpdate@@YAXPAUtCar@@H@Z 10001e40 f   axle.obj
 0001:00000ed0       ?SimBrakeConfig@@YAXPAXPBDPAUtBrake@@@Z 10001ed0 f   brake.obj
 0001:00000fa0       ?SimBrakeUpdate@@YAXPAUtCar@@PAUtWheel@@PAUtBrake@@@Z 10001fa0 f   brake.obj
 0001:00001070       ?SimBrakeSystemConfig@@YAXPAUtCar@@@Z 10002070 f   brake.obj
 0001:000010d0       ?SimBrakeSystemUpdate@@YAXPAUtCar@@@Z 100020d0 f   brake.obj
 0001:00001130       ?SimCarConfig@@YAXPAUtCar@@@Z 10002130 f   car.obj
 0001:00001980       ?SimCarUpdate@@YAXPAUtCar@@PAUSituation@@@Z 10002980 f   car.obj
 0001:000019c0       ?SimCarUpdate2@@YAXPAUtCar@@PAUSituation@@@Z 100029c0 f   car.obj
 0001:000019e0       ?SimCarUpdateWheelPos@@YAXPAUtCar@@@Z 100029e0 f   car.obj
 0001:00002a60       ?SimTelemetryOut@@YAXPAUtCar@@@Z 10003a60 f   car.obj
 0001:00002df0       ?SimCarCollideZ@@YAXPAUtCar@@@Z 10003df0 f   collide.obj
 0001:00002f60       ?SimCarCollideXYScene@@YAXPAUtCar@@@Z 10003f60 f   collide.obj
 0001:000032e0       ?SimCarCollideCars@@YAXPAUSituation@@@Z 100042e0 f   collide.obj
 0001:00003410       ?SimCarCollideConfig@@YAXPAUtCar@@PAUtTrack@@@Z 10004410 f   collide.obj
 0001:00003480       ?SimCarCollideShutdown@@YAXH@Z 10004480 f   collide.obj
 0001:00003510       ?SimCarCollideInit@@YAXPAUtTrack@@@Z 10004510 f   collide.obj
 0001:000035c0       ?SimCollideRemoveCar@@YAXPAUtCar@@H@Z 100045c0 f   collide.obj
 0001:00004360       ?buildWalls@@YAXPAUtrackSeg@@H@Z 10005360 f   collide.obj
 0001:00004940       ?SimDifferentialConfig@@YAXPAXPBDPAUtDifferential@@@Z 10005940 f   differential.obj
 0001:00004c10       ?SimDifferentialUpdate@@YAXPAUtCar@@PAUtDifferential@@H@Z 10005c10 f   differential.obj
 0001:00005220       ?SimEngineConfig@@YAXPAUtCar@@@Z 10006220 f   engine.obj
 0001:00005590       ?SimEngineUpdateTq@@YAXPAUtCar@@@Z 10006590 f   engine.obj
 0001:00005710       ?SimEngineUpdateRpm@@YAMPAUtCar@@M@Z 10006710 f   engine.obj
 0001:000058f0       ?SimEngineShutdown@@YAXPAUtCar@@@Z 100068f0 f   engine.obj
 0001:00005910       ?SimConfig@@YAXPAUCarElt@@PAURmInfo@@@Z 10006910 f   simu.obj
 0001:00005ab0       ?SimReConfig@@YAXPAUCarElt@@@Z 10006ab0 f   simu.obj
 0001:00005b20       ?SimUpdate@@YAXPAUSituation@@NH@Z 10006b20 f   simu.obj
 0001:00006020       ?SimInit@@YAXHPAUtTrack@@@Z 10007020 f   simu.obj
 0001:00006050       ?SimShutdown@@YAXXZ        10007050 f   simu.obj
 0001:00006b50       ?DllEntryPoint@@YGHPAUHINSTANCE__@@KPAX@Z 10007b50 f   simuitf.obj
 0001:00006b90       _simuv2                    10007b90 f   simuitf.obj
 0001:00006bd0       ?SimSteerConfig@@YAXPAUtCar@@@Z 10007bd0 f   steer.obj
 0001:00006c40       ?SimSteerUpdate@@YAXPAUtCar@@@Z 10007c40 f   steer.obj
 0001:00006d80       ?SimSuspCheckIn@@YAXPAUSuspension@@@Z 10007d80 f   susp.obj
 0001:00006dd0       ?SimSuspUpdate@@YAXPAUSuspension@@@Z 10007dd0 f   susp.obj
 0001:00006df0       ?SimSuspConfig@@YAXPAXPBDPAUSuspension@@MM@Z 10007df0 f   susp.obj
 0001:00007070       ?SimTransmissionConfig@@YAXPAUtCar@@@Z 10008070 f   transmission.obj
 0001:000077d0       ?SimTransmissionUpdate@@YAXPAUtCar@@@Z 100087d0 f   transmission.obj
 0001:000079a0       ?SimGearboxUpdate@@YAXPAUtCar@@@Z 100089a0 f   transmission.obj
 0001:00007cd0       ?SimWheelConfig@@YAXPAUtCar@@H@Z 10008cd0 f   wheel.obj
 0001:000082a0       ?SimWheelUpdateRide@@YAXPAUtCar@@H@Z 100092a0 f   wheel.obj
 0001:00008390       ?SimWheelUpdateForce@@YAXPAUtCar@@H@Z 10009390 f   wheel.obj
 0001:00008a30       ?SimWheelUpdateRotation@@YAXPAUtCar@@@Z 10009a30 f   wheel.obj
 0001:00008b40       ?SimUpdateFreeWheels@@YAXPAUtCar@@H@Z 10009b40 f   wheel.obj
 0001:00008c40       _dtBox                     10009c40 f   solid:C-api.obj
 0001:00008c90       _dtCone                    10009c90 f   solid:C-api.obj
 0001:00008d10       _dtCylinder                10009d10 f   solid:C-api.obj
 0001:00008d50       _dtSphere                  10009d50 f   solid:C-api.obj
 0001:00008d80       _dtNewComplexShape         10009d80 f   solid:C-api.obj
 0001:00008dc0       _dtEndComplexShape         10009dc0 f   solid:C-api.obj
 0001:00008f10       _dtBegin                   10009f10 f   solid:C-api.obj
 0001:00008f20       _dtEnd                     10009f20 f   solid:C-api.obj
 0001:00008f50       _dtVertex                  10009f50 f   solid:C-api.obj
 0001:00009080       _dtVertexBase              1000a080 f   solid:C-api.obj
 0001:000090a0       _dtVertexIndex             1000a0a0 f   solid:C-api.obj
 0001:00009140       _dtVertexIndices           1000a140 f   solid:C-api.obj
 0001:00009260       _dtVertexRange             1000a260 f   solid:C-api.obj
 0001:00009340       _dtChangeVertexBase        1000a340 f   solid:C-api.obj
 0001:000093d0       _dtDeleteShape             1000a3d0 f   solid:C-api.obj
 0001:00009430       _dtCreateObject            1000a430 f   solid:C-api.obj
 0001:00009490       _dtDeleteObject            1000a490 f   solid:C-api.obj
 0001:00009550       _dtSelectObject            1000a550 f   solid:C-api.obj
 0001:000095d0       _dtLoadIdentity            1000a5d0 f   solid:C-api.obj
 0001:000095e0       _dtLoadMatrixf             1000a5e0 f   solid:C-api.obj
 0001:00009600       _dtLoadMatrixd             1000a600 f   solid:C-api.obj
 0001:00009620       _dtMultMatrixf             1000a620 f   solid:C-api.obj
 0001:00009650       _dtMultMatrixd             1000a650 f   solid:C-api.obj
 0001:00009680       _dtTranslate               1000a680 f   solid:C-api.obj
 0001:000096c0       _dtRotate                  1000a6c0 f   solid:C-api.obj
 0001:00009710       _dtScale                   1000a710 f   solid:C-api.obj
 0001:00009750       _dtSetDefaultResponse      1000a750 f   solid:C-api.obj
 0001:00009780       _dtClearDefaultResponse    1000a780 f   solid:C-api.obj
 0001:000097b0       _dtSetObjectResponse       1000a7b0 f   solid:C-api.obj
 0001:000097f0       _dtClearObjectResponse     1000a7f0 f   solid:C-api.obj
 0001:00009830       _dtResetObjectResponse     1000a830 f   solid:C-api.obj
 0001:00009870       _dtSetPairResponse         1000a870 f   solid:C-api.obj
 0001:000098d0       _dtClearPairResponse       1000a8d0 f   solid:C-api.obj
 0001:00009930       _dtResetPairResponse       1000a930 f   solid:C-api.obj
 0001:00009990       _dtTest                    1000a990 f   solid:C-api.obj
 0001:00009ba0       _dtProceed                 1000aba0 f   solid:C-api.obj
 0001:00009c30       _dtEnableCaching           1000ac30 f   solid:C-api.obj
 0001:00009ca0       _dtDisableCaching          1000aca0 f   solid:C-api.obj
 0001:00009cb0       _dtSetTolerance            1000acb0 f   solid:C-api.obj
 0001:00009cd0       ?addPair@@YAXPBVObject@@0@Z 1000acd0 f   solid:C-api.obj
 0001:00009d10       ?removePair@@YAXPBVObject@@0@Z 1000ad10 f   solid:C-api.obj
 0001:00009d50       ?object_test@@YA_NAAVEncounter@@@Z 1000ad50 f   solid:C-api.obj
 0001:0000a020       ??$_Buynode@ABUpiecewise_construct_t@std@@V?$tuple@$$QAU?$pair@PAXPAX@std@@@2@V?$tuple@$$$V@2@@?$_Tree_buy@U?$pair@$$CBU?$pair@PAXPAX@std@@VResponse@@@std@@V?$allocator@U?$pair@$$CBU?$pair@PAXPAX@std@@VResponse@@@std@@@2@@std@@QAEPAU?$_Tree_node@U?$pair@$$CBU?$pair@PAXPAX@std@@VResponse@@@std@@PAX@1@ABUpiecewise_construct_t@1@$$QAV?$tuple@$$QAU?$pair@PAXPAX@std@@@1@$$QAV?$tuple@$$$V@1@@Z 1000b020 f i solid:C-api.obj
 0001:0000a070       ??$_Buynode@ABUpiecewise_construct_t@std@@V?$tuple@ABQAX@2@V?$tuple@$$$V@2@@?$_Tree_buy@U?$pair@QAXPAVObject@@@std@@V?$allocator@U?$pair@QAXPAVObject@@@std@@@2@@std@@QAEPAU?$_Tree_node@U?$pair@QAXPAVObject@@@std@@PAX@1@ABUpiecewise_construct_t@1@$$QAV?$tuple@ABQAX@1@$$QAV?$tuple@$$$V@1@@Z 1000b070 f i solid:C-api.obj
 0001:0000a0a0       ??$_Buynode@ABUpiecewise_construct_t@std@@V?$tuple@ABQAX@2@V?$tuple@$$$V@2@@?$_Tree_buy@U?$pair@QAXVResponse@@@std@@V?$allocator@U?$pair@QAXVResponse@@@std@@@2@@std@@QAEPAU?$_Tree_node@U?$pair@QAXVResponse@@@std@@PAX@1@ABUpiecewise_construct_t@1@$$QAV?$tuple@ABQAX@1@$$QAV?$tuple@$$$V@1@@Z 1000b0a0 f i solid:C-api.obj
 0001:0000a0e0       ??$_Buynode@VEncounter@@@?$_Tree_buy@VEncounter@@V?$allocator@VEncounter@@@std@@@std@@QAEPAU?$_Tree_node@VEncounter@@PAX@1@$$QAVEncounter@@@Z 1000b0e0 f i solid:C-api.obj
 0001:0000a110       ??$_Insert_at@AAU?$pair@$$CBU?$pair@PAXPAX@std@@VResponse@@@std@@PAU?$_Tree_node@U?$pair@$$CBU?$pair@PAXPAX@std@@VResponse@@@std@@PAX@2@@?$_Tree@V?$_Tmap_traits@U?$pair@PAXPAX@std@@VResponse@@U?$less@U?$pair@PAXPAX@std@@@2@V?$allocator@U?$pair@$$CBU?$pair@PAXPAX@std@@VResponse@@@std@@@2@$0A@@std@@@std@@IAE?AV?$_Tree_iterator@V?$_Tree_val@U?$_Tree_simple_types@U?$pair@$$CBU?$pair@PAXPAX@std@@VResponse@@@std@@@std@@@std@@@1@_NPAU?$_Tree_node@U?$pair@$$CBU?$pair@PAXPAX@std@@VResponse@@@std@@PAX@1@AAU?$pair@$$CBU?$pair@PAXPAX@std@@VResponse@@@1@1@Z 1000b110 f i solid:C-api.obj
 0001:0000a320       ??$_Insert_at@AAU?$pair@QAXPAVObject@@@std@@PAU?$_Tree_node@U?$pair@QAXPAVObject@@@std@@PAX@2@@?$_Tree@V?$_Tmap_traits@PAXPAVObject@@U?$less@PAX@std@@V?$allocator@U?$pair@QAXPAVObject@@@std@@@3@$0A@@std@@@std@@IAE?AV?$_Tree_iterator@V?$_Tree_val@U?$_Tree_simple_types@U?$pair@QAXPAVObject@@@std@@@std@@@std@@@1@_NPAU?$_Tree_node@U?$pair@QAXPAVObject@@@std@@PAX@1@AAU?$pair@QAXPAVObject@@@1@1@Z 1000b320 f i solid:C-api.obj
 0001:0000a530       ??$_Insert_at@AAU?$pair@QAXVResponse@@@std@@PAU?$_Tree_node@U?$pair@QAXVResponse@@@std@@PAX@2@@?$_Tree@V?$_Tmap_traits@PAXVResponse@@U?$less@PAX@std@@V?$allocator@U?$pair@QAXVResponse@@@std@@@3@$0A@@std@@@std@@IAE?AV?$_Tree_iterator@V?$_Tree_val@U?$_Tree_simple_types@U?$pair@QAXVResponse@@@std@@@std@@@std@@@1@_NPAU?$_Tree_node@U?$pair@QAXVResponse@@@std@@PAX@1@AAU?$pair@QAXVResponse@@@1@1@Z 1000b530 f i solid:C-api.obj
 0001:0000a740       ??$_Insert_at@VEncounter@@U_Nil@std@@@?$_Tree@V?$_Tset_traits@VEncounter@@U?$less@VEncounter@@@std@@V?$allocator@VEncounter@@@3@$0A@@std@@@std@@IAE?AV?$_Tree_const_iterator@V?$_Tree_val@U?$_Tree_simple_types@VEncounter@@@std@@@std@@@1@_NPAU?$_Tree_node@VEncounter@@PAX@1@$$QAVEncounter@@U_Nil@1@@Z 1000b740 f i solid:C-api.obj
 0001:0000a950       ??$_Insert_hint@AAU?$pair@$$CBU?$pair@PAXPAX@std@@VResponse@@@std@@PAU?$_Tree_node@U?$pair@$$CBU?$pair@PAXPAX@std@@VResponse@@@std@@PAX@2@@?$_Tree@V?$_Tmap_traits@U?$pair@PAXPAX@std@@VResponse@@U?$less@U?$pair@PAXPAX@std@@@2@V?$allocator@U?$pair@$$CBU?$pair@PAXPAX@std@@VResponse@@@std@@@2@$0A@@std@@@std@@IAE?AV?$_Tree_iterator@V?$_Tree_val@U?$_Tree_simple_types@U?$pair@$$CBU?$pair@PAXPAX@std@@VResponse@@@std@@@std@@@std@@@1@V?$_Tree_const_iterator@V?$_Tree_val@U?$_Tree_simple_types@U?$pair@$$CBU?$pair@PAXPAX@std@@VResponse@@@std@@@std@@@std@@@1@AAU?$pair@$$CBU?$pair@PAXPAX@std@@VResponse@@@1@PAU?$_Tree_node@U?$pair@$$CBU?$pair@PAXPAX@std@@VResponse@@@std@@PAX@1@@Z 1000b950 f i solid:C-api.obj
 0001:0000ab90       ??$_Insert_hint@AAU?$pair@QAXPAVObject@@@std@@PAU?$_Tree_node@U?$pair@QAXPAVObject@@@std@@PAX@2@@?$_Tree@V?$_Tmap_traits@PAXPAVObject@@U?$less@PAX@std@@V?$allocator@U?$pair@QAXPAVObject@@@std@@@3@$0A@@std@@@std@@IAE?AV?$_Tree_iterator@V?$_Tree_val@U?$_Tree_simple_types@U?$pair@QAXPAVObject@@@std@@@std@@@std@@@1@V?$_Tree_const_iterator@V?$_Tree_val@U?$_Tree_simple_types@U?$pair@QAXPAVObject@@@std@@@std@@@std@@@1@AAU?$pair@QAXPAVObject@@@1@PAU?$_Tree_node@U?$pair@QAXPAVObject@@@std@@PAX@1@@Z 1000bb90 f i solid:C-api.obj
 0001:0000ad70       ??$_Insert_hint@AAU?$pair@QAXVResponse@@@std@@PAU?$_Tree_node@U?$pair@QAXVResponse@@@std@@PAX@2@@?$_Tree@V?$_Tmap_traits@PAXVResponse@@U?$less@PAX@std@@V?$allocator@U?$pair@QAXVResponse@@@std@@@3@$0A@@std@@@std@@IAE?AV?$_Tree_iterator@V?$_Tree_val@U?$_Tree_simple_types@U?$pair@QAXVResponse@@@std@@@std@@@std@@@1@V?$_Tree_const_iterator@V?$_Tree_val@U?$_Tree_simple_types@U?$pair@QAXVResponse@@@std@@@std@@@std@@@1@AAU?$pair@QAXVResponse@@@1@PAU?$_Tree_node@U?$pair@QAXVResponse@@@std@@PAX@1@@Z 1000bd70 f i solid:C-api.obj
 0001:0000af50       ??$_Insert_nohint@AAU?$pair@$$CBU?$pair@PAXPAX@std@@VResponse@@@std@@PAU?$_Tree_node@U?$pair@$$CBU?$pair@PAXPAX@std@@VResponse@@@std@@PAX@2@@?$_Tree@V?$_Tmap_traits@U?$pair@PAXPAX@std@@VResponse@@U?$less@U?$pair@PAXPAX@std@@@2@V?$allocator@U?$pair@$$CBU?$pair@PAXPAX@std@@VResponse@@@std@@@2@$0A@@std@@@std@@IAE?AU?$pair@V?$_Tree_iterator@V?$_Tree_val@U?$_Tree_simple_types@U?$pair@$$CBU?$pair@PAXPAX@std@@VResponse@@@std@@@std@@@std@@@std@@_N@1@_NAAU?$pair@$$CBU?$pair@PAXPAX@std@@VResponse@@@1@PAU?$_Tree_node@U?$pair@$$CBU?$pair@PAXPAX@std@@VResponse@@@std@@PAX@1@@Z 1000bf50 f i solid:C-api.obj
 0001:0000b0a0       ??$_Insert_nohint@AAU?$pair@QAXPAVObject@@@std@@PAU?$_Tree_node@U?$pair@QAXPAVObject@@@std@@PAX@2@@?$_Tree@V?$_Tmap_traits@PAXPAVObject@@U?$less@PAX@std@@V?$allocator@U?$pair@QAXPAVObject@@@std@@@3@$0A@@std@@@std@@IAE?AU?$pair@V?$_Tree_iterator@V?$_Tree_val@U?$_Tree_simple_types@U?$pair@QAXPAVObject@@@std@@@std@@@std@@@std@@_N@1@_NAAU?$pair@QAXPAVObject@@@1@PAU?$_Tree_node@U?$pair@QAXPAVObject@@@std@@PAX@1@@Z 1000c0a0 f i solid:C-api.obj
 0001:0000b1b0       ??$_Insert_nohint@AAU?$pair@QAXVResponse@@@std@@PAU?$_Tree_node@U?$pair@QAXVResponse@@@std@@PAX@2@@?$_Tree@V?$_Tmap_traits@PAXVResponse@@U?$less@PAX@std@@V?$allocator@U?$pair@QAXVResponse@@@std@@@3@$0A@@std@@@std@@IAE?AU?$pair@V?$_Tree_iterator@V?$_Tree_val@U?$_Tree_simple_types@U?$pair@QAXVResponse@@@std@@@std@@@std@@@std@@_N@1@_NAAU?$pair@QAXVResponse@@@1@PAU?$_Tree_node@U?$pair@QAXVResponse@@@std@@PAX@1@@Z 1000c1b0 f i solid:C-api.obj
 0001:0000b2c0       ??$_Insert_nohint@VEncounter@@U_Nil@std@@@?$_Tree@V?$_Tset_traits@VEncounter@@U?$less@VEncounter@@@std@@V?$allocator@VEncounter@@@3@$0A@@std@@@std@@IAE?AU?$pair@V?$_Tree_const_iterator@V?$_Tree_val@U?$_Tree_simple_types@VEncounter@@@std@@@std@@@std@@_N@1@_N$$QAVEncounter@@U_Nil@1@@Z 1000c2c0 f i solid:C-api.obj
 0001:0000b400       ??$_Uninit_move@PAVPoint@@PAV1@V?$allocator@VPoint@@@std@@V1@@std@@YAPAVPoint@@PAV1@00AAU?$_Wrap_alloc@V?$allocator@VPoint@@@std@@@0@0U_Nonscalar_ptr_iterator_tag@0@@Z 1000c400 f i solid:C-api.obj
 0001:0000b440       ??$destroy@PAU?$_Tree_node@U?$pair@$$CBU?$pair@PAXPAX@std@@VResponse@@@std@@PAX@std@@@?$_Wrap_alloc@V?$allocator@U?$_Tree_node@U?$pair@$$CBU?$pair@PAXPAX@std@@VResponse@@@std@@PAX@std@@@std@@@std@@QAEXPAPAU?$_Tree_node@U?$pair@$$CBU?$pair@PAXPAX@std@@VResponse@@@std@@PAX@1@@Z 1000c440 f i solid:C-api.obj
 0001:0000b440       ??$destroy@PAU?$_Tree_node@U?$pair@QAXPAVObject@@@std@@PAX@std@@@?$_Wrap_alloc@V?$allocator@U?$_Tree_node@U?$pair@QAXPAVObject@@@std@@PAX@std@@@std@@@std@@QAEXPAPAU?$_Tree_node@U?$pair@QAXPAVObject@@@std@@PAX@1@@Z 1000c440 f i solid:C-api.obj
 0001:0000b440       ??$destroy@PAU?$_Tree_node@U?$pair@QAXVResponse@@@std@@PAX@std@@@?$_Wrap_alloc@V?$allocator@U?$_Tree_node@U?$pair@QAXVResponse@@@std@@PAX@std@@@std@@@std@@QAEXPAPAU?$_Tree_node@U?$pair@QAXVResponse@@@std@@PAX@1@@Z 1000c440 f i solid:C-api.obj
 0001:0000b440       ??$destroy@PAU?$_Tree_node@VEncounter@@PAX@std@@@?$_Wrap_alloc@V?$allocator@U?$_Tree_node@VEncounter@@PAX@std@@@std@@@std@@QAEXPAPAU?$_Tree_node@VEncounter@@PAX@1@@Z 1000c440 f i solid:C-api.obj
 0001:0000b450       ??0?$_Wrap_alloc@V?$allocator@PBVPolytope@@@std@@@std@@QAE@XZ 1000c450 f i solid:C-api.obj
 0001:0000b450       ??0?$_Wrap_alloc@V?$allocator@I@std@@@std@@QAE@XZ 1000c450 f i solid:C-api.obj
 0001:0000b450       ??0?$_Wrap_alloc@V?$allocator@PAVComplex@@@std@@@std@@QAE@XZ 1000c450 f i solid:C-api.obj
 0001:0000b450       ??0?$_Wrap_alloc@V?$allocator@U?$_Tree_node@VEncounter@@PAX@std@@@std@@@std@@QAE@XZ 1000c450 f i solid:C-api.obj
 0001:0000b450       ??0Vector@@QAE@XZ          1000c450 f i solid:C-api.obj
 0001:0000b450       ??0?$_Wrap_alloc@V?$allocator@VPoint@@@std@@@std@@QAE@XZ 1000c450 f i solid:C-api.obj
 0001:0000b450       ??0?$_Wrap_alloc@V?$allocator@U?$_Tree_node@U?$pair@QAXPAVObject@@@std@@PAX@std@@@std@@@std@@QAE@XZ 1000c450 f i solid:C-api.obj
 0001:0000b450       ??0?$_Wrap_alloc@V?$allocator@U?$_Tree_node@U?$pair@$$CBU?$pair@PAXPAX@std@@VResponse@@@std@@PAX@std@@@std@@@std@@QAE@XZ 1000c450 f i solid:C-api.obj
 0001:0000b450       ??0Point@@QAE@XZ           1000c450 f i solid:C-api.obj
 0001:0000b450       ??0?$_Wrap_alloc@V?$allocator@U?$_Tree_node@U?$pair@QAXVResponse@@@std@@PAX@std@@@std@@@std@@QAE@XZ 1000c450 f i solid:C-api.obj
 0001:0000b450       ??0?$_Wrap_alloc@V?$allocator@PAX@std@@@std@@QAE@XZ 1000c450 f i solid:RespTable.obj
 0001:0000b460       ??0Encounter@@QAE@PBVObject@@0@Z 1000c460 f i solid:C-api.obj
 0001:0000b4e0       ??0Polygon@@QAE@ABVVertexBase@@HQBI@Z 1000c4e0 f i solid:C-api.obj
 0001:0000b570       ??0Simplex@@QAE@ABVVertexBase@@HQBI@Z 1000c570 f i solid:C-api.obj
 0001:0000b600       ??1?$map@PAXVResponse@@U?$less@PAX@std@@V?$allocator@U?$pair@QAXVResponse@@@std@@@3@@std@@QAE@XZ 1000c600 f i solid:C-api.obj
 0001:0000b630       ??1Convex@@UAE@XZ          1000c630 f i solid:C-api.obj
 0001:0000b630       ??1Shape@@UAE@XZ           1000c630 f i solid:C-api.obj
 0001:0000b640       ??1Endpoint@@QAE@XZ        1000c640 f i solid:C-api.obj
 0001:0000b660       ??3@YAXPAX0@Z              1000c660 f i solid:C-api.obj
 0001:0000b670       ??A?$map@PAXPAVObject@@U?$less@PAX@std@@V?$allocator@U?$pair@QAXPAVObject@@@std@@@3@@std@@QAEAAPAVObject@@ABQAX@Z 1000c670 f i solid:C-api.obj
 0001:0000b700       ??A?$map@PAXVResponse@@U?$less@PAX@std@@V?$allocator@U?$pair@QAXVResponse@@@std@@@3@@std@@QAEAAVResponse@@ABQAX@Z 1000c700 f i solid:C-api.obj
 0001:0000b790       ??A?$map@U?$pair@PAXPAX@std@@VResponse@@U?$less@U?$pair@PAXPAX@std@@@2@V?$allocator@U?$pair@$$CBU?$pair@PAXPAX@std@@VResponse@@@std@@@2@@std@@QAEAAVResponse@@$$QAU?$pair@PAXPAX@1@@Z 1000c790 f i solid:C-api.obj
 0001:0000b800       ??E?$_Tree_unchecked_const_iterator@V?$_Tree_val@U?$_Tree_simple_types@U?$pair@$$CBU?$pair@PAXPAX@std@@VResponse@@@std@@@std@@@std@@U_Iterator_base0@2@@std@@QAEAAV01@XZ 1000c800 f i solid:C-api.obj
 0001:0000b800       ??E?$_Tree_unchecked_const_iterator@V?$_Tree_val@U?$_Tree_simple_types@VEncounter@@@std@@@std@@U_Iterator_base0@2@@std@@QAEAAV01@XZ 1000c800 f i solid:C-api.obj
 0001:0000b800       ??E?$_Tree_unchecked_const_iterator@V?$_Tree_val@U?$_Tree_simple_types@U?$pair@QAXPAVObject@@@std@@@std@@@std@@U_Iterator_base0@2@@std@@QAEAAV01@XZ 1000c800 f i solid:C-api.obj
 0001:0000b800       ??E?$_Tree_unchecked_const_iterator@V?$_Tree_val@U?$_Tree_simple_types@U?$pair@QAXVResponse@@@std@@@std@@@std@@U_Iterator_base0@2@@std@@QAEAAV01@XZ 1000c800 f i solid:C-api.obj
 0001:0000b850       ??F?$_Tree_unchecked_const_iterator@V?$_Tree_val@U?$_Tree_simple_types@U?$pair@$$CBU?$pair@PAXPAX@std@@VResponse@@@std@@@std@@@std@@U_Iterator_base0@2@@std@@QAEAAV01@XZ 1000c850 f i solid:C-api.obj
 0001:0000b850       ??F?$_Tree_unchecked_const_iterator@V?$_Tree_val@U?$_Tree_simple_types@VEncounter@@@std@@@std@@U_Iterator_base0@2@@std@@QAEAAV01@XZ 1000c850 f i solid:C-api.obj
 0001:0000b850       ??F?$_Tree_unchecked_const_iterator@V?$_Tree_val@U?$_Tree_simple_types@U?$pair@QAXVResponse@@@std@@@std@@@std@@U_Iterator_base0@2@@std@@QAEAAV01@XZ 1000c850 f i solid:C-api.obj
 0001:0000b850       ??F?$_Tree_unchecked_const_iterator@V?$_Tree_val@U?$_Tree_simple_types@U?$pair@QAXPAVObject@@@std@@@std@@@std@@U_Iterator_base0@2@@std@@QAEAAV01@XZ 1000c850 f i solid:C-api.obj
 0001:0000b8b0       ??R?$less@U?$pair@PAXPAX@std@@@std@@QBE_NABU?$pair@PAXPAX@1@0@Z 1000c8b0 f i solid:C-api.obj
 0001:0000b8e0       ??_EComplex@@UAEPAXI@Z     1000c8e0 f i solid:C-api.obj
 0001:0000b8e0       ??_GComplex@@UAEPAXI@Z     1000c8e0 f i solid:C-api.obj
 0001:0000b910       ??_EPolytope@@UAEPAXI@Z    1000c910 f i solid:C-api.obj
 0001:0000b910       ??_GSimplex@@UAEPAXI@Z     1000c910 f i solid:C-api.obj
 0001:0000b910       ??_EPolygon@@UAEPAXI@Z     1000c910 f i solid:C-api.obj
 0001:0000b910       ??_ESimplex@@UAEPAXI@Z     1000c910 f i solid:C-api.obj
 0001:0000b910       ??_GPolytope@@UAEPAXI@Z    1000c910 f i solid:C-api.obj
 0001:0000b910       ??_GPolygon@@UAEPAXI@Z     1000c910 f i solid:C-api.obj
 0001:0000b950       ??_GSphere@@UAEPAXI@Z      1000c950 f i solid:C-api.obj
 0001:0000b950       ??_GCylinder@@UAEPAXI@Z    1000c950 f i solid:C-api.obj
 0001:0000b950       ??_GBox@@UAEPAXI@Z         1000c950 f i solid:C-api.obj
 0001:0000b950       ??_EBox@@UAEPAXI@Z         1000c950 f i solid:C-api.obj
 0001:0000b950       ??_ECylinder@@UAEPAXI@Z    1000c950 f i solid:C-api.obj
 0001:0000b950       ??_GShape@@UAEPAXI@Z       1000c950 f i solid:C-api.obj
 0001:0000b950       ??_ECone@@UAEPAXI@Z        1000c950 f i solid:C-api.obj
 0001:0000b950       ??_GCone@@UAEPAXI@Z        1000c950 f i solid:C-api.obj
 0001:0000b950       ??_ESphere@@UAEPAXI@Z      1000c950 f i solid:C-api.obj
 0001:0000b950       ??_EShape@@UAEPAXI@Z       1000c950 f i solid:C-api.obj
 0001:0000b980       ??_Gerror_category@std@@UAEPAXI@Z 1000c980 f i solid:C-api.obj
 0001:0000b980       ??_E_Generic_error_category@std@@UAEPAXI@Z 1000c980 f i solid:C-api.obj
 0001:0000b980       ??_G_Generic_error_category@std@@UAEPAXI@Z 1000c980 f i solid:C-api.obj
 0001:0000b980       ??_G_Iostream_error_category@std@@UAEPAXI@Z 1000c980 f i solid:C-api.obj
 0001:0000b980       ??_Eerror_category@std@@UAEPAXI@Z 1000c980 f i solid:C-api.obj
 0001:0000b980       ??_G_System_error_category@std@@UAEPAXI@Z 1000c980 f i solid:C-api.obj
 0001:0000b980       ??_E_Iostream_error_category@std@@UAEPAXI@Z 1000c980 f i solid:C-api.obj
 0001:0000b980       ??_E_System_error_category@std@@UAEPAXI@Z 1000c980 f i solid:C-api.obj
 0001:0000b9b0       ?_Buyheadnode@?$_Tree_alloc@$0A@U?$_Tree_base_types@U?$pair@$$CBU?$pair@PAXPAX@std@@VResponse@@@std@@V?$allocator@U?$pair@$$CBU?$pair@PAXPAX@std@@VResponse@@@std@@@2@@std@@@std@@QAEPAU?$_Tree_node@U?$pair@$$CBU?$pair@PAXPAX@std@@VResponse@@@std@@PAX@2@XZ 1000c9b0 f i solid:C-api.obj
 0001:0000b9e0       ?_Buyheadnode@?$_Tree_alloc@$0A@U?$_Tree_base_types@U?$pair@QAXPAVObject@@@std@@V?$allocator@U?$pair@QAXPAVObject@@@std@@@2@@std@@@std@@QAEPAU?$_Tree_node@U?$pair@QAXPAVObject@@@std@@PAX@2@XZ 1000c9e0 f i solid:C-api.obj
 0001:0000ba10       ?_Buyheadnode@?$_Tree_alloc@$0A@U?$_Tree_base_types@U?$pair@QAXVResponse@@@std@@V?$allocator@U?$pair@QAXVResponse@@@std@@@2@@std@@@std@@QAEPAU?$_Tree_node@U?$pair@QAXVResponse@@@std@@PAX@2@XZ 1000ca10 f i solid:C-api.obj
 0001:0000ba40       ?_Buyheadnode@?$_Tree_alloc@$0A@U?$_Tree_base_types@VEncounter@@V?$allocator@VEncounter@@@std@@@std@@@std@@QAEPAU?$_Tree_node@VEncounter@@PAX@2@XZ 1000ca40 f i solid:C-api.obj
 0001:0000ba70       ?_Buynode0@?$_Tree_buy@U?$pair@$$CBU?$pair@PAXPAX@std@@VResponse@@@std@@V?$allocator@U?$pair@$$CBU?$pair@PAXPAX@std@@VResponse@@@std@@@2@@std@@QAEPAU?$_Tree_node@U?$pair@$$CBU?$pair@PAXPAX@std@@VResponse@@@std@@PAX@2@XZ 1000ca70 f i solid:C-api.obj
 0001:0000bab0       ?_Buynode0@?$_Tree_buy@U?$pair@QAXPAVObject@@@std@@V?$allocator@U?$pair@QAXPAVObject@@@std@@@2@@std@@QAEPAU?$_Tree_node@U?$pair@QAXPAVObject@@@std@@PAX@2@XZ 1000cab0 f i solid:C-api.obj
 0001:0000baf0       ?_Buynode0@?$_Tree_buy@U?$pair@QAXVResponse@@@std@@V?$allocator@U?$pair@QAXVResponse@@@std@@@2@@std@@QAEPAU?$_Tree_node@U?$pair@QAXVResponse@@@std@@PAX@2@XZ 1000caf0 f i solid:C-api.obj
 0001:0000bb30       ?_Buynode0@?$_Tree_buy@VEncounter@@V?$allocator@VEncounter@@@std@@@std@@QAEPAU?$_Tree_node@VEncounter@@PAX@2@XZ 1000cb30 f i solid:C-api.obj
 0001:0000bb70       ?_Copy@?$basic_string@DU?$char_traits@D@std@@V?$allocator@D@2@@std@@QAEXII@Z 1000cb70 f i solid:C-api.obj
 0001:0000bcc0       ?_Destroy@?$vector@PBVPolytope@@V?$allocator@PBVPolytope@@@std@@@std@@IAEXPAPBVPolytope@@0@Z 1000ccc0 f i solid:C-api.obj
 0001:0000bcc0       ?_Destroy@?$vector@PAVComplex@@V?$allocator@PAVComplex@@@std@@@std@@IAEXPAPAVComplex@@0@Z 1000ccc0 f i solid:C-api.obj
 0001:0000bcc0       ?_Destroy@?$vector@VPoint@@V?$allocator@VPoint@@@std@@@std@@IAEXPAVPoint@@0@Z 1000ccc0 f i solid:C-api.obj
 0001:0000bcc0       ?_Destroy@?$vector@PAXV?$allocator@PAX@std@@@std@@IAEXPAPAX0@Z 1000ccc0 f i solid:RespTable.obj
 0001:0000bcc0       ?_Destroy@?$vector@IV?$allocator@I@std@@@std@@IAEXPAI0@Z 1000ccc0 f i solid:C-api.obj
 0001:0000bcd0       ?_Eqrange@?$_Tree@V?$_Tmap_traits@PAXVResponse@@U?$less@PAX@std@@V?$allocator@U?$pair@QAXVResponse@@@std@@@3@$0A@@std@@@std@@IAE?AU?$pair@V?$_Tree_iterator@V?$_Tree_val@U?$_Tree_simple_types@U?$pair@QAXVResponse@@@std@@@std@@@std@@@std@@V12@@2@ABQAX@Z 1000ccd0 f i solid:C-api.obj
 0001:0000bd50       ?_Eqrange@?$_Tree@V?$_Tset_traits@VEncounter@@U?$less@VEncounter@@@std@@V?$allocator@VEncounter@@@3@$0A@@std@@@std@@IAE?AU?$pair@V?$_Tree_const_iterator@V?$_Tree_val@U?$_Tree_simple_types@VEncounter@@@std@@@std@@@std@@V12@@2@ABVEncounter@@@Z 1000cd50 f i solid:C-api.obj
 0001:0000bd50       ?_Eqrange@?$_Tree@V?$_Tmap_traits@U?$pair@PAXPAX@std@@VResponse@@U?$less@U?$pair@PAXPAX@std@@@2@V?$allocator@U?$pair@$$CBU?$pair@PAXPAX@std@@VResponse@@@std@@@2@$0A@@std@@@std@@IAE?AU?$pair@V?$_Tree_iterator@V?$_Tree_val@U?$_Tree_simple_types@U?$pair@$$CBU?$pair@PAXPAX@std@@VResponse@@@std@@@std@@@std@@@std@@V12@@2@ABU?$pair@PAXPAX@2@@Z 1000cd50 f i solid:C-api.obj
 0001:0000be00       ?_Erase@?$_Tree@V?$_Tmap_traits@PAXVResponse@@U?$less@PAX@std@@V?$allocator@U?$pair@QAXVResponse@@@std@@@3@$0A@@std@@@std@@IAEXPAU?$_Tree_node@U?$pair@QAXVResponse@@@std@@PAX@2@@Z 1000ce00 f i solid:C-api.obj
 0001:0000be00       ?_Erase@?$_Tree@V?$_Tmap_traits@PAXPAVObject@@U?$less@PAX@std@@V?$allocator@U?$pair@QAXPAVObject@@@std@@@3@$0A@@std@@@std@@IAEXPAU?$_Tree_node@U?$pair@QAXPAVObject@@@std@@PAX@2@@Z 1000ce00 f i solid:C-api.obj
 0001:0000be00       ?_Erase@?$_Tree@V?$_Tmap_traits@U?$pair@PAXPAX@std@@VResponse@@U?$less@U?$pair@PAXPAX@std@@@2@V?$allocator@U?$pair@$$CBU?$pair@PAXPAX@std@@VResponse@@@std@@@2@$0A@@std@@@std@@IAEXPAU?$_Tree_node@U?$pair@$$CBU?$pair@PAXPAX@std@@VResponse@@@std@@PAX@2@@Z 1000ce00 f i solid:C-api.obj
 0001:0000be00       ?_Erase@?$_Tree@V?$_Tset_traits@VEncounter@@U?$less@VEncounter@@@std@@V?$allocator@VEncounter@@@3@$0A@@std@@@std@@IAEXPAU?$_Tree_node@VEncounter@@PAX@2@@Z 1000ce00 f i solid:C-api.obj
 0001:0000be40       ?_Lbound@?$_Tree@V?$_Tmap_traits@U?$pair@PAXPAX@std@@VResponse@@U?$less@U?$pair@PAXPAX@std@@@2@V?$allocator@U?$pair@$$CBU?$pair@PAXPAX@std@@VResponse@@@std@@@2@$0A@@std@@@std@@IAEPAU?$_Tree_node@U?$pair@$$CBU?$pair@PAXPAX@std@@VResponse@@@std@@PAX@2@ABU?$pair@PAXPAX@2@@Z 1000ce40 f i solid:C-api.obj
 0001:0000be40       ?_Lbound@?$_Tree@V?$_Tmap_traits@U?$pair@PAXPAX@std@@VResponse@@U?$less@U?$pair@PAXPAX@std@@@2@V?$allocator@U?$pair@$$CBU?$pair@PAXPAX@std@@VResponse@@@std@@@2@$0A@@std@@@std@@IBEPAU?$_Tree_node@U?$pair@$$CBU?$pair@PAXPAX@std@@VResponse@@@std@@PAX@2@ABU?$pair@PAXPAX@2@@Z 1000ce40 f i solid:RespTable.obj
 0001:0000be80       ?_Lrotate@?$_Tree@V?$_Tmap_traits@PAXPAVObject@@U?$less@PAX@std@@V?$allocator@U?$pair@QAXPAVObject@@@std@@@3@$0A@@std@@@std@@IAEXPAU?$_Tree_node@U?$pair@QAXPAVObject@@@std@@PAX@2@@Z 1000ce80 f i solid:C-api.obj
 0001:0000be80       ?_Lrotate@?$_Tree@V?$_Tmap_traits@U?$pair@PAXPAX@std@@VResponse@@U?$less@U?$pair@PAXPAX@std@@@2@V?$allocator@U?$pair@$$CBU?$pair@PAXPAX@std@@VResponse@@@std@@@2@$0A@@std@@@std@@IAEXPAU?$_Tree_node@U?$pair@$$CBU?$pair@PAXPAX@std@@VResponse@@@std@@PAX@2@@Z 1000ce80 f i solid:C-api.obj
 0001:0000be80       ?_Lrotate@?$_Tree@V?$_Tmap_traits@PAXVResponse@@U?$less@PAX@std@@V?$allocator@U?$pair@QAXVResponse@@@std@@@3@$0A@@std@@@std@@IAEXPAU?$_Tree_node@U?$pair@QAXVResponse@@@std@@PAX@2@@Z 1000ce80 f i solid:C-api.obj
 0001:0000be80       ?_Lrotate@?$_Tree@V?$_Tset_traits@VEncounter@@U?$less@VEncounter@@@std@@V?$allocator@VEncounter@@@3@$0A@@std@@@std@@IAEXPAU?$_Tree_node@VEncounter@@PAX@2@@Z 1000ce80 f i solid:C-api.obj
 0001:0000bee0       ?_Reallocate@?$vector@VPoint@@V?$allocator@VPoint@@@std@@@std@@IAEXI@Z 1000cee0 f i solid:C-api.obj
 0001:0000bfc0       ?_Reserve@?$vector@VPoint@@V?$allocator@VPoint@@@std@@@std@@IAEXI@Z 1000cfc0 f i solid:C-api.obj
 0001:0000c070       ?_Rrotate@?$_Tree@V?$_Tmap_traits@PAXVResponse@@U?$less@PAX@std@@V?$allocator@U?$pair@QAXVResponse@@@std@@@3@$0A@@std@@@std@@IAEXPAU?$_Tree_node@U?$pair@QAXVResponse@@@std@@PAX@2@@Z 1000d070 f i solid:C-api.obj
 0001:0000c070       ?_Rrotate@?$_Tree@V?$_Tmap_traits@U?$pair@PAXPAX@std@@VResponse@@U?$less@U?$pair@PAXPAX@std@@@2@V?$allocator@U?$pair@$$CBU?$pair@PAXPAX@std@@VResponse@@@std@@@2@$0A@@std@@@std@@IAEXPAU?$_Tree_node@U?$pair@$$CBU?$pair@PAXPAX@std@@VResponse@@@std@@PAX@2@@Z 1000d070 f i solid:C-api.obj
 0001:0000c070       ?_Rrotate@?$_Tree@V?$_Tmap_traits@PAXPAVObject@@U?$less@PAX@std@@V?$allocator@U?$pair@QAXPAVObject@@@std@@@3@$0A@@std@@@std@@IAEXPAU?$_Tree_node@U?$pair@QAXPAVObject@@@std@@PAX@2@@Z 1000d070 f i solid:C-api.obj
 0001:0000c070       ?_Rrotate@?$_Tree@V?$_Tset_traits@VEncounter@@U?$less@VEncounter@@@std@@V?$allocator@VEncounter@@@3@$0A@@std@@@std@@IAEXPAU?$_Tree_node@VEncounter@@PAX@2@@Z 1000d070 f i solid:C-api.obj
 0001:0000c0d0       ?allocate@?$_Wrap_alloc@V?$allocator@D@std@@@std@@QAEPADI@Z 1000d0d0 f i solid:C-api.obj
 0001:0000c100       ?assign@?$basic_string@DU?$char_traits@D@std@@V?$allocator@D@2@@std@@QAEAAV12@ABV12@II@Z 1000d100 f i solid:C-api.obj
 0001:0000c230       ?assign@?$basic_string@DU?$char_traits@D@std@@V?$allocator@D@2@@std@@QAEAAV12@PBDI@Z 1000d230 f i solid:C-api.obj
 0001:0000c330       ?clear@?$_Tree@V?$_Tmap_traits@PAXPAVObject@@U?$less@PAX@std@@V?$allocator@U?$pair@QAXPAVObject@@@std@@@3@$0A@@std@@@std@@QAEXXZ 1000d330 f i solid:C-api.obj
 0001:0000c330       ?clear@?$_Tree@V?$_Tmap_traits@PAXVResponse@@U?$less@PAX@std@@V?$allocator@U?$pair@QAXVResponse@@@std@@@3@$0A@@std@@@std@@QAEXXZ 1000d330 f i solid:C-api.obj
 0001:0000c330       ?clear@?$_Tree@V?$_Tmap_traits@U?$pair@PAXPAX@std@@VResponse@@U?$less@U?$pair@PAXPAX@std@@@2@V?$allocator@U?$pair@$$CBU?$pair@PAXPAX@std@@VResponse@@@std@@@2@$0A@@std@@@std@@QAEXXZ 1000d330 f i solid:C-api.obj
 0001:0000c330       ?clear@?$_Tree@V?$_Tset_traits@VEncounter@@U?$less@VEncounter@@@std@@V?$allocator@VEncounter@@@3@$0A@@std@@@std@@QAEXXZ 1000d330 f i solid:C-api.obj
 0001:0000c380       ?default_error_condition@_System_error_category@std@@UBE?AVerror_condition@2@H@Z 1000d380 f i solid:C-api.obj
 0001:0000c3c0       ?default_error_condition@error_category@std@@UBE?AVerror_condition@2@H@Z 1000d3c0 f i solid:C-api.obj
 0001:0000c3e0       ?equivalent@error_category@std@@UBE_NABVerror_code@2@H@Z 1000d3e0 f i solid:C-api.obj
 0001:0000c400       ?equivalent@error_category@std@@UBE_NHABVerror_condition@2@@Z 1000d400 f i solid:C-api.obj
 0001:0000c440       ?erase@?$_Tree@V?$_Tmap_traits@U?$pair@PAXPAX@std@@VResponse@@U?$less@U?$pair@PAXPAX@std@@@2@V?$allocator@U?$pair@$$CBU?$pair@PAXPAX@std@@VResponse@@@std@@@2@$0A@@std@@@std@@QAE?AV?$_Tree_iterator@V?$_Tree_val@U?$_Tree_simple_types@U?$pair@$$CBU?$pair@PAXPAX@std@@VResponse@@@std@@@std@@@std@@@2@V?$_Tree_const_iterator@V?$_Tree_val@U?$_Tree_simple_types@U?$pair@$$CBU?$pair@PAXPAX@std@@VResponse@@@std@@@std@@@std@@@2@0@Z 1000d440 f i solid:C-api.obj
 0001:0000c440       ?erase@?$_Tree@V?$_Tmap_traits@PAXPAVObject@@U?$less@PAX@std@@V?$allocator@U?$pair@QAXPAVObject@@@std@@@3@$0A@@std@@@std@@QAE?AV?$_Tree_iterator@V?$_Tree_val@U?$_Tree_simple_types@U?$pair@QAXPAVObject@@@std@@@std@@@std@@@2@V?$_Tree_const_iterator@V?$_Tree_val@U?$_Tree_simple_types@U?$pair@QAXPAVObject@@@std@@@std@@@std@@@2@0@Z 1000d440 f i solid:C-api.obj
 0001:0000c440       ?erase@?$_Tree@V?$_Tmap_traits@PAXVResponse@@U?$less@PAX@std@@V?$allocator@U?$pair@QAXVResponse@@@std@@@3@$0A@@std@@@std@@QAE?AV?$_Tree_iterator@V?$_Tree_val@U?$_Tree_simple_types@U?$pair@QAXVResponse@@@std@@@std@@@std@@@2@V?$_Tree_const_iterator@V?$_Tree_val@U?$_Tree_simple_types@U?$pair@QAXVResponse@@@std@@@std@@@std@@@2@0@Z 1000d440 f i solid:C-api.obj
 0001:0000c440       ?erase@?$_Tree@V?$_Tset_traits@VEncounter@@U?$less@VEncounter@@@std@@V?$allocator@VEncounter@@@3@$0A@@std@@@std@@QAE?AV?$_Tree_const_iterator@V?$_Tree_val@U?$_Tree_simple_types@VEncounter@@@std@@@std@@@2@V32@0@Z 1000d440 f i solid:C-api.obj
 0001:0000c4e0       ?erase@?$_Tree@V?$_Tmap_traits@U?$pair@PAXPAX@std@@VResponse@@U?$less@U?$pair@PAXPAX@std@@@2@V?$allocator@U?$pair@$$CBU?$pair@PAXPAX@std@@VResponse@@@std@@@2@$0A@@std@@@std@@QAE?AV?$_Tree_iterator@V?$_Tree_val@U?$_Tree_simple_types@U?$pair@$$CBU?$pair@PAXPAX@std@@VResponse@@@std@@@std@@@std@@@2@V?$_Tree_const_iterator@V?$_Tree_val@U?$_Tree_simple_types@U?$pair@$$CBU?$pair@PAXPAX@std@@VResponse@@@std@@@std@@@std@@@2@@Z 1000d4e0 f i solid:C-api.obj
 0001:0000c4e0       ?erase@?$_Tree@V?$_Tmap_traits@PAXVResponse@@U?$less@PAX@std@@V?$allocator@U?$pair@QAXVResponse@@@std@@@3@$0A@@std@@@std@@QAE?AV?$_Tree_iterator@V?$_Tree_val@U?$_Tree_simple_types@U?$pair@QAXVResponse@@@std@@@std@@@std@@@2@V?$_Tree_const_iterator@V?$_Tree_val@U?$_Tree_simple_types@U?$pair@QAXVResponse@@@std@@@std@@@std@@@2@@Z 1000d4e0 f i solid:C-api.obj
 0001:0000c4e0       ?erase@?$_Tree@V?$_Tset_traits@VEncounter@@U?$less@VEncounter@@@std@@V?$allocator@VEncounter@@@3@$0A@@std@@@std@@QAE?AV?$_Tree_const_iterator@V?$_Tree_val@U?$_Tree_simple_types@VEncounter@@@std@@@std@@@2@V32@@Z 1000d4e0 f i solid:C-api.obj
 0001:0000c4e0       ?erase@?$_Tree@V?$_Tmap_traits@PAXPAVObject@@U?$less@PAX@std@@V?$allocator@U?$pair@QAXPAVObject@@@std@@@3@$0A@@std@@@std@@QAE?AV?$_Tree_iterator@V?$_Tree_val@U?$_Tree_simple_types@U?$pair@QAXPAVObject@@@std@@@std@@@std@@@2@V?$_Tree_const_iterator@V?$_Tree_val@U?$_Tree_simple_types@U?$pair@QAXPAVObject@@@std@@@std@@@std@@@2@@Z 1000d4e0 f i solid:C-api.obj
 0001:0000c750       ?erase@?$basic_string@DU?$char_traits@D@std@@V?$allocator@D@2@@std@@QAEAAV12@II@Z 1000d750 f i solid:C-api.obj
 0001:0000c7f0       __matherr                  1000d7f0 f i LIBCMT:matherr.obj
 0001:0000c7f0       ?getType@Complex@@UBE?AW4ShapeType@@XZ 1000d7f0 f i solid:C-api.obj
 0001:0000c800       ?getType@Convex@@UBE?AW4ShapeType@@XZ 1000d800 f i solid:C-api.obj
 0001:0000c810       ?message@_Generic_error_category@std@@UBE?AV?$basic_string@DU?$char_traits@D@std@@V?$allocator@D@2@@2@H@Z 1000d810 f i solid:C-api.obj
 0001:0000c880       ?message@_Iostream_error_category@std@@UBE?AV?$basic_string@DU?$char_traits@D@std@@V?$allocator@D@2@@2@H@Z 1000d880 f i solid:C-api.obj
 0001:0000c8d0       ?message@_System_error_category@std@@UBE?AV?$basic_string@DU?$char_traits@D@std@@V?$allocator@D@2@@2@H@Z 1000d8d0 f i solid:C-api.obj
 0001:0000c940       ?name@_Generic_error_category@std@@UBEPBDXZ 1000d940 f i solid:C-api.obj
 0001:0000c950       ?name@_Iostream_error_category@std@@UBEPBDXZ 1000d950 f i solid:C-api.obj
 0001:0000c960       ?name@_System_error_category@std@@UBEPBDXZ 1000d960 f i solid:C-api.obj
 0001:0000c970       ?push_back@?$vector@PBVPolytope@@V?$allocator@PBVPolytope@@@std@@@std@@QAEXABQBVPolytope@@@Z 1000d970 f i solid:C-api.obj
 0001:0000c9e0       ?push_back@?$vector@VPoint@@V?$allocator@VPoint@@@std@@@std@@QAEXABVPoint@@@Z 1000d9e0 f i solid:C-api.obj
 0001:0000ca80       ?setValue@Transform@@QAEXQBM@Z 1000da80 f   solid:Transform.obj
 0001:0000cb30       ?setValue@Transform@@QAEXQBN@Z 1000db30 f   solid:Transform.obj
 0001:0000cbc0       ?setIdentity@Transform@@QAEXXZ 1000dbc0 f   solid:Transform.obj
 0001:0000cc00       ??XTransform@@QAEAAV0@ABV0@@Z 1000dc00 f   solid:Transform.obj
 0001:0000ce70       ?translate@Transform@@QAEXABVVector@@@Z 1000de70 f   solid:Transform.obj
 0001:0000cf20       ?rotate@Transform@@QAEXABVQuaternion@@@Z 1000df20 f   solid:Transform.obj
 0001:0000d250       ?scale@Transform@@QAEXNNN@Z 1000e250 f   solid:Transform.obj
 0001:0000d3e0       ?invert@Transform@@QAEXABV1@@Z 1000e3e0 f   solid:Transform.obj
 0001:0000d670       ?mult@Transform@@QAEXABV1@0@Z 1000e670 f   solid:Transform.obj
 0001:0000d8c0       ?multInverseLeft@Transform@@QAEXABV1@0@Z 1000e8c0 f   solid:Transform.obj
 0001:0000df30       ?bbox@Convex@@UBE?AVBBox@@ABVTransform@@@Z 1000ef30 f   solid:Convex.obj
 0001:0000e1e0       ?intersect@@YA_NABVConvex@@0ABVTransform@@1AAVVector@@@Z 1000f1e0 f   solid:Convex.obj
 0001:0000e5a0       ?intersect@@YA_NABVConvex@@0ABVTransform@@AAVVector@@@Z 1000f5a0 f   solid:Convex.obj
 0001:0000e870       ?common_point@@YA_NABVConvex@@0ABVTransform@@1AAVVector@@AAVPoint@@3@Z 1000f870 f   solid:Convex.obj
 0001:0000ecb0       ?common_point@@YA_NABVConvex@@0ABVTransform@@AAVVector@@AAVPoint@@3@Z 1000fcb0 f   solid:Convex.obj
 0001:0000efd0       ?closest_points@@YAXABVConvex@@0ABVTransform@@1AAVPoint@@2@Z 1000ffd0 f   solid:Convex.obj
 0001:0000f660       ?compute_det@@YAXXZ        10010660 f   solid:Convex.obj
 0001:0000fbb0       ?closest@@YA_NAAVVector@@@Z 10010bb0 f i solid:Convex.obj
 0001:0000fc90       ?compute_points@@YAXHAAVPoint@@0@Z 10010c90 f i solid:Convex.obj
 0001:0000ffc0       ?compute_vector@@YAXHAAVVector@@@Z 10010fc0 f i solid:Convex.obj
 0001:00010180       ?valid@@YA_NH@Z            10011180 f i solid:Convex.obj
 0001:000101e0       ?support@Box@@UBE?AVPoint@@ABVVector@@@Z 100111e0 f   solid:Box.obj
 0001:00010240       ?support@Cone@@UBE?AVPoint@@ABVVector@@@Z 10011240 f   solid:Cone.obj
 0001:00010330       ?support@Cylinder@@UBE?AVPoint@@ABVVector@@@Z 10011330 f   solid:Cylinder.obj
 0001:000103e0       ?support@Sphere@@UBE?AVPoint@@ABVVector@@@Z 100113e0 f   solid:Sphere.obj
 0001:00010470       ??1Complex@@UAE@XZ         10011470 f   solid:Complex.obj
 0001:00010500       ?bbox@Complex@@UBE?AVBBox@@ABVTransform@@@Z 10011500 f   solid:Complex.obj
 0001:000106c0       ?changeBase@Complex@@QAEXPBX@Z 100116c0 f   solid:Complex.obj
 0001:00010840       ?finish@Complex@@QAEXHPAPBVPolytope@@@Z 10011840 f   solid:Complex.obj
 0001:00010950       ?intersect@@YA_NABVComplex@@ABVConvex@@ABVTransform@@2AAVVector@@@Z 10011950 f   solid:Complex.obj
 0001:000109b0       ?intersect@@YA_NABVComplex@@0ABVTransform@@1AAVVector@@@Z 100119b0 f   solid:Complex.obj
 0001:00010ac0       ?find_prim@@YA_NABVComplex@@ABVConvex@@ABVTransform@@2AAVVector@@AAPBVShape@@@Z 10011ac0 f   solid:Complex.obj
 0001:00010b20       ?find_prim@@YA_NABVComplex@@0ABVTransform@@1AAVVector@@AAPBVShape@@3@Z 10011b20 f   solid:Complex.obj
 0001:00010c30       ?common_point@@YA_NABVComplex@@ABVConvex@@ABVTransform@@2AAVVector@@AAVPoint@@4@Z 10011c30 f   solid:Complex.obj
 0001:00010c90       ?common_point@@YA_NABVComplex@@0ABVTransform@@1AAVVector@@AAVPoint@@3@Z 10011c90 f   solid:Complex.obj
 0001:00010da0       ??0Object@@QAE@PAXPBVShape@@@Z 10011da0 f   solid:Object.obj
 0001:00010f30       ?move@Object@@QAEXXZ       10011f30 f   solid:Object.obj
 0001:00011050       ?proceed@Object@@QAEXXZ    10012050 f   solid:Object.obj
 0001:00011070       ?intersect@@YA_NABVObject@@0AAVVector@@@Z 10012070 f   solid:Object.obj
 0001:00011110       ?common_point@@YA_NABVObject@@0AAVVector@@AAVPoint@@2@Z 10012110 f   solid:Object.obj
 0001:000111b0       ?prev_closest_points@@YA_NABVObject@@0AAVVector@@AAVPoint@@2@Z 100121b0 f   solid:Object.obj
 0001:00011340       ?intersectConvexConvex@@YA_NABVShape@@0ABVTransform@@1AAVVector@@@Z 10012340 f   solid:Object.obj
 0001:00011350       ?intersectComplexConvex@@YA_NABVShape@@0ABVTransform@@1AAVVector@@@Z 10012350 f   solid:Object.obj
 0001:00011360       ?intersectComplexComplex@@YA_NABVShape@@0ABVTransform@@1AAVVector@@@Z 10012360 f   solid:Object.obj
 0001:00011370       ?intersectInitialize@@YAPAV?$AlgoTable@P6A_NABVShape@@0ABVTransform@@1AAVVector@@@Z@@XZ 10012370 f   solid:Object.obj
 0001:000113a0       ?common_pointConvexConvex@@YA_NABVShape@@0ABVTransform@@1AAVVector@@AAVPoint@@3@Z 100123a0 f   solid:Object.obj
 0001:000113b0       ?common_pointComplexConvex@@YA_NABVShape@@0ABVTransform@@1AAVVector@@AAVPoint@@3@Z 100123b0 f   solid:Object.obj
 0001:000113c0       ?common_pointComplexComplex@@YA_NABVShape@@0ABVTransform@@1AAVVector@@AAVPoint@@3@Z 100123c0 f   solid:Object.obj
 0001:000113d0       ?common_pointInitialize@@YAPAV?$AlgoTable@P6A_NABVShape@@0ABVTransform@@1AAVVector@@AAVPoint@@3@Z@@XZ 100123d0 f   solid:Object.obj
 0001:00011400       ??0Endpoint@@QAE@XZ        10012400 f i solid:Object.obj
 0001:00011410       ?support@Simplex@@UBE?AVPoint@@ABVVector@@@Z 10012410 f   solid:Simplex.obj
 0001:000114e0       ?support@Polygon@@UBE?AVPoint@@ABVVector@@@Z 100124e0 f   solid:Polygon.obj
 0001:00011680       ??0Polyhedron@@QAE@ABVVertexBase@@HQBI@Z 10012680 f   solid:Polyhedron.obj
 0001:00011720       ??1Polyhedron@@UAE@XZ      10012720 f   solid:Polyhedron.obj
 0001:00011740       ?support@Polyhedron@@UBE?AVPoint@@ABVVector@@@Z 10012740 f   solid:Polyhedron.obj
 0001:00011810       ??_EPolyhedron@@UAEPAXI@Z  10012810 f i solid:Polyhedron.obj
 0001:00011810       ??_GPolyhedron@@UAEPAXI@Z  10012810 f i solid:Polyhedron.obj
 0001:00011840       ??RResponse@@QBEXPAX0ABVPoint@@1ABVVector@@@Z 10012840 f   solid:Response.obj
 0001:000118e0       ??RResponse@@QBEXPAX0@Z    100128e0 f   solid:Response.obj
 0001:00011900       ?find@RespTable@@QBEABVResponse@@PAX0@Z 10012900 f   solid:RespTable.obj
 0001:000119f0       ?cleanObject@RespTable@@QAEXPAX@Z 100129f0 f   solid:RespTable.obj
 0001:00011b90       ?_Reallocate@?$vector@PBVPolytope@@V?$allocator@PBVPolytope@@@std@@@std@@IAEXI@Z 10012b90 f i solid:C-api.obj
 0001:00011b90       ?_Reallocate@?$vector@PAXV?$allocator@PAX@std@@@std@@IAEXI@Z 10012b90 f i solid:RespTable.obj
 0001:00011b90       ?_Reallocate@?$vector@IV?$allocator@I@std@@@std@@IAEXI@Z 10012b90 f i solid:C-api.obj
 0001:00011b90       ?_Reallocate@?$vector@PAVComplex@@V?$allocator@PAVComplex@@@std@@@std@@IAEXI@Z 10012b90 f i solid:C-api.obj
 0001:00011c10       ?_Reserve@?$vector@PBVPolytope@@V?$allocator@PBVPolytope@@@std@@@std@@IAEXI@Z 10012c10 f i solid:C-api.obj
 0001:00011c10       ?_Reserve@?$vector@PAXV?$allocator@PAX@std@@@std@@IAEXI@Z 10012c10 f i solid:RespTable.obj
 0001:00011c10       ?_Reserve@?$vector@IV?$allocator@I@std@@@std@@IAEXI@Z 10012c10 f i solid:C-api.obj
 0001:00011c10       ?_Reserve@?$vector@PAVComplex@@V?$allocator@PAVComplex@@@std@@@std@@IAEXI@Z 10012c10 f i solid:C-api.obj
 0001:00011c90       ?find@?$_Tree@V?$_Tmap_traits@PAXVResponse@@U?$less@PAX@std@@V?$allocator@U?$pair@QAXVResponse@@@std@@@3@$0A@@std@@@std@@QBE?AV?$_Tree_const_iterator@V?$_Tree_val@U?$_Tree_simple_types@U?$pair@QAXVResponse@@@std@@@std@@@std@@@2@ABQAX@Z 10012c90 f i solid:RespTable.obj
 0001:00011ce0       ?fitBBox@BBoxLeaf@@QAEXXZ  10012ce0 f   solid:BBoxTree.obj
 0001:00011e10       ??0BBoxInternal@@QAE@HPAVBBoxLeaf@@@Z 10012e10 f   solid:BBoxTree.obj
 0001:00012140       ?intersect@@YA_NPBVBBoxNode@@ABVConvex@@ABVBBox@@ABVTransform@@AAVVector@@@Z 10013140 f   solid:BBoxTree.obj
 0001:00012210       ?intersect@@YA_NPBVBBoxNode@@0ABVTransform@@ABVMatrix@@12AAVVector@@@Z 10013210 f   solid:BBoxTree.obj
 0001:00012330       ?find_prim@@YA_NPBVBBoxNode@@ABVConvex@@ABVBBox@@ABVTransform@@AAVVector@@AAPBVShape@@@Z 10013330 f   solid:BBoxTree.obj
 0001:00012420       ?find_prim@@YA_NPBVBBoxNode@@0ABVTransform@@ABVMatrix@@12AAVVector@@AAPBVShape@@4@Z 10013420 f   solid:BBoxTree.obj
 0001:00012570       ?common_point@@YA_NPBVBBoxNode@@ABVConvex@@ABVBBox@@ABVTransform@@AAVVector@@AAVPoint@@5@Z 10013570 f   solid:BBoxTree.obj
 0001:00012650       ?common_point@@YA_NPBVBBoxNode@@0ABVTransform@@ABVMatrix@@12AAVVector@@AAVPoint@@4@Z 10013650 f   solid:BBoxTree.obj
 0001:00012790       ?intersect@@YA_NABVBBox@@0ABVTransform@@ABVMatrix@@12@Z 10013790 f i solid:BBoxTree.obj
 0001:00012a60       ??0Endpoint@@QAE@HHPBVObject@@@Z 10013a60 f   solid:Endpoint.obj
 0001:00012ab0       ?move@Endpoint@@QAEXN@Z    10013ab0 f   solid:Endpoint.obj
 0001:00012bf0       ??0EndpointList@@QAE@XZ    10013bf0 f i solid:Endpoint.obj
 0001:00012c30       ??1EndpointList@@QAE@XZ    10013c30 f i solid:Endpoint.obj
 0001:00012c70       ?update@@YAXABVEndpoint@@0@Z 10013c70 f i solid:Endpoint.obj
 0001:00012d3c       ?GfParmGetNum@@YAMPAXPBD11M@Z 10013d3c f   tgf:tgf.dll
 0001:00012d42       ?GfParmGetStr@@YAPBDPAXPBD11@Z 10013d42 f   tgf:tgf.dll
 0001:00012d48       ?_tgf_win_malloc@@YAPAXI@Z 10013d48 f   tgf:tgf.dll
 0001:00012d4e       ?_tgf_win_free@@YAXPAX@Z   10013d4e f   tgf:tgf.dll
 0001:00012d54       ?GfParmGetEltNb@@YAHPAXPBD@Z 10013d54 f   tgf:tgf.dll
 0001:00012d5a       ?_tgf_win_calloc@@YAPAXII@Z 10013d5a f   tgf:tgf.dll
 0001:00012d60       ?_tgf_win_strdup@@YAPADPBD@Z 10013d60 f   tgf:tgf.dll
 0001:00012d66       ?RtTrackGlobal2Local@@YAXPAUtrackSeg@@MMPAUtTrkLocPos@@H@Z 10013d66 f   robottools:robottools.dll
 0001:00012d6c       ?RtTrackSurfaceNormalL@@YAXPAUtTrkLocPos@@PAUt3Dd@@@Z 10013d6c f   robottools:robottools.dll
 0001:00012d72       ?RtTrackLocal2Global@@YAXPAUtTrkLocPos@@PAM1H@Z 10013d72 f   robottools:robottools.dll
 0001:00012d78       ?RtTrackHeightL@@YAMPAUtTrkLocPos@@@Z 10013d78 f   robottools:robottools.dll
 0001:00012d7e       ?RtTrackSideTgAngleL@@YAMPAUtTrkLocPos@@@Z 10013d7e f   robottools:robottools.dll
 0001:00012d84       ??_U@YAPAXI@Z              10013d84 f   libcpmt:newaop.obj
 0001:00012d8d       ??0bad_alloc@std@@QAE@ABV01@@Z 10013d8d f i libcpmt:xthrow.obj
 0001:00012da8       ??0length_error@std@@QAE@ABV01@@Z 10013da8 f i libcpmt:xthrow.obj
 0001:00012dc3       ??0logic_error@std@@QAE@ABV01@@Z 10013dc3 f i libcpmt:xthrow.obj
 0001:00012dde       ??0out_of_range@std@@QAE@ABV01@@Z 10013dde f i libcpmt:xthrow.obj
 0001:00012df9       ??1bad_alloc@std@@UAE@XZ   10013df9 f i libcpmt:xthrow.obj
 0001:00012e04       ??1out_of_range@std@@UAE@XZ 10013e04 f i libcpmt:xthrow.obj
 0001:00012e04       ??1length_error@std@@UAE@XZ 10013e04 f i libcpmt:xthrow.obj
 0001:00012e09       ??_Ebad_alloc@std@@UAEPAXI@Z 10013e09 f i libcpmt:xthrow.obj
 0001:00012e09       ??_Gbad_alloc@std@@UAEPAXI@Z 10013e09 f i libcpmt:xthrow.obj
 0001:00012e2e       ??_Eout_of_range@std@@UAEPAXI@Z 10013e2e f i libcpmt:xthrow.obj
 0001:00012e2e       ??_Elogic_error@std@@UAEPAXI@Z 10013e2e f i libcpmt:xthrow.obj
 0001:00012e2e       ??_Glength_error@std@@UAEPAXI@Z 10013e2e f i libcpmt:xthrow.obj
 0001:00012e2e       ??_Gout_of_range@std@@UAEPAXI@Z 10013e2e f i libcpmt:xthrow.obj
 0001:00012e2e       ??_Elength_error@std@@UAEPAXI@Z 10013e2e f i libcpmt:xthrow.obj
 0001:00012e2e       ??_Glogic_error@std@@UAEPAXI@Z 10013e2e f i libcpmt:xthrow.obj
 0001:00012e4d       ?_Xbad_alloc@std@@YAXXZ    10013e4d f   libcpmt:xthrow.obj
 0001:00012e7e       ?_Xlength_error@std@@YAXPBD@Z 10013e7e f   libcpmt:xthrow.obj
 0001:00012eac       ?_Xout_of_range@std@@YAXPBD@Z 10013eac f   libcpmt:xthrow.obj
 0001:00012eda       ?_Syserror_map@std@@YAPBDH@Z 10013eda f   libcpmt:syserror.obj
 0001:00012f04       ?_Winerror_map@std@@YAPBDH@Z 10013f04 f   libcpmt:syserror.obj
 0001:00012f30       _atan2                     10013f30 f   LIBCMT:87ctriga.obj
 0001:00012f3a       __CIatan2                  10013f3a f   LIBCMT:87ctriga.obj
 0001:00012f50       __libm_sse2_exp_precise    10013f50 f   LIBCMT:exp_sse2_precise.obj
 0001:00013220       __libm_sse2_sin_precise    10014220 f   LIBCMT:sin_sse2_precise.obj
 0001:000133f0       __libm_sse2_sqrt_precise   100143f0 f   LIBCMT:sqrt_sse2_precise.obj
 0001:000134f0       __fpmath                   100144f0 f   LIBCMT:fpinit.obj
 0001:00013507       __cfltcvt_init             10014507 f   LIBCMT:fpinit.obj
 0001:00013567       __get_printf_count_output  10014567 f   LIBCMT:printf.obj
 0001:0001357c       _printf                    1001457c f   LIBCMT:printf.obj
 0001:00013630       __libm_sse2_cos_precise    10014630 f   LIBCMT:cos_sse2_precise.obj
 0001:000137e8       __snprintf                 100147e8 f   LIBCMT:snprintf.obj
 0001:00013894       _rand                      10014894 f   LIBCMT:rand.obj
 0001:000138b5       __fpclass                  100148b5 f   LIBCMT:ieeemisc.obj
 0001:00013951       __isnan                    10014951 f   LIBCMT:ieeemisc.obj
 0001:00013990       _memset                    10014990 f   LIBCMT:memset.obj
 0001:00013a20       __libm_sse2_tan_precise    10014a20 f   LIBCMT:tan_sse2_precise.obj
 0001:00013c90       __libm_sse2_asin_precise   10014c90 f   LIBCMT:asin_sse2_precise.obj
 0001:000141e0       __libm_sse2_atan_precise   100151e0 f   LIBCMT:atan_sse2_precise.obj
 0001:000144f0       __libm_sse2_log_precise    100154f0 f   LIBCMT:log_sse2_precise.obj
 0001:00014780       __CRT_INIT@12              10015780 f   LIBCMT:dllcrt0.obj
 0001:000148f2       __DllMainCRTStartup@12     100158f2 f   LIBCMT:dllcrt0.obj
 0001:00014a23       ___DllXcptFilter           10015a23 f   LIBCMT:dllcrt0.obj
 0001:00014a48       ??_M@YGXPAXIHP6EX0@Z@Z     10015a48 f   LIBCMT:ehvecdtr.obj
 0001:00014ab7       ?__ArrayUnwind@@YGXPAXIHP6EX0@Z@Z 10015ab7 f   LIBCMT:ehvecdtr.obj
 0001:00014b15       __purecall                 10015b15 f   LIBCMT:purevirt.obj
 0001:00014b37       ??2@YAPAXI@Z               10015b37 f   LIBCMT:new.obj
 0001:00014b88       ??3@YAXPAX@Z               10015b88 f   LIBCMT:delete.obj
 0001:00014b8d       ___onexitinit              10015b8d f   LIBCMT:onexit.obj
 0001:00014bbc       __onexit                   10015bbc f   LIBCMT:onexit.obj
 0001:00014cb8       _atexit                    10015cb8 f   LIBCMT:onexit.obj
 0001:00014cd0       _memmove                   10015cd0 f   LIBCMT:memmove.obj
 0001:00015314       ??_V@YAXPAX@Z              10016314 f   LIBCMT:delete2.obj
 0001:00015319       __CxxThrowException@8      10016319 f   LIBCMT:throw.obj
 0001:0001544c       ?_CallCatchBlock2@@YAPAXPAUEHRegistrationNode@@PBU_s_FuncInfo@@PAXHK@Z 1001644c f   LIBCMT:_trnsctrl_.obj
 0001:000154ac       ?_CallMemberFunction2@@YGXPAX00H@Z 100164ac f   LIBCMT:_trnsctrl_.obj
 0001:000154ac       ?_CallMemberFunction0@@YGXPAX0@Z 100164ac f   LIBCMT:_trnsctrl_.obj
 0001:000154ac       ?_CallMemberFunction1@@YGXPAX00@Z 100164ac f   LIBCMT:_trnsctrl_.obj
 0001:000154b3       ?_CallSETranslator@@YAHPAUEHExceptionRecord@@PAUEHRegistrationNode@@PAX2PBU_s_FuncInfo@@H1@Z 100164b3 f   LIBCMT:_trnsctrl_.obj
 0001:0001558a       ?_GetRangeOfTrysToCheck@@YAPBU_s_TryBlockMapEntry@@PBU_s_FuncInfo@@HHPAI1@Z 1001658a f   LIBCMT:_trnsctrl_.obj
 0001:00015608       ?_JumpToContinuation@@YGXPAXPAUEHRegistrationNode@@@Z 10016608 f   LIBCMT:_trnsctrl_.obj
 0001:0001563a       ?_UnwindNestedFrames@@YGXPAUEHRegistrationNode@@PAUEHExceptionRecord@@@Z 1001663a f   LIBCMT:_trnsctrl_.obj
 0001:0001568f       __CreateFrameInfo          1001668f f   LIBCMT:_trnsctrl_.obj
 0001:000156b9       __FindAndUnlinkFrame       100166b9 f   LIBCMT:_trnsctrl_.obj
 0001:00015709       __IsExceptionObjectToBeDestroyed 10016709 f   LIBCMT:_trnsctrl_.obj
 0001:00015732       ___CxxFrameHandler3        10016732 f   LIBCMT:_trnsctrl_.obj
 0001:00015770       _memcpy                    10016770 f   LIBCMT:memcpy.obj
 0001:00015db4       ??1type_info@@UAE@XZ       10016db4 f   LIBCMT:typinfo.obj
 0001:00015dc2       ??8type_info@@QBE_NABV0@@Z 10016dc2 f   LIBCMT:typinfo.obj
 0001:00015de0       ??_Gtype_info@@UAEPAXI@Z   10016de0 f i LIBCMT:typinfo.obj
 0001:00015de0       ??_Etype_info@@UAEPAXI@Z   10016de0 f i LIBCMT:typinfo.obj
 0001:00015dff       ??_L@YGXPAXIHP6EX0@Z1@Z    10016dff f   LIBCMT:ehvecctr.obj
 0001:00015e70       __CIsqrt                   10016e70 f   LIBCMT:sqrt.obj
 0001:00015e84       _sqrt                      10016e84     LIBCMT:sqrt.obj
 0001:00015f30       _asin                      10016f30 f   LIBCMT:asin.obj
 0001:00015f70       __CIasin                   10016f70 f   LIBCMT:asin.obj
 0001:00015fab       __CIasin_default           10016fab f   LIBCMT:asin.obj
 0001:00015fbf       __asin_default             10016fbf     LIBCMT:asin.obj
 0001:00016080       _acos                      10017080 f   LIBCMT:acos.obj
 0001:000160c0       __CIacos                   100170c0 f   LIBCMT:acos.obj
 0001:000160fb       __CIacos_default           100170fb f   LIBCMT:acos.obj
 0001:0001610f       __acos_default             1001710f     LIBCMT:acos.obj
 0001:000161d0       _sin                       100171d0 f   LIBCMT:sin.obj
 0001:00016210       __CIsin                    10017210 f   LIBCMT:sin.obj
 0001:0001624b       __CIsin_default            1001724b f   LIBCMT:sin.obj
 0001:0001625f       __sin_default              1001725f     LIBCMT:sin.obj
 0001:00016300       _cos                       10017300 f   LIBCMT:cos.obj
 0001:00016340       __CIcos                    10017340 f   LIBCMT:cos.obj
 0001:0001637b       __CIcos_default            1001737b f   LIBCMT:cos.obj
 0001:0001638f       __cos_default              1001738f     LIBCMT:cos.obj
 0001:00016430       _tan                       10017430 f   LIBCMT:tan.obj
 0001:00016470       __CItan                    10017470 f   LIBCMT:tan.obj
 0001:000164ab       __CItan_default            100174ab f   LIBCMT:tan.obj
 0001:000164bf       __tan_default              100174bf     LIBCMT:tan.obj
 0001:0001655d       ___crtCorExitProcess       1001755d f   LIBCMT:crt0dat.obj
 0001:00016591       ___crtExitProcess          10017591 f   LIBCMT:crt0dat.obj
 0001:000165a7       ___freeCrtMemory           100175a7 f   LIBCMT:crt0dat.obj
 0001:000166b4       __amsg_exit                100176b4 f   LIBCMT:crt0dat.obj
 0001:000166d0       __cexit                    100176d0 f   LIBCMT:crt0dat.obj
 0001:000166df       __cinit                    100176df f   LIBCMT:crt0dat.obj
 0001:00016763       __exit                     10017763 f   LIBCMT:crt0dat.obj
 0001:00016777       __init_pointers            10017777 f   LIBCMT:crt0dat.obj
 0001:000167e5       __initterm_e               100177e5 f   LIBCMT:crt0dat.obj
 0001:00016807       __lockexit                 10017807 f   LIBCMT:crt0dat.obj
 0001:00016810       __unlockexit               10017810 f   LIBCMT:crt0dat.obj
 0001:00016948       ___initstdio               10017948 f   LIBCMT:_file.obj
 0001:000169bb       ___endstdio                100179bb f   LIBCMT:_file.obj
 0001:000169e2       ___iob_func                100179e2 f   LIBCMT:_file.obj
 0001:000169e8       __lock_file                100179e8 f   LIBCMT:_file.obj
 0001:00016a27       __lock_file2               10017a27 f   LIBCMT:_file.obj
 0001:00016a57       __unlock_file              10017a57 f   LIBCMT:_file.obj
 0001:00016a91       __unlock_file2             10017a91 f   LIBCMT:_file.obj
 0001:00016ac0       _strlen                    10017ac0 f   LIBCMT:strlen.obj
 0001:00016b4b       ??0exception@std@@QAE@ABQBD@Z 10017b4b f   LIBCMT:stdexcpt.obj
 0001:00016b70       ??0exception@std@@QAE@ABQBDH@Z 10017b70 f   LIBCMT:stdexcpt.obj
 0001:00016b8b       ??0exception@std@@QAE@ABV01@@Z 10017b8b f   LIBCMT:stdexcpt.obj
 0001:00016bae       ??1exception@std@@UAE@XZ   10017bae f   LIBCMT:stdexcpt.obj
 0001:00016bb9       ??4exception@std@@QAEAAV01@ABV01@@Z 10017bb9 f   LIBCMT:stdexcpt.obj
 0001:00016bec       ??_Gexception@std@@UAEPAXI@Z 10017bec f i LIBCMT:stdexcpt.obj
 0001:00016bec       ??_Eexception@std@@UAEPAXI@Z 10017bec f i LIBCMT:stdexcpt.obj
 0001:00016c11       ?_Copy_str@exception@std@@AAEXPBD@Z 10017c11 f   LIBCMT:stdexcpt.obj
 0001:00016c4f       ?_Tidy@exception@std@@AAEXXZ 10017c4f f   LIBCMT:stdexcpt.obj
 0001:00016c6b       ?what@exception@std@@UBEPBDXZ 10017c6b f   LIBCMT:stdexcpt.obj
 0001:00016c78       @__security_check_cookie@4 10017c78 f   LIBCMT:secchk.obj
 0001:00016c87       __EH_prolog3_catch         10017c87 f   LIBCMT:ehprolg3.obj
 0001:00016cdc       __fFATN2                   10017cdc     LIBCMT:87triga.obj
 0001:00016d2c       __rtpiby2                  10017d2c     LIBCMT:87triga.obj
 0001:00016d70       __cintrindisp2             10017d70 f   LIBCMT:87cdisp.obj
 0001:00016dae       __cintrindisp1             10017dae f   LIBCMT:87cdisp.obj
 0001:00016deb       __ctrandisp2               10017deb f   LIBCMT:87cdisp.obj
 0001:00016f7a       __ctrandisp1               10017f7a f   LIBCMT:87cdisp.obj
 0001:00016fad       __fload                    10017fad f   LIBCMT:87cdisp.obj
 0001:00016fe9       ___libm_error_support      10017fe9 f   LIBCMT:libm_error.obj
 0001:000172e0       _exp                       100182e0 f   LIBCMT:87ctran.obj
 0001:0001731c       __CIexp                    1001831c f   LIBCMT:87ctran.obj
 0001:00017357       __exp_default              10018357 f   LIBCMT:87ctran.obj
 0001:00017361       __CIexp_default            10018361 f   LIBCMT:87ctran.obj
 0001:0001736b       ??0_LocaleUpdate@@QAE@PAUlocaleinfo_struct@@@Z 1001836b f i LIBCMT:cvt.obj
 0001:000173f3       __cfltcvt                  100183f3 f   LIBCMT:cvt.obj
 0001:00017414       __cfltcvt_l                10018414 f   LIBCMT:cvt.obj
 0001:0001749a       __cftoa_l                  1001849a f   LIBCMT:cvt.obj
 0001:000177f6       __cftoe                    100187f6 f   LIBCMT:cvt.obj
 0001:00017965       __cftoe_l                  10018965 f   LIBCMT:cvt.obj
 0001:00017b1f       __cftof_l                  10018b1f f   LIBCMT:cvt.obj
 0001:00017be0       __cftog_l                  10018be0 f   LIBCMT:cvt.obj
 0001:00017cdf       __cropzeros                10018cdf f   LIBCMT:cvt.obj
 0001:00017cf0       __cropzeros_l              10018cf0 f   LIBCMT:cvt.obj
 0001:00017d70       __fassign                  10018d70 f   LIBCMT:cvt.obj
 0001:00017d88       __fassign_l                10018d88 f   LIBCMT:cvt.obj
 0001:00017dca       __forcdecpt                10018dca f   LIBCMT:cvt.obj
 0001:00017ddb       __forcdecpt_l              10018ddb f   LIBCMT:cvt.obj
 0001:00017e4f       __positive                 10018e4f f   LIBCMT:cvt.obj
 0001:00017e91       __setdefaultprecision      10018e91 f   LIBCMT:fp8.obj
 0001:00017eb8       __initp_misc_cfltcvt_tab   10018eb8 f   LIBCMT:cmiscdat.obj
 0001:00017ed7       __call_reportfault         10018ed7 f   LIBCMT:invarg.obj
 0001:00017ffc       __initp_misc_invarg        10018ffc f   LIBCMT:invarg.obj
 0001:00018009       __invalid_parameter        10019009 f   LIBCMT:invarg.obj
 0001:00018034       __invalid_parameter_noinfo 10019034 f   LIBCMT:invarg.obj
 0001:00018044       __invoke_watson            10019044 f   LIBCMT:invarg.obj
 0001:0001806f       __ftbuf                    1001906f f   LIBCMT:_sftbuf.obj
 0001:000180a0       __stbuf                    100190a0 f   LIBCMT:_sftbuf.obj
 0001:00018146       __output_l                 10019146 f   LIBCMT:output.obj
 0001:00018db2       ___doserrno                10019db2 f   LIBCMT:dosmap.obj
 0001:00018dc5       __dosmaperr                10019dc5 f   LIBCMT:dosmap.obj
 0001:00018de6       __errno                    10019de6 f   LIBCMT:dosmap.obj
 0001:00018df9       __get_errno_from_oserr     10019df9 f   LIBCMT:dosmap.obj
 0001:00018e40       __SEH_prolog4              10019e40 f   LIBCMT:sehprolg4.obj
 0001:00018e85       __SEH_epilog4              10019e85 f   LIBCMT:sehprolg4.obj
 0001:00018ea0       __except_handler4          10019ea0 f   LIBCMT:chandler4.obj
 0001:00019034       __flsbuf                   1001a034 f   LIBCMT:_flsbuf.obj
 0001:00019183       __freefls@4                1001a183 f   LIBCMT:tidtable.obj
 0001:000192b8       __freeptd                  1001a2b8 f   LIBCMT:tidtable.obj
 0001:000192ee       __getptd                   1001a2ee f   LIBCMT:tidtable.obj
 0001:00019306       __getptd_noexit            1001a306 f   LIBCMT:tidtable.obj
 0001:00019375       __initptd                  1001a375 f   LIBCMT:tidtable.obj
 0001:00019428       __mtinit                   1001a428 f   LIBCMT:tidtable.obj
 0001:0001949e       __mtterm                   1001a49e f   LIBCMT:tidtable.obj
 0001:000194bb       __decomp                   1001a4bb f   LIBCMT:util.obj
 0001:0001958d       __set_exp                  1001a58d f   LIBCMT:util.obj
 0001:000195bc       __sptype                   1001a5bc f   LIBCMT:util.obj
 0001:00019617       __handle_exc               1001a617 f   LIBCMT:fpexcept.obj
 0001:000197f5       __raise_exc                1001a7f5 f   LIBCMT:fpexcept.obj
 0001:00019816       __raise_exc_ex             1001a816 f   LIBCMT:fpexcept.obj
 0001:00019afb       __set_errno_from_matherr   1001aafb f   LIBCMT:fpexcept.obj
 0001:00019b28       ___set_fpsr_sse2           1001ab28 f   LIBCMT:fpctrl.obj
 0001:00019b9e       __clrfp                    1001ab9e f   LIBCMT:fpctrl.obj
 0001:00019baf       __ctrlfp                   1001abaf f   LIBCMT:fpctrl.obj
 0001:00019bda       __set_statfp               1001abda f   LIBCMT:fpctrl.obj
 0001:00019c32       __statfp                   1001ac32 f   LIBCMT:fpctrl.obj
 0001:00019c42       __VEC_memset               1001ac42 f   LIBCMT:p4_memset.obj
 0001:00019d0a       ___isa_available_init      1001ad0a f   LIBCMT:cpu_disp.obj
 0001:00019e90       _atan                      1001ae90 f   LIBCMT:atan.obj
 0001:00019ed0       __CIatan                   1001aed0 f   LIBCMT:atan.obj
 0001:00019f0b       __CIatan_default           1001af0b f   LIBCMT:atan.obj
 0001:00019f1f       __atan_default             1001af1f     LIBCMT:atan.obj
 0001:00019fb0       _log                       1001afb0 f   LIBCMT:log.obj
 0001:00019ff0       __CIlog                    1001aff0 f   LIBCMT:log.obj
 0001:0001a02b       __CIlog_default            1001b02b f   LIBCMT:log.obj
 0001:0001a03f       __log_default              1001b03f     LIBCMT:log.obj
 0001:0001a100       __XcptFilter               1001b100 f   LIBCMT:winxfltr.obj
 0001:0001a25b       ___CppXcptFilter           1001b25b f   LIBCMT:winxfltr.obj
 0001:0001a279       __heap_init                1001b279 f   LIBCMT:heapinit.obj
 0001:0001a28e       __heap_term                1001b28e f   LIBCMT:heapinit.obj
 0001:0001a296       __ioinit                   1001b296 f   LIBCMT:ioinit.obj
 0001:0001a54a       __ioterm                   1001b54a f   LIBCMT:ioinit.obj
 0001:0001a59c       __setargv                  1001b59c f   LIBCMT:stdargv.obj
 0001:0001a7cb       __setenvp                  1001b7cb f   LIBCMT:stdenvp.obj
 0001:0001a8ac       _free                      1001b8ac f   LIBCMT:free.obj
 0001:0001a8e4       ___security_init_cookie    1001b8e4 f   LIBCMT:gs_support.obj
 0001:0001a980       _DllMain@12                1001b980 f   LIBCMT:dllmain.obj
 0001:0001a986       ___crtGetEnvironmentStringsA 1001b986 f   LIBCMT:a_env.obj
 0001:0001aa13       ___crtFlsAlloc             1001ba13 f   LIBCMT:winapisupp.obj
 0001:0001aa31       ___crtFlsFree              1001ba31 f   LIBCMT:winapisupp.obj
 0001:0001aa50       ___crtFlsGetValue          1001ba50 f   LIBCMT:winapisupp.obj
 0001:0001aa6f       ___crtFlsSetValue          1001ba6f f   LIBCMT:winapisupp.obj
 0001:0001aa91       ___crtInitializeCriticalSectionEx 1001ba91 f   LIBCMT:winapisupp.obj
 0001:0001aabf       ___crtIsPackagedApp        1001babf f   LIBCMT:winapisupp.obj
 0001:0001aaff       ___crtLoadWinApiPointers   1001baff f   LIBCMT:winapisupp.obj
 0001:0001ad8a       ___crtSleep                1001bd8a f   LIBCMT:winapisupp.obj
 0001:0001ad98       ___crtTerminateProcess     1001bd98 f   LIBCMT:winapisupp.obj
 0001:0001adad       ___crtUnhandledException   1001bdad f   LIBCMT:winapisupp.obj
 0001:0001adc3       __calloc_crt               1001bdc3 f   LIBCMT:crtheap.obj
 0001:0001ae0b       __malloc_crt               1001be0b f   LIBCMT:crtheap.obj
 0001:0001ae52       __realloc_crt              1001be52 f   LIBCMT:crtheap.obj
 0001:0001ae9c       __RTC_Initialize           1001be9c f   LIBCMT:initsect.obj
 0001:0001aebc       __RTC_Terminate            1001bebc f   LIBCMT:initsect.obj
 0001:0001aedc       ?_inconsistency@@YAXXZ     1001bedc f   LIBCMT:hooks.obj
 0001:0001af14       ?terminate@@YAXXZ          1001bf14 f   LIBCMT:hooks.obj
 0001:0001af48       ?unexpected@@YAXXZ         1001bf48 f   LIBCMT:hooks.obj
 0001:0001af5b       __initp_eh_hooks           1001bf5b f   LIBCMT:hooks.obj
 0001:0001af6c       __set_abort_behavior       1001bf6c f   LIBCMT:abort.obj
 0001:0001af8b       _abort                     1001bf8b f   LIBCMT:abort.obj
 0001:0001afce       __initp_misc_purevirt      1001bfce f   LIBCMT:inithelp.obj
 0001:0001afdb       _malloc                    1001bfdb f   LIBCMT:malloc.obj
 0001:0001b06d       __callnewh                 1001c06d f   LIBCMT:handler.obj
 0001:0001b093       __initp_heap_handler       1001c093 f   LIBCMT:handler.obj
 0001:0001b0a0       __msize                    1001c0a0 f   LIBCMT:msize.obj
 0001:0001b0e0       __CallSettingFrame@12      1001c0e0 f   LIBCMT:lowhelpr.obj
 0001:0001b107       __NLG_Return               1001c107     LIBCMT:lowhelpr.obj
 0001:0001b12c       ___DestructExceptionObject 1001c12c f   LIBCMT:frame.obj
 0001:0001b1b7       ??0bad_exception@std@@QAE@ABV01@@Z 1001c1b7 f i LIBCMT:frame.obj
 0001:0001b1d2       ??1bad_exception@std@@UAE@XZ 1001c1d2 f i LIBCMT:frame.obj
 0001:0001b1dd       ??_Ebad_exception@std@@UAEPAXI@Z 1001c1dd f i LIBCMT:frame.obj
 0001:0001b1dd       ??_Gbad_exception@std@@UAEPAXI@Z 1001c1dd f i LIBCMT:frame.obj
 0001:0001ba11       ___AdjustPointer           1001ca11 f   LIBCMT:frame.obj
 0001:0001ba36       ___BuildCatchObject        1001ca36 f   LIBCMT:frame.obj
 0001:0001bac4       ___BuildCatchObjectHelper  1001cac4 f   LIBCMT:frame.obj
 0001:0001bc86       ___FrameUnwindFilter       1001cc86 f   LIBCMT:frame.obj
 0001:0001bcd4       ___FrameUnwindToState      1001ccd4 f   LIBCMT:frame.obj
 0001:0001bdad       ___InternalCxxFrameHandler 1001cdad f   LIBCMT:frame.obj
 0001:0001be8e       ___TypeMatch               1001ce8e f   LIBCMT:frame.obj
 0001:0001bf00       _strcmp                    1001cf00 f   LIBCMT:strcmp.obj
 0001:0001bf8c       ?_Type_info_dtor@type_info@@CAXPAV1@@Z 1001cf8c f   LIBCMT:typname.obj
 0001:0001c000       __trandisp1                1001d000 f   LIBCMT:87disp.obj
 0001:0001c067       __trandisp2                1001d067 f   LIBCMT:87disp.obj
 0001:0001c0f3       __rttospopde               1001d0f3     LIBCMT:87disp.obj
 0001:0001c0f8       __rttospop                 1001d0f8     LIBCMT:87disp.obj
 0001:0001c0fa       __rtnospop                 1001d0fa     LIBCMT:87disp.obj
 0001:0001c0fc       __rttosnpop                1001d0fc     LIBCMT:87disp.obj
 0001:0001c0fd       __rtnospopde               1001d0fd     LIBCMT:87disp.obj
 0001:0001c104       __rtzeropop                1001d104     LIBCMT:87disp.obj
 0001:0001c106       __rtzeronpop               1001d106     LIBCMT:87disp.obj
 0001:0001c10b       __rtonepop                 1001d10b     LIBCMT:87disp.obj
 0001:0001c10d       __rtonenpop                1001d10d     LIBCMT:87disp.obj
 0001:0001c112       __tosnan1                  1001d112     LIBCMT:87disp.obj
 0001:0001c13d       __nosnan2                  1001d13d     LIBCMT:87disp.obj
 0001:0001c13f       __tosnan2                  1001d13f     LIBCMT:87disp.obj
 0001:0001c167       __nan2                     1001d167     LIBCMT:87disp.obj
 0001:0001c1a6       __rtindfpop                1001d1a6     LIBCMT:87disp.obj
 0001:0001c1a8       __rtindfnpop               1001d1a8     LIBCMT:87disp.obj
 0001:0001c1b9       __rttosnpopde              1001d1b9     LIBCMT:87disp.obj
 0001:0001c1c3       __rtchsifneg               1001d1c3     LIBCMT:87disp.obj
 0001:0001c1d0       __startTwoArgErrorHandling 1001d1d0 f   LIBCMT:genexcep.obj
 0001:0001c1e7       __startOneArgErrorHandling 1001d1e7 f   LIBCMT:genexcep.obj
 0001:0001c230       __twoToTOS                 1001d230 f   LIBCMT:common.obj
 0001:0001c245       __load_CW                  1001d245 f   LIBCMT:common.obj
 0001:0001c25c       __convertTOStoQNaN         1001d25c f   LIBCMT:common.obj
 0001:0001c275       __fload_withFB             1001d275 f   LIBCMT:common.obj
 0001:0001c2b8       __checkTOS_withFB          1001d2b8 f   LIBCMT:common.obj
 0001:0001c2ce       __fast_exit                1001d2ce f   LIBCMT:common.obj
 0001:0001c2db       __math_exit                1001d2db f   LIBCMT:common.obj
 0001:0001c305       __check_overflow_exit      1001d305 f   LIBCMT:common.obj
 0001:0001c319       __check_range_exit         1001d319 f   LIBCMT:common.obj
 0001:0001c3bc       __sse2_mathfcns_init       1001d3bc f   LIBCMT:mathfcns.obj
 0001:0001c3d0       __CIasin_pentium4          1001d3d0 f   LIBCMT:asin_pentium4.obj
 0001:0001c3e8       __asin_pentium4            1001d3e8     LIBCMT:asin_pentium4.obj
 0001:0001c950       __CIacos_pentium4          1001d950 f   LIBCMT:acos_pentium4.obj
 0001:0001c968       __acos_pentium4            1001d968     LIBCMT:acos_pentium4.obj
 0001:0001ceb0       __CIsin_pentium4           1001deb0 f   LIBCMT:sin_pentium4.obj
 0001:0001cec8       __sin_pentium4             1001dec8     LIBCMT:sin_pentium4.obj
 0001:0001d080       __CIcos_pentium4           1001e080 f   LIBCMT:cos_pentium4.obj
 0001:0001d098       __cos_pentium4             1001e098     LIBCMT:cos_pentium4.obj
 0001:0001d230       __CItan_pentium4           1001e230 f   LIBCMT:tan_pentium4.obj
 0001:0001d248       __tan_pentium4             1001e248     LIBCMT:tan_pentium4.obj
 0001:0001d490       __lock                     1001e490 f   LIBCMT:mlock.obj
 0001:0001d4c4       __mtdeletelocks            1001e4c4 f   LIBCMT:mlock.obj
 0001:0001d518       __mtinitlocknum            1001e518 f   LIBCMT:mlock.obj
 0001:0001d5c1       __mtinitlocks              1001e5c1 f   LIBCMT:mlock.obj
 0001:0001d5fa       __unlock                   1001e5fa f   LIBCMT:mlock.obj
 0001:0001d60f       __FF_MSGBANNER             1001e60f f   LIBCMT:crt0msg.obj
 0001:0001d648       __GET_RTERRMSG             1001e648 f   LIBCMT:crt0msg.obj
 0001:0001d66c       __NMSG_WRITE               1001e66c f   LIBCMT:crt0msg.obj
 0001:0001d830       __FindPESection            1001e830 f   LIBCMT:pesect.obj
 0001:0001d880       __IsNonwritableInCurrentImage 1001e880 f   LIBCMT:pesect.obj
 0001:0001d940       __ValidateImageBase        1001e940 f   LIBCMT:pesect.obj
 0001:0001d971       ___get_sigabrt             1001e971 f   LIBCMT:winsig.obj
 0001:0001d97e       __initp_misc_winsig        1001e97e f   LIBCMT:winsig.obj
 0001:0001d99a       _raise                     1001e99a f   LIBCMT:winsig.obj
 0001:0001db8f       __initp_misc_rand_s        1001eb8f f   LIBCMT:rand_s.obj
 0001:0001db9c       ___initmbctable            1001eb9c f   LIBCMT:mbctype.obj
 0001:0001de53       ___updatetmbcinfo          1001ee53 f   LIBCMT:mbctype.obj
 0001:0001def9       __setmbcp                  1001eef9 f   LIBCMT:mbctype.obj
 0001:0001e0a1       __setmbcp_nolock           1001f0a1 f   LIBCMT:mbctype.obj
 0001:0001e28c       __fileno                   1001f28c f   LIBCMT:fileno.obj
 0001:0001e2b0       __fcloseall                1001f2b0 f   LIBCMT:closeall.obj
 0001:0001e34d       __fflush_nolock            1001f34d f   LIBCMT:fflush.obj
 0001:0001e393       __flush                    1001f393 f   LIBCMT:fflush.obj
 0001:0001e3f7       __flushall                 1001f3f7 f   LIBCMT:fflush.obj
 0001:0001e4e4       _strcpy_s                  1001f4e4 f   LIBCMT:strcpy_s.obj
 0001:0001e539       ___raise_securityfailure   1001f539 f   LIBCMT:gs_report.obj
 0001:0001e576       ___report_gsfailure        1001f576 f   LIBCMT:gs_report.obj
 0001:0001e671       __87except                 1001f671 f   LIBCMT:87except.obj
 0001:0001e780       __CIexp_pentium4           1001f780 f   LIBCMT:exp_pentium4.obj
 0001:0001e798       __exp_pentium4             1001f798     LIBCMT:exp_pentium4.obj
 0001:0001ea51       __fFEXP                    1001fa51     LIBCMT:87tran.obj
 0001:0001eaa8       __rtinfpopse               1001faa8     LIBCMT:87tran.obj
 0001:0001eaaa       __rtinfnpopse              1001faaa     LIBCMT:87tran.obj
 0001:0001eaba       __fFLN                     1001faba     LIBCMT:87tran.obj
 0001:0001eb6f       __rtinfpop                 1001fb6f     LIBCMT:87tran.obj
 0001:0001eb71       __rtinfnpop                1001fb71     LIBCMT:87tran.obj
 0001:0001eb8e       __ffexpm1                  1001fb8e     LIBCMT:87tran.obj
 0001:0001ec37       ___addlocaleref            1001fc37 f   LIBCMT:localref.obj
 0001:0001eccc       ___freetlocinfo            1001fccc f   LIBCMT:localref.obj
 0001:0001ee26       ___removelocaleref         1001fe26 f   LIBCMT:localref.obj
 0001:0001eec6       ___updatetlocinfo          1001fec6 f   LIBCMT:localref.obj
 0001:0001ef46       __updatetlocinfoEx_nolock  1001ff46 f   LIBCMT:localref.obj
 0001:0001ef91       __isdigit_l                1001ff91 f i LIBCMT:_ctype.obj
 0001:0001efe3       _isdigit                   1001ffe3 f i LIBCMT:_ctype.obj
 0001:0001f00e       __tolower_l                1002000e f   LIBCMT:tolower.obj
 0001:0001f151       _tolower                   10020151 f   LIBCMT:tolower.obj
 0001:0001f180       _strrchr                   10020180 f   LIBCMT:strrchr.obj
 0001:0001f2b7       __fptostr                  100202b7 f   LIBCMT:_fptostr.obj
 0001:0001f367       ___crt_atoflt_l            10020367 f   LIBCMT:atodbl.obj
 0001:0001f40b       __atodbl_l                 1002040b f   LIBCMT:atodbl.obj
 0001:0001f499       __atoflt_l                 10020499 f   LIBCMT:atodbl.obj
 0001:0001f4b1       ___dtold                   100204b1 f   LIBCMT:cfout.obj
 0001:0001f579       __fltout2                  10020579 f   LIBCMT:cfout.obj
 0001:0001f610       __alldvrm                  10020610 f   LIBCMT:lldvrm.obj
 0001:0001f6f0       __aullshr                  100206f0 f   LIBCMT:ullshr.obj
 0001:0001f70f       __controlfp_s              1002070f f   LIBCMT:contrlfp.obj
 0001:0001f76c       __fptrap                   1002076c f   LIBCMT:crt0fp.obj
 0001:0001f775       __crt_debugger_hook        10020775 f   LIBCMT:dbghook.obj
 0001:0001f77d       __isatty                   1002077d f   LIBCMT:isatty.obj
 0001:0001f7d1       __isleadbyte_l             100207d1 f i LIBCMT:_wctype.obj
 0001:0001f80b       _isleadbyte                1002080b f i LIBCMT:_wctype.obj
 0001:0001f81c       __wctomb_s_l               1002081c f   LIBCMT:wctomb.obj
 0001:0001f940       _wctomb_s                  10020940 f   LIBCMT:wctomb.obj
 0001:0001f960       __aulldvrm                 10020960 f   LIBCMT:ulldvrm.obj
 0001:0001fa00       __local_unwind4            10020a00 f   LIBCMT:exsup4.obj
 0001:0001fad6       __seh_longjmp_unwind4@4    10020ad6 f   LIBCMT:exsup4.obj
 0001:0001faf2       @_EH4_CallFilterFunc@8     10020af2 f   LIBCMT:exsup4.obj
 0001:0001fb09       @_EH4_TransferToHandler@8  10020b09 f   LIBCMT:exsup4.obj
 0001:0001fb22       @_EH4_GlobalUnwind2@8      10020b22 f   LIBCMT:exsup4.obj
 0001:0001fb3b       @_EH4_LocalUnwind@16       10020b3b f   LIBCMT:exsup4.obj
 0001:0001fb52       __write                    10020b52 f   LIBCMT:write.obj
 0001:0001fc41       __write_nolock             10020c41 f   LIBCMT:write.obj
 0001:000204a6       __lseeki64                 100214a6 f   LIBCMT:lseeki64.obj
 0001:000205a2       __lseeki64_nolock          100215a2 f   LIBCMT:lseeki64.obj
 0001:00020615       __getbuf                   10021615 f   LIBCMT:_getbuf.obj
 0001:00020660       __CIatan_pentium4          10021660 f   LIBCMT:atan_pentium4.obj
 0001:00020678       __atan_pentium4            10021678     LIBCMT:atan_pentium4.obj
 0001:00020950       __CIlog_pentium4           10021950 f   LIBCMT:log_pentium4.obj
 0001:00020968       __log_pentium4             10021968     LIBCMT:log_pentium4.obj
 0001:00020c1a       __ismbblead                10021c1a f   LIBCMT:ismbbyte.obj
 0001:00020c30       _realloc                   10021c30 f   LIBCMT:realloc.obj
 0001:00020cdb       __calloc_impl              10021cdb f   LIBCMT:calloc_impl.obj
 0001:00020d55       __freea                    10021d55 f i LIBCMT:a_loc.obj
 0001:00020d73       _GetTableIndexFromLocaleName 10021d73 f   LIBCMT:winapinls.obj
 0001:00020dc1       ___crtDownlevelLocaleNameToLCID 10021dc1 f   LIBCMT:winapinls.obj
 0001:00020deb       ___crtLCMapStringEx        10021deb f   LIBCMT:winapinls.obj
 0001:00020e37       ___wcsnicmp_ascii          10021e37 f   LIBCMT:winapinls.obj
 0001:00020eb0       __global_unwind2           10021eb0 f   LIBCMT:exsup.obj
 0001:00020f15       __local_unwind2            10021f15 f   LIBCMT:exsup.obj
 0001:00020f99       __abnormal_termination     10021f99 f   LIBCMT:exsup.obj
 0001:00020fbc       __NLG_Notify1              10021fbc f   LIBCMT:exsup.obj
 0001:00020fc5       __NLG_Notify               10021fc5 f   LIBCMT:exsup.obj
 0001:00020fdc       __NLG_Dispatch2            10021fdc     LIBCMT:exsup.obj
 0001:00020fdc       __NLG_Dispatch             10021fdc     LIBCMT:exsup.obj
 0001:00020fe4       __NLG_Call                 10021fe4 f   LIBCMT:exsup.obj
 0001:00020fe6       __NLG_Return2              10021fe6     LIBCMT:exsup.obj
 0001:00020fe7       ?_ValidateWrite@@YAHPAXI@Z 10021fe7 f   LIBCMT:validate.obj
 0001:00020fe7       ?_ValidateRead@@YAHPBXI@Z  10021fe7 f   LIBCMT:validate.obj
 0001:00020fe7       ?_ValidateExecute@@YAHP6GHXZ@Z 10021fe7 f   LIBCMT:validate.obj
 0001:00020ff6       _wcscat_s                  10021ff6 f   LIBCMT:wcscat_s.obj
 0001:00021062       _wcscpy_s                  10022062 f   LIBCMT:wcscpy_s.obj
 0001:000210be       _wcslen                    100220be f   LIBCMT:wcslen.obj
[...]
 0002:00013ed4       __tryblocktable$??$_Insert_nohint@AAU?$pair@$$CBU?$pair@PAXPAX@std@@VResponse@@@std@@PAU?$_Tree_node@U?$pair@$$CBU?$pair@PAXPAX@std@@VResponse@@@std@@PAX@2@@?$_Tree@V?$_Tmap_traits@U?$pair@PAXPAX@std@@VResponse@@U?$less@U?$pair@PAXPAX@std@@@2@V?$allocator@U?$pair@$$CBU?$pair@PAXPAX@std@@VResponse@@@std@@@2@$0A@@std@@@std@@IAE?AU?$pair@V?$_Tree_iterator@V?$_Tree_val@U?$_Tree_simple_types@U?$pair@$$CBU?$pair@PAXPAX@std@@VResponse@@@std@@@std@@@std@@@std@@_N@1@_NAAU?$pair@$$CBU?$pair@PAXPAX@std@@VResponse@@@1@PAU?$_Tree_node@U?$pair@$$CBU?$pair@PAXPAX@std@@VResponse@@@std@@PAX@1@@Z 10039ed4     solid:C-api.obj
 0002:00013ee8       __ehfuncinfo$??$_Insert_nohint@AAU?$pair@$$CBU?$pair@PAXPAX@std@@VResponse@@@std@@PAU?$_Tree_node@U?$pair@$$CBU?$pair@PAXPAX@std@@VResponse@@@std@@PAX@2@@?$_Tree@V?$_Tmap_traits@U?$pair@PAXPAX@std@@VResponse@@U?$less@U?$pair@PAXPAX@std@@@2@V?$allocator@U?$pair@$$CBU?$pair@PAXPAX@std@@VResponse@@@std@@@2@$0A@@std@@@std@@IAE?AU?$pair@V?$_Tree_iterator@V?$_Tree_val@U?$_Tree_simple_types@U?$pair@$$CBU?$pair@PAXPAX@std@@VResponse@@@std@@@std@@@std@@@std@@_N@1@_NAAU?$pair@$$CBU?$pair@PAXPAX@std@@VResponse@@@1@PAU?$_Tree_node@U?$pair@$$CBU?$pair@PAXPAX@std@@VResponse@@@std@@PAX@1@@Z 10039ee8     solid:C-api.obj
 0002:00013f0c       __catchsym$??$_Insert_nohint@AAU?$pair@QAXPAVObject@@@std@@PAU?$_Tree_node@U?$pair@QAXPAVObject@@@std@@PAX@2@@?$_Tree@V?$_Tmap_traits@PAXPAVObject@@U?$less@PAX@std@@V?$allocator@U?$pair@QAXPAVObject@@@std@@@3@$0A@@std@@@std@@IAE?AU?$pair@V?$_Tree_iterator@V?$_Tree_val@U?$_Tree_simple_types@U?$pair@QAXPAVObject@@@std@@@std@@@std@@@std@@_N@1@_NAAU?$pair@QAXPAVObject@@@1@PAU?$_Tree_node@U?$pair@QAXPAVObject@@@std@@PAX@1@@Z$2 10039f0c     solid:C-api.obj
 0002:00013f1c       __unwindtable$??$_Insert_nohint@AAU?$pair@QAXPAVObject@@@std@@PAU?$_Tree_node@U?$pair@QAXPAVObject@@@std@@PAX@2@@?$_Tree@V?$_Tmap_traits@PAXPAVObject@@U?$less@PAX@std@@V?$allocator@U?$pair@QAXPAVObject@@@std@@@3@$0A@@std@@@std@@IAE?AU?$pair@V?$_Tree_iterator@V?$_Tree_val@U?$_Tree_simple_types@U?$pair@QAXPAVObject@@@std@@@std@@@std@@@std@@_N@1@_NAAU?$pair@QAXPAVObject@@@1@PAU?$_Tree_node@U?$pair@QAXPAVObject@@@std@@PAX@1@@Z 10039f1c     solid:C-api.obj
 0002:00013f2c       __tryblocktable$??$_Insert_nohint@AAU?$pair@QAXPAVObject@@@std@@PAU?$_Tree_node@U?$pair@QAXPAVObject@@@std@@PAX@2@@?$_Tree@V?$_Tmap_traits@PAXPAVObject@@U?$less@PAX@std@@V?$allocator@U?$pair@QAXPAVObject@@@std@@@3@$0A@@std@@@std@@IAE?AU?$pair@V?$_Tree_iterator@V?$_Tree_val@U?$_Tree_simple_types@U?$pair@QAXPAVObject@@@std@@@std@@@std@@@std@@_N@1@_NAAU?$pair@QAXPAVObject@@@1@PAU?$_Tree_node@U?$pair@QAXPAVObject@@@std@@PAX@1@@Z 10039f2c     solid:C-api.obj
 0002:00013f40       __ehfuncinfo$??$_Insert_nohint@AAU?$pair@QAXPAVObject@@@std@@PAU?$_Tree_node@U?$pair@QAXPAVObject@@@std@@PAX@2@@?$_Tree@V?$_Tmap_traits@PAXPAVObject@@U?$less@PAX@std@@V?$allocator@U?$pair@QAXPAVObject@@@std@@@3@$0A@@std@@@std@@IAE?AU?$pair@V?$_Tree_iterator@V?$_Tree_val@U?$_Tree_simple_types@U?$pair@QAXPAVObject@@@std@@@std@@@std@@@std@@_N@1@_NAAU?$pair@QAXPAVObject@@@1@PAU?$_Tree_node@U?$pair@QAXPAVObject@@@std@@PAX@1@@Z 10039f40     solid:C-api.obj
 0002:00013f64       __unwindtable$??1Complex@@UAE@XZ 10039f64     solid:Complex.obj
 0002:00013f6c       __unwindtable$?finish@Complex@@QAEXHPAPBVPolytope@@@Z 10039f6c     solid:Complex.obj
 0002:00013f7c       __ehfuncinfo$?finish@Complex@@QAEXHPAPBVPolytope@@@Z 10039f7c     solid:Complex.obj
 0002:00013fa0       __ehfuncinfo$??1Complex@@UAE@XZ 10039fa0     solid:Complex.obj
 0002:00013fc4       __unwindtable$?common_point@@YA_NABVObject@@0AAVVector@@AAVPoint@@2@Z 10039fc4     solid:Object.obj
 0002:00013fcc       __unwindtable$?intersect@@YA_NABVObject@@0AAVVector@@@Z 10039fcc     solid:Object.obj
 0002:00013fd4       __ehfuncinfo$?common_point@@YA_NABVObject@@0AAVVector@@AAVPoint@@2@Z 10039fd4     solid:Object.obj
 0002:00013ff8       __ehfuncinfo$?intersect@@YA_NABVObject@@0AAVVector@@@Z 10039ff8     solid:Object.obj
 0002:0001401c       __ehfuncinfo$??0Object@@QAE@PAXPBVShape@@@Z 1003a01c     solid:Object.obj
 0002:00014040       __unwindtable$??0Object@@QAE@PAXPBVShape@@@Z 1003a040     solid:Object.obj
 0002:00014080       __unwindtable$??0Polyhedron@@QAE@ABVVertexBase@@HQBI@Z 1003a080     solid:Polyhedron.obj
 0002:00014088       __ehfuncinfo$??0Polyhedron@@QAE@ABVVertexBase@@HQBI@Z 1003a088     solid:Polyhedron.obj
 0002:000140ac       __unwindtable$??0BBoxInternal@@QAE@HPAVBBoxLeaf@@@Z 1003a0ac     solid:BBoxTree.obj
 0002:000140bc       __ehfuncinfo$??0BBoxInternal@@QAE@HPAVBBoxLeaf@@@Z 1003a0bc     solid:BBoxTree.obj
 0002:000141c8       __sehtable$_printf         1003a1c8     LIBCMT:printf.obj
 0002:000141e8       __sehtable$__CRT_INIT@12   1003a1e8     LIBCMT:dllcrt0.obj
 0002:00014208       __sehtable$___DllMainCRTStartup 1003a208     LIBCMT:dllcrt0.obj
 0002:00014228       __sehtable$??_M@YGXPAXIHP6EX0@Z@Z 1003a228     LIBCMT:ehvecdtr.obj
 0002:00014248       __sehtable$?__ArrayUnwind@@YGXPAXIHP6EX0@Z@Z 1003a248     LIBCMT:ehvecdtr.obj
 0002:00014268       __sehtable$__onexit        1003a268     LIBCMT:onexit.obj
 0002:00014288       __sehtable$??_L@YGXPAXIHP6EX0@Z1@Z 1003a288     LIBCMT:ehvecctr.obj
 0002:000142a8       __sehtable$_doexit         1003a2a8     LIBCMT:crt0dat.obj
 0002:000142c8       __sehtable$__freefls@4     1003a2c8     LIBCMT:tidtable.obj
 0002:000142f0       __sehtable$__initptd       1003a2f0     LIBCMT:tidtable.obj
 0002:00014318       __sehtable$___set_fpsr_sse2 1003a318     LIBCMT:fpctrl.obj
 0002:00014338       __sehtable$__ioinit        1003a338     LIBCMT:ioinit.obj
 0002:00014358       __sehtable$?terminate@@YAXXZ 1003a358     LIBCMT:hooks.obj
 0002:00014378       __sehtable$?_inconsistency@@YAXXZ 1003a378     LIBCMT:hooks.obj
 0002:00014398       __sehtable$___FrameUnwindToState 1003a398     LIBCMT:frame.obj
 0002:000143c0       __sehtable$?CallCatchBlock@@YAPAXPAUEHExceptionRecord@@PAUEHRegistrationNode@@PAU_CONTEXT@@PBU_s_FuncInfo@@PAXHK@Z 1003a3c0     LIBCMT:frame.obj
 0002:000143e8       __sehtable$___BuildCatchObject 1003a3e8     LIBCMT:frame.obj
 0002:00014408       __sehtable$___DestructExceptionObject 1003a408     LIBCMT:frame.obj
 0002:00014424       __catchsym$?CallUnexpected@@YAXPBU_s_ESTypeList@@@Z$2 1003a424     LIBCMT:frame.obj
 0002:00014434       __unwindtable$?CallUnexpected@@YAXPBU_s_ESTypeList@@@Z 1003a434     LIBCMT:frame.obj
 0002:00014444       __tryblocktable$?CallUnexpected@@YAXPBU_s_ESTypeList@@@Z 1003a444     LIBCMT:frame.obj
 0002:00014458       __ehfuncinfo$?CallUnexpected@@YAXPBU_s_ESTypeList@@@Z 1003a458     LIBCMT:frame.obj
 0002:00014480       __sehtable$___BuildCatchObjectHelper 1003a480     LIBCMT:frame.obj
 0002:000144d8       __sehtable$?_Type_info_dtor@type_info@@CAXPAV1@@Z 1003a4d8     LIBCMT:typname.obj
 0002:000144f8       __sehtable$__mtinitlocknum 1003a4f8     LIBCMT:mlock.obj
 0002:00014518       __sehtable$__IsNonwritableInCurrentImage 1003a518     LIBCMT:pesect.obj
 0002:00014538       __sehtable$_raise          1003a538     LIBCMT:winsig.obj
 0002:00014558       __sehtable$___updatetmbcinfo 1003a558     LIBCMT:mbctype.obj
 0002:00014578       __sehtable$__setmbcp       1003a578     LIBCMT:mbctype.obj
 0002:00014598       __sehtable$__fcloseall     1003a598     LIBCMT:closeall.obj
 0002:000145b8       __sehtable$_flsall         1003a5b8     LIBCMT:fflush.obj
 0002:000145e0       __sehtable$___updatetlocinfo 1003a5e0     LIBCMT:localref.obj
 0002:00014600       __sehtable$__write         1003a600     LIBCMT:write.obj
 0002:00014620       __sehtable$__lseeki64      1003a620     LIBCMT:lseeki64.obj
 0002:00014640       __sehtable$_fclose         1003a640     LIBCMT:fclose.obj
 0002:00014660       __sehtable$__commit        1003a660     LIBCMT:commit.obj
 0002:00014680       __sehtable$__locterm       1003a680     LIBCMT:wsetloca.obj
 0002:000146a0       __sehtable$___lock_fhandle 1003a6a0     LIBCMT:osfinfo.obj
 0002:000146c0       __sehtable$__close         1003a6c0     LIBCMT:close.obj
 0002:000146e0       .edata                     1003a6e0     simuv2.exp
 0002:00014708       rgpv                       1003a708     simuv2.exp
 0002:0001470c       rgszName                   1003a70c     simuv2.exp
 0002:00014710       rgwOrd                     1003a710     simuv2.exp
 0002:00014712       szName                     1003a712     simuv2.exp
 0002:0001471d       $N00001                    1003a71d     simuv2.exp
 0002:0001491c       .idata$6                   1003a91c     tgf:tgf.dll
 0002:00014990       .idata$6                   1003a990     robottools:robottools.dll
 0002:00014e06       .idata$6                   1003ae06     kernel32:KERNEL32.dll
 0003:00000000       _WingSect                  1003b000     aero.obj
 0003:00000008       _AxleSect                  1003b008     axle.obj
 0003:00000038       ?VELSCALE@?BA@??SimCarCollideXYScene@@YAXPAUtCar@@@Z@4MA 1003b038     collide.obj
 0003:0000003c       ?VELMAX@?BA@??SimCarCollideXYScene@@YAXPAUtCar@@@Z@4MA 1003b03c     collide.obj
 0003:00000040       ?VELMAX@?CJ@??SimCarCollideResponse@@YAXPAX00PBUDtCollData@@@Z@4MA 1003b040     collide.obj
 0003:00000044       ?VELMAX@?BK@??SimCarWallCollideResponse@@YAXPAX00PBUDtCollData@@@Z@4MA 1003b044     collide.obj
 0003:00000048       ?weps@?9??buildWalls@@YAXPAUtrackSeg@@H@Z@4MA 1003b048     collide.obj
 0003:0000004c       ?PULL_Z_OFFSET@?1??RemoveCar@@YAXPAUtCar@@PAUSituation@@@Z@4MA 1003b04c     simu.obj
 0003:00000050       ?PULL_SPD@?1??RemoveCar@@YAXPAUtCar@@PAUSituation@@@Z@4MA 1003b050     simu.obj
 0003:00000054       _gearname                  1003b054     transmission.obj
 0003:0000007c       _WheelSect                 1003b07c     wheel.obj
 0003:0000008c       _SuspSect                  1003b08c     wheel.obj
 0003:0000009c       _BrkSect                   1003b09c     wheel.obj
 0003:00000104       __ulSeverityText           1003b104     ul_vs2008_32:ulError.obj
 0003:00000120       _NAME_                     1003b120     LIBCMT:sqrt.obj
 0003:00000130       _NAME_                     1003b130     LIBCMT:asin.obj
 0003:00000140       _NAME_                     1003b140     LIBCMT:acos.obj
 0003:00000150       _NAME_                     1003b150     LIBCMT:sin.obj
 0003:00000160       _NAME_                     1003b160     LIBCMT:cos.obj
 0003:00000170       _NAME_                     1003b170     LIBCMT:tan.obj
 0003:00000430       _errtable                  1003b430     LIBCMT:dosmap.obj
 0003:00000598       _ErrnoNoMem                1003b598     LIBCMT:dosmap.obj
 0003:0000059c       _DoserrorNoMem             1003b59c     LIBCMT:dosmap.obj
 0003:000005d8       ?_names@?1??_get_fname@@9@9 1003b5d8     LIBCMT:fpexcept.obj
 0003:000006c0       _over                      1003b6c0     LIBCMT:fpctrl.obj
 0003:000006cc       _under                     1003b6cc     LIBCMT:fpctrl.obj
 0003:000006d8       ?__DAZ_ENABLED@?1??__set_fpsr_sse2@@9@9 1003b6d8     LIBCMT:fpctrl.obj
 0003:000006e0       _NAME_                     1003b6e0     LIBCMT:atan.obj
 0003:000006f0       LOG_name                   1003b6f0     LIBCMT:log.obj
 0003:00000738       ?isPackaged@?1??__crtIsPackagedApp@@9@9 1003b738     LIBCMT:winapisupp.obj
 0003:00000740       __locktable                1003b740     LIBCMT:mlock.obj
 0003:00000c88       ___rgctypeflag             1003bc88     LIBCMT:mbctype.obj
 0003:00000c90       ___rgcode_page_info        1003bc90     LIBCMT:mbctype.obj
 0003:0000102c       __ctype_loc_style          1003c02c     LIBCMT:wsetloca.obj
 0003:00001030       _DoubleFormat              1003c030     LIBCMT:intrncvt.obj
 0003:00001048       _FloatFormat               1003c048     LIBCMT:intrncvt.obj
 0003:000015c0       _fixedobjects              1003c5c0     collide.obj
 0003:00001750       _fixedid                   1003c750     collide.obj
 0003:00001764       _SimNbCars                 1003c764     simu.obj
 0003:000018f4       __Tuple_alloc              1003c8f4     solid:C-api.obj
 0003:000018f5       _ignore                    1003c8f5     solid:C-api.obj
 0003:000018f6       _allocator_arg             1003c8f6     solid:C-api.obj
 0003:000018f7       _piecewise_construct       1003c8f7     solid:C-api.obj
 0003:00001954       __Nil_obj                  1003c954     solid:C-api.obj
 0003:00001958       ?p1@?1??object_test@@YA_NAAVEncounter@@@Z@4VPoint@@A 1003c958     solid:C-api.obj
 0003:00001970       ?$S1@?1??object_test@@YA_NAAVEncounter@@@Z@4IA 1003c970     solid:C-api.obj
 0003:00001978       ?p2@?1??object_test@@YA_NAAVEncounter@@@Z@4VPoint@@A 1003c978     solid:C-api.obj
 0003:00001998       _allocator_arg             1003c998     solid:Transform.obj
 0003:00001999       _piecewise_construct       1003c999     solid:Transform.obj
 0003:000019a0       _q                         1003c9a0     solid:Convex.obj
 0003:00001a00       _allocator_arg             1003ca00     solid:Convex.obj
 0003:00001a01       _piecewise_construct       1003ca01     solid:Convex.obj
 0003:00001a08       _p                         1003ca08     solid:Convex.obj
 0003:00001a68       _y                         1003ca68     solid:Convex.obj
 0003:00001ac8       _bits                      1003cac8     solid:Convex.obj
 0003:00001acc       _last                      1003cacc     solid:Convex.obj
 0003:00001ad0       _last_bit                  1003cad0     solid:Convex.obj
 0003:00001ad4       _all_bits                  1003cad4     solid:Convex.obj
 0003:00001ad8       _det                       1003cad8     solid:Convex.obj
 0003:00001cd8       ?dp@?1??compute_det@@YAXXZ@4PAY03NA 1003ccd8     solid:Convex.obj
 0003:00001d58       ?zero@?1??closest_points@@YAXABVConvex@@0ABVTransform@@1AAVPoint@@2@Z@4VVector@@A 1003cd58     solid:Convex.obj
 0003:00001d70       ?$S1@?1??closest_points@@YAXABVConvex@@0ABVTransform@@1AAVPoint@@2@Z@4IA 1003cd70     solid:Convex.obj
 0003:00001d74       _allocator_arg             1003cd74     solid:Box.obj
 0003:00001d75       _piecewise_construct       1003cd75     solid:Box.obj
 0003:00001d76       _allocator_arg             1003cd76     solid:Cone.obj
 0003:00001d77       _piecewise_construct       1003cd77     solid:Cone.obj
 0003:00001d78       _allocator_arg             1003cd78     solid:Cylinder.obj
 0003:00001d79       _piecewise_construct       1003cd79     solid:Cylinder.obj
 0003:00001d7a       _allocator_arg             1003cd7a     solid:Sphere.obj
 0003:00001d7b       _piecewise_construct       1003cd7b     solid:Sphere.obj
 0003:00001d80       _allocator_arg             1003cd80     solid:Complex.obj
 0003:00001d81       _piecewise_construct       1003cd81     solid:Complex.obj
 0003:00001d82       _allocator_arg             1003cd82     solid:Object.obj
 0003:00001d83       _piecewise_construct       1003cd83     solid:Object.obj
 0003:00001d84       ?intersectTable@?1??intersect@@YA_NABVObject@@0AAVVector@@@Z@4PAV?$AlgoTable@P6A_NABVShape@@0ABVTransform@@1AAVVector@@@Z@@A 1003cd84     solid:Object.obj
 0003:00001d88       ?$S1@?1??intersect@@YA_NABVObject@@0AAVVector@@@Z@4IA 1003cd88     solid:Object.obj
 0003:00001d8c       ?common_pointTable@?1??common_point@@YA_NABVObject@@0AAVVector@@AAVPoint@@2@Z@4PAV?$AlgoTable@P6A_NABVShape@@0ABVTransform@@1AAVVector@@AAVPoint@@3@Z@@A 1003cd8c     solid:Object.obj
 0003:00001d90       ?$S2@?1??common_point@@YA_NABVObject@@0AAVVector@@AAVPoint@@2@Z@4IA 1003cd90     solid:Object.obj
 0003:00001d94       _allocator_arg             1003cd94     solid:Simplex.obj
 0003:00001d95       _piecewise_construct       1003cd95     solid:Simplex.obj
 0003:00001d96       _allocator_arg             1003cd96     solid:Polygon.obj
 0003:00001d97       _piecewise_construct       1003cd97     solid:Polygon.obj
 0003:00001d98       _allocator_arg             1003cd98     solid:Polyhedron.obj
 0003:00001d99       _piecewise_construct       1003cd99     solid:Polyhedron.obj
 0003:00001de8       _allocator_arg             1003cde8     solid:Response.obj
 0003:00001de9       _piecewise_construct       1003cde9     solid:Response.obj
 0003:00001dec       __Tuple_alloc              1003cdec     solid:RespTable.obj
 0003:00001ded       _ignore                    1003cded     solid:RespTable.obj
 0003:00001dee       _allocator_arg             1003cdee     solid:RespTable.obj
 0003:00001def       _piecewise_construct       1003cdef     solid:RespTable.obj
 0003:00001dfc       _allocator_arg             1003cdfc     solid:BBoxTree.obj
 0003:00001dfd       _piecewise_construct       1003cdfd     solid:BBoxTree.obj
 0003:00001e00       _allocator_arg             1003ce00     solid:Endpoint.obj
 0003:00001e01       _piecewise_construct       1003ce01     solid:Endpoint.obj
 0003:00001e08       _endpointList              1003ce08     solid:Endpoint.obj
 0003:00001e98       __ulErrorBuffer            1003ce98     ul_vs2008_32:ulError.obj
 0003:00002298       __ulErrorCB                1003d298     ul_vs2008_32:ulError.obj
 0003:0000229c       __Tuple_alloc              1003d29c     libcpmt:xthrow.obj
 0003:0000229d       _ignore                    1003d29d     libcpmt:xthrow.obj
 0003:0000229e       _allocator_arg             1003d29e     libcpmt:xthrow.obj
 0003:0000229f       _piecewise_construct       1003d29f     libcpmt:xthrow.obj
 0003:000022ac       _allocator_arg             1003d2ac     libcpmt:syserror.obj
 0003:000022ad       _piecewise_construct       1003d2ad     libcpmt:syserror.obj
 0003:000022b4       ___enable_percent_n        1003d2b4     LIBCMT:printf.obj
 0003:000022b8       ___proc_attached           1003d2b8     LIBCMT:dllcrt0.obj
 0003:000022fc       __pmatherr_set             1003d2fc     LIBCMT:libm_error.obj
 0003:00002418       ?_pgmname@?1??_setargv@@9@9 1003d418     LIBCMT:stdargv.obj
 0003:00002534       ___type_info_root_node     1003d534     LIBCMT:typname.obj
 0003:00002540       _lclcritsects              1003d540     LIBCMT:mlock.obj
 0003:00002698       ?outmsg@?9??_NMSG_WRITE@@9@9 1003d698     LIBCMT:crt0msg.obj
 0003:00002cc0       _ctrlc_action              1003dcc0     LIBCMT:winsig.obj
 0003:00002cc4       _ctrlbreak_action          1003dcc4     LIBCMT:winsig.obj
 0003:00002cc8       _abort_action              1003dcc8     LIBCMT:winsig.obj
 0003:00002ccc       _term_action               1003dccc     LIBCMT:winsig.obj
 0003:00002cd0       _ConsoleCtrlHandler_Installed 1003dcd0     LIBCMT:winsig.obj
 0003:00002cd4       _g_pfnRtlGenRandom         1003dcd4     LIBCMT:rand_s.obj
 0003:00002cf0       _fSystemSet                1003dcf0     LIBCMT:mbctype.obj
 0003:00002cf8       _GS_ExceptionRecord        1003dcf8     LIBCMT:gs_report.obj
 0003:00002d48       _GS_ContextRecord          1003dd48     LIBCMT:gs_report.obj
 0003:00003014       _DebuggerWasPresent        1003e014     LIBCMT:gs_report.obj
 0003:0000301c       ___crtCallProc             1003e01c     LIBCMT:winapinls.obj
 0003:0000304c       _heap                      1003e04c     LIBCMT:undname.obj
 0003:00003064       ?pfnMessageBox@?1??__crtMessageBoxW@@9@9 1003e064     LIBCMT:crtmboxw.obj
 0003:00003068       ?pfnGetActiveWindow@?1??__crtMessageBoxW@@9@9 1003e068     LIBCMT:crtmboxw.obj
 0003:0000306c       ?pfnGetLastActivePopup@?1??__crtMessageBoxW@@9@9 1003e06c     LIBCMT:crtmboxw.obj
 0003:00003070       ?pfnGetProcessWindowStation@?1??__crtMessageBoxW@@9@9 1003e070     LIBCMT:crtmboxw.obj
 0003:00003074       ?pfnGetUserObjectInformation@?1??__crtMessageBoxW@@9@9 1003e074     LIBCMT:crtmboxw.obj
