 damned

 Timestamp is 588115fa (Thu Jan 19 19:39:38 2017)

 Preferred load address is 10000000

 Start         Length     Name                   Class
 0001:00000000 000042daH .text                   CODE
 0001:000042e0 00000021H .text$di                CODE
 0001:00004310 0005ec4cH .text$mn                CODE
 0001:00062f60 00000243H .text$x                 CODE
 0002:00000000 0000018cH .idata$5                DATA
 0002:0000018c 00000004H .CRT$XCA                DATA
 0002:00000190 00000004H .CRT$XCU                DATA
 0002:00000194 00000004H .CRT$XCZ                DATA
 0002:00000198 00000004H .CRT$XIA                DATA
 0002:0000019c 00000014H .CRT$XIC                DATA
 0002:000001b0 00000004H .CRT$XIZ                DATA
 0002:000001b4 00000004H .CRT$XPA                DATA
 0002:000001b8 00000008H .CRT$XPX                DATA
 0002:000001c0 00000004H .CRT$XPXA               DATA
 0002:000001c4 00000004H .CRT$XPZ                DATA
 0002:000001c8 00000004H .CRT$XTA                DATA
 0002:000001cc 00000004H .CRT$XTZ                DATA
 0002:000001d0 00016668H .rdata                  DATA
 0002:00016838 000000c4H .rdata$debug            DATA
 0002:000168fc 000004b8H .rdata$r                DATA
 0002:00016db4 00000004H .rtc$IAA                DATA
 0002:00016db8 00000020H .rtc$IMZ                DATA
 0002:00016dd8 00000004H .rtc$IZZ                DATA
 0002:00016ddc 00000004H .rtc$TAA                DATA
 0002:00016de0 00000020H .rtc$TMZ                DATA
 0002:00016e00 00000004H .rtc$TZZ                DATA
 0002:00016e08 00000d78H .xdata$x                DATA
 0002:00017b80 00000044H .edata                  DATA
 0002:00017bc4 0000003cH .idata$2                DATA
 0002:00017c00 00000014H .idata$3                DATA
 0002:00017c14 0000018cH .idata$4                DATA
 0002:00017da0 000006f4H .idata$6                DATA
 0003:00000000 00001418H .data                   DATA
 0003:00001418 000001cbH .data$r                 DATA
 0003:00001600 000023e0H .bss                    DATA

  Address         Publics by Value              Rva+Base       Lib:Object

 0000:00000000       ___guard_flags             00000000     <absolute>
 0000:00000000       ___safe_se_handler_table   00000000     <absolute>
 0000:00000000       ___guard_fids_table        00000000     <absolute>
 0000:00000000       ___safe_se_handler_count   00000000     <absolute>
 0000:00000000       ___guard_fids_count        00000000     <absolute>
 0000:00000000       __except_list              00000000     <absolute>
 0000:00000000       ___ImageBase               10000000     <linker-defined>
 0001:00000000       ?sgdSqrt@@YANN@Z           10001000 f i sg_vs2008_32:sgd.obj
 0001:00000010       ?sgdSquare@@YANN@Z         10001010 f i sg_vs2008_32:sgd.obj
 0001:00000020       ?sgdAbs@@YANN@Z            10001020 f i sg_vs2008_32:sgd.obj
 0001:00000040       ?sgdASin@@YANN@Z           10001040 f i sg_vs2008_32:sgd.obj
 0001:00000050       ?sgdACos@@YANN@Z           10001050 f i sg_vs2008_32:sgd.obj
 0001:00000060       ?sgdATan2@@YANNN@Z         10001060 f i sg_vs2008_32:sgd.obj
 0001:00000080       ?sgdSin@@YANN@Z            10001080 f i sg_vs2008_32:sgd.obj
 0001:00000090       ?sgdCos@@YANN@Z            10001090 f i sg_vs2008_32:sgd.obj
 0001:000000a0       ?sgdZeroVec3@@YAXQAN@Z     100010a0 f i sg_vs2008_32:sgd.obj
 0001:000000b0       ?sgdSetVec3@@YAXQANNNN@Z   100010b0 f i sg_vs2008_32:sgd.obj
 0001:000000d0       ?sgdSetVec4@@YAXQANNNNN@Z  100010d0 f i sg_vs2008_32:sgd.obj
 0001:000000f0       ?sgdCopyVec3@@YAXQANQBN@Z  100010f0 f i sg_vs2008_32:sgd.obj
 0001:00000110       ?sgdCopyVec4@@YAXQANQBN@Z  10001110 f i sg_vs2008_32:sgd.obj
 0001:00000130       ?sgdAddVec3@@YAXQANQBN1@Z  10001130 f i sg_vs2008_32:sgd.obj
 0001:00000160       ?sgdSubVec2@@YAXQANQBN1@Z  10001160 f i sg_vs2008_32:sgd.obj
 0001:00000180       ?sgdSubVec3@@YAXQANQBN1@Z  10001180 f i sg_vs2008_32:sgd.obj
 0001:000001b0       ?sgdNegateVec3@@YAXQAN@Z   100011b0 f i sg_vs2008_32:sgd.obj
 0001:000001d0       ?sgdScaleVec2@@YAXQANN@Z   100011d0 f i sg_vs2008_32:sgd.obj
 0001:000001f0       ?sgdScaleVec3@@YAXQANN@Z   100011f0 f i sg_vs2008_32:sgd.obj
 0001:00000210       ?sgdScaleVec3@@YAXQANQBNN@Z 10001210 f i sg_vs2008_32:sgd.obj
 0001:00000240       ?sgdScaleVec4@@YAXQANQBNN@Z 10001240 f i sg_vs2008_32:sgd.obj
 0001:00000270       ?sgdAddScaledVec3@@YAXQANQBN1N@Z 10001270 f i sg_vs2008_32:sgd.obj
 0001:000002a0       ?sgdScalarProductVec2@@YANQBN0@Z 100012a0 f i sg_vs2008_32:sgd.obj
 0001:000002c0       ?sgdScalarProductVec3@@YANQBN0@Z 100012c0 f i sg_vs2008_32:sgd.obj
 0001:000002e0       ?sgdScalarProductVec4@@YANQBN0@Z 100012e0 f i sg_vs2008_32:sgd.obj
 0001:00000310       ?sgdDistanceSquaredVec3@@YANQBN0@Z 10001310 f i sg_vs2008_32:sgd.obj
 0001:00000340       ?sgdDistanceVec3@@YANQBN0@Z 10001340 f i sg_vs2008_32:sgd.obj
 0001:00000370       ?sgdLengthVec2@@YANQBN@Z   10001370 f i sg_vs2008_32:sgd.obj
 0001:00000390       ?sgdLengthVec3@@YANQBN@Z   10001390 f i sg_vs2008_32:sgd.obj
 0001:000003c0       ?sgdNormaliseVec2@@YAXQAN@Z 100013c0 f i sg_vs2008_32:sgd.obj
 0001:000003f0       ?sgdNormaliseVec3@@YAXQAN@Z 100013f0 f i sg_vs2008_32:sgd.obj
 0001:00000430       ?sgdNormaliseVec3@@YAXQANQBN@Z 10001430 f i sg_vs2008_32:sgd.obj
 0001:00000470       ?sgdCopyMat4@@YAXQAY03NQAY03$$CBN@Z 10001470 f i sg_vs2008_32:sgd.obj
 0001:000004e0       ?sgdScaleMat4@@YAXQAY03NQAY03$$CBNN@Z 100014e0 f i sg_vs2008_32:sgd.obj
 0001:00000570       ?sgdMakeIdentMat4@@YAXQAY03N@Z 10001570 f i sg_vs2008_32:sgd.obj
 0001:000005b0       ?sgdLineSegment3ToLine3@@YAXPAUsgdLine3@@UsgdLineSegment3@@@Z 100015b0 f i sg_vs2008_32:sgd.obj
 0001:00000620       ?sgdAngleBetweenNormalizedVec3@@YANQAN0@Z 10001620 f i sg_vs2008_32:sgd.obj
 0001:00000690       ?getCenter@sgdSphere@@QBEPBNXZ 10001690 f i sg_vs2008_32:sgd.obj
 0001:000006a0       ?getRadius@sgdSphere@@QBENXZ 100016a0 f i sg_vs2008_32:sgd.obj
 0001:000006b0       ?isEmpty@sgdSphere@@QBEHXZ 100016b0 f i sg_vs2008_32:sgd.obj
 0001:000006d0       ?getMin@sgdBox@@QBEPBNXZ   100016d0 f i sg_vs2008_32:sgd.obj
 0001:000006e0       ?getMax@sgdBox@@QBEPBNXZ   100016e0 f i sg_vs2008_32:sgd.obj
 0001:000006f0       ?isEmpty@sgdBox@@QBEHXZ    100016f0 f i sg_vs2008_32:sgd.obj
 0001:00000720       ?sgdVectorProductVec3@@YAXQANQBN1@Z 10001720 f   sg_vs2008_32:sgd.obj
 0001:00000760       ?_sgdClampToUnity@@YANN@Z  10001760 f i sg_vs2008_32:sgd.obj
 0001:00000790       ?sgdCompare3DSqdDist@@YAHQBN0N@Z 10001790 f   sg_vs2008_32:sgd.obj
 0001:000007f0       ?sgdMakeRotMat4@@YAXQAY03NNQBN@Z 100017f0 f   sg_vs2008_32:sgd.obj
 0001:00000920       ?sgdMakePickMatrix@@YAXQAY03NNNNNQAN@Z 10001920 f   sg_vs2008_32:sgd.obj
 0001:000009a0       ?sgdMakeLookAtMat4@@YAXQAY03NQBN11@Z 100019a0 f   sg_vs2008_32:sgd.obj
 0001:00000b20       ?sgdAngleBetweenVec3@@YANQAN0@Z 10001b20 f   sg_vs2008_32:sgd.obj
 0001:00000bc0       ?sgdAngleBetweenNormalizedVec3@@YANQAN00@Z 10001bc0 f   sg_vs2008_32:sgd.obj
 0001:00000d50       ?sgdAngleBetweenVec3@@YANQAN00@Z 10001d50 f   sg_vs2008_32:sgd.obj
 0001:00000df0       ?extend@sgdBox@@QAEXQBN@Z  10001df0 f   sg_vs2008_32:sgd.obj
 0001:00000ec0       ?extend@sgdBox@@QAEXPBV1@@Z 10001ec0 f   sg_vs2008_32:sgd.obj
 0001:00000f50       ?extend@sgdBox@@QAEXPBVsgdSphere@@@Z 10001f50 f   sg_vs2008_32:sgd.obj
 0001:00000fc0       ?intersects@sgdBox@@QBEHQBN@Z 10001fc0 f   sg_vs2008_32:sgd.obj
 0001:00001100       ?extend@sgdSphere@@QAEXQBN@Z 10002100 f   sg_vs2008_32:sgd.obj
 0001:000011b0       ?extend@sgdSphere@@QAEXPBVsgdBox@@@Z 100021b0 f   sg_vs2008_32:sgd.obj
 0001:00001340       ?extend@sgdSphere@@QAEXPBV1@@Z 10002340 f   sg_vs2008_32:sgd.obj
 0001:00001410       ?intersects@sgdSphere@@QBEHPBVsgdBox@@@Z 10002410 f   sg_vs2008_32:sgd.obj
 0001:000014c0       ?update@sgdFrustum@@AAEXXZ 100024c0 f   sg_vs2008_32:sgd.obj
 0001:000018c0       ?contains@sgdFrustum@@QBEHPBVsgdSphere@@@Z 100028c0 f   sg_vs2008_32:sgd.obj
 0001:00001a30       ?sgdDistSquaredToLineVec3@@YANUsgdLine3@@QBN@Z 10002a30 f   sg_vs2008_32:sgd.obj
 0001:00001a70       ?sgdDistSquaredToLineSegmentVec3@@YANUsgdLineSegment3@@QBN@Z 10002a70 f   sg_vs2008_32:sgd.obj
 0001:00001b80       ?sgdMakeCoordMat4@@YAXQAY03NNNNNNN@Z 10002b80 f   sg_vs2008_32:sgd.obj
 0001:00001d40       ?sgdMakeTransMat4@@YAXQAY03NQBN@Z 10002d40 f   sg_vs2008_32:sgd.obj
 0001:00001d90       ?sgdMakeTransMat4@@YAXQAY03NNNN@Z 10002d90 f   sg_vs2008_32:sgd.obj
 0001:00001de0       ?sgdSetCoord@@YAXPAUsgdCoord@@QAY03$$CBN@Z 10002de0 f   sg_vs2008_32:sgd.obj
 0001:000020e0       ?sgdMakeNormal@@YAXQANQBN1@Z 100030e0 f   sg_vs2008_32:sgd.obj
 0001:00002130       ?sgdMakeNormal@@YAXQANQBN11@Z 10003130 f   sg_vs2008_32:sgd.obj
 0001:000021d0       ?sgdMultMat4@@YAXQAY03NQAY03$$CBN1@Z 100031d0 f   sg_vs2008_32:sgd.obj
 0001:00002280       ?sgdTransposeNegateMat4@@YAXQAY03NQAY03$$CBN@Z 10003280 f   sg_vs2008_32:sgd.obj
 0001:00002320       ?sgdTransposeNegateMat4@@YAXQAY03N@Z 10003320 f   sg_vs2008_32:sgd.obj
 0001:00002350       ?sgdInvertMat4@@YAXQAY03NQAY03$$CBN@Z 10003350 f   sg_vs2008_32:sgd.obj
 0001:00002570       ?sgdXformVec3@@YAXQANQBNQAY03$$CBN@Z 10003570 f   sg_vs2008_32:sgd.obj
 0001:000025d0       ?sgdXformPnt3@@YAXQANQBNQAY03$$CBN@Z 100035d0 f   sg_vs2008_32:sgd.obj
 0001:00002630       ?sgdXformPnt4@@YAXQANQBNQAY03$$CBN@Z 10003630 f   sg_vs2008_32:sgd.obj
 0001:000026c0       ?sgdFullXformPnt3@@YAXQANQBNQAY03$$CBN@Z 100036c0 f   sg_vs2008_32:sgd.obj
 0001:00002720       ?sgdHPRfromVec3@@YAXQAN0@Z 10003720 f   sg_vs2008_32:sgd.obj
 0001:000027c0       ?sgdQuatToAngleAxis@@YAXPANQANQBN@Z 100037c0 f   sg_vs2008_32:sgd.obj
 0001:00002840       ?sgdAngleAxisToQuat@@YAXQANNQBN@Z 10003840 f   sg_vs2008_32:sgd.obj
 0001:000028e0       ?sgdMatrixToQuat@@YAXQANQAY03$$CBN@Z 100038e0 f   sg_vs2008_32:sgd.obj
 0001:00002a40       ?sgdMultQuat@@YAXQANQBN1@Z 10003a40 f   sg_vs2008_32:sgd.obj
 0001:00002b10       ?sgdMultQuat2@@YAXQANQBN1@Z 10003b10 f   sg_vs2008_32:sgd.obj
 0001:00002be0       ?sgdEulerToQuat@@YAXQANQBN@Z 10003be0 f   sg_vs2008_32:sgd.obj
 0001:00002cd0       ?sgdQuatToEuler@@YAXQANQBN@Z 10003cd0 f   sg_vs2008_32:sgd.obj
 0001:00002e30       ?sgdQuatToMatrix@@YAXQAY03NQBN@Z 10003e30 f   sg_vs2008_32:sgd.obj
 0001:00002f00       ?sgdMakeRotMat42@@YAXQAY03NQAN@Z 10003f00 f   sg_vs2008_32:sgd.obj
 0001:00002fd0       ?sgdSlerpQuat2@@YAXQANQBN1N@Z 10003fd0 f   sg_vs2008_32:sgd.obj
 0001:000030f0       ?sgdSlerpQuat@@YAXQANQBN1N@Z 100040f0 f   sg_vs2008_32:sgd.obj
 0001:000031e0       ?sgdRotateVecQuat@@YAXQAN0@Z 100041e0 f   sg_vs2008_32:sgd.obj
 0001:000032d0       ?sgdRotateCoordQuat@@YAXQAN0@Z 100042d0 f   sg_vs2008_32:sgd.obj
 0001:000033c0       ?sgdDistSquaredToLineLineSegment@@YANUsgdLineSegment3@@UsgdLine3@@@Z 100043c0 f   sg_vs2008_32:sgd.obj
 0001:000035d0       ?sgdReflectInPlaneVec3@@YAXQANQBN1@Z 100045d0 f   sg_vs2008_32:sgd.obj
 0001:00003620       ?sgdClassifyMat4@@YAHQAY03$$CBN@Z 10004620 f   sg_vs2008_32:sgd.obj
 0001:000038e0       ?sgdTriangleSolver_SAStoArea@@YANNNN@Z 100048e0 f   sg_vs2008_32:sgd.obj
 0001:00003900       ?sgdTriangleSolver_SSStoArea@@YANNNN@Z 10004900 f   sg_vs2008_32:sgd.obj
 0001:00003950       ?sgdTriangleSolver_SSStoAAA@@YAXNNNPAN00@Z 10004950 f   sg_vs2008_32:sgd.obj
 0001:00003af0       ?sgdTriangleSolver_SAStoASA@@YAXNNNPAN00@Z 10004af0 f   sg_vs2008_32:sgd.obj
 0001:00003b70       ?sgdTriangleSolver_ASAtoSAS@@YAXNNNPAN00@Z 10004b70 f   sg_vs2008_32:sgd.obj
 0001:00003c20       ?sgdTriangleSolver_ASStoSAA@@YAXNNNHPAN00@Z 10004c20 f   sg_vs2008_32:sgd.obj
 0001:00003cb0       ?sgdTriangleSolver_SAAtoASS@@YAXNNNPAN00@Z 10004cb0 f   sg_vs2008_32:sgd.obj
 0001:00003d00       ?sgdTriArea@@YANQAN00@Z    10004d00 f   sg_vs2008_32:sgd.obj
 0001:00003de0       ?getOutcode@sgdFrustum@@ABEHQBN@Z 10004de0 f   sg_vs2008_32:sgd.obj
 0001:00003ec0       ?contains@sgdFrustum@@QBEHQBN@Z 10004ec0 f   sg_vs2008_32:sgd.obj
 0001:00003ee0       ?contains@sgdFrustum@@QBEHPBVsgdBox@@@Z 10004ee0 f   sg_vs2008_32:sgd.obj
 0001:00004000       ?sgdPreMultMat4@@YAXQAY03NQAY03$$CBN@Z 10005000 f   sg_vs2008_32:sgd.obj
 0001:00004040       ?sgdPostMultMat4@@YAXQAY03NQAY03$$CBN@Z 10005040 f   sg_vs2008_32:sgd.obj
 0001:00004080       ?sgdQuatToAngleAxis@@YAXPAN000QBN@Z 10005080 f   sg_vs2008_32:sgd.obj
 0001:000040c0       ?sgdAngleAxisToQuat@@YAXQANNNNN@Z 100050c0 f   sg_vs2008_32:sgd.obj
 0001:00004100       ?sgdTriangleSolver_ASAtoArea@@YANNNN@Z 10005100 f   sg_vs2008_32:sgd.obj
 0001:00004170       ?sgdTriangleSolver_ASStoArea@@YANNNNH@Z 10005170 f   sg_vs2008_32:sgd.obj
 0001:000041d0       ?sgdTriangleSolver_SAAtoArea@@YANNNN@Z 100051d0 f   sg_vs2008_32:sgd.obj
 0001:00004230       ?ulSetError@@YAXW4ulSeverity@@PBDZZ 10005230 f   ul_vs2008_32:ulError.obj
 0001:000042a0       ?ulGetError@@YAPADXZ       100052a0 f   ul_vs2008_32:ulError.obj
 0001:000042b0       ?ulClearError@@YAXXZ       100052b0 f   ul_vs2008_32:ulError.obj
 0001:000042c0       ?ulGetErrorCallback@@YAP6AXW4ulSeverity@@PAD@ZXZ 100052c0 f   ul_vs2008_32:ulError.obj
 0001:000042d0       ?ulSetErrorCallback@@YAXP6AXW4ulSeverity@@PAD@Z@Z 100052d0 f   ul_vs2008_32:ulError.obj
 0001:00004310       ?update@SingleCardata@@QAEXXZ 10005310 f   cardata.obj
 0001:000044a0       ?getSpeed@SingleCardata@@KAMPAUCarElt@@M@Z 100054a0 f   cardata.obj
 0001:00004580       ??0Cardata@@QAE@PAUSituation@@@Z 10005580 f   cardata.obj
 0001:00004620       ??1Cardata@@QAE@XZ         10005620 f   cardata.obj
 0001:00004660       ?update@Cardata@@QAEXXZ    10005660 f   cardata.obj
 0001:000046c0       ?findCar@Cardata@@QAEPAVSingleCardata@@PAUCarElt@@@Z 100056c0 f   cardata.obj
 0001:00004730       ??0?$v2t@M@@QAE@XZ         10005730 f i cardata.obj
 0001:00004750       ??D?$v2t@M@@QBEMABV0@@Z    10005750 f i cardata.obj
 0001:000047a0       ?cos@@YAMM@Z               100057a0 f i cardata.obj
 0001:000047c0       ?init@SingleCardata@@QAEXPAUCarElt@@@Z 100057c0 f i cardata.obj
 0001:000047e0       ?sgdMakeCoordMat4@@YAXQAY03NPBUsgdCoord@@@Z 100057e0 f i cardata.obj
 0001:00004810       ?sgdMakeCoordMat4@@YAXQAY03NQBN1@Z 10005810 f i cardata.obj
 0001:000048c0       ?sin@@YAMM@Z               100058c0 f i cardata.obj
 0001:000048e0       ?thisCar@SingleCardata@@QAE_NPAUCarElt@@@Z 100058e0 f i cardata.obj
 0001:00004920       _cosf                      10005920 f i cardata.obj
 0001:00004960       _sinf                      10005960 f i cardata.obj
 0001:00004bb0       _damned                    10005bb0 f   damned.obj
 0001:00004c60       ??_GDriver@@QAEPAXI@Z      10005c60 f i damned.obj
 0001:00004ca0       ??0Driver@@QAE@H@Z         10005ca0 f   driver.obj
 0001:00004cc0       ??1Driver@@QAE@XZ          10005cc0 f   driver.obj
 0001:00004e00       ?initTrack@Driver@@QAEXPAUtTrack@@PAXPAPAXPAUSituation@@@Z 10005e00 f   driver.obj
 0001:00005080       ?newRace@Driver@@QAEXPAUCarElt@@PAUSituation@@@Z 10006080 f   driver.obj
 0001:000053b0       ?drive@Driver@@QAEXPAUSituation@@@Z 100063b0 f   driver.obj
 0001:000055a0       ?pitCommand@Driver@@QAEHPAUSituation@@@Z 100065a0 f   driver.obj
 0001:00005640       ?endRace@Driver@@QAEXPAUSituation@@@Z 10006640 f   driver.obj
 0001:00005660       ?isStuck@Driver@@AAE_NXZ   10006660 f   driver.obj
 0001:00005770       ?update@Driver@@AAEXPAUSituation@@@Z 10006770 f   driver.obj
 0001:00005a00       ?getAllowedSpeed@Driver@@AAEMPAUtrackSeg@@@Z 10006a00 f   driver.obj
 0001:00005bf0       ?getAccel@Driver@@AAEMXZ   10006bf0 f   driver.obj
 0001:00005ce0       ?getDistToSegEnd@Driver@@AAEMXZ 10006ce0 f   driver.obj
 0001:00005d80       ?getBrake@Driver@@AAEMXZ   10006d80 f   driver.obj
 0001:00005f40       ?getGear@Driver@@AAEHXZ    10006f40 f   driver.obj
 0001:000060c0       ?getSteer@Driver@@AAEMXZ   100070c0 f   driver.obj
 0001:00006210       ?getClutch@Driver@@AAEMXZ  10007210 f   driver.obj
 0001:000064e0       ?getTargetPoint@Driver@@AAE?AV?$v2t@M@@XZ 100074e0 f   driver.obj
 0001:000069c0       ?getOffset@Driver@@AAEMXZ  100079c0 f   driver.obj
 0001:000071a0       ?brakedist@Driver@@AAEMMM@Z 100081a0 f   driver.obj
 0001:00007280       ?filterOverlap@Driver@@AAEMM@Z 10008280 f   driver.obj
 0001:00007320       ?filterBColl@Driver@@AAEMM@Z 10008320 f   driver.obj
 0001:00007410       ?filterABS@Driver@@AAEMM@Z 10008410 f   driver.obj
 0001:00007530       ?filterBPit@Driver@@AAEMM@Z 10008530 f   driver.obj
 0001:00007870       ?filterBrakeSpeed@Driver@@AAEMM@Z 10008870 f   driver.obj
 0001:00007910       ?filterTCL@Driver@@AAEMM@Z 10008910 f   driver.obj
 0001:000079d0       ?filterTrk@Driver@@AAEMM@Z 100089d0 f   driver.obj
 0001:00007b70       ?filterSColl@Driver@@AAEMM@Z 10008b70 f   driver.obj
 0001:00008080       ?filterTCL_RWD@Driver@@AAEMXZ 10009080 f   driver.obj
 0001:00008100       ?filterTCL_FWD@Driver@@AAEMXZ 10009100 f   driver.obj
 0001:00008180       ?filterTCL_4WD@Driver@@AAEMXZ 10009180 f   driver.obj
 0001:00008240       ?initTCLfilter@Driver@@AAEXXZ 10009240 f   driver.obj
 0001:000082f0       ?initCa@Driver@@AAEXXZ     100092f0 f   driver.obj
 0001:00008590       ?initCw@Driver@@AAEXXZ     10009590 f   driver.obj
 0001:00008640       ?initTireMu@Driver@@AAEXXZ 10009640 f   driver.obj
 0001:000087a0       ?computeRadius@Driver@@AAEXPAM@Z 100097a0 f   driver.obj
 0001:00008900       ?isAlone@Driver@@AAEHXZ    10009900 f   driver.obj
 0001:00008970       ??$?DM@@YA?AV?$v2t@M@@MABV0@@Z 10009970 f i driver.obj
 0001:000089b0       ??0?$v2t@M@@QAE@MM@Z       100099b0 f i driver.obj
 0001:000089e0       ??0SimpleStrategy2@@QAE@XZ 100099e0 f i driver.obj
 0001:00008a10       ??4?$v2t@M@@QAEAAV0@ABV0@@Z 10009a10 f i driver.obj
 0001:00008a40       ??D?$v2t@M@@QBE?AV0@M@Z    10009a40 f i driver.obj
 0001:00008a90       ??G?$v2t@M@@QBE?AV0@ABV0@@Z 10009a90 f i driver.obj
 0001:00008af0       ??H?$v2t@M@@QBE?AV0@ABV0@@Z 10009af0 f i driver.obj
 0001:00008b50       ??_GCardata@@QAEPAXI@Z     10009b50 f i driver.obj
 0001:00008b90       ??_GOpponents@@QAEPAXI@Z   10009b90 f i driver.obj
 0001:00008bd0       ??_GPit@@QAEPAXI@Z         10009bd0 f i driver.obj
 0001:00008c10       ??_GSegLearn@@QAEPAXI@Z    10009c10 f i driver.obj
 0001:00008c50       ??_ESimpleStrategy2@@UAEPAXI@Z 10009c50 f i driver.obj
 0001:00008c50       ??_GSimpleStrategy2@@UAEPAXI@Z 10009c50 f i driver.obj
 0001:00008c90       ?atan2@@YAMMM@Z            10009c90 f i driver.obj
 0001:00008cc0       ?exp@@YAMM@Z               10009cc0 f i driver.obj
 0001:00008ce0       ?fabs@@YAMM@Z              10009ce0 f i driver.obj
 0001:00008d00       ?getCarAngle@SingleCardata@@QAEMXZ 10009d00 f i driver.obj
 0001:00008d20       ?getCarPtr@Opponent@@QAEPAUCarElt@@XZ 10009d20 f i driver.obj
 0001:00008d40       ?getCatchDist@Opponent@@QAEMXZ 10009d40 f i driver.obj
 0001:00008d60       ?getDamage@Opponent@@QAEHXZ 10009d60 f i driver.obj
 0001:00008d80       ?getDistance@Opponent@@QAEMXZ 10009d80 f i driver.obj
 0001:00008da0       ?getInPit@Pit@@QAE_NXZ     10009da0 f i driver.obj
 0001:00008dc0       ?getNOpponents@Opponents@@QAEHXZ 10009dc0 f i driver.obj
 0001:00008de0       ?getNPitEnd@Pit@@QAEMXZ    10009de0 f i driver.obj
 0001:00008e10       ?getNPitLoc@Pit@@QAEMXZ    10009e10 f i driver.obj
 0001:00008e40       ?getNPitStart@Pit@@QAEMXZ  10009e40 f i driver.obj
 0001:00008e70       ?getOpponentPtr@Opponents@@QAEPAVOpponent@@XZ 10009e70 f i driver.obj
 0001:00008e90       ?getPitstop@Pit@@QAE_NXZ   10009e90 f i driver.obj
 0001:00008eb0       ?getRadius@SegLearn@@QAEMPAUtrackSeg@@@Z 10009eb0 f i driver.obj
 0001:00008ee0       ?getSideDist@Opponent@@QAEMXZ 10009ee0 f i driver.obj
 0001:00008f00       ?getSpeed@Opponent@@QAEMXZ 10009f00 f i driver.obj
 0001:00008f30       ?getSpeedInTrackDirection@SingleCardata@@QAEMXZ 10009f30 f i driver.obj
 0001:00008f50       ?getSpeedlimit@Pit@@QAEMXZ 10009f50 f i driver.obj
 0001:00008f70       ?getSpeedlimitSqr@Pit@@QAEMXZ 10009f70 f i driver.obj
 0001:00008f90       ?getState@Opponent@@QAEHXZ 10009f90 f i driver.obj
 0001:00008fb0       ?getTrackangle@SingleCardata@@QAEMXZ 10009fb0 f i driver.obj
 0001:00008fd0       ?getWidth@Opponent@@QAEMXZ 10009fd0 f i driver.obj
 0001:00009000       ?getWidthOnTrack@SingleCardata@@QAEMXZ 1000a000 f i driver.obj
 0001:00009020       ?isTeamMate@Opponent@@QAE_NXZ 1000a020 f i driver.obj
 0001:00009040       ?len@?$v2t@M@@QBEMXZ       1000a040 f i driver.obj
 0001:00009090       ?log@@YAMM@Z               1000a090 f i driver.obj
 0001:000090b0       ?normalize@?$v2t@M@@QAEXXZ 1000a0b0 f i driver.obj
 0001:00009110       ?rotate@?$v2t@M@@QBE?AV1@ABV1@M@Z 1000a110 f i driver.obj
 0001:00009210       ?sqrt@@YAMM@Z              1000a210 f i driver.obj
 0001:00009230       ?strrchr@@YAPADPADH@Z      1000a230 f i driver.obj
 0001:00009250       _atan2f                    1000a250 f i driver.obj
 0001:000092a0       _expf                      1000a2a0 f i driver.obj
 0001:000092e0       _fabsf                     1000a2e0 f i driver.obj
 0001:00009320       _logf                      1000a320 f i driver.obj
 0001:00009360       _sqrtf                     1000a360 f i driver.obj
 0001:000093a0       ??0SegLearn@@QAE@PAUtTrack@@PAUSituation@@H@Z 1000a3a0 f   learn.obj
 0001:00009540       ??1SegLearn@@QAE@XZ        1000a540 f   learn.obj
 0001:000095a0       ?update@SegLearn@@QAEXPAUSituation@@PAUtTrack@@PAUCarElt@@HMMPAM@Z 1000a5a0 f   learn.obj
 0001:000098d0       ?writeKarma@SegLearn@@AAEXXZ 1000a8d0 f   learn.obj
 0001:00009b20       ?getKarmaFilename@SegLearn@@AAEPAU_iobuf@@PAUtTrack@@PAUSituation@@H@Z 1000ab20 f   learn.obj
 0001:00009d90       ?tryKarmaFilename@SegLearn@@AAEPAU_iobuf@@PADHPBDH1_N@Z 1000ad90 f   learn.obj
 0001:00009e50       ?readKarma@SegLearn@@AAE_NPAUtTrack@@PAUSituation@@PAMPAHH@Z 1000ae50 f   learn.obj
 0001:0000a040       ?strchr@@YAPADPADH@Z       1000b040 f i learn.obj
 0001:0000a060       ??0Opponent@@QAE@XZ        1000b060 f   opponent.obj
 0001:0000a080       ?update@Opponent@@QAEXPAUSituation@@PAVDriver@@@Z 1000b080 f   opponent.obj
 0001:0000a7c0       ?getDistToSegStart@Opponent@@AAEMXZ 1000b7c0 f   opponent.obj
 0001:0000a830       ?updateOverlapTimer@Opponent@@AAEXPAUSituation@@PAUCarElt@@@Z 1000b830 f   opponent.obj
 0001:0000a970       ??0Opponents@@QAE@PAUSituation@@PAVDriver@@PAVCardata@@@Z 1000b970 f   opponent.obj
 0001:0000aaf0       ??1Opponents@@QAE@XZ       1000baf0 f   opponent.obj
 0001:0000ab30       ?update@Opponents@@QAEXPAUSituation@@PAVDriver@@@Z 1000bb30 f   opponent.obj
 0001:0000ab90       ?setTeamMate@Opponents@@QAEXPBD@Z 1000bb90 f   opponent.obj
 0001:0000ac10       ??0?$straight2t@M@@QAE@MMMM@Z 1000bc10 f i opponent.obj
 0001:0000ac90       ??_H@YGXPAXIHP6EPAX0@Z@Z   1000bc90 f i opponent.obj
 0001:0000acd0       ?dist@?$straight2t@M@@QBEMABV?$v2t@M@@@Z 1000bcd0 f i opponent.obj
 0001:0000ad80       ?getCarPtr@Driver@@QAEPAUCarElt@@XZ 1000bd80 f i opponent.obj
 0001:0000ada0       ?getSpeed@Driver@@QAEMXZ   1000bda0 f i opponent.obj
 0001:0000add0       ?getTrackPtr@Driver@@QAEPAUtTrack@@XZ 1000bdd0 f i opponent.obj
 0001:0000adf0       ?markAsTeamMate@Opponent@@QAEXXZ 1000bdf0 f i opponent.obj
 0001:0000ae10       ?setCarDataPtr@Opponent@@QAEXPAVSingleCardata@@@Z 1000be10 f i opponent.obj
 0001:0000ae30       ?setCarPtr@Opponent@@QAEXPAUCarElt@@@Z 1000be30 f i opponent.obj
 0001:0000ae50       ?setTrackPtr@Opponent@@SAXPAUtTrack@@@Z 1000be50 f i opponent.obj
 0001:0000ae60       ??0Pit@@QAE@PAUSituation@@PAVDriver@@@Z 1000be60 f   pit.obj
 0001:0000b340       ??1Pit@@QAE@XZ             1000c340 f   pit.obj
 0001:0000b390       ?setPitstop@Pit@@QAEX_N@Z  1000c390 f   pit.obj
 0001:0000b420       ?getPitOffset@Pit@@QAEMMM@Z 1000c420 f   pit.obj
 0001:0000b4b0       ?isBetween@Pit@@QAE_NM@Z   1000c4b0 f   pit.obj
 0001:0000b530       ?isTimeout@Pit@@QAE_NM@Z   1000c530 f   pit.obj
 0001:0000b5f0       ?toSplineCoord@Pit@@QAEMM@Z 1000c5f0 f   pit.obj
 0001:0000b640       ?getSpeedLimitBrake@Pit@@QAEMM@Z 1000c640 f   pit.obj
 0001:0000b690       ?update@Pit@@QAEXXZ        1000c690 f   pit.obj
 0001:0000b720       ?setInPit@Pit@@QAEX_N@Z    1000c720 f i pit.obj
 0001:0000b740       ??0Spline@@QAE@HPAVSplinePoint@@@Z 1000c740 f   spline.obj
 0001:0000b770       ?evaluate@Spline@@QAEMM@Z  1000c770 f   spline.obj
 0001:0000b8f0       ??0SimpleStrategy@@QAE@XZ  1000c8f0 f   strategy.obj
 0001:0000b960       ??1SimpleStrategy@@UAE@XZ  1000c960 f   strategy.obj
 0001:0000b990       ?setFuelAtRaceStart@SimpleStrategy@@UAEXPAUtTrack@@PAPAXPAUSituation@@H@Z 1000c990 f   strategy.obj
 0001:0000baa0       ?update@SimpleStrategy@@UAEXPAUCarElt@@PAUSituation@@@Z 1000caa0 f   strategy.obj
 0001:0000bbd0       ?needPitstop@SimpleStrategy@@UAE_NPAUCarElt@@PAUSituation@@@Z 1000cbd0 f   strategy.obj
 0001:0000bcd0       ?pitRefuel@SimpleStrategy@@UAEMPAUCarElt@@PAUSituation@@@Z 1000ccd0 f   strategy.obj
 0001:0000be80       ?pitRepair@SimpleStrategy@@UAEHPAUCarElt@@PAUSituation@@@Z 1000ce80 f   strategy.obj
 0001:0000bea0       ?isPitFree@SimpleStrategy@@UAE_NPAUCarElt@@@Z 1000cea0 f   strategy.obj
 0001:0000bee0       ??1SimpleStrategy2@@UAE@XZ 1000cee0 f   strategy.obj
 0001:0000bf10       ?setFuelAtRaceStart@SimpleStrategy2@@UAEXPAUtTrack@@PAPAXPAUSituation@@H@Z 1000cf10 f   strategy.obj
 0001:0000c1c0       ?pitRefuel@SimpleStrategy2@@UAEMPAUCarElt@@PAUSituation@@@Z 1000d1c0 f   strategy.obj
 0001:0000c3f0       ?update@SimpleStrategy2@@UAEXPAUCarElt@@PAUSituation@@@Z 1000d3f0 f   strategy.obj
 0001:0000c500       ?updateFuelStrategy@SimpleStrategy2@@MAEXPAUCarElt@@PAUSituation@@@Z 1000d500 f   strategy.obj
 0001:0000c6c0       ??0AbstractStrategy@@QAE@XZ 1000d6c0 f i strategy.obj
 0001:0000c6e0       ??1AbstractStrategy@@UAE@XZ 1000d6e0 f i strategy.obj
 0001:0000c700       ??_EAbstractStrategy@@UAEPAXI@Z 1000d700 f i strategy.obj
 0001:0000c700       ??_GAbstractStrategy@@UAEPAXI@Z 1000d700 f i strategy.obj
 0001:0000c740       ??_GSimpleStrategy@@UAEPAXI@Z 1000d740 f i strategy.obj
 0001:0000c740       ??_ESimpleStrategy@@UAEPAXI@Z 1000d740 f i strategy.obj
 0001:0000c780       ?ceil@@YAMM@Z              1000d780 f i strategy.obj
 0001:0000c7a0       _ceilf                     1000d7a0 f i strategy.obj
 0001:0000c7d4       ?_tgf_win_strdup@@YAPADPBD@Z 1000d7d4 f   tgf:tgf.dll
 0001:0000c7da       ?GfParmReadFile@@YAPAXPBDH@Z 1000d7da f   tgf:tgf.dll
 0001:0000c7e0       ?GfParmGetStr@@YAPBDPAXPBD11@Z 1000d7e0 f   tgf:tgf.dll
 0001:0000c7e6       ?GfParmGetNum@@YAMPAXPBD11M@Z 1000d7e6 f   tgf:tgf.dll
 0001:0000c7ec       ?GetLocalDir@@YAPADXZ      1000d7ec f   tgf:tgf.dll
 0001:0000c7f2       ?GetDataDir@@YAPADXZ       1000d7f2 f   tgf:tgf.dll
 0001:0000c7f8       ?GfCreateDir@@YAHPAD@Z     1000d7f8 f   tgf:tgf.dll
 0001:0000c7fe       ?GfParmSetNum@@YAHPAXPBD11M@Z 1000d7fe f   tgf:tgf.dll
 0001:0000c804       ?RtTrackSideTgAngleL@@YAMPAUtTrkLocPos@@@Z 1000d804 f   robottools:robottools.dll
 0001:0000c80a       ?RtDistToPit@@YAHPAUCarElt@@PAUtTrack@@PAM2@Z 1000d80a f   robottools:robottools.dll
 0001:0000c810       ??0bad_alloc@std@@QAE@ABV01@@Z 1000d810 f i LIBCMTD:new.obj
 0001:0000c840       ??0bad_alloc@std@@QAE@XZ   1000d840 f i LIBCMTD:new.obj
 0001:0000c870       ??1bad_alloc@std@@UAE@XZ   1000d870 f i LIBCMTD:new.obj
 0001:0000c890       ??2@YAPAXI@Z               1000d890 f   LIBCMTD:new.obj
 0001:0000c8e0       ??_Ebad_alloc@std@@UAEPAXI@Z 1000d8e0 f i LIBCMTD:new.obj
 0001:0000c8e0       ??_Gbad_alloc@std@@UAEPAXI@Z 1000d8e0 f i LIBCMTD:new.obj
 0001:0000c910       ??3@YAXPAX@Z               1000d910 f   LIBCMTD:dbgdel.obj
 0001:0000ca00       _cos                       1000da00 f   LIBCMTD:cos.obj
 0001:0000ca40       __CIcos                    1000da40 f   LIBCMTD:cos.obj
 0001:0000ca7b       __CIcos_default            1000da7b f   LIBCMTD:cos.obj
 0001:0000ca8f       __cos_default              1000da8f     LIBCMTD:cos.obj
 0001:0000cb30       _sin                       1000db30 f   LIBCMTD:sin.obj
 0001:0000cb70       __CIsin                    1000db70 f   LIBCMTD:sin.obj
 0001:0000cbab       __CIsin_default            1000dbab f   LIBCMTD:sin.obj
 0001:0000cbbf       __sin_default              1000dbbf     LIBCMTD:sin.obj
 0001:0000cc60       @_RTC_AllocaHelper@12      1000dc60 f   LIBCMTD:stack.obj
 0001:0000cca0       @_RTC_CheckStackVars2@12   1000dca0 f   LIBCMTD:stack.obj
 0001:0000cd80       @_RTC_CheckStackVars@8     1000dd80 f   LIBCMTD:stack.obj
 0001:0000cde0       __RTC_CheckEsp             1000dde0 f   LIBCMTD:stack.obj
 0001:0000ce10       __RTC_InitBase             1000de10 f   LIBCMTD:init.obj
 0001:0000ce40       __RTC_Shutdown             1000de40 f   LIBCMTD:init.obj
 0001:0000ce60       __fpmath                   1000de60 f   LIBCMTD:fpinit.obj
 0001:0000ce80       ___setfflag                1000de80 f   LIBCMTD:fpinit.obj
 0001:0000cea0       __cfltcvt_init             1000dea0 f   LIBCMTD:fpinit.obj
 0001:0000cf60       _memset                    1000df60 f   LIBCMTD:memset.obj
 0001:0000cff0       @__security_check_cookie@4 1000dff0 f   LIBCMTD:secchk.obj
 0001:0000d100       ?_CallCatchBlock2@@YAPAXPAUEHRegistrationNode@@PBU_s_FuncInfo@@PAXHK@Z 1000e100 f   LIBCMTD:_trnsctrl_.obj
 0001:0000d170       ?_CallMemberFunction0@@YGXPAX0@Z 1000e170 f   LIBCMTD:_trnsctrl_.obj
 0001:0000d180       ?_CallMemberFunction1@@YGXPAX00@Z 1000e180 f   LIBCMTD:_trnsctrl_.obj
 0001:0000d190       ?_CallMemberFunction2@@YGXPAX00H@Z 1000e190 f   LIBCMTD:_trnsctrl_.obj
 0001:0000d1a0       ?_CallSETranslator@@YAHPAUEHExceptionRecord@@PAUEHRegistrationNode@@PAX2PBU_s_FuncInfo@@H1@Z 1000e1a0 f   LIBCMTD:_trnsctrl_.obj
 0001:0000d290       ?_GetRangeOfTrysToCheck@@YAPBU_s_TryBlockMapEntry@@PBU_s_FuncInfo@@HHPAI1@Z 1000e290 f   LIBCMTD:_trnsctrl_.obj
 0001:0000d320       ?_JumpToContinuation@@YGXPAXPAUEHRegistrationNode@@@Z 1000e320 f   LIBCMTD:_trnsctrl_.obj
 0001:0000d360       ?_UnwindNestedFrames@@YGXPAUEHRegistrationNode@@PAUEHExceptionRecord@@@Z 1000e360 f   LIBCMTD:_trnsctrl_.obj
 0001:0000d3c0       __CreateFrameInfo          1000e3c0 f   LIBCMTD:_trnsctrl_.obj
 0001:0000d3f0       __FindAndUnlinkFrame       1000e3f0 f   LIBCMTD:_trnsctrl_.obj
 0001:0000d450       __IsExceptionObjectToBeDestroyed 1000e450 f   LIBCMTD:_trnsctrl_.obj
 0001:0000d480       ___CxxFrameHandler         1000e480 f   LIBCMTD:_trnsctrl_.obj
 0001:0000d4c0       ___CxxFrameHandler2        1000e4c0 f   LIBCMTD:_trnsctrl_.obj
 0001:0000d500       ___CxxFrameHandler3        1000e500 f   LIBCMTD:_trnsctrl_.obj
 0001:0000d540       ___CxxLongjmpUnwind@4      1000e540 f   LIBCMTD:_trnsctrl_.obj
 0001:0000d570       __snprintf                 1000e570 f   LIBCMTD:snprintf.obj
 0001:0000d750       __snprintf_l               1000e750 f   LIBCMTD:snprintf.obj
 0001:0000d780       _strcmp                    1000e780 f   LIBCMTD:strcmp.obj
 0001:0000d810       _strrchr                   1000e810 f   LIBCMTD:strrchr.obj
 0001:0000d950       _atan2                     1000e950 f   LIBCMTD:87ctriga.obj
 0001:0000d95a       __CIatan2                  1000e95a f   LIBCMTD:87ctriga.obj
 0001:0000d970       _exp                       1000e970 f   LIBCMTD:87ctran.obj
 0001:0000d9ac       __CIexp                    1000e9ac f   LIBCMTD:87ctran.obj
 0001:0000d9e7       __exp_default              1000e9e7 f   LIBCMTD:87ctran.obj
 0001:0000d9f1       __CIexp_default            1000e9f1 f   LIBCMTD:87ctran.obj
 0001:0000da00       _fabs                      1000ea00 f   LIBCMTD:fabs.obj
 0001:0000db00       _log                       1000eb00 f   LIBCMTD:log.obj
 0001:0000db40       __CIlog                    1000eb40 f   LIBCMTD:log.obj
 0001:0000db7b       __CIlog_default            1000eb7b f   LIBCMTD:log.obj
 0001:0000db8f       __log_default              1000eb8f     LIBCMTD:log.obj
 0001:0000dc50       __CIsqrt                   1000ec50 f   LIBCMTD:sqrt.obj
 0001:0000dc64       _sqrt                      1000ec64     LIBCMTD:sqrt.obj
 0001:0000dd10       ??0type_info@@AAE@ABV0@@Z  1000ed10 f   LIBCMTD:typinfo.obj
 0001:0000dd30       ??1type_info@@UAE@XZ       1000ed30 f   LIBCMTD:typinfo.obj
 0001:0000dd50       ??4type_info@@AAEAAV0@ABV0@@Z 1000ed50 f   LIBCMTD:typinfo.obj
 0001:0000dd60       ??8type_info@@QBE_NABV0@@Z 1000ed60 f   LIBCMTD:typinfo.obj
 0001:0000dda0       ??9type_info@@QBE_NABV0@@Z 1000eda0 f   LIBCMTD:typinfo.obj
 0001:0000dde0       ??_Etype_info@@UAEPAXI@Z   1000ede0 f i LIBCMTD:typinfo.obj
 0001:0000dde0       ??_Gtype_info@@UAEPAXI@Z   1000ede0 f i LIBCMTD:typinfo.obj
 0001:0000de10       ?_name_internal_method@type_info@@QBEPBDPAU__type_info_node@@@Z 1000ee10 f   LIBCMTD:typinfo.obj
 0001:0000de30       ?_type_info_dtor_internal_method@type_info@@QAEXXZ 1000ee30 f   LIBCMTD:typinfo.obj
 0001:0000de50       ?before@type_info@@QBE_NABV1@@Z 1000ee50 f   LIBCMTD:typinfo.obj
 0001:0000de90       ?name@type_info@@QBEPBDPAU__type_info_node@@@Z 1000ee90 f   LIBCMTD:typinfo.obj
 0001:0000deb0       ?raw_name@type_info@@QBEPBDXZ 1000eeb0 f   LIBCMTD:typinfo.obj
 0001:0000ded0       ___raise_securityfailure   1000eed0 f   LIBCMTD:gs_report.obj
 0001:0000df20       ___report_gsfailure        1000ef20 f   LIBCMTD:gs_report.obj
 0001:0000e030       ___report_rangecheckfailure 1000f030 f   LIBCMTD:gs_report.obj
 0001:0000e040       ___report_securityfailure  1000f040 f   LIBCMTD:gs_report.obj
 0001:0000e120       ___report_securityfailureEx 1000f120 f   LIBCMTD:gs_report.obj
 0001:0000e250       __fclose_nolock            1000f250 f   LIBCMTD:fclose.obj
 0001:0000e360       _fclose                    1000f360 f   LIBCMTD:fclose.obj
 0001:0000e480       __fsopen                   1000f480 f   LIBCMTD:fopen.obj
 0001:0000e6d0       _fopen                     1000f6d0 f   LIBCMTD:fopen.obj
 0001:0000e6f0       _fopen_s                   1000f6f0 f   LIBCMTD:fopen.obj
 0001:0000e7b0       __fread_nolock             1000f7b0 f   LIBCMTD:fread.obj
 0001:0000e7d0       __fread_nolock_s           1000f7d0 f   LIBCMTD:fread.obj
 0001:0000ee00       _fread                     1000fe00 f   LIBCMTD:fread.obj
 0001:0000ee20       _fread_s                   1000fe20 f   LIBCMTD:fread.obj
 0001:0000ef70       __fwrite_nolock            1000ff70 f   LIBCMTD:fwrite.obj
 0001:0000f380       _fwrite                    10010380 f   LIBCMTD:fwrite.obj
 0001:0000f4a0       _strchr                    100104a0 f   LIBCMTD:strchr.obj
 0001:0000f50e       ___from_strstr_to_strchr   1001050e     LIBCMTD:strchr.obj
 0001:0000f5d0       _strncmp                   100105d0 f   LIBCMTD:strncmp.obj
 0001:0000f650       _strncpy                   10010650 f   LIBCMTD:strncpy.obj
 0001:0000f780       __get_purecall_handler     10010780 f   LIBCMTD:purevirt.obj
 0001:0000f7a0       __purecall                 100107a0 f   LIBCMTD:purevirt.obj
 0001:0000f7e0       __set_purecall_handler     100107e0 f   LIBCMTD:purevirt.obj
 0001:0000f810       _ceil                      10010810 f   LIBCMTD:ceil_pentium4.obj
 0001:0000f850       __ceil_pentium4            10010850 f   LIBCMTD:ceil_pentium4.obj
 0001:0000f930       __ftol2_sse                10010930 f   LIBCMTD:ftol2.obj
 0001:0000f939       __ftol2_pentium4           10010939 f   LIBCMTD:ftol2.obj
 0001:0000f94c       __ftol2_sse_excpt          1001094c f   LIBCMTD:ftol2.obj
 0001:0000f966       __ftol2                    10010966 f   LIBCMTD:ftol2.obj
 0001:0000f9e0       __CRT_INIT@12              100109e0 f   LIBCMTD:dllcrt0.obj
 0001:0000fc30       __DllMainCRTStartup@12     10010c30 f   LIBCMTD:dllcrt0.obj
 0001:0000fe20       ___DllXcptFilter           10010e20 f   LIBCMTD:dllcrt0.obj
 0001:0000fe50       _asin                      10010e50 f   LIBCMTD:asin.obj
 0001:0000fe90       __CIasin                   10010e90 f   LIBCMTD:asin.obj
 0001:0000fecb       __CIasin_default           10010ecb f   LIBCMTD:asin.obj
 0001:0000fedf       __asin_default             10010edf     LIBCMTD:asin.obj
 0001:0000ffa0       _acos                      10010fa0 f   LIBCMTD:acos.obj
 0001:0000ffe0       __CIacos                   10010fe0 f   LIBCMTD:acos.obj
 0001:0001001b       __CIacos_default           1001101b f   LIBCMTD:acos.obj
 0001:0001002f       __acos_default             1001102f     LIBCMTD:acos.obj
 0001:000100f0       _tan                       100110f0 f   LIBCMTD:tan.obj
 0001:00010130       __CItan                    10011130 f   LIBCMTD:tan.obj
 0001:0001016b       __CItan_default            1001116b f   LIBCMTD:tan.obj
 0001:0001017f       __tan_default              1001117f     LIBCMTD:tan.obj
 0001:00010220       ___copy_path_to_wide_string 10011220 f   LIBCMTD:crt0dat.obj
 0001:00010410       ___copy_to_char            10011410 f   LIBCMTD:crt0dat.obj
 0001:00010600       ___crtCorExitProcess       10011600 f   LIBCMTD:crt0dat.obj
 0001:00010640       ___crtExitProcess          10011640 f   LIBCMTD:crt0dat.obj
 0001:00010660       ___freeCrtMemory           10011660 f   LIBCMTD:crt0dat.obj
 0001:00010830       __amsg_exit                10011830 f   LIBCMTD:crt0dat.obj
 0001:00010850       __c_exit                   10011850 f   LIBCMTD:crt0dat.obj
 0001:00010870       __cexit                    10011870 f   LIBCMTD:crt0dat.obj
 0001:00010890       __cinit                    10011890 f   LIBCMTD:crt0dat.obj
 0001:00010930       __exit                     10011930 f   LIBCMTD:crt0dat.obj
 0001:00010950       __exit_app                 10011950 f   LIBCMTD:crt0dat.obj
 0001:00010970       __get_pgmptr               10011970 f   LIBCMTD:crt0dat.obj
 0001:00010a90       __get_wpgmptr              10011a90 f   LIBCMTD:crt0dat.obj
 0001:00010bb0       __init_pointers            10011bb0 f   LIBCMTD:crt0dat.obj
 0001:00010c40       __initterm_e               10011c40 f   LIBCMTD:crt0dat.obj
 0001:00010c80       __lockexit                 10011c80 f   LIBCMTD:crt0dat.obj
 0001:00010c90       __unlockexit               10011c90 f   LIBCMTD:crt0dat.obj
 0001:00010e90       _exit                      10011e90 f   LIBCMTD:crt0dat.obj
 0001:00010eb0       __fprintf_l                10011eb0 f   LIBCMTD:fprintf.obj
 0001:00010ee0       __fprintf_p                10011ee0 f   LIBCMTD:fprintf.obj
 0001:00010f10       __fprintf_p_l              10011f10 f   LIBCMTD:fprintf.obj
 0001:00010f40       __fprintf_s_l              10011f40 f   LIBCMTD:fprintf.obj
 0001:00010f70       _fprintf                   10011f70 f   LIBCMTD:fprintf.obj
 0001:00011240       _fprintf_s                 10012240 f   LIBCMTD:fprintf.obj
 0001:00011270       ___initstdio               10012270 f   LIBCMTD:_file.obj
 0001:00011340       ___endstdio                10012340 f   LIBCMTD:_file.obj
 0001:00011380       ___iob_func                10012380 f   LIBCMTD:_file.obj
 0001:00011390       __lock_file                10012390 f   LIBCMTD:_file.obj
 0001:000113f0       __lock_file2               100123f0 f   LIBCMTD:_file.obj
 0001:00011430       __unlock_file              10012430 f   LIBCMTD:_file.obj
 0001:00011490       __unlock_file2             10012490 f   LIBCMTD:_file.obj
 0001:000114d0       __vscprintf                100124d0 f   LIBCMTD:vsprintf.obj
 0001:000114f0       __vscprintf_helper         100124f0 f   LIBCMTD:vsprintf.obj
 0001:000115e0       __vscprintf_l              100125e0 f   LIBCMTD:vsprintf.obj
 0001:00011600       __vscprintf_p              10012600 f   LIBCMTD:vsprintf.obj
 0001:00011620       __vscprintf_p_l            10012620 f   LIBCMTD:vsprintf.obj
 0001:00011640       __vsprintf_l               10012640 f   LIBCMTD:vsprintf.obj
 0001:00011800       _vsprintf                  10012800 f   LIBCMTD:vsprintf.obj
 0001:00011820       _malloc                    10012820 f   LIBCMTD:dbgmalloc.obj
 0001:00011850       ??0__non_rtti_object@std@@QAE@ABV01@@Z 10012850 f   LIBCMTD:stdexcpt.obj
 0001:00011880       ??0__non_rtti_object@std@@QAE@PBD@Z 10012880 f   LIBCMTD:stdexcpt.obj
 0001:000118b0       ??0bad_cast@std@@QAE@ABV01@@Z 100128b0 f   LIBCMTD:stdexcpt.obj
 0001:000118e0       ??0bad_cast@std@@QAE@PBD@Z 100128e0 f   LIBCMTD:stdexcpt.obj
 0001:00011910       ??0bad_typeid@std@@QAE@ABV01@@Z 10012910 f   LIBCMTD:stdexcpt.obj
 0001:00011940       ??0bad_typeid@std@@QAE@PBD@Z 10012940 f   LIBCMTD:stdexcpt.obj
 0001:00011970       ??0exception@std@@QAE@ABQBD@Z 10012970 f   LIBCMTD:stdexcpt.obj
 0001:000119b0       ??0exception@std@@QAE@ABQBDH@Z 100129b0 f   LIBCMTD:stdexcpt.obj
 0001:000119e0       ??0exception@std@@QAE@ABV01@@Z 100129e0 f   LIBCMTD:stdexcpt.obj
 0001:00011a20       ??0exception@std@@QAE@XZ   10012a20 f   LIBCMTD:stdexcpt.obj
 0001:00011a50       ??1__non_rtti_object@std@@UAE@XZ 10012a50 f   LIBCMTD:stdexcpt.obj
 0001:00011a70       ??1bad_cast@std@@UAE@XZ    10012a70 f   LIBCMTD:stdexcpt.obj
 0001:00011a90       ??1bad_typeid@std@@UAE@XZ  10012a90 f   LIBCMTD:stdexcpt.obj
 0001:00011ab0       ??1exception@std@@UAE@XZ   10012ab0 f   LIBCMTD:stdexcpt.obj
 0001:00011ad0       ??4exception@std@@QAEAAV01@ABV01@@Z 10012ad0 f   LIBCMTD:stdexcpt.obj
 0001:00011b20       ??_E__non_rtti_object@std@@UAEPAXI@Z 10012b20 f i LIBCMTD:stdexcpt.obj
 0001:00011b20       ??_G__non_rtti_object@std@@UAEPAXI@Z 10012b20 f i LIBCMTD:stdexcpt.obj
 0001:00011b50       ??_Ebad_cast@std@@UAEPAXI@Z 10012b50 f i LIBCMTD:stdexcpt.obj
 0001:00011b50       ??_Gbad_cast@std@@UAEPAXI@Z 10012b50 f i LIBCMTD:stdexcpt.obj
 0001:00011b80       ??_Ebad_typeid@std@@UAEPAXI@Z 10012b80 f i LIBCMTD:stdexcpt.obj
 0001:00011b80       ??_Gbad_typeid@std@@UAEPAXI@Z 10012b80 f i LIBCMTD:stdexcpt.obj
 0001:00011bb0       ??_Gexception@std@@UAEPAXI@Z 10012bb0 f i LIBCMTD:stdexcpt.obj
 0001:00011bb0       ??_Eexception@std@@UAEPAXI@Z 10012bb0 f i LIBCMTD:stdexcpt.obj
 0001:00011be0       ?_Copy_str@exception@std@@AAEXPBD@Z 10012be0 f   LIBCMTD:stdexcpt.obj
 0001:00011c40       ?_Tidy@exception@std@@AAEXXZ 10012c40 f   LIBCMTD:stdexcpt.obj
 0001:00011c80       ?what@exception@std@@UBEPBDXZ 10012c80 f   LIBCMTD:stdexcpt.obj
 0001:00011cb0       ?_query_new_handler@@YAP6AHI@ZXZ 10012cb0 f   LIBCMTD:handler.obj
 0001:00011cd0       ?_set_new_handler@@YAP6AHI@ZH@Z 10012cd0 f   LIBCMTD:handler.obj
 0001:00011d10       ?_set_new_handler@@YAP6AHI@ZP6AHI@Z@Z 10012d10 f   LIBCMTD:handler.obj
 0001:00011d50       __callnewh                 10012d50 f   LIBCMTD:handler.obj
 0001:00011d90       __initp_heap_handler       10012d90 f   LIBCMTD:handler.obj
 0001:00011da0       __CxxThrowException@8      10012da0 f   LIBCMTD:throw.obj
 0001:00011e40       __lock                     10012e40 f   LIBCMTD:mlock.obj
 0001:00011e80       __lockerr_exit             10012e80 f   LIBCMTD:mlock.obj
 0001:00011eb0       __mtdeletelocks            10012eb0 f   LIBCMTD:mlock.obj
 0001:00011f70       __mtinitlocknum            10012f70 f   LIBCMTD:mlock.obj
 0001:00012090       __mtinitlocks              10013090 f   LIBCMTD:mlock.obj
 0001:00012110       __unlock                   10013110 f   LIBCMTD:mlock.obj
 0001:00012130       ?_CrtDbgReportW@@YAHHPBGH00ZZ 10013130 f   LIBCMTD:dbgrptw.obj
 0001:00012180       __CrtDbgReportW            10013180 f   LIBCMTD:dbgrptw.obj
 0001:000121d0       __CrtDbgReportWV           100131d0 f i LIBCMTD:dbgrptw.obj
 0001:00012200       __CrtSetReportHookW2       10013200 f   LIBCMTD:dbgrptw.obj
 0001:00012550       ___crtMessageWindowW       10013550 f   LIBCMTD:dbgrptw.obj
 0001:00012a00       __invoke_watson_if_error   10013a00 f i LIBCMTD:dbgrptw.obj
 0001:00012a30       __invoke_watson_if_oneof   10013a30 f i LIBCMTD:dbgrptw.obj
 0001:00012a70       ??0_LocaleUpdate@@QAE@PAUlocaleinfo_struct@@@Z 10013a70 f i LIBCMTD:dbgheap.obj
 0001:00012b50       ??1_LocaleUpdate@@QAE@XZ   10013b50 f i LIBCMTD:dbgheap.obj
 0001:00012b80       ?GetLocaleT@_LocaleUpdate@@QAEPAUlocaleinfo_struct@@XZ 10013b80 f i LIBCMTD:dbgheap.obj
 0001:00013020       __CrtCheckMemory           10014020 f   LIBCMTD:dbgheap.obj
 0001:00013480       __CrtDoForAllClientObjects 10014480 f   LIBCMTD:dbgheap.obj
 0001:000135b0       __CrtDumpMemoryLeaks       100145b0 f   LIBCMTD:dbgheap.obj
 0001:00013650       __CrtGetAllocHook          10014650 f   LIBCMTD:dbgheap.obj
 0001:00013660       __CrtGetCheckCount         10014660 f   LIBCMTD:dbgheap.obj
 0001:00013670       __CrtGetDumpClient         10014670 f   LIBCMTD:dbgheap.obj
 0001:00013680       __CrtIsMemoryBlock         10014680 f   LIBCMTD:dbgheap.obj
 0001:000137f0       __CrtIsValidHeapPointer    100147f0 f   LIBCMTD:dbgheap.obj
 0001:00013830       __CrtIsValidPointer        10014830 f   LIBCMTD:dbgheap.obj
 0001:00013860       __CrtMemCheckpoint         10014860 f   LIBCMTD:dbgheap.obj
 0001:00013a90       __CrtMemDifference         10014a90 f   LIBCMTD:dbgheap.obj
 0001:00013cf0       __CrtMemDumpAllObjectsSince 10014cf0 f   LIBCMTD:dbgheap.obj
 0001:00013d30       __CrtMemDumpStatistics     10014d30 f   LIBCMTD:dbgheap.obj
 0001:00013e50       __CrtReportBlockType       10014e50 f   LIBCMTD:dbgheap.obj
 0001:00013e80       __CrtSetAllocHook          10014e80 f   LIBCMTD:dbgheap.obj
 0001:00013ea0       __CrtSetBreakAlloc         10014ea0 f   LIBCMTD:dbgheap.obj
 0001:00013ec0       __CrtSetCheckCount         10014ec0 f   LIBCMTD:dbgheap.obj
 0001:00013ee0       __CrtSetDbgBlockType       10014ee0 f   LIBCMTD:dbgheap.obj
 0001:00013fd0       __CrtSetDbgFlag            10014fd0 f   LIBCMTD:dbgheap.obj
 0001:00014120       __CrtSetDebugFillThreshold 10015120 f   LIBCMTD:dbgheap.obj
 0001:00014140       __CrtSetDumpClient         10015140 f   LIBCMTD:dbgheap.obj
 0001:00014160       __aligned_free             10015160 f   LIBCMTD:dbgheap.obj
 0001:00014180       __aligned_free_dbg         10015180 f   LIBCMTD:dbgheap.obj
 0001:00014230       __aligned_malloc           10015230 f   LIBCMTD:dbgheap.obj
 0001:00014250       __aligned_malloc_dbg       10015250 f   LIBCMTD:dbgheap.obj
 0001:00014270       __aligned_msize            10015270 f   LIBCMTD:dbgheap.obj
 0001:00014290       __aligned_msize_dbg        10015290 f   LIBCMTD:dbgheap.obj
 0001:000143b0       __aligned_offset_malloc    100153b0 f   LIBCMTD:dbgheap.obj
 0001:000143d0       __aligned_offset_malloc_dbg 100153d0 f   LIBCMTD:dbgheap.obj
 0001:000145b0       __aligned_offset_realloc   100155b0 f   LIBCMTD:dbgheap.obj
 0001:000145e0       __aligned_offset_realloc_dbg 100155e0 f   LIBCMTD:dbgheap.obj
 0001:000148f0       __aligned_offset_recalloc  100158f0 f   LIBCMTD:dbgheap.obj
 0001:00014920       __aligned_offset_recalloc_dbg 10015920 f   LIBCMTD:dbgheap.obj
 0001:000149e0       __aligned_realloc          100159e0 f   LIBCMTD:dbgheap.obj
 0001:00014a00       __aligned_realloc_dbg      10015a00 f   LIBCMTD:dbgheap.obj
 0001:00014a30       __aligned_recalloc         10015a30 f   LIBCMTD:dbgheap.obj
 0001:00014a60       __aligned_recalloc_dbg     10015a60 f   LIBCMTD:dbgheap.obj
 0001:00014a90       __calloc_dbg               10015a90 f   LIBCMTD:dbgheap.obj
 0001:00014af0       __calloc_dbg_impl          10015af0 f   LIBCMTD:dbgheap.obj
 0001:00014b70       __expand                   10015b70 f   LIBCMTD:dbgheap.obj
 0001:00014ba0       __expand_dbg               10015ba0 f   LIBCMTD:dbgheap.obj
 0001:00014cd0       __free_dbg                 10015cd0 f   LIBCMTD:dbgheap.obj
 0001:00014d50       __free_dbg_nolock          10015d50 f   LIBCMTD:dbgheap.obj
 0001:00015250       __free_nolock              10016250 f   LIBCMTD:dbgheap.obj
 0001:00015270       __heap_alloc               10016270 f   LIBCMTD:dbgheap.obj
 0001:00015290       __heap_alloc_dbg           10016290 f   LIBCMTD:dbgheap.obj
 0001:000156b0       __malloc_dbg               100166b0 f   LIBCMTD:dbgheap.obj
 0001:000156e0       __msize                    100166e0 f   LIBCMTD:dbgheap.obj
 0001:00015700       __msize_dbg                10016700 f   LIBCMTD:dbgheap.obj
 0001:00015910       __nh_malloc                10016910 f   LIBCMTD:dbgheap.obj
 0001:00015930       __nh_malloc_dbg            10016930 f   LIBCMTD:dbgheap.obj
 0001:00015bc0       __realloc_dbg              10016bc0 f   LIBCMTD:dbgheap.obj
 0001:00015c60       __recalloc                 10016c60 f   LIBCMTD:dbgheap.obj
 0001:00015c90       __recalloc_dbg             10016c90 f   LIBCMTD:dbgheap.obj
 0001:000163b0       __except_handler4          100173b0 f   LIBCMTD:chandler4.obj
 0001:00016570       __sse2_mathfcns_init       10017570 f   LIBCMTD:mathfcns.obj
 0001:00016590       __set_SSE2_enable          10017590 f   LIBCMTD:mathfcns.obj
 0001:000165e0       __CIcos_pentium4           100175e0 f   LIBCMTD:cos_pentium4.obj
 0001:000165f8       __cos_pentium4             100175f8     LIBCMTD:cos_pentium4.obj
 0001:00016790       __trandisp1                10017790 f   LIBCMTD:87disp.obj
 0001:000167f7       __trandisp2                100177f7 f   LIBCMTD:87disp.obj
 0001:00016883       __rttospopde               10017883     LIBCMTD:87disp.obj
 0001:00016888       __rttospop                 10017888     LIBCMTD:87disp.obj
 0001:0001688a       __rtnospop                 1001788a     LIBCMTD:87disp.obj
 0001:0001688c       __rttosnpop                1001788c     LIBCMTD:87disp.obj
 0001:0001688d       __rtnospopde               1001788d     LIBCMTD:87disp.obj
 0001:00016894       __rtzeropop                10017894     LIBCMTD:87disp.obj
 0001:00016896       __rtzeronpop               10017896     LIBCMTD:87disp.obj
 0001:0001689b       __rtonepop                 1001789b     LIBCMTD:87disp.obj
 0001:0001689d       __rtonenpop                1001789d     LIBCMTD:87disp.obj
 0001:000168a2       __tosnan1                  100178a2     LIBCMTD:87disp.obj
 0001:000168cd       __nosnan2                  100178cd     LIBCMTD:87disp.obj
 0001:000168cf       __tosnan2                  100178cf     LIBCMTD:87disp.obj
 0001:000168f7       __nan2                     100178f7     LIBCMTD:87disp.obj
 0001:00016936       __rtindfpop                10017936     LIBCMTD:87disp.obj
 0001:00016938       __rtindfnpop               10017938     LIBCMTD:87disp.obj
 0001:00016949       __rttosnpopde              10017949     LIBCMTD:87disp.obj
 0001:00016953       __rtchsifneg               10017953     LIBCMTD:87disp.obj
 0001:00016960       __twoToTOS                 10017960 f   LIBCMTD:common.obj
 0001:00016975       __load_CW                  10017975 f   LIBCMTD:common.obj
 0001:0001698c       __convertTOStoQNaN         1001798c f   LIBCMTD:common.obj
 0001:000169a5       __fload_withFB             100179a5 f   LIBCMTD:common.obj
 0001:000169e8       __checkTOS_withFB          100179e8 f   LIBCMTD:common.obj
 0001:000169fe       __fast_exit                100179fe f   LIBCMTD:common.obj
 0001:00016a0b       __math_exit                10017a0b f   LIBCMTD:common.obj
 0001:00016a35       __check_overflow_exit      10017a35 f   LIBCMTD:common.obj
 0001:00016a49       __check_range_exit         10017a49 f   LIBCMTD:common.obj
 0001:00016af0       __startTwoArgErrorHandling 10017af0 f   LIBCMTD:genexcep.obj
 0001:00016b07       __startOneArgErrorHandling 10017b07 f   LIBCMTD:genexcep.obj
 0001:00016b50       __CIsin_pentium4           10017b50 f   LIBCMTD:sin_pentium4.obj
 0001:00016b68       __sin_pentium4             10017b68     LIBCMTD:sin_pentium4.obj
 0001:00016e70       ?_RTC_AllocaFailure@@YAXPAXPAU_RTC_ALLOCA_NODE@@H@Z 10017e70 f   LIBCMTD:error.obj
 0001:00016ff0       ?_RTC_Failure@@YAXPAXH@Z   10017ff0 f   LIBCMTD:error.obj
 0001:00017040       ?_RTC_StackFailure@@YAXPAXPBD@Z 10018040 f   LIBCMTD:error.obj
 0001:000173c0       __RTC_UninitUse            100183c0 f   LIBCMTD:error.obj
 0001:000174b0       ?_RTC_GetErrorFunc@@YAP6AHHPBDH00ZZPBX@Z 100184b0 f   LIBCMTD:userapi.obj
 0001:000174c0       ?_RTC_GetErrorFuncW@@YAP6AHHPB_WH00ZZPBX@Z 100184c0 f   LIBCMTD:userapi.obj
 0001:000174d0       __RTC_GetErrDesc           100184d0 f   LIBCMTD:userapi.obj
 0001:000174f0       __RTC_NumErrors            100184f0 f   LIBCMTD:userapi.obj
 0001:00017500       __RTC_SetErrorFunc         10018500 f   LIBCMTD:userapi.obj
 0001:00017520       __RTC_SetErrorFuncW        10018520 f   LIBCMTD:userapi.obj
 0001:00017540       __RTC_SetErrorType         10018540 f   LIBCMTD:userapi.obj
 0001:00017570       __CRT_RTC_INIT             10018570 f   LIBCMTD:chkesp.obj
 0001:00017580       __CRT_RTC_INITW            10018580 f   LIBCMTD:chkesp.obj
 0001:00017590       __chkesp                   10018590 f   LIBCMTD:chkesp.obj
 0001:000175d0       __cfltcvt                  100185d0 f   LIBCMTD:cvt.obj
 0001:00017600       __cfltcvt_l                10018600 f   LIBCMTD:cvt.obj
 0001:000176c0       __cftoa                    100186c0 f   LIBCMTD:cvt.obj
 0001:000176f0       __cftoa_l                  100186f0 f   LIBCMTD:cvt.obj
 0001:00017f60       __cftoe                    10018f60 f   LIBCMTD:cvt.obj
 0001:000183a0       __cftoe_l                  100193a0 f   LIBCMTD:cvt.obj
 0001:000185d0       __cftof                    100195d0 f   LIBCMTD:cvt.obj
 0001:00018880       __cftof_l                  10019880 f   LIBCMTD:cvt.obj
 0001:00018a80       __cftog                    10019a80 f   LIBCMTD:cvt.obj
 0001:00018ab0       __cftog_l                  10019ab0 f   LIBCMTD:cvt.obj
 0001:00018d40       __cropzeros                10019d40 f   LIBCMTD:cvt.obj
 0001:00018d60       __cropzeros_l              10019d60 f   LIBCMTD:cvt.obj
 0001:00018e80       __fassign                  10019e80 f   LIBCMTD:cvt.obj
 0001:00018ea0       __fassign_l                10019ea0 f   LIBCMTD:cvt.obj
 0001:00018ef0       __forcdecpt                10019ef0 f   LIBCMTD:cvt.obj
 0001:00018f10       __forcdecpt_l              10019f10 f   LIBCMTD:cvt.obj
 0001:00018fe0       __positive                 10019fe0 f   LIBCMTD:cvt.obj
 0001:00019040       __setdefaultprecision      1001a040 f   LIBCMTD:fp8.obj
 0001:00019080       __initp_misc_cfltcvt_tab   1001a080 f   LIBCMTD:cmiscdat.obj
 0001:000190c0       __VEC_memset               1001a0c0 f   LIBCMTD:p4_memset.obj
 0001:00019190       ___isa_available_init      1001a190 f   LIBCMTD:cpu_disp.obj
 0001:00019440       ___get_flsindex            1001a440 f   LIBCMTD:tidtable.obj
 0001:00019450       ___threadhandle            1001a450 f   LIBCMTD:tidtable.obj
 0001:00019460       ___threadid                1001a460 f   LIBCMTD:tidtable.obj
 0001:00019470       __freefls@4                1001a470 f   LIBCMTD:tidtable.obj
 0001:00019670       __freeptd                  1001a670 f   LIBCMTD:tidtable.obj
 0001:000196b0       __getptd                   1001a6b0 f   LIBCMTD:tidtable.obj
 0001:000196e0       __getptd_noexit            1001a6e0 f   LIBCMTD:tidtable.obj
 0001:00019790       __initptd                  1001a790 f   LIBCMTD:tidtable.obj
 0001:000198d0       __mtinit                   1001a8d0 f   LIBCMTD:tidtable.obj
 0001:00019980       __mtterm                   1001a980 f   LIBCMTD:tidtable.obj
 0001:000199b0       __CallSettingFrame@12      1001a9b0 f   LIBCMTD:lowhelpr.obj
 0001:000199d7       __NLG_Return               1001a9d7     LIBCMTD:lowhelpr.obj
 0001:00019a00       ?_inconsistency@@YAXXZ     1001aa00 f   LIBCMTD:hooks.obj
 0001:00019a90       ?terminate@@YAXXZ          1001aa90 f   LIBCMTD:hooks.obj
 0001:00019b10       ?unexpected@@YAXXZ         1001ab10 f   LIBCMTD:hooks.obj
 0001:00019b40       __initp_eh_hooks           1001ab40 f   LIBCMTD:hooks.obj
 0001:00019b60       ___DestructExceptionObject 1001ab60 f   LIBCMTD:frame.obj
 0001:00019c80       ??0bad_exception@std@@QAE@ABV01@@Z 1001ac80 f i LIBCMTD:frame.obj
 0001:00019cb0       ??0bad_exception@std@@QAE@PBD@Z 1001acb0 f i LIBCMTD:frame.obj
 0001:00019ce0       ??1bad_exception@std@@UAE@XZ 1001ace0 f i LIBCMTD:frame.obj
 0001:00019d00       ??_Gbad_exception@std@@UAEPAXI@Z 1001ad00 f i LIBCMTD:frame.obj
 0001:00019d00       ??_Ebad_exception@std@@UAEPAXI@Z 1001ad00 f i LIBCMTD:frame.obj
 0001:0001a8f0       ?__uncaught_exception@@YA_NXZ 1001b8f0 f   LIBCMTD:frame.obj
 0001:0001a920       ?_is_exception_typeof@@YAHABVtype_info@@PAU_EXCEPTION_POINTERS@@@Z 1001b920 f   LIBCMTD:frame.obj
 0001:0001aa00       __SetWinRTOutOfMemoryExceptionCallback 1001ba00 f   LIBCMTD:frame.obj
 0001:0001aa10       ___AdjustPointer           1001ba10 f   LIBCMTD:frame.obj
 0001:0001aa60       ___BuildCatchObject        1001ba60 f   LIBCMTD:frame.obj
 0001:0001ab70       ___BuildCatchObjectHelper  1001bb70 f   LIBCMTD:frame.obj
 0001:0001ae70       ___CxxDetectRethrow        1001be70 f   LIBCMTD:frame.obj
 0001:0001aef0       ___CxxExceptionFilter      1001bef0 f   LIBCMTD:frame.obj
 0001:0001b0f0       ___CxxQueryExceptionSize   1001c0f0 f   LIBCMTD:frame.obj
 0001:0001b100       ___CxxRegisterExceptionObject 1001c100 f   LIBCMTD:frame.obj
 0001:0001b240       ___CxxUnregisterExceptionObject 1001c240 f   LIBCMTD:frame.obj
 0001:0001b3c0       ___FrameUnwindFilter       1001c3c0 f   LIBCMTD:frame.obj
 0001:0001b440       ___FrameUnwindToState      1001c440 f   LIBCMTD:frame.obj
 0001:0001b5c0       ___GetPlatformExceptionInfo 1001c5c0 f   LIBCMTD:frame.obj
 0001:0001b680       ___InternalCxxFrameHandler 1001c680 f   LIBCMTD:frame.obj
 0001:0001b7f0       ___TypeMatch               1001c7f0 f   LIBCMTD:frame.obj
 0001:0001b8d0       ?_invalid_parameter@@YAXPBG00II@Z 1001c8d0 f   LIBCMTD:invarg.obj
 0001:0001b900       ?_invoke_watson@@YAXPBG00II@Z 1001c900 f   LIBCMTD:invarg.obj
 0001:0001b920       __call_reportfault         1001c920 f   LIBCMTD:invarg.obj
 0001:0001ba80       __get_invalid_parameter_handler 1001ca80 f   LIBCMTD:invarg.obj
 0001:0001bab0       __initp_misc_invarg        1001cab0 f   LIBCMTD:invarg.obj
 0001:0001bac0       __invalid_parameter        1001cac0 f   LIBCMTD:invarg.obj
 0001:0001bb20       __invoke_watson            1001cb20 f   LIBCMTD:invarg.obj
 0001:0001bb60       __set_invalid_parameter_handler 1001cb60 f   LIBCMTD:invarg.obj
 0001:0001bba0       __flsbuf                   1001cba0 f   LIBCMTD:_flsbuf.obj
 0001:0001be70       __vsnprintf                1001ce70 f   LIBCMTD:vsnprint.obj
 0001:0001be90       __vsnprintf_l              1001ce90 f   LIBCMTD:vsnprint.obj
 0001:0001c070       __output_l                 1001d070 f   LIBCMTD:output.obj
 0001:0001d720       _get_int64_arg             1001e720 f i LIBCMTD:output.obj
 0001:0001d740       _get_int_arg               1001e740 f i LIBCMTD:output.obj
 0001:0001d760       _get_short_arg             1001e760 f i LIBCMTD:output.obj
 0001:0001d920       ___doserrno                1001e920 f   LIBCMTD:dosmap.obj
 0001:0001d950       __dosmaperr                1001e950 f   LIBCMTD:dosmap.obj
 0001:0001d980       __errno                    1001e980 f   LIBCMTD:dosmap.obj
 0001:0001d9b0       __get_doserrno             1001e9b0 f   LIBCMTD:dosmap.obj
 0001:0001da40       __get_errno                1001ea40 f   LIBCMTD:dosmap.obj
 0001:0001dad0       __get_errno_from_oserr     1001ead0 f   LIBCMTD:dosmap.obj
 0001:0001db50       __set_doserrno             1001eb50 f   LIBCMTD:dosmap.obj
 0001:0001db80       __set_errno                1001eb80 f   LIBCMTD:dosmap.obj
 0001:0001dbcc       __fFATN2                   1001ebcc     LIBCMTD:87triga.obj
 0001:0001dc1c       __rtpiby2                  1001ec1c     LIBCMTD:87triga.obj
 0001:0001dc60       __cintrindisp2             1001ec60 f   LIBCMTD:87cdisp.obj
 0001:0001dc9e       __cintrindisp1             1001ec9e f   LIBCMTD:87cdisp.obj
 0001:0001dcdb       __ctrandisp2               1001ecdb f   LIBCMTD:87cdisp.obj
 0001:0001de6a       __ctrandisp1               1001ee6a f   LIBCMTD:87cdisp.obj
 0001:0001de9d       __fload                    1001ee9d f   LIBCMTD:87cdisp.obj
 0001:0001dee0       __CIexp_pentium4           1001eee0 f   LIBCMTD:exp_pentium4.obj
 0001:0001def8       __exp_pentium4             1001eef8     LIBCMTD:exp_pentium4.obj
 0001:0001e1b1       __fFEXP                    1001f1b1     LIBCMTD:87tran.obj
 0001:0001e208       __rtinfpopse               1001f208     LIBCMTD:87tran.obj
 0001:0001e20a       __rtinfnpopse              1001f20a     LIBCMTD:87tran.obj
 0001:0001e21a       __fFLN                     1001f21a     LIBCMTD:87tran.obj
 0001:0001e2cf       __rtinfpop                 1001f2cf     LIBCMTD:87tran.obj
 0001:0001e2d1       __rtinfnpop                1001f2d1     LIBCMTD:87tran.obj
 0001:0001e2ee       __ffexpm1                  1001f2ee     LIBCMTD:87tran.obj
 0001:0001e3a0       __errcode                  1001f3a0 f   LIBCMTD:fpexcept.obj
 0001:0001e410       __except1                  1001f410 f   LIBCMTD:fpexcept.obj
 0001:0001e510       __except2                  1001f510 f   LIBCMTD:fpexcept.obj
 0001:0001e660       __handle_exc               1001f660 f   LIBCMTD:fpexcept.obj
 0001:0001e980       __handle_qnan1             1001f980 f   LIBCMTD:fpexcept.obj
 0001:0001e9e0       __handle_qnan2             1001f9e0 f   LIBCMTD:fpexcept.obj
 0001:0001ea50       __raise_exc                1001fa50 f   LIBCMTD:fpexcept.obj
 0001:0001ea80       __raise_exc_ex             1001fa80 f   LIBCMTD:fpexcept.obj
 0001:0001f000       __raise_excf               10020000 f   LIBCMTD:fpexcept.obj
 0001:0001f030       __set_errno_from_matherr   10020030 f   LIBCMTD:fpexcept.obj
 0001:0001f070       __umatherr                 10020070 f   LIBCMTD:fpexcept.obj
 0001:0001f110       __add_exp                  10020110 f   LIBCMTD:util.obj
 0001:0001f140       __decomp                   10020140 f   LIBCMTD:util.obj
 0001:0001f260       __get_exp                  10020260 f   LIBCMTD:util.obj
 0001:0001f290       __set_bexp                 10020290 f   LIBCMTD:util.obj
 0001:0001f2c0       __set_exp                  100202c0 f   LIBCMTD:util.obj
 0001:0001f300       __sptype                   10020300 f   LIBCMTD:util.obj
 0001:0001f380       ___clrfp_sse2              10020380 f   LIBCMTD:fpctrl.obj
 0001:0001f3c0       ___ctrlfp_sse2             100203c0 f   LIBCMTD:fpctrl.obj
 0001:0001f420       ___fclrf_sse2              10020420 f   LIBCMTD:fpctrl.obj
 0001:0001f440       ___get_fpsr_sse2           10020440 f   LIBCMTD:fpctrl.obj
 0001:0001f470       ___set_fpsr_sse2           10020470 f   LIBCMTD:fpctrl.obj
 0001:0001f550       ___set_statfp_sse2         10020550 f   LIBCMTD:fpctrl.obj
 0001:0001f580       ___statfp_sse2             10020580 f   LIBCMTD:fpctrl.obj
 0001:0001f5b0       __clrfp                    100205b0 f   LIBCMTD:fpctrl.obj
 0001:0001f5d0       __ctrlfp                   100205d0 f   LIBCMTD:fpctrl.obj
 0001:0001f600       __set_statfp               10020600 f   LIBCMTD:fpctrl.obj
 0001:0001f670       __statfp                   10020670 f   LIBCMTD:fpctrl.obj
 0001:0001f680       __CIlog_pentium4           10020680 f   LIBCMTD:log_pentium4.obj
 0001:0001f698       __log_pentium4             10020698     LIBCMTD:log_pentium4.obj
 0001:0001f8f0       ?_Name_base@type_info@@CAPBDPBV1@PAU__type_info_node@@@Z 100208f0 f   LIBCMTD:typname.obj
 0001:0001faa0       ?_Name_base_internal@type_info@@CAPBDPBV1@PAU__type_info_node@@@Z 10020aa0 f   LIBCMTD:typname.obj
 0001:0001fc60       ?_Type_info_dtor@type_info@@CAXPAV1@@Z 10020c60 f   LIBCMTD:typname.obj
 0001:0001fd70       ?_Type_info_dtor_internal@type_info@@CAXPAV1@@Z 10020d70 f   LIBCMTD:typname.obj
 0001:0001fe80       ___clean_type_info_names_internal 10020e80 f   LIBCMTD:typname.obj
 0001:0001ff30       ___unDNameHelper           10020f30 f   LIBCMTD:typname.obj
 0001:0001ff70       __CrtDefaultAllocHook      10020f70 f   LIBCMTD:dbghook.obj
 0001:0001ff80       __crt_debugger_hook        10020f80 f   LIBCMTD:dbghook.obj
 0001:0001ffe0       ___crtCloseThreadpoolTimer 10020fe0 f   LIBCMTD:winapisupp.obj
 0001:00020010       ___crtCloseThreadpoolWait  10021010 f   LIBCMTD:winapisupp.obj
 0001:00020040       ___crtCreateEventExW       10021040 f   LIBCMTD:winapisupp.obj
 0001:000200a0       ___crtCreateSemaphoreExW   100210a0 f   LIBCMTD:winapisupp.obj
 0001:00020100       ___crtCreateSymbolicLinkW  10021100 f   LIBCMTD:winapisupp.obj
 0001:00020140       ___crtCreateThreadpoolTimer 10021140 f   LIBCMTD:winapisupp.obj
 0001:00020180       ___crtCreateThreadpoolWait 10021180 f   LIBCMTD:winapisupp.obj
 0001:000201c0       ___crtFlsAlloc             100211c0 f   LIBCMTD:winapisupp.obj
 0001:000201f0       ___crtFlsFree              100211f0 f   LIBCMTD:winapisupp.obj
 0001:00020230       ___crtFlsGetValue          10021230 f   LIBCMTD:winapisupp.obj
 0001:00020270       ___crtFlsSetValue          10021270 f   LIBCMTD:winapisupp.obj
 0001:000202b0       ___crtFlushProcessWriteBuffers 100212b0 f   LIBCMTD:winapisupp.obj
 0001:000202e0       ___crtFreeLibraryWhenCallbackReturns 100212e0 f   LIBCMTD:winapisupp.obj
 0001:00020310       ___crtGetCurrentProcessorNumber 10021310 f   LIBCMTD:winapisupp.obj
 0001:00020340       ___crtGetFileInformationByHandleEx 10021340 f   LIBCMTD:winapisupp.obj
 0001:00020380       ___crtGetLogicalProcessorInformation 10021380 f   LIBCMTD:winapisupp.obj
 0001:000203c0       ___crtGetShowWindowMode    100213c0 f   LIBCMTD:winapisupp.obj
 0001:000203f0       ___crtGetTickCount64       100213f0 f   LIBCMTD:winapisupp.obj
 0001:00020420       ___crtInitializeCriticalSectionEx 10021420 f   LIBCMTD:winapisupp.obj
 0001:00020470       ___crtIsPackagedApp        10021470 f   LIBCMTD:winapisupp.obj
 0001:000204b0       ___crtLoadWinApiPointers   100214b0 f   LIBCMTD:winapisupp.obj
 0001:00020950       ___crtSetFileInformationByHandle 10021950 f   LIBCMTD:winapisupp.obj
 0001:00020990       ___crtSetThreadStackGuarantee 10021990 f   LIBCMTD:winapisupp.obj
 0001:000209c0       ___crtSetThreadpoolTimer   100219c0 f   LIBCMTD:winapisupp.obj
 0001:00020a00       ___crtSetThreadpoolWait    10021a00 f   LIBCMTD:winapisupp.obj
 0001:00020a30       ___crtSetUnhandledExceptionFilter 10021a30 f   LIBCMTD:winapisupp.obj
 0001:00020a40       ___crtSleep                10021a40 f   LIBCMTD:winapisupp.obj
 0001:00020a50       ___crtTerminateProcess     10021a50 f   LIBCMTD:winapisupp.obj
 0001:00020a70       ___crtUnhandledException   10021a70 f   LIBCMTD:winapisupp.obj
 0001:00020a90       ___crtWaitForThreadpoolTimerCallbacks 10021a90 f   LIBCMTD:winapisupp.obj
 0001:00020ac0       __fileno                   10021ac0 f   LIBCMTD:fileno.obj
 0001:00020b50       __close                    10021b50 f   LIBCMTD:close.obj
 0001:00020d90       __close_nolock             10021d90 f   LIBCMTD:close.obj
 0001:00020e70       __freebuf                  10021e70 f   LIBCMTD:_freebuf.obj
 0001:00020f00       __fflush_nolock            10021f00 f   LIBCMTD:fflush.obj
 0001:00020f70       __flush                    10021f70 f   LIBCMTD:fflush.obj
 0001:00021030       __flushall                 10022030 f   LIBCMTD:fflush.obj
 0001:00021040       _fflush                    10022040 f   LIBCMTD:fflush.obj
 0001:00021280       __getstream                10022280 f   LIBCMTD:stream.obj
 0001:000214b0       __openfile                 100224b0 f   LIBCMTD:_open.obj
 0001:00021cb0       __local_unwind4            10022cb0 f   LIBCMTD:exsup4.obj
 0001:00021d86       __seh_longjmp_unwind4@4    10022d86 f   LIBCMTD:exsup4.obj
 0001:00021da2       @_EH4_CallFilterFunc@8     10022da2 f   LIBCMTD:exsup4.obj
 0001:00021db9       @_EH4_TransferToHandler@8  10022db9 f   LIBCMTD:exsup4.obj
 0001:00021dd2       @_EH4_GlobalUnwind2@8      10022dd2 f   LIBCMTD:exsup4.obj
 0001:00021deb       @_EH4_LocalUnwind@16       10022deb f   LIBCMTD:exsup4.obj
 0001:00021e10       __filbuf                   10022e10 f   LIBCMTD:_filbuf.obj
 0001:00022080       _memcpy_s                  10023080 f   LIBCMTD:memcpy_s.obj
 0001:00022250       __read                     10023250 f   LIBCMTD:read.obj
 0001:00022520       __read_nolock              10023520 f   LIBCMTD:read.obj
 0001:00023760       _memcpy                    10024760 f   LIBCMTD:memcpy.obj
 0001:00023db0       __write                    10024db0 f   LIBCMTD:write.obj
 0001:00024000       __write_nolock             10025000 f   LIBCMTD:write.obj
 0001:00024db0       __FF_MSGBANNER             10025db0 f   LIBCMTD:crt0msg.obj
 0001:00024e00       __GET_RTERRMSG             10025e00 f   LIBCMTD:crt0msg.obj
 0001:00024e40       __NMSG_WRITE               10025e40 f   LIBCMTD:crt0msg.obj
 0001:00025200       __set_abort_behavior       10026200 f   LIBCMTD:abort.obj
 0001:00025230       _abort                     10026230 f   LIBCMTD:abort.obj
 0001:000252a0       ___getlocaleinfo           100262a0 f   LIBCMTD:inithelp.obj
 0001:000255a0       __initp_misc_purevirt      100265a0 f   LIBCMTD:inithelp.obj
 0001:000255b0       ___libm_error_support      100265b0 f   LIBCMTD:libm_error.obj
 0001:00026180       ___libm_setusermatherr     10027180 f   LIBCMTD:libm_error.obj
 0001:000261b0       __ceil_default             100271b0 f   LIBCMTD:ceil.obj
 0001:000262f0       __XcptFilter               100272f0 f   LIBCMTD:winxfltr.obj
 0001:000264f0       ___CppXcptFilter           100274f0 f   LIBCMTD:winxfltr.obj
 0001:00026580       __get_heap_handle          10027580 f   LIBCMTD:heapinit.obj
 0001:000265c0       __heap_init                100275c0 f   LIBCMTD:heapinit.obj
 0001:000265f0       __heap_term                100275f0 f   LIBCMTD:heapinit.obj
 0001:00026600       __ioinit                   10027600 f   LIBCMTD:ioinit.obj
 0001:00026ae0       __ioterm                   10027ae0 f   LIBCMTD:ioinit.obj
 0001:00026b80       __set_pgmptr               10027b80 f i LIBCMTD:stdargv.obj
 0001:00026b90       __setargv                  10027b90 f   LIBCMTD:stdargv.obj
 0001:00027060       __setenvp                  10028060 f   LIBCMTD:stdenvp.obj
 0001:00027200       ___security_init_cookie    10028200 f   LIBCMTD:gs_support.obj
 0001:000272e0       _DllMain@12                100282e0 f   LIBCMTD:dllmain.obj
 0001:000272f0       ___crtGetEnvironmentStringsA 100282f0 f   LIBCMTD:a_env.obj
 0001:000273f0       __RTC_Initialize           100283f0 f   LIBCMTD:initsect.obj
 0001:00027420       __RTC_Terminate            10028420 f   LIBCMTD:initsect.obj
 0001:00027450       __CIasin_pentium4          10028450 f   LIBCMTD:asin_pentium4.obj
 0001:00027468       __asin_pentium4            10028468     LIBCMTD:asin_pentium4.obj
 0001:000279d0       __CIacos_pentium4          100289d0 f   LIBCMTD:acos_pentium4.obj
 0001:000279e8       __acos_pentium4            100289e8     LIBCMTD:acos_pentium4.obj
 0001:00027f30       __CItan_pentium4           10028f30 f   LIBCMTD:tan_pentium4.obj
 0001:00027f48       __tan_pentium4             10028f48     LIBCMTD:tan_pentium4.obj
 0001:00028190       __FindPESection            10029190 f   LIBCMTD:pesect.obj
 0001:00028210       __IsNonwritableInCurrentImage 10029210 f   LIBCMTD:pesect.obj
 0001:00028340       __ValidateImageBase        10029340 f   LIBCMTD:pesect.obj
 0001:000283a0       ___onexitinit              100293a0 f   LIBCMTD:onexit.obj
 0001:00028400       __onexit                   10029400 f   LIBCMTD:onexit.obj
 0001:000285c0       _atexit                    100295c0 f   LIBCMTD:onexit.obj
 0001:000285f0       ___fpecode                 100295f0 f   LIBCMTD:winsig.obj
 0001:00028600       ___get_sigabrt             10029600 f   LIBCMTD:winsig.obj
 0001:00028620       ___pxcptinfoptrs           10029620 f   LIBCMTD:winsig.obj
 0001:00028630       __initp_misc_winsig        10029630 f   LIBCMTD:winsig.obj
 0001:00028760       _raise                     10029760 f   LIBCMTD:winsig.obj
 0001:00028af0       _signal                    10029af0 f   LIBCMTD:winsig.obj
 0001:00028ea0       __initp_misc_rand_s        10029ea0 f   LIBCMTD:rand_s.obj
 0001:00028eb0       _rand_s                    10029eb0 f   LIBCMTD:rand_s.obj
 0001:00029110       ___initmbctable            1002a110 f   LIBCMTD:mbctype.obj
 0001:00029730       ___updatetmbcinfo          1002a730 f   LIBCMTD:mbctype.obj
 0001:00029850       __getmbcp                  1002a850 f   LIBCMTD:mbctype.obj
 0001:000298c0       __setmbcp                  1002a8c0 f   LIBCMTD:mbctype.obj
 0001:00029b60       __setmbcp_nolock           1002ab60 f   LIBCMTD:mbctype.obj
 0001:00029ee0       __ftbuf                    1002aee0 f   LIBCMTD:_sftbuf.obj
 0001:00029f70       __stbuf                    1002af70 f   LIBCMTD:_sftbuf.obj
 0001:0002a0e0       __vfprintf_l               1002b0e0 f   LIBCMTD:vfprintf.obj
 0001:0002a110       __vfprintf_p               1002b110 f   LIBCMTD:vfprintf.obj
 0001:0002a130       __vfprintf_p_l             1002b130 f   LIBCMTD:vfprintf.obj
 0001:0002a160       __vfprintf_s_l             1002b160 f   LIBCMTD:vfprintf.obj
 0001:0002a190       _vfprintf                  1002b190 f   LIBCMTD:vfprintf.obj
 0001:0002a1b0       _vfprintf_helper           1002b1b0 f   LIBCMTD:vfprintf.obj
 0001:0002a480       _vfprintf_s                1002b480 f   LIBCMTD:vfprintf.obj
 0001:0002a4a0       __fcloseall                1002b4a0 f   LIBCMTD:closeall.obj
 0001:0002a5d0       __output_p_l               1002b5d0 f   LIBCMTD:outputp.obj
 0001:0002e3d0       __validate_param_reuseA    1002f3d0 f   LIBCMTD:outputp.obj
 0001:0002e6c0       _get_crtdouble_arg         1002f6c0 f i LIBCMTD:outputp.obj
 0001:0002e880       _free                      1002f880 f   LIBCMTD:dbgfree.obj
 0001:0002e8a0       _strcpy_s                  1002f8a0 f   LIBCMTD:strcpy_s.obj
 0001:0002eba0       _strlen                    1002fba0 f   LIBCMTD:strlen.obj
 0001:0002ec30       _wcscpy_s                  1002fc30 f   LIBCMTD:wcscpy_s.obj
 0001:0002ef40       _wcslen                    1002ff40 f   LIBCMTD:wcslen.obj
 0001:0002ef80       ___swprintf_l              1002ff80 f   LIBCMTD:swprintf.obj
 0001:0002efb0       __scwprintf                1002ffb0 f   LIBCMTD:swprintf.obj
 0001:0002efd0       __scwprintf_l              1002ffd0 f   LIBCMTD:swprintf.obj
 0001:0002f000       __scwprintf_p              10030000 f   LIBCMTD:swprintf.obj
 0001:0002f020       __scwprintf_p_l            10030020 f   LIBCMTD:swprintf.obj
 0001:0002f050       __snwprintf_s              10030050 f   LIBCMTD:swprintf.obj
 0001:0002f080       __snwprintf_s_l            10030080 f   LIBCMTD:swprintf.obj
 0001:0002f0b0       __swprintf                 100300b0 f   LIBCMTD:swprintf.obj
 0001:0002f2d0       __swprintf_p               100302d0 f   LIBCMTD:swprintf.obj
 0001:0002f300       __swprintf_p_l             10030300 f   LIBCMTD:swprintf.obj
 0001:0002f330       __swprintf_s_l             10030330 f   LIBCMTD:swprintf.obj
 0001:0002f360       _swprintf_s                10030360 f   LIBCMTD:swprintf.obj
 0001:0002f390       ___crtMessageBoxW          10030390 f   LIBCMTD:crtmboxw.obj
 0001:0002f6a0       ___crtMessageBoxWaitThreadW@4 100306a0 f   LIBCMTD:crtmboxw.obj
 0001:0002f6e0       __CrtDbgBreak              100306e0 f   LIBCMTD:dbgrptt.obj
 0001:0002f6f0       __CrtGetReportHook         100306f0 f   LIBCMTD:dbgrptt.obj
 0001:0002f700       __CrtSetReportFile         10030700 f   LIBCMTD:dbgrptt.obj
 0001:0002f800       __CrtSetReportHook         10030800 f   LIBCMTD:dbgrptt.obj
 0001:0002f820       __CrtSetReportMode         10030820 f   LIBCMTD:dbgrptt.obj
 0001:0002f960       __VCrtDbgReportA           10030960 f   LIBCMTD:dbgrptt.obj
 0001:000301d0       __VCrtDbgReportW           100311d0 f   LIBCMTD:dbgrptt.obj
 0001:00030b50       __chkstk                   10031b50 f   LIBCMTD:chkstk.obj
 0001:00030b50       __alloca_probe             10031b50 f   LIBCMTD:chkstk.obj
 0001:00030b80       ___addlocaleref            10031b80 f   LIBCMTD:localref.obj
 0001:00030ca0       ___freetlocinfo            10031ca0 f   LIBCMTD:localref.obj
 0001:00030f90       ___removelocaleref         10031f90 f   LIBCMTD:localref.obj
 0001:000310b0       ___updatetlocinfo          100320b0 f   LIBCMTD:localref.obj
 0001:00031180       __updatetlocinfoEx_nolock  10032180 f   LIBCMTD:localref.obj
 0001:00031200       __chvalidator              10032200 f   LIBCMTD:isctype.obj
 0001:00031250       __chvalidator_l            10032250 f   LIBCMTD:isctype.obj
 0001:00031310       __isctype                  10032310 f   LIBCMTD:isctype.obj
 0001:00031350       __isctype_l                10032350 f   LIBCMTD:isctype.obj
 0001:000314a0       __free_base                100324a0 f   LIBCMTD:free.obj
 0001:000314f0       __realloc_base             100324f0 f   LIBCMTD:realloc.obj
 0001:000315f0       __expand_base              100325f0 f   LIBCMTD:expand.obj
 0001:00031760       __CrtDbgReport             10032760 f   LIBCMTD:dbgrpt.obj
 0001:000317b0       __CrtDbgReportV            100327b0 f i LIBCMTD:dbgrpt.obj
 0001:000317e0       __CrtSetReportHook2        100327e0 f   LIBCMTD:dbgrpt.obj
 0001:00031b30       ___crtMessageWindowA       10032b30 f   LIBCMTD:dbgrpt.obj
 0001:00031fe0       __heapchk                  10032fe0 f   LIBCMTD:heapchk.obj
 0001:00032010       __heapset                  10033010 f   LIBCMTD:heapchk.obj
 0001:00032020       __scprintf                 10033020 f   LIBCMTD:sprintf.obj
 0001:00032040       __scprintf_l               10033040 f   LIBCMTD:sprintf.obj
 0001:00032070       __scprintf_p               10033070 f   LIBCMTD:sprintf.obj
 0001:00032090       __scprintf_p_l             10033090 f   LIBCMTD:sprintf.obj
 0001:000320c0       __snprintf_s               100330c0 f   LIBCMTD:sprintf.obj
 0001:000320f0       __snprintf_s_l             100330f0 f   LIBCMTD:sprintf.obj
 0001:00032120       __sprintf_l                10033120 f   LIBCMTD:sprintf.obj
 0001:00032150       __sprintf_p                10033150 f   LIBCMTD:sprintf.obj
 0001:00032180       __sprintf_p_l              10033180 f   LIBCMTD:sprintf.obj
 0001:000321b0       __sprintf_s_l              100331b0 f   LIBCMTD:sprintf.obj
 0001:000321e0       _sprintf                   100331e0 f   LIBCMTD:sprintf.obj
 0001:000323a0       _sprintf_s                 100333a0 f   LIBCMTD:sprintf.obj
 0001:000323d0       __heap_alloc_base          100333d0 f i LIBCMTD:malloc.obj
 0001:00032430       __malloc_base              10033430 f   LIBCMTD:malloc.obj
 0001:000324c0       __87except                 100334c0 f   LIBCMTD:87except.obj
 0001:00032b00       ?_RTC_GetSrcLine@@YAHPAEPA_WKPAH1K@Z 10033b00 f   LIBCMTD:pdblkup.obj
 0001:00032db0       ___isascii                 10033db0 f i LIBCMTD:_ctype.obj
 0001:00032de0       ___iscsym                  10033de0 f i LIBCMTD:_ctype.obj
 0001:00032e20       ___iscsymf                 10033e20 f i LIBCMTD:_ctype.obj
 0001:00032e60       ___toascii                 10033e60 f i LIBCMTD:_ctype.obj
 0001:00032e70       __isalnum_l                10033e70 f i LIBCMTD:_ctype.obj
 0001:00032ef0       __isalpha_l                10033ef0 f i LIBCMTD:_ctype.obj
 0001:00032f70       __isblank_l                10033f70 f i LIBCMTD:_ctype.obj
 0001:00033000       __iscntrl_l                10034000 f i LIBCMTD:_ctype.obj
 0001:00033080       __iscsym_l                 10034080 f i LIBCMTD:_ctype.obj
 0001:000330c0       __iscsymf_l                100340c0 f i LIBCMTD:_ctype.obj
 0001:00033100       __isdigit_l                10034100 f i LIBCMTD:_ctype.obj
 0001:00033180       __isgraph_l                10034180 f i LIBCMTD:_ctype.obj
 0001:00033200       __islower_l                10034200 f i LIBCMTD:_ctype.obj
 0001:00033280       __isprint_l                10034280 f i LIBCMTD:_ctype.obj
 0001:00033300       __ispunct_l                10034300 f i LIBCMTD:_ctype.obj
 0001:00033380       __isspace_l                10034380 f i LIBCMTD:_ctype.obj
 0001:00033400       __isupper_l                10034400 f i LIBCMTD:_ctype.obj
 0001:00033480       __isxdigit_l               10034480 f i LIBCMTD:_ctype.obj
 0001:00033500       _isalnum                   10034500 f i LIBCMTD:_ctype.obj
 0001:00033540       _isalpha                   10034540 f i LIBCMTD:_ctype.obj
 0001:00033580       _isblank                   10034580 f i LIBCMTD:_ctype.obj
 0001:000335d0       _iscntrl                   100345d0 f i LIBCMTD:_ctype.obj
 0001:00033600       _isdigit                   10034600 f i LIBCMTD:_ctype.obj
 0001:00033630       _isgraph                   10034630 f i LIBCMTD:_ctype.obj
 0001:00033670       _islower                   10034670 f i LIBCMTD:_ctype.obj
[...]
 0002:0000ab78       ALPHA                      1006fb78     LIBCMTD:acos_pentium4.obj
 0002:0000ab80       Ctable                     1006fb80     LIBCMTD:tan_pentium4.obj
 0002:0000c180       PI32INV                    10071180     LIBCMTD:tan_pentium4.obj
 0002:0000c190       SHIFTER                    10071190     LIBCMTD:tan_pentium4.obj
 0002:0000c1a0       P_1                        100711a0     LIBCMTD:tan_pentium4.obj
 0002:0000c1b0       P_2                        100711b0     LIBCMTD:tan_pentium4.obj
 0002:0000c1c0       P_3                        100711c0     LIBCMTD:tan_pentium4.obj
 0002:0000c1d0       QQ_2                       100711d0     LIBCMTD:tan_pentium4.obj
 0002:0000c1d8       ONE                        100711d8     LIBCMTD:tan_pentium4.obj
 0002:0000c1e0       MASK_35                    100711e0     LIBCMTD:tan_pentium4.obj
 0002:0000c1f0       sign_mask                  100711f0     LIBCMTD:tan_pentium4.obj
 0002:0000c1f8       TWO_POW_55                 100711f8     LIBCMTD:tan_pentium4.obj
 0002:0000c200       TWO_POW_M55                10071200     LIBCMTD:tan_pentium4.obj
 0002:0000c208       TWO_POW_M53                10071208     LIBCMTD:tan_pentium4.obj
 0002:0000c210       INF                        10071210     LIBCMTD:tan_pentium4.obj
 0002:0000c43c       __mb_locale_names          1007143c     LIBCMTD:mbctype.obj
 0002:0000e154       __CrtDbgModeMsg            10073154     LIBCMTD:dbgrpt.obj
 0002:0000e65c       _msvcrdFilename            1007365c     LIBCMTD:pdblkup.obj
 0002:0000e678       _mspdbName                 10073678     LIBCMTD:pdblkup.obj
 0002:0000e75c       ?dllExt@?1??GetPdbDllPathFromFilePath@@YAHPB_WPA_WI@Z@4QB_WB 1007375c     LIBCMTD:pdblkup.obj
 0002:0000e764       ?mspdbFilename@?1??GetPdbDllPathFromFilePath@@YAHPB_WPA_WI@Z@4QB_WB 10073764     LIBCMTD:pdblkup.obj
 0002:0000ed58       _tokenTable                10073d58     LIBCMTD:undname.obj
 0002:0000ed90       _nameTable                 10073d90     LIBCMTD:undname.obj
 0002:0000eed0       _rttiTable                 10073ed0     LIBCMTD:undname.obj
 0002:00012ca8       __first_127char            10077ca8     LIBCMTD:wsetloca.obj
 0002:00016db8       __RTC_InitBase.rtc$IMZ     1007bdb8     cardata.obj
 0002:00016dbc       __RTC_InitBase.rtc$IMZ     1007bdbc     damned.obj
 0002:00016dc0       __RTC_InitBase.rtc$IMZ     1007bdc0     driver.obj
 0002:00016dc4       __RTC_InitBase.rtc$IMZ     1007bdc4     learn.obj
 0002:00016dc8       __RTC_InitBase.rtc$IMZ     1007bdc8     opponent.obj
 0002:00016dcc       __RTC_InitBase.rtc$IMZ     1007bdcc     pit.obj
 0002:00016dd0       __RTC_InitBase.rtc$IMZ     1007bdd0     spline.obj
 0002:00016dd4       __RTC_InitBase.rtc$IMZ     1007bdd4     strategy.obj
 0002:00016de0       __RTC_Shutdown.rtc$TMZ     1007bde0     cardata.obj
 0002:00016de4       __RTC_Shutdown.rtc$TMZ     1007bde4     damned.obj
 0002:00016de8       __RTC_Shutdown.rtc$TMZ     1007bde8     driver.obj
 0002:00016dec       __RTC_Shutdown.rtc$TMZ     1007bdec     learn.obj
 0002:00016df0       __RTC_Shutdown.rtc$TMZ     1007bdf0     opponent.obj
 0002:00016df4       __RTC_Shutdown.rtc$TMZ     1007bdf4     pit.obj
 0002:00016df8       __RTC_Shutdown.rtc$TMZ     1007bdf8     spline.obj
 0002:00016dfc       __RTC_Shutdown.rtc$TMZ     1007bdfc     strategy.obj
 0002:00016e08       __unwindtable$?InitFuncPt@@YAHHPAX@Z 1007be08     damned.obj
 0002:00016e10       __ehfuncinfo$?InitFuncPt@@YAHHPAX@Z 1007be10     damned.obj
 0002:00016e34       __unwindtable$?initTrack@Driver@@QAEXPAUtTrack@@PAXPAPAXPAUSituation@@@Z 1007be34     driver.obj
 0002:00016e3c       __unwindtable$?newRace@Driver@@QAEXPAUCarElt@@PAUSituation@@@Z 1007be3c     driver.obj
 0002:00016e5c       __ehfuncinfo$?newRace@Driver@@QAEXPAUCarElt@@PAUSituation@@@Z 1007be5c     driver.obj
 0002:00016e80       __ehfuncinfo$?initTrack@Driver@@QAEXPAUtTrack@@PAXPAPAXPAUSituation@@@Z 1007be80     driver.obj
 0002:00016ea4       __unwindtable$??0Opponents@@QAE@PAUSituation@@PAVDriver@@PAVCardata@@@Z 1007bea4     opponent.obj
 0002:00016eac       __ehfuncinfo$??0Opponents@@QAE@PAUSituation@@PAVDriver@@PAVCardata@@@Z 1007beac     opponent.obj
 0002:00016ed0       __unwindtable$??0Pit@@QAE@PAUSituation@@PAVDriver@@@Z 1007bed0     pit.obj
 0002:00016ed8       __ehfuncinfo$??0Pit@@QAE@PAUSituation@@PAVDriver@@@Z 1007bed8     pit.obj
 0002:00016f50       __sehtable$??3@YAXPAX@Z    1007bf50     LIBCMTD:dbgdel.obj
 0002:00016f70       __sehtable$_fclose         1007bf70     LIBCMTD:fclose.obj
 0002:00016f90       __sehtable$__fsopen        1007bf90     LIBCMTD:fopen.obj
 0002:00016fb0       __sehtable$_fread_s        1007bfb0     LIBCMTD:fread.obj
 0002:00016fd0       __sehtable$_fwrite         1007bfd0     LIBCMTD:fwrite.obj
 0002:00016ff0       __sehtable$__CRT_INIT@12   1007bff0     LIBCMTD:dllcrt0.obj
 0002:00017010       __sehtable$___DllMainCRTStartup 1007c010     LIBCMTD:dllcrt0.obj
 0002:00017030       __sehtable$_doexit         1007c030     LIBCMTD:crt0dat.obj
 0002:00017050       __sehtable$_fprintf        1007c050     LIBCMTD:fprintf.obj
 0002:00017070       __sehtable$__mtinitlocknum 1007c070     LIBCMTD:mlock.obj
 0002:00017090       __sehtable$__CrtSetReportHookW2 1007c090     LIBCMTD:dbgrptw.obj
 0002:000170b0       __sehtable$__realloc_dbg   1007c0b0     LIBCMTD:dbgheap.obj
 0002:000170d0       __sehtable$__expand_dbg    1007c0d0     LIBCMTD:dbgheap.obj
 0002:000170f0       __sehtable$__free_dbg      1007c0f0     LIBCMTD:dbgheap.obj
 0002:00017110       __sehtable$__msize_dbg     1007c110     LIBCMTD:dbgheap.obj
 0002:00017130       __sehtable$__CrtCheckMemory 1007c130     LIBCMTD:dbgheap.obj
 0002:00017150       __sehtable$__CrtSetDbgFlag 1007c150     LIBCMTD:dbgheap.obj
 0002:00017170       __sehtable$__CrtDoForAllClientObjects 1007c170     LIBCMTD:dbgheap.obj
 0002:00017190       __sehtable$__CrtIsMemoryBlock 1007c190     LIBCMTD:dbgheap.obj
 0002:000171b0       __sehtable$__CrtMemCheckpoint 1007c1b0     LIBCMTD:dbgheap.obj
 0002:000171d0       __sehtable$__CrtSetDbgBlockType 1007c1d0     LIBCMTD:dbgheap.obj
 0002:000171f0       __sehtable$__heap_alloc_dbg_impl 1007c1f0     LIBCMTD:dbgheap.obj
 0002:00017210       __sehtable$?__crtIsBadReadPtr@@YAHPBXI@Z 1007c210     LIBCMTD:dbgheap.obj
 0002:00017230       __sehtable$?_CrtMemDumpAllObjectsSince_stat@@YAXPBU_CrtMemState@@PAUlocaleinfo_struct@@@Z 1007c230     LIBCMTD:dbgheap.obj
 0002:00017250       __sehtable$?DebuggerProbe@@YAHK@Z 1007c250     LIBCMTD:error.obj
 0002:00017270       __sehtable$?DebuggerRuntime@@YAHKHPAXPB_W@Z 1007c270     LIBCMTD:error.obj
 0002:00017290       __sehtable$__freefls@4     1007c290     LIBCMTD:tidtable.obj
 0002:000172b8       __sehtable$__initptd       1007c2b8     LIBCMTD:tidtable.obj
 0002:000172e0       __sehtable$?terminate@@YAXXZ 1007c2e0     LIBCMTD:hooks.obj
 0002:00017300       __sehtable$?_inconsistency@@YAXXZ 1007c300     LIBCMTD:hooks.obj
 0002:00017320       __sehtable$___FrameUnwindToState 1007c320     LIBCMTD:frame.obj
 0002:00017348       __sehtable$?CallCatchBlock@@YAPAXPAUEHExceptionRecord@@PAUEHRegistrationNode@@PAU_CONTEXT@@PBU_s_FuncInfo@@PAXHK@Z 1007c348     LIBCMTD:frame.obj
 0002:00017370       __sehtable$___BuildCatchObject 1007c370     LIBCMTD:frame.obj
 0002:00017390       __sehtable$___DestructExceptionObject 1007c390     LIBCMTD:frame.obj
 0002:000173ac       __catchsym$?CallUnexpected@@YAXPBU_s_ESTypeList@@@Z$2 1007c3ac     LIBCMTD:frame.obj
 0002:000173bc       __unwindtable$?CallUnexpected@@YAXPBU_s_ESTypeList@@@Z 1007c3bc     LIBCMTD:frame.obj
 0002:000173cc       __tryblocktable$?CallUnexpected@@YAXPBU_s_ESTypeList@@@Z 1007c3cc     LIBCMTD:frame.obj
 0002:000173e0       __ehfuncinfo$?CallUnexpected@@YAXPBU_s_ESTypeList@@@Z 1007c3e0     LIBCMTD:frame.obj
 0002:00017408       __sehtable$___BuildCatchObjectHelper 1007c408     LIBCMTD:frame.obj
 0002:00017460       __sehtable$___set_fpsr_sse2 1007c460     LIBCMTD:fpctrl.obj
 0002:00017480       __sehtable$?_Name_base@type_info@@CAPBDPBV1@PAU__type_info_node@@@Z 1007c480     LIBCMTD:typname.obj
 0002:000174a0       __sehtable$?_Type_info_dtor@type_info@@CAXPAV1@@Z 1007c4a0     LIBCMTD:typname.obj
 0002:000174c0       __sehtable$?_Name_base_internal@type_info@@CAPBDPBV1@PAU__type_info_node@@@Z 1007c4c0     LIBCMTD:typname.obj
 0002:000174e0       __sehtable$?_Type_info_dtor_internal@type_info@@CAXPAV1@@Z 1007c4e0     LIBCMTD:typname.obj
 0002:00017500       __sehtable$___clean_type_info_names_internal 1007c500     LIBCMTD:typname.obj
 0002:00017520       __sehtable$__close         1007c520     LIBCMTD:close.obj
 0002:00017540       __sehtable$_fflush         1007c540     LIBCMTD:fflush.obj
 0002:00017560       __sehtable$_flsall         1007c560     LIBCMTD:fflush.obj
 0002:00017588       __sehtable$__getstream     1007c588     LIBCMTD:stream.obj
 0002:000175a8       __sehtable$__read          1007c5a8     LIBCMTD:read.obj
 0002:000175c8       __sehtable$__write         1007c5c8     LIBCMTD:write.obj
 0002:000175e8       __sehtable$__ioinit        1007c5e8     LIBCMTD:ioinit.obj
 0002:00017608       __sehtable$__IsNonwritableInCurrentImage 1007c608     LIBCMTD:pesect.obj
 0002:00017628       __sehtable$__onexit        1007c628     LIBCMTD:onexit.obj
 0002:00017648       __sehtable$_signal         1007c648     LIBCMTD:winsig.obj
 0002:00017668       __sehtable$_raise          1007c668     LIBCMTD:winsig.obj
 0002:00017688       __sehtable$_ctrlevent_capture@4 1007c688     LIBCMTD:winsig.obj
 0002:000176a8       __sehtable$___updatetmbcinfo 1007c6a8     LIBCMTD:mbctype.obj
 0002:000176c8       __sehtable$__setmbcp       1007c6c8     LIBCMTD:mbctype.obj
 0002:000176e4       __unwindtable$?getSystemCP@@YAHH@Z 1007c6e4     LIBCMTD:mbctype.obj
 0002:000176ec       __ehfuncinfo$?getSystemCP@@YAHH@Z 1007c6ec     LIBCMTD:mbctype.obj
 0002:00017710       __sehtable$_vfprintf_helper 1007c710     LIBCMTD:vfprintf.obj
 0002:00017730       __sehtable$__fcloseall     1007c730     LIBCMTD:closeall.obj
 0002:00017750       __sehtable$__VCrtDbgReportA 1007c750     LIBCMTD:dbgrptt.obj
 0002:00017778       __sehtable$__VCrtDbgReportW 1007c778     LIBCMTD:dbgrptt.obj
 0002:000177a0       __sehtable$___updatetlocinfo 1007c7a0     LIBCMTD:localref.obj
 0002:000177c0       __sehtable$__CrtSetReportHook2 1007c7c0     LIBCMTD:dbgrpt.obj
 0002:000177e0       __sehtable$__lseeki64      1007c7e0     LIBCMTD:lseeki64.obj
 0002:00017800       __sehtable$_printf         1007c800     LIBCMTD:printf.obj
 0002:00017820       __sehtable$___unDName      1007c820     LIBCMTD:undname.obj
 0002:00017840       __sehtable$___unDNameEx    1007c840     LIBCMTD:undname.obj
 0002:0001785c       __unwindtable$?make@DNameStatusNode@@SAPAV1@W4DNameStatus@@@Z 1007c85c     LIBCMTD:undname.obj
 0002:00017864       __ehfuncinfo$?make@DNameStatusNode@@SAPAV1@W4DNameStatus@@@Z 1007c864     LIBCMTD:undname.obj
 0002:00017888       __sehtable$__alloc_osfhnd  1007c888     LIBCMTD:osfinfo.obj
 0002:000178b0       __sehtable$___lock_fhandle 1007c8b0     LIBCMTD:osfinfo.obj
 0002:000178d0       __sehtable$__open_osfhandle 1007c8d0     LIBCMTD:osfinfo.obj
 0002:000178f0       __sehtable$__commit        1007c8f0     LIBCMTD:commit.obj
 0002:00017910       __sehtable$__sopen_helper  1007c910     LIBCMTD:open.obj
 0002:00017930       __sehtable$__open          1007c930     LIBCMTD:open.obj
 0002:00017950       __sehtable$__putwch        1007c950     LIBCMTD:putwch.obj
 0002:0001796c       __unwindtable$?x_ismbbtype_l@@YAHPAUlocaleinfo_struct@@IHH@Z 1007c96c     LIBCMTD:ismbbyte.obj
 0002:00017974       __ehfuncinfo$?x_ismbbtype_l@@YAHPAUlocaleinfo_struct@@IHH@Z 1007c974     LIBCMTD:ismbbyte.obj
 0002:00017998       __unwindtable$?strtoxl@@YAKPAUlocaleinfo_struct@@PBDPAPBDHH@Z 1007c998     LIBCMTD:strtol.obj
 0002:000179a0       __ehfuncinfo$?strtoxl@@YAKPAUlocaleinfo_struct@@PBDPAPBDHH@Z 1007c9a0     LIBCMTD:strtol.obj
 0002:000179c8       __sehtable$__get_current_locale 1007c9c8     LIBCMTD:wsetloca.obj
 0002:000179f0       __sehtable$__free_locale   1007c9f0     LIBCMTD:wsetloca.obj
 0002:00017a18       __sehtable$__wsetlocale    1007ca18     LIBCMTD:wsetloca.obj
 0002:00017a50       __sehtable$__locterm       1007ca50     LIBCMTD:wsetloca.obj
 0002:00017a70       __sehtable$_vprintf_helper 1007ca70     LIBCMTD:vprintf.obj
 0002:00017a90       __sehtable$__wsopen_helper 1007ca90     LIBCMTD:wopen.obj
 0002:00017ab0       __sehtable$__wopen         1007cab0     LIBCMTD:wopen.obj
 0002:00017ad0       __sehtable$_fputwc         1007cad0     LIBCMTD:fputwc.obj
 0002:00017aec       __unwindtable$?strtoxq@@YA_KPAUlocaleinfo_struct@@PBDPAPBDHH@Z 1007caec     LIBCMTD:strtoq.obj
 0002:00017af4       __ehfuncinfo$?strtoxq@@YA_KPAUlocaleinfo_struct@@PBDPAPBDHH@Z 1007caf4     LIBCMTD:strtoq.obj
 0002:00017b18       __sehtable$__chsize_s      1007cb18     LIBCMTD:chsize.obj
 0002:00017b38       __sehtable$__setmode       1007cb38     LIBCMTD:setmode.obj
 0002:00017b54       __unwindtable$?wcstoxq@@YA_KPAUlocaleinfo_struct@@PB_WPAPB_WHH@Z 1007cb54     LIBCMTD:wcstoq.obj
 0002:00017b5c       __ehfuncinfo$?wcstoxq@@YA_KPAUlocaleinfo_struct@@PB_WPAPB_WHH@Z 1007cb5c     LIBCMTD:wcstoq.obj
 0002:00017b80       .edata                     1007cb80     damned.exp
 0002:00017ba8       rgpv                       1007cba8     damned.exp
 0002:00017bac       rgszName                   1007cbac     damned.exp
 0002:00017bb0       rgwOrd                     1007cbb0     damned.exp
 0002:00017bb2       szName                     1007cbb2     damned.exp
 0002:00017bbd       $N00001                    1007cbbd     damned.exp
 0002:00017e1e       .idata$6                   1007ce1e     tgf:tgf.dll
 0002:00017e4a       .idata$6                   1007ce4a     robottools:robottools.dll
 0002:00018486       .idata$6                   1007d486     kernel32:KERNEL32.dll
 0003:00000000       _botname                   1007e000     damned.obj
 0003:00000028       _botdesc                   1007e028     damned.obj
 0003:00000068       __ulSeverityText           1007e068     ul_vs2008_32:ulError.obj
 0003:00000080       _NAME_                     1007e080     LIBCMTD:cos.obj
 0003:00000090       _NAME_                     1007e090     LIBCMTD:sin.obj
 0003:000000b0       LOG_name                   1007e0b0     LIBCMTD:log.obj
 0003:000000c0       _NAME_                     1007e0c0     LIBCMTD:sqrt.obj
 0003:000000d0       _NAME_                     1007e0d0     LIBCMTD:asin.obj
 0003:000000e0       _NAME_                     1007e0e0     LIBCMTD:acos.obj
 0003:000000f0       _NAME_                     1007e0f0     LIBCMTD:tan.obj
 0003:00000378       __locktable                1007e378     LIBCMTD:mlock.obj
 0003:00000498       _dotdotdot                 1007e498     LIBCMTD:dbgrptw.obj
 0003:000004a8       __lRequestCurr             1007e4a8     LIBCMTD:dbgheap.obj
 0003:000004ac       __bNoMansLandFill          1007e4ac     LIBCMTD:dbgheap.obj
 0003:000004ad       __bAlignLandFill           1007e4ad     LIBCMTD:dbgheap.obj
 0003:000004ae       __bDeadLandFill            1007e4ae     LIBCMTD:dbgheap.obj
 0003:000004af       __bCleanLandFill           1007e4af     LIBCMTD:dbgheap.obj
 0003:00000508       _errtable                  1007e508     LIBCMTD:dosmap.obj
 0003:00000670       _ErrnoNoMem                1007e670     LIBCMTD:dosmap.obj
 0003:00000674       _DoserrorNoMem             1007e674     LIBCMTD:dosmap.obj
 0003:00000680       ?_names@?1??_get_fname@@9@9 1007e680     LIBCMTD:fpexcept.obj
 0003:00000790       _over                      1007e790     LIBCMTD:fpctrl.obj
 0003:0000079c       _under                     1007e79c     LIBCMTD:fpctrl.obj
 0003:000007a8       ?__DAZ_ENABLED@?1??__set_fpsr_sse2@@9@9 1007e7a8     LIBCMTD:fpctrl.obj
 0003:000007b4       ?isPackaged@?1??__crtIsPackagedApp@@9@9 1007e7b4     LIBCMTD:winapisupp.obj
 0003:000008c4       _newcw                     1007e8c4     LIBCMTD:ceil.obj
 0003:00000d38       ___rgctypeflag             1007ed38     LIBCMTD:mbctype.obj
 0003:00000d40       ___rgcode_page_info        1007ed40     LIBCMTD:mbctype.obj
 0003:00000e50       _dotdotdot                 1007ee50     LIBCMTD:dbgrpt.obj
 0003:00001104       __ctype_loc_style          1007f104     LIBCMTD:wsetloca.obj
 0003:00001110       _DoubleFormat              1007f110     LIBCMTD:intrncvt.obj
 0003:00001128       _FloatFormat               1007f128     LIBCMTD:intrncvt.obj
 0003:00001600       _driver                    1007f600     damned.obj
 0003:00001640       __ulErrorBuffer            1007f640     ul_vs2008_32:ulError.obj
 0003:00001a40       __ulErrorCB                1007fa40     ul_vs2008_32:ulError.obj
 0003:00001a44       ?init@?1??_RTC_InitBase@@9@4_NA 1007fa44     LIBCMTD:init.obj
 0003:00001a50       _GS_ExceptionRecord        1007fa50     LIBCMTD:gs_report.obj
 0003:00001aa0       _GS_ContextRecord          1007faa0     LIBCMTD:gs_report.obj
 0003:00001d6c       _DebuggerWasPresent        1007fd6c     LIBCMTD:gs_report.obj
 0003:00001d70       ___proc_attached           1007fd70     LIBCMTD:dllcrt0.obj
 0003:00001db8       _lclcritsects              1007fdb8     LIBCMTD:mlock.obj
 0003:00001f24       _check_frequency           1007ff24     LIBCMTD:dbgheap.obj
 0003:00001f2c       _check_counter             1007ff2c     LIBCMTD:dbgheap.obj
 0003:00001f30       __lTotalAlloc              1007ff30     LIBCMTD:dbgheap.obj
 0003:00001f34       __lCurAlloc                1007ff34     LIBCMTD:dbgheap.obj
 0003:00001f38       __lMaxAlloc                1007ff38     LIBCMTD:dbgheap.obj
 0003:00001f3c       __pFirstBlock              1007ff3c     LIBCMTD:dbgheap.obj
 0003:00001f40       __pLastBlock               1007ff40     LIBCMTD:dbgheap.obj
 0003:00001f48       __RTC_ErrorReportFunc      1007ff48     LIBCMTD:userapi.obj
 0003:00001f4c       __RTC_ErrorReportFuncW     1007ff4c     LIBCMTD:userapi.obj
 0003:00001f64       ___type_info_root_node     1007ff64     LIBCMTD:typname.obj
 0003:00001f78       ?outmsg@?M@??_NMSG_WRITE@@9@9 1007ff78     LIBCMTD:crt0msg.obj
 0003:000025a4       __pmatherr_set             100805a4     LIBCMTD:libm_error.obj
 0003:000026b0       ?_pgmname@?1??_setargv@@9@9 100806b0     LIBCMTD:stdargv.obj
 0003:000027b8       _ctrlc_action              100807b8     LIBCMTD:winsig.obj
 0003:000027bc       _ctrlbreak_action          100807bc     LIBCMTD:winsig.obj
 0003:000027c0       _abort_action              100807c0     LIBCMTD:winsig.obj
 0003:000027c4       _term_action               100807c4     LIBCMTD:winsig.obj
 0003:000027c8       _ConsoleCtrlHandler_Installed 100807c8     LIBCMTD:winsig.obj
 0003:000027cc       _g_pfnRtlGenRandom         100807cc     LIBCMTD:rand_s.obj
 0003:000027e8       _fSystemSet                100807e8     LIBCMTD:mbctype.obj
 0003:000027f8       ?pfnGetLastActivePopup@?1??__crtMessageBoxW@@9@9 100807f8     LIBCMTD:crtmboxw.obj
 0003:000027fc       ?pfnGetProcessWindowStation@?1??__crtMessageBoxW@@9@9 100807fc     LIBCMTD:crtmboxw.obj
 0003:00002800       ?pfnGetUserObjectInformation@?1??__crtMessageBoxW@@9@9 10080800     LIBCMTD:crtmboxw.obj
 0003:00002804       ?pfnMessageBox@?1??__crtMessageBoxW@@9@9 10080804     LIBCMTD:crtmboxw.obj
 0003:00002808       ?pfnGetActiveWindow@?1??__crtMessageBoxW@@9@9 10080808     LIBCMTD:crtmboxw.obj
 0003:0000280c       _mspdb                     1008080c     LIBCMTD:pdblkup.obj
 0003:00002810       ?alreadyTried@?1??GetPdbDll@@YAPAUHINSTANCE__@@XZ@4_NA 10080810     LIBCMTD:pdblkup.obj
 0003:00002811       ?PDBOK@?BM@??_RTC_GetSrcLine@@YAHPAEPA_WKPAH1K@Z@4_NA 10080811     LIBCMTD:pdblkup.obj
 0003:00002818       ___enable_percent_n        10080818     LIBCMTD:printf.obj
 0003:00002844       _heap                      10080844     LIBCMTD:undname.obj
 0003:00002858       ?buf@?1??dbGetString@DName@@QBEPADXZ@4PADA 10080858     LIBCMTD:undname.obj
 0003:000028e4       ___crtCallProc             100808e4     LIBCMTD:winapinls.obj
