 accc

 Timestamp is 58a77fd0 (Fri Feb 17 22:57:20 2017)

 Preferred load address is 00400000

 Start         Length     Name                   Class
 0001:00000000 0006c7d5H .text$mn                CODE
 0001:0006c7e0 00000139H .text$x                 CODE
 0002:00000000 00000170H .idata$5                DATA
 0002:00000170 00000004H .CRT$XCA                DATA
 0002:00000174 00000004H .CRT$XCZ                DATA
 0002:00000178 00000004H .CRT$XIA                DATA
 0002:0000017c 00000014H .CRT$XIC                DATA
 0002:00000190 00000004H .CRT$XIY                DATA
 0002:00000194 00000004H .CRT$XIZ                DATA
 0002:00000198 00000004H .CRT$XPA                DATA
 0002:0000019c 00000008H .CRT$XPX                DATA
 0002:000001a4 00000004H .CRT$XPXA               DATA
 0002:000001a8 00000004H .CRT$XPZ                DATA
 0002:000001ac 00000004H .CRT$XTA                DATA
 0002:000001b0 00000004H .CRT$XTZ                DATA
 0002:000001c0 00013d70H .rdata                  DATA
 0002:00013f30 000000bcH .rdata$debug            DATA
 0002:00013fec 00000388H .rdata$r                DATA
 0002:00014374 00000004H .rtc$IAA                DATA
 0002:00014378 0000000cH .rtc$IMZ                DATA
 0002:00014384 00000004H .rtc$IZZ                DATA
 0002:00014388 00000004H .rtc$TAA                DATA
 0002:0001438c 0000000cH .rtc$TMZ                DATA
 0002:00014398 00000004H .rtc$TZZ                DATA
 0002:000143a0 00000d28H .xdata$x                DATA
 0002:000150c8 00000000H .edata                  DATA
 0002:000150c8 00000014H .idata$2                DATA
 0002:000150dc 00000014H .idata$3                DATA
 0002:000150f0 00000170H .idata$4                DATA
 0002:00015260 000006aaH .idata$6                DATA
 0003:00000000 000013dcH .data                   DATA
 0003:000013dc 0000014fH .data$r                 DATA
 0003:00001540 00987f08H .bss                    DATA

  Address         Publics by Value              Rva+Base       Lib:Object

 0000:00000000       __except_list              00000000     <absolute>
 0000:00000000       ___guard_fids_table        00000000     <absolute>
 0000:00000000       ___safe_se_handler_table   00000000     <absolute>
 0000:00000000       ___guard_fids_count        00000000     <absolute>
 0000:00000000       ___safe_se_handler_count   00000000     <absolute>
 0000:00000000       ___guard_flags             00000000     <absolute>
 0000:00000000       ___ImageBase               00400000     <linker-defined>
 0001:00000000       ?loadAndGroup@@YAXPAD@Z    00401000 f   ac3dgroup.obj
 0001:00001a90       ?reorder@@YAXPAUob@@0PANPAUtcoord@@@Z 00402a90 f   ac3dgroup.obj
 0001:00001e80       ?loadAC@@YAHPAD0H@Z        00402e80 f   ac3dload.obj
 0001:00002290       ?terrainSplitOb@@YAHPAPAUob@@@Z 00403290 f   ac3dload.obj
 0001:000033b0       ?mergeSplitted@@YAHPAPAUob@@@Z 004043b0 f   ac3dload.obj
 0001:000037f0       ?freeobject@@YAHPAUob@@@Z  004047f0 f   ac3dload.obj
 0001:00003960       ?findDistmin@@YANPAUob@@0@Z 00404960 f   ac3dload.obj
 0001:00003b40       ?computeTriNorm@@YAXPAUob@@@Z 00404b40 f   ac3dload.obj
 0001:00003f90       ?smoothTriNorm@@YAXPAUob@@@Z 00404f90 f   ac3dload.obj
 0001:00004740       ?computeObjectTriNorm@@YAXPAUob@@@Z 00405740 f   ac3dload.obj
 0001:00004b80       ?smoothFaceTriNorm@@YAXPAUob@@@Z 00405b80 f   ac3dload.obj
 0001:00004e30       ?smoothObjectTriNorm@@YAXPAUob@@@Z 00405e30 f   ac3dload.obj
 0001:00005080       ?normalize@@YAXPAUpoint@@@Z 00406080 f   ac3dload.obj
 0001:00005170       ?checkMustSmoothVector@@YAHPAUpoint@@000@Z 00406170 f   ac3dload.obj
 0001:000052c0       ?mapNormalToSphere@@YAXPAUob@@@Z 004062c0 f   ac3dload.obj
 0001:00005770       ?mapNormalToSphere2@@YAXPAUob@@@Z 00406770 f   ac3dload.obj
 0001:00005860       ?normalMap@@YAXPAUob@@@Z   00406860 f   ac3dload.obj
 0001:00005bd0       ?mapTextureEnv@@YAXPAUob@@@Z 00406bd0 f   ac3dload.obj
 0001:00006070       ?doMaterial@@YAHPADPAUob@@PAUmat@@@Z 00407070 f   ac3dload.obj
 0001:00006240       ?doObject@@YAHPADPAUob@@PAUmat@@@Z 00407240 f   ac3dload.obj
 0001:00006410       ?doKids@@YAHPADPAUob@@PAUmat@@@Z 00407410 f   ac3dload.obj
 0001:00006ca0       ?doName@@YAHPADPAUob@@PAUmat@@@Z 00407ca0 f   ac3dload.obj
 0001:00007010       ?doLoc@@YAHPADPAUob@@PAUmat@@@Z 00408010 f   ac3dload.obj
 0001:000070b0       ?doData@@YAHPADPAUob@@PAUmat@@@Z 004080b0 f   ac3dload.obj
 0001:00007130       ?doTexture@@YAHPADPAUob@@PAUmat@@@Z 00408130 f   ac3dload.obj
 0001:00007290       ?doTexrep@@YAHPADPAUob@@PAUmat@@@Z 00408290 f   ac3dload.obj
 0001:00007320       ?doNumvert@@YAHPADPAUob@@PAUmat@@@Z 00408320 f   ac3dload.obj
 0001:000073d0       ?doNumsurf@@YAHPADPAUob@@PAUmat@@@Z 004083d0 f   ac3dload.obj
 0001:00007460       ?doSurf@@YAHPADPAUob@@PAUmat@@@Z 00408460 f   ac3dload.obj
 0001:000074e0       ?doMat@@YAHPADPAUob@@PAUmat@@@Z 004084e0 f   ac3dload.obj
 0001:00007560       ?doRefs@@YAHPADPAUob@@PAUmat@@@Z 00408560 f   ac3dload.obj
 0001:00007640       ?doCrease@@YAHPADPAUob@@PAUmat@@@Z 00408640 f   ac3dload.obj
 0001:00007650       ?computeSaveAC3D@@YAXPADPAUob@@@Z 00408650 f   ac3dload.obj
 0001:00008440       ?computeSaveOBJ@@YAXPADPAUob@@@Z 00409440 f   ac3dload.obj
 0001:000091f0       ?computeSaveAC3DM@@YAXPADPAUob@@@Z 0040a1f0 f   ac3dload.obj
 0001:00009cd0       ?computeSaveAC3DStrip@@YAXPADPAUob@@@Z 0040acd0 f   ac3dload.obj
 0001:0000a4d0       ?stripifyOb@@YAXPAUob@@H@Z 0040b4d0 f   ac3dload.obj
 0001:0000b670       ?computeNorm@@YAHPAUpoint@@000@Z 0040c670 f   ac3dload.obj
 0001:0000ba30       ?findIndice@@YAHHPAHH@Z    0040ca30 f   ac3dload.obj
 0001:0000ba80       ?splitOb@@YAHPAPAUob@@@Z   0040ca80 f   ac3dload.obj
 0001:0000c600       ?doGetVertex@@YAHPADPAUob@@PAUmat@@@Z 0040d600 f   ac3dload.obj
 0001:0000c970       ?doGetSurf@@YAHPADPAUob@@PAUmat@@@Z 0040d970 f   ac3dload.obj
 0001:0000ca50       ?loadACo@@YAHPAD0H@Z       0040da50 f   ac3dload.obj
 0001:0000ce40       ?printOb@@YAHPAUob@@@Z     0040de40 f   ac3dload.obj
 0001:0000d9d0       ?foundNear@@YAHPAUob@@0HH@Z 0040e9d0 f   ac3dload.obj
 0001:0000ddb0       ?mapTextureEnvOld@@YAXPAUob@@@Z 0040edb0 f   ac3dload.obj
 0001:0000e610       ?normalMap01@@YAXPAUob@@@Z 0040f610 f   ac3dload.obj
 0001:0000e9b0       ?mergeObject@@YAPAUob@@PAU1@0PAD@Z 0040f9b0 f   ac3dload.obj
 0001:0000f5f0       ?findPoint@@YAHPAUpoint@@H0@Z 004105f0 f   ac3dload.obj
 0001:0000f600       ?strstr@@YAPADPADPBD@Z     00410600 f i ac3dload.obj
 0001:0000f620       ?usage@@YAXXZ              00410620 f   mainaccc.obj
 0001:0000f9d0       ?init_args@@YAXHPAPAD@Z    004109d0 f   mainaccc.obj
 0001:00010100       ?redraw@@YAXXZ             00411100 f   mainaccc.obj
 0001:00010110       ?reshape@@YAXHH@Z          00411110 f   mainaccc.obj
 0001:00010120       ?keyboard@@YAXEHH@Z        00411120 f   mainaccc.obj
 0001:00010140       _main                      00411140 f   mainaccc.obj
 0001:00010240       ___initstdio               00411240 f   LIBCMTD:_file.obj
 0001:00010310       ___endstdio                00411310 f   LIBCMTD:_file.obj
 0001:00010350       ___iob_func                00411350 f   LIBCMTD:_file.obj
 0001:00010360       __lock_file                00411360 f   LIBCMTD:_file.obj
 0001:000103c0       __lock_file2               004113c0 f   LIBCMTD:_file.obj
 0001:00010400       __unlock_file              00411400 f   LIBCMTD:_file.obj
 0001:00010460       __unlock_file2             00411460 f   LIBCMTD:_file.obj
 0001:000104a0       __fsopen                   004114a0 f   LIBCMTD:fopen.obj
 0001:000106f0       _fopen                     004116f0 f   LIBCMTD:fopen.obj
 0001:00010710       _fopen_s                   00411710 f   LIBCMTD:fopen.obj
 0001:000107d0       __fprintf_l                004117d0 f   LIBCMTD:fprintf.obj
 0001:00010800       __fprintf_p                00411800 f   LIBCMTD:fprintf.obj
 0001:00010830       __fprintf_p_l              00411830 f   LIBCMTD:fprintf.obj
 0001:00010860       __fprintf_s_l              00411860 f   LIBCMTD:fprintf.obj
 0001:00010890       _fprintf                   00411890 f   LIBCMTD:fprintf.obj
 0001:00010b60       _fprintf_s                 00411b60 f   LIBCMTD:fprintf.obj
 0001:00010b90       __get_printf_count_output  00411b90 f   LIBCMTD:printf.obj
 0001:00010bc0       __printf_l                 00411bc0 f   LIBCMTD:printf.obj
 0001:00010bf0       __printf_p                 00411bf0 f   LIBCMTD:printf.obj
 0001:00010c10       __printf_p_l               00411c10 f   LIBCMTD:printf.obj
 0001:00010c40       __printf_s_l               00411c40 f   LIBCMTD:printf.obj
 0001:00010c70       __set_printf_count_output  00411c70 f   LIBCMTD:printf.obj
 0001:00010cd0       _printf                    00411cd0 f   LIBCMTD:printf.obj
 0001:00010e50       _printf_s                  00411e50 f   LIBCMTD:printf.obj
 0001:00010e70       ___copy_path_to_wide_string 00411e70 f   LIBCMTD:crt0dat.obj
 0001:00011060       ___copy_to_char            00412060 f   LIBCMTD:crt0dat.obj
 0001:00011250       ___crtCorExitProcess       00412250 f   LIBCMTD:crt0dat.obj
 0001:00011290       ___crtExitProcess          00412290 f   LIBCMTD:crt0dat.obj
 0001:000112b0       ___freeCrtMemory           004122b0 f   LIBCMTD:crt0dat.obj
 0001:00011480       __amsg_exit                00412480 f   LIBCMTD:crt0dat.obj
 0001:000114a0       __c_exit                   004124a0 f   LIBCMTD:crt0dat.obj
 0001:000114c0       __cexit                    004124c0 f   LIBCMTD:crt0dat.obj
 0001:000114e0       __cinit                    004124e0 f   LIBCMTD:crt0dat.obj
 0001:00011580       __exit                     00412580 f   LIBCMTD:crt0dat.obj
 0001:000115a0       __exit_app                 004125a0 f   LIBCMTD:crt0dat.obj
 0001:000115c0       __get_pgmptr               004125c0 f   LIBCMTD:crt0dat.obj
 0001:000116e0       __get_wpgmptr              004126e0 f   LIBCMTD:crt0dat.obj
 0001:00011800       __init_pointers            00412800 f   LIBCMTD:crt0dat.obj
 0001:00011890       __initterm_e               00412890 f   LIBCMTD:crt0dat.obj
 0001:000118d0       __lockexit                 004128d0 f   LIBCMTD:crt0dat.obj
 0001:000118e0       __unlockexit               004128e0 f   LIBCMTD:crt0dat.obj
 0001:00011ae0       _exit                      00412ae0 f   LIBCMTD:crt0dat.obj
 0001:00011b00       __atoi64                   00412b00 f   LIBCMTD:atox.obj
 0001:00011b20       __atoi64_l                 00412b20 f   LIBCMTD:atox.obj
 0001:00011b40       __atoi_l                   00412b40 f   LIBCMTD:atox.obj
 0001:00011b60       __atol_l                   00412b60 f   LIBCMTD:atox.obj
 0001:00011b80       __atoll_l                  00412b80 f   LIBCMTD:atox.obj
 0001:00011ba0       _atoi                      00412ba0 f   LIBCMTD:atox.obj
 0001:00011bc0       _atol                      00412bc0 f   LIBCMTD:atox.obj
 0001:00011be0       _atoll                     00412be0 f   LIBCMTD:atox.obj
 0001:00011c00       _malloc                    00412c00 f   LIBCMTD:dbgmalloc.obj
 0001:00011c30       _strcmp                    00412c30 f   LIBCMTD:strcmp.obj
 0001:00011cc0       _fabs                      00412cc0 f   LIBCMTD:fabs.obj
 0001:00011dc0       __CIsqrt                   00412dc0 f   LIBCMTD:sqrt.obj
 0001:00011dd4       _sqrt                      00412dd4     LIBCMTD:sqrt.obj
 0001:00011e80       @_RTC_AllocaHelper@12      00412e80 f   LIBCMTD:stack.obj
 0001:00011ec0       @_RTC_CheckStackVars2@12   00412ec0 f   LIBCMTD:stack.obj
 0001:00011fa0       @_RTC_CheckStackVars@8     00412fa0 f   LIBCMTD:stack.obj
 0001:00012000       __RTC_CheckEsp             00413000 f   LIBCMTD:stack.obj
 0001:00012030       __RTC_InitBase             00413030 f   LIBCMTD:init.obj
 0001:00012060       __RTC_Shutdown             00413060 f   LIBCMTD:init.obj
 0001:00012080       __fpmath                   00413080 f   LIBCMTD:fpinit.obj
 0001:000120a0       ___setfflag                004130a0 f   LIBCMTD:fpinit.obj
 0001:000120c0       __cfltcvt_init             004130c0 f   LIBCMTD:fpinit.obj
 0001:00012180       ___raise_securityfailure   00413180 f   LIBCMTD:gs_report.obj
 0001:000121d0       ___report_gsfailure        004131d0 f   LIBCMTD:gs_report.obj
 0001:000122e0       ___report_rangecheckfailure 004132e0 f   LIBCMTD:gs_report.obj
 0001:000122f0       ___report_securityfailure  004132f0 f   LIBCMTD:gs_report.obj
 0001:000123d0       ___report_securityfailureEx 004133d0 f   LIBCMTD:gs_report.obj
 0001:00012500       __fclose_nolock            00413500 f   LIBCMTD:fclose.obj
 0001:00012610       _fclose                    00413610 f   LIBCMTD:fclose.obj
 0001:00012730       __getc_nolock              00413730 f   LIBCMTD:fgetc.obj
 0001:00012790       _fgetc                     00413790 f   LIBCMTD:fgetc.obj
 0001:000129f0       _getc                      004139f0 f   LIBCMTD:fgetc.obj
 0001:00012c50       _fgets                     00413c50 f   LIBCMTD:fgets.obj
 0001:00013020       __fscanf_l                 00414020 f   LIBCMTD:fscanf.obj
 0001:00013050       __fscanf_s_l               00414050 f   LIBCMTD:fscanf.obj
 0001:00013080       _fscanf                    00414080 f   LIBCMTD:fscanf.obj
 0001:000130b0       _fscanf_s                  004140b0 f   LIBCMTD:fscanf.obj
 0001:000130e0       _vfscanf                   004140e0 f   LIBCMTD:fscanf.obj
 0001:00013100       _vfscanf_fn                00414100 f   LIBCMTD:fscanf.obj
 0001:000133b0       _vfscanf_s                 004143b0 f   LIBCMTD:fscanf.obj
 0001:000133d0       _rewind                    004143d0 f   LIBCMTD:rewind.obj
 0001:00013570       __sscanf_l                 00414570 f   LIBCMTD:sscanf.obj
 0001:000135a0       __sscanf_s_l               004145a0 f   LIBCMTD:sscanf.obj
 0001:000135d0       _sscanf                    004145d0 f   LIBCMTD:sscanf.obj
 0001:00013600       _sscanf_s                  00414600 f   LIBCMTD:sscanf.obj
 0001:000137c0       _vsscanf                   004147c0 f   LIBCMTD:sscanf.obj
 0001:000137e0       _vsscanf_s                 004147e0 f   LIBCMTD:sscanf.obj
 0001:00013800       __snprintf                 00414800 f   LIBCMTD:snprintf.obj
 0001:000139e0       __snprintf_l               004149e0 f   LIBCMTD:snprintf.obj
 0001:00013a10       __scprintf                 00414a10 f   LIBCMTD:sprintf.obj
 0001:00013a30       __scprintf_l               00414a30 f   LIBCMTD:sprintf.obj
 0001:00013a60       __scprintf_p               00414a60 f   LIBCMTD:sprintf.obj
 0001:00013a80       __scprintf_p_l             00414a80 f   LIBCMTD:sprintf.obj
 0001:00013ab0       __snprintf_s               00414ab0 f   LIBCMTD:sprintf.obj
 0001:00013ae0       __snprintf_s_l             00414ae0 f   LIBCMTD:sprintf.obj
 0001:00013b10       __sprintf_l                00414b10 f   LIBCMTD:sprintf.obj
 0001:00013b40       __sprintf_p                00414b40 f   LIBCMTD:sprintf.obj
 0001:00013b70       __sprintf_p_l              00414b70 f   LIBCMTD:sprintf.obj
 0001:00013ba0       __sprintf_s_l              00414ba0 f   LIBCMTD:sprintf.obj
 0001:00013bd0       _sprintf                   00414bd0 f   LIBCMTD:sprintf.obj
 0001:00013d90       _sprintf_s                 00414d90 f   LIBCMTD:sprintf.obj
 0001:00013dc0       __invoke_watson_if_oneof   00414dc0 f i LIBCMTD:system.obj
 0001:00013e00       _system                    00414e00 f   LIBCMTD:system.obj
 0001:00013fe0       _calloc                    00414fe0 f   LIBCMTD:dbgcalloc.obj
 0001:00014010       _free                      00415010 f   LIBCMTD:dbgfree.obj
 0001:00014030       _memcpy                    00415030 f   LIBCMTD:memcpy.obj
 0001:00014680       _memset                    00415680 f   LIBCMTD:memset.obj
 0001:00014710       _strcpy                    00415710 f   LIBCMTD:strcat.obj
 0001:00014720       _strcat                    00415720 f   LIBCMTD:strcat.obj
 0001:00014810       _strlen                    00415810 f   LIBCMTD:strlen.obj
 0001:000148a0       _strncmp                   004158a0 f   LIBCMTD:strncmp.obj
 0001:00014920       _strstr                    00415920 f   LIBCMTD:strstr.obj
 0001:00014b90       _cos                       00415b90 f   LIBCMTD:cos.obj
 0001:00014bd0       __CIcos                    00415bd0 f   LIBCMTD:cos.obj
 0001:00014c0b       __CIcos_default            00415c0b f   LIBCMTD:cos.obj
 0001:00014c1f       __cos_default              00415c1f     LIBCMTD:cos.obj
 0001:00014cc0       __chgsign                  00415cc0 f   LIBCMTD:ieeemisc.obj
 0001:00014d00       __chgsignf                 00415d00 f   LIBCMTD:ieeemisc.obj
 0001:00014d40       __copysign                 00415d40 f   LIBCMTD:ieeemisc.obj
 0001:00014d70       __copysignf                00415d70 f   LIBCMTD:ieeemisc.obj
 0001:00014db0       __finite                   00415db0 f   LIBCMTD:ieeemisc.obj
 0001:00014dd0       __fpclass                  00415dd0 f   LIBCMTD:ieeemisc.obj
 0001:00014ec0       __isnan                    00415ec0 f   LIBCMTD:ieeemisc.obj
 0001:00014f00       __logb                     00415f00 f   LIBCMTD:ieeemisc.obj
 0001:00015030       __nextafter                00416030 f   LIBCMTD:ieeemisc.obj
 0001:00015350       __scalb                    00416350 f   LIBCMTD:ieeemisc.obj
 0001:00015370       @__security_check_cookie@4 00416370 f   LIBCMTD:secchk.obj
 0001:00015380       __alloca_probe             00416380 f   LIBCMTD:chkstk.obj
 0001:00015380       __chkstk                   00416380 f   LIBCMTD:chkstk.obj
 0001:00015610       _mainCRTStartup            00416610 f   LIBCMTD:crt0.obj
 0001:00015620       __fcloseall                00416620 f   LIBCMTD:closeall.obj
 0001:00015750       __fflush_nolock            00416750 f   LIBCMTD:fflush.obj
 0001:000157c0       __flush                    004167c0 f   LIBCMTD:fflush.obj
 0001:00015880       __flushall                 00416880 f   LIBCMTD:fflush.obj
 0001:00015890       _fflush                    00416890 f   LIBCMTD:fflush.obj
 0001:00015ad0       __lock                     00416ad0 f   LIBCMTD:mlock.obj
 0001:00015b10       __lockerr_exit             00416b10 f   LIBCMTD:mlock.obj
 0001:00015b40       __mtdeletelocks            00416b40 f   LIBCMTD:mlock.obj
 0001:00015c00       __mtinitlocknum            00416c00 f   LIBCMTD:mlock.obj
 0001:00015d20       __mtinitlocks              00416d20 f   LIBCMTD:mlock.obj
 0001:00015da0       __unlock                   00416da0 f   LIBCMTD:mlock.obj
 0001:00015dc0       ??0_LocaleUpdate@@QAE@PAUlocaleinfo_struct@@@Z 00416dc0 f i LIBCMTD:dbgheap.obj
 0001:00015ea0       ??1_LocaleUpdate@@QAE@XZ   00416ea0 f i LIBCMTD:dbgheap.obj
 0001:00015ed0       ?GetLocaleT@_LocaleUpdate@@QAEPAUlocaleinfo_struct@@XZ 00416ed0 f i LIBCMTD:dbgheap.obj
 0001:00016370       __CrtCheckMemory           00417370 f   LIBCMTD:dbgheap.obj
 0001:000167d0       __CrtDoForAllClientObjects 004177d0 f   LIBCMTD:dbgheap.obj
 0001:00016900       __CrtDumpMemoryLeaks       00417900 f   LIBCMTD:dbgheap.obj
 0001:000169a0       __CrtGetAllocHook          004179a0 f   LIBCMTD:dbgheap.obj
 0001:000169b0       __CrtGetCheckCount         004179b0 f   LIBCMTD:dbgheap.obj
 0001:000169c0       __CrtGetDumpClient         004179c0 f   LIBCMTD:dbgheap.obj
 0001:000169d0       __CrtIsMemoryBlock         004179d0 f   LIBCMTD:dbgheap.obj
 0001:00016b40       __CrtIsValidHeapPointer    00417b40 f   LIBCMTD:dbgheap.obj
 0001:00016b80       __CrtIsValidPointer        00417b80 f   LIBCMTD:dbgheap.obj
 0001:00016bb0       __CrtMemCheckpoint         00417bb0 f   LIBCMTD:dbgheap.obj
 0001:00016de0       __CrtMemDifference         00417de0 f   LIBCMTD:dbgheap.obj
 0001:00017040       __CrtMemDumpAllObjectsSince 00418040 f   LIBCMTD:dbgheap.obj
 0001:00017080       __CrtMemDumpStatistics     00418080 f   LIBCMTD:dbgheap.obj
 0001:000171a0       __CrtReportBlockType       004181a0 f   LIBCMTD:dbgheap.obj
 0001:000171d0       __CrtSetAllocHook          004181d0 f   LIBCMTD:dbgheap.obj
 0001:000171f0       __CrtSetBreakAlloc         004181f0 f   LIBCMTD:dbgheap.obj
 0001:00017210       __CrtSetCheckCount         00418210 f   LIBCMTD:dbgheap.obj
 0001:00017230       __CrtSetDbgBlockType       00418230 f   LIBCMTD:dbgheap.obj
 0001:00017320       __CrtSetDbgFlag            00418320 f   LIBCMTD:dbgheap.obj
 0001:00017470       __CrtSetDebugFillThreshold 00418470 f   LIBCMTD:dbgheap.obj
 0001:00017490       __CrtSetDumpClient         00418490 f   LIBCMTD:dbgheap.obj
 0001:000174b0       __aligned_free             004184b0 f   LIBCMTD:dbgheap.obj
 0001:000174d0       __aligned_free_dbg         004184d0 f   LIBCMTD:dbgheap.obj
 0001:00017580       __aligned_malloc           00418580 f   LIBCMTD:dbgheap.obj
 0001:000175a0       __aligned_malloc_dbg       004185a0 f   LIBCMTD:dbgheap.obj
 0001:000175c0       __aligned_msize            004185c0 f   LIBCMTD:dbgheap.obj
 0001:000175e0       __aligned_msize_dbg        004185e0 f   LIBCMTD:dbgheap.obj
 0001:00017700       __aligned_offset_malloc    00418700 f   LIBCMTD:dbgheap.obj
 0001:00017720       __aligned_offset_malloc_dbg 00418720 f   LIBCMTD:dbgheap.obj
 0001:00017900       __aligned_offset_realloc   00418900 f   LIBCMTD:dbgheap.obj
 0001:00017930       __aligned_offset_realloc_dbg 00418930 f   LIBCMTD:dbgheap.obj
 0001:00017c40       __aligned_offset_recalloc  00418c40 f   LIBCMTD:dbgheap.obj
 0001:00017c70       __aligned_offset_recalloc_dbg 00418c70 f   LIBCMTD:dbgheap.obj
 0001:00017d30       __aligned_realloc          00418d30 f   LIBCMTD:dbgheap.obj
 0001:00017d50       __aligned_realloc_dbg      00418d50 f   LIBCMTD:dbgheap.obj
 0001:00017d80       __aligned_recalloc         00418d80 f   LIBCMTD:dbgheap.obj
 0001:00017db0       __aligned_recalloc_dbg     00418db0 f   LIBCMTD:dbgheap.obj
 0001:00017de0       __calloc_dbg               00418de0 f   LIBCMTD:dbgheap.obj
 0001:00017e40       __calloc_dbg_impl          00418e40 f   LIBCMTD:dbgheap.obj
 0001:00017ec0       __expand                   00418ec0 f   LIBCMTD:dbgheap.obj
 0001:00017ef0       __expand_dbg               00418ef0 f   LIBCMTD:dbgheap.obj
 0001:00018020       __free_dbg                 00419020 f   LIBCMTD:dbgheap.obj
 0001:000180a0       __free_dbg_nolock          004190a0 f   LIBCMTD:dbgheap.obj
 0001:000185a0       __free_nolock              004195a0 f   LIBCMTD:dbgheap.obj
 0001:000185c0       __heap_alloc               004195c0 f   LIBCMTD:dbgheap.obj
 0001:000185e0       __heap_alloc_dbg           004195e0 f   LIBCMTD:dbgheap.obj
 0001:00018a00       __malloc_dbg               00419a00 f   LIBCMTD:dbgheap.obj
 0001:00018a30       __msize                    00419a30 f   LIBCMTD:dbgheap.obj
 0001:00018a50       __msize_dbg                00419a50 f   LIBCMTD:dbgheap.obj
 0001:00018c60       __nh_malloc                00419c60 f   LIBCMTD:dbgheap.obj
 0001:00018c80       __nh_malloc_dbg            00419c80 f   LIBCMTD:dbgheap.obj
 0001:00018f10       __realloc_dbg              00419f10 f   LIBCMTD:dbgheap.obj
 0001:00018fb0       __recalloc                 00419fb0 f   LIBCMTD:dbgheap.obj
 0001:00018fe0       __recalloc_dbg             00419fe0 f   LIBCMTD:dbgheap.obj
 0001:000196a0       ?_invalid_parameter@@YAXPBG00II@Z 0041a6a0 f   LIBCMTD:invarg.obj
 0001:000196d0       ?_invoke_watson@@YAXPBG00II@Z 0041a6d0 f   LIBCMTD:invarg.obj
 0001:000196f0       __call_reportfault         0041a6f0 f   LIBCMTD:invarg.obj
 0001:00019850       __get_invalid_parameter_handler 0041a850 f   LIBCMTD:invarg.obj
 0001:00019880       __initp_misc_invarg        0041a880 f   LIBCMTD:invarg.obj
 0001:00019890       __invalid_parameter        0041a890 f   LIBCMTD:invarg.obj
 0001:000198f0       __invoke_watson            0041a8f0 f   LIBCMTD:invarg.obj
 0001:00019930       __set_invalid_parameter_handler 0041a930 f   LIBCMTD:invarg.obj
 0001:00019970       ?_CrtDbgReportW@@YAHHPBGH00ZZ 0041a970 f   LIBCMTD:dbgrptw.obj
 0001:000199c0       __CrtDbgReportW            0041a9c0 f   LIBCMTD:dbgrptw.obj
 0001:00019a10       __CrtDbgReportWV           0041aa10 f i LIBCMTD:dbgrptw.obj
 0001:00019a40       __CrtSetReportHookW2       0041aa40 f   LIBCMTD:dbgrptw.obj
 0001:00019d90       ___crtMessageWindowW       0041ad90 f   LIBCMTD:dbgrptw.obj
 0001:0001a240       __invoke_watson_if_error   0041b240 f i LIBCMTD:dbgrptw.obj
 0001:0001a270       __getstream                0041b270 f   LIBCMTD:stream.obj
 0001:0001a4a0       __openfile                 0041b4a0 f   LIBCMTD:_open.obj
 0001:0001aca0       ___doserrno                0041bca0 f   LIBCMTD:dosmap.obj
 0001:0001acd0       __dosmaperr                0041bcd0 f   LIBCMTD:dosmap.obj
 0001:0001ad00       __errno                    0041bd00 f   LIBCMTD:dosmap.obj
 0001:0001ad30       __get_doserrno             0041bd30 f   LIBCMTD:dosmap.obj
 0001:0001adc0       __get_errno                0041bdc0 f   LIBCMTD:dosmap.obj
 0001:0001ae50       __get_errno_from_oserr     0041be50 f   LIBCMTD:dosmap.obj
 0001:0001aed0       __set_doserrno             0041bed0 f   LIBCMTD:dosmap.obj
 0001:0001af00       __set_errno                0041bf00 f   LIBCMTD:dosmap.obj
 0001:0001af90       __except_handler4          0041bf90 f   LIBCMTD:chandler4.obj
 0001:0001b150       __local_unwind4            0041c150 f   LIBCMTD:exsup4.obj
 0001:0001b226       __seh_longjmp_unwind4@4    0041c226 f   LIBCMTD:exsup4.obj
 0001:0001b242       @_EH4_CallFilterFunc@8     0041c242 f   LIBCMTD:exsup4.obj
 0001:0001b259       @_EH4_TransferToHandler@8  0041c259 f   LIBCMTD:exsup4.obj
 0001:0001b272       @_EH4_GlobalUnwind2@8      0041c272 f   LIBCMTD:exsup4.obj
 0001:0001b28b       @_EH4_LocalUnwind@16       0041c28b f   LIBCMTD:exsup4.obj
 0001:0001b2b0       __fileno                   0041c2b0 f   LIBCMTD:fileno.obj
 0001:0001b340       __vfprintf_l               0041c340 f   LIBCMTD:vfprintf.obj
 0001:0001b370       __vfprintf_p               0041c370 f   LIBCMTD:vfprintf.obj
 0001:0001b390       __vfprintf_p_l             0041c390 f   LIBCMTD:vfprintf.obj
 0001:0001b3c0       __vfprintf_s_l             0041c3c0 f   LIBCMTD:vfprintf.obj
 0001:0001b3f0       _vfprintf                  0041c3f0 f   LIBCMTD:vfprintf.obj
 0001:0001b410       _vfprintf_helper           0041c410 f   LIBCMTD:vfprintf.obj
 0001:0001b6e0       _vfprintf_s                0041c6e0 f   LIBCMTD:vfprintf.obj
 0001:0001b700       __ftbuf                    0041c700 f   LIBCMTD:_sftbuf.obj
 0001:0001b790       __stbuf                    0041c790 f   LIBCMTD:_sftbuf.obj
 0001:0001b900       __output_l                 0041c900 f   LIBCMTD:output.obj
 0001:0001cfb0       _get_int64_arg             0041dfb0 f i LIBCMTD:output.obj
 0001:0001cfd0       _get_int_arg               0041dfd0 f i LIBCMTD:output.obj
 0001:0001cff0       _get_short_arg             0041dff0 f i LIBCMTD:output.obj
 0001:0001d1b0       __ioinit                   0041e1b0 f   LIBCMTD:ioinit.obj
 0001:0001d690       __ioterm                   0041e690 f   LIBCMTD:ioinit.obj
 0001:0001d730       __vprintf_l                0041e730 f   LIBCMTD:vprintf.obj
 0001:0001d750       __vprintf_p                0041e750 f   LIBCMTD:vprintf.obj
 0001:0001d770       __vprintf_p_l              0041e770 f   LIBCMTD:vprintf.obj
 0001:0001d790       __vprintf_s_l              0041e790 f   LIBCMTD:vprintf.obj
 0001:0001d7b0       _vprintf                   0041e7b0 f   LIBCMTD:vprintf.obj
 0001:0001d7d0       _vprintf_helper            0041e7d0 f   LIBCMTD:vprintf.obj
 0001:0001d910       _vprintf_s                 0041e910 f   LIBCMTD:vprintf.obj
 0001:0001d930       __RTC_Initialize           0041e930 f   LIBCMTD:initsect.obj
 0001:0001d960       __RTC_Terminate            0041e960 f   LIBCMTD:initsect.obj
 0001:0001d9e0       ___crtCloseThreadpoolTimer 0041e9e0 f   LIBCMTD:winapisupp.obj
 0001:0001da10       ___crtCloseThreadpoolWait  0041ea10 f   LIBCMTD:winapisupp.obj
 0001:0001da40       ___crtCreateEventExW       0041ea40 f   LIBCMTD:winapisupp.obj
 0001:0001daa0       ___crtCreateSemaphoreExW   0041eaa0 f   LIBCMTD:winapisupp.obj
 0001:0001db00       ___crtCreateSymbolicLinkW  0041eb00 f   LIBCMTD:winapisupp.obj
 0001:0001db40       ___crtCreateThreadpoolTimer 0041eb40 f   LIBCMTD:winapisupp.obj
 0001:0001db80       ___crtCreateThreadpoolWait 0041eb80 f   LIBCMTD:winapisupp.obj
 0001:0001dbc0       ___crtFlsAlloc             0041ebc0 f   LIBCMTD:winapisupp.obj
 0001:0001dbf0       ___crtFlsFree              0041ebf0 f   LIBCMTD:winapisupp.obj
 0001:0001dc30       ___crtFlsGetValue          0041ec30 f   LIBCMTD:winapisupp.obj
 0001:0001dc70       ___crtFlsSetValue          0041ec70 f   LIBCMTD:winapisupp.obj
 0001:0001dcb0       ___crtFlushProcessWriteBuffers 0041ecb0 f   LIBCMTD:winapisupp.obj
 0001:0001dce0       ___crtFreeLibraryWhenCallbackReturns 0041ece0 f   LIBCMTD:winapisupp.obj
 0001:0001dd10       ___crtGetCurrentProcessorNumber 0041ed10 f   LIBCMTD:winapisupp.obj
 0001:0001dd40       ___crtGetFileInformationByHandleEx 0041ed40 f   LIBCMTD:winapisupp.obj
 0001:0001dd80       ___crtGetLogicalProcessorInformation 0041ed80 f   LIBCMTD:winapisupp.obj
 0001:0001ddc0       ___crtGetShowWindowMode    0041edc0 f   LIBCMTD:winapisupp.obj
 0001:0001ddf0       ___crtGetTickCount64       0041edf0 f   LIBCMTD:winapisupp.obj
 0001:0001de20       ___crtInitializeCriticalSectionEx 0041ee20 f   LIBCMTD:winapisupp.obj
 0001:0001de70       ___crtIsPackagedApp        0041ee70 f   LIBCMTD:winapisupp.obj
 0001:0001deb0       ___crtLoadWinApiPointers   0041eeb0 f   LIBCMTD:winapisupp.obj
 0001:0001e350       ___crtSetFileInformationByHandle 0041f350 f   LIBCMTD:winapisupp.obj
 0001:0001e390       ___crtSetThreadStackGuarantee 0041f390 f   LIBCMTD:winapisupp.obj
 0001:0001e3c0       ___crtSetThreadpoolTimer   0041f3c0 f   LIBCMTD:winapisupp.obj
 0001:0001e400       ___crtSetThreadpoolWait    0041f400 f   LIBCMTD:winapisupp.obj
 0001:0001e430       ___crtSetUnhandledExceptionFilter 0041f430 f   LIBCMTD:winapisupp.obj
 0001:0001e440       ___crtSleep                0041f440 f   LIBCMTD:winapisupp.obj
 0001:0001e450       ___crtTerminateProcess     0041f450 f   LIBCMTD:winapisupp.obj
 0001:0001e470       ___crtUnhandledException   0041f470 f   LIBCMTD:winapisupp.obj
 0001:0001e490       ___crtWaitForThreadpoolTimerCallbacks 0041f490 f   LIBCMTD:winapisupp.obj
 0001:0001e4c0       __FF_MSGBANNER             0041f4c0 f   LIBCMTD:crt0msg.obj
 0001:0001e510       __GET_RTERRMSG             0041f510 f   LIBCMTD:crt0msg.obj
 0001:0001e550       __NMSG_WRITE               0041f550 f   LIBCMTD:crt0msg.obj
 0001:0001e910       __FindPESection            0041f910 f   LIBCMTD:pesect.obj
 0001:0001e990       __IsNonwritableInCurrentImage 0041f990 f   LIBCMTD:pesect.obj
 0001:0001eac0       __ValidateImageBase        0041fac0 f   LIBCMTD:pesect.obj
 0001:0001eb20       ___onexitinit              0041fb20 f   LIBCMTD:onexit.obj
 0001:0001eb80       __onexit                   0041fb80 f   LIBCMTD:onexit.obj
 0001:0001ed40       _atexit                    0041fd40 f   LIBCMTD:onexit.obj
 0001:0001ed70       __initp_misc_cfltcvt_tab   0041fd70 f   LIBCMTD:cmiscdat.obj
 0001:0001edb0       ?_inconsistency@@YAXXZ     0041fdb0 f   LIBCMTD:hooks.obj
 0001:0001ee40       ?terminate@@YAXXZ          0041fe40 f   LIBCMTD:hooks.obj
 0001:0001eec0       ?unexpected@@YAXXZ         0041fec0 f   LIBCMTD:hooks.obj
 0001:0001eef0       __initp_eh_hooks           0041fef0 f   LIBCMTD:hooks.obj
 0001:0001ef10       ?_query_new_handler@@YAP6AHI@ZXZ 0041ff10 f   LIBCMTD:handler.obj
 0001:0001ef30       ?_set_new_handler@@YAP6AHI@ZH@Z 0041ff30 f   LIBCMTD:handler.obj
 0001:0001ef70       ?_set_new_handler@@YAP6AHI@ZP6AHI@Z@Z 0041ff70 f   LIBCMTD:handler.obj
 0001:0001efb0       __callnewh                 0041ffb0 f   LIBCMTD:handler.obj
 0001:0001eff0       __initp_heap_handler       0041fff0 f   LIBCMTD:handler.obj
 0001:0001f000       ___getlocaleinfo           00420000 f   LIBCMTD:inithelp.obj
 0001:0001f300       __initp_misc_purevirt      00420300 f   LIBCMTD:inithelp.obj
 0001:0001f310       ___fpecode                 00420310 f   LIBCMTD:winsig.obj
 0001:0001f320       ___get_sigabrt             00420320 f   LIBCMTD:winsig.obj
 0001:0001f340       ___pxcptinfoptrs           00420340 f   LIBCMTD:winsig.obj
 0001:0001f350       __initp_misc_winsig        00420350 f   LIBCMTD:winsig.obj
 0001:0001f480       _raise                     00420480 f   LIBCMTD:winsig.obj
 0001:0001f810       _signal                    00420810 f   LIBCMTD:winsig.obj
 0001:0001fbc0       __initp_misc_rand_s        00420bc0 f   LIBCMTD:rand_s.obj
 0001:0001fbd0       _rand_s                    00420bd0 f   LIBCMTD:rand_s.obj
 0001:0001fe30       ___initmbctable            00420e30 f   LIBCMTD:mbctype.obj
 0001:00020450       ___updatetmbcinfo          00421450 f   LIBCMTD:mbctype.obj
 0001:00020570       __getmbcp                  00421570 f   LIBCMTD:mbctype.obj
 0001:000205e0       __setmbcp                  004215e0 f   LIBCMTD:mbctype.obj
 0001:00020880       __setmbcp_nolock           00421880 f   LIBCMTD:mbctype.obj
 0001:00021130       __strtof_l                 00422130 f   LIBCMTD:strtoq.obj
 0001:00021160       __strtoi64                 00422160 f   LIBCMTD:strtoq.obj
 0001:000211b0       __strtoi64_l               004221b0 f   LIBCMTD:strtoq.obj
 0001:000211d0       __strtoimax_l              004221d0 f   LIBCMTD:strtoq.obj
 0001:000211f0       __strtold_l                004221f0 f   LIBCMTD:strtoq.obj
 0001:00021210       __strtoll_l                00422210 f   LIBCMTD:strtoq.obj
 0001:00021230       __strtoui64                00422230 f   LIBCMTD:strtoq.obj
 0001:00021280       __strtoui64_l              00422280 f   LIBCMTD:strtoq.obj
 0001:000212a0       __strtoull_l               004222a0 f   LIBCMTD:strtoq.obj
 0001:000212c0       __strtoumax_l              004222c0 f   LIBCMTD:strtoq.obj
 0001:000212e0       _strtof                    004222e0 f   LIBCMTD:strtoq.obj
 0001:00021310       _strtoimax                 00422310 f   LIBCMTD:strtoq.obj
 0001:00021330       _strtold                   00422330 f   LIBCMTD:strtoq.obj
 0001:00021350       _strtoll                   00422350 f   LIBCMTD:strtoq.obj
 0001:00021370       _strtoull                  00422370 f   LIBCMTD:strtoq.obj
 0001:00021390       _strtoumax                 00422390 f   LIBCMTD:strtoq.obj
 0001:000218b0       __strtol_l                 004228b0 f   LIBCMTD:strtol.obj
 0001:000218d0       __strtoul_l                004228d0 f   LIBCMTD:strtol.obj
 0001:000218f0       _strtol                    004228f0 f   LIBCMTD:strtol.obj
 0001:00021940       _strtoul                   00422940 f   LIBCMTD:strtol.obj
 0001:00021990       __errcode                  00422990 f   LIBCMTD:fpexcept.obj
 0001:00021a00       __except1                  00422a00 f   LIBCMTD:fpexcept.obj
 0001:00021b00       __except2                  00422b00 f   LIBCMTD:fpexcept.obj
 0001:00021c50       __handle_exc               00422c50 f   LIBCMTD:fpexcept.obj
 0001:00021f70       __handle_qnan1             00422f70 f   LIBCMTD:fpexcept.obj
 0001:00021fd0       __handle_qnan2             00422fd0 f   LIBCMTD:fpexcept.obj
 0001:00022040       __raise_exc                00423040 f   LIBCMTD:fpexcept.obj
 0001:00022070       __raise_exc_ex             00423070 f   LIBCMTD:fpexcept.obj
 0001:000225f0       __raise_excf               004235f0 f   LIBCMTD:fpexcept.obj
 0001:00022620       __set_errno_from_matherr   00423620 f   LIBCMTD:fpexcept.obj
 0001:00022660       __umatherr                 00423660 f   LIBCMTD:fpexcept.obj
 0001:00022700       __add_exp                  00423700 f   LIBCMTD:util.obj
 0001:00022730       __decomp                   00423730 f   LIBCMTD:util.obj
 0001:00022850       __get_exp                  00423850 f   LIBCMTD:util.obj
 0001:00022880       __set_bexp                 00423880 f   LIBCMTD:util.obj
 0001:000228b0       __set_exp                  004238b0 f   LIBCMTD:util.obj
 0001:000228f0       __sptype                   004238f0 f   LIBCMTD:util.obj
 0001:00022970       ___clrfp_sse2              00423970 f   LIBCMTD:fpctrl.obj
 0001:000229b0       ___ctrlfp_sse2             004239b0 f   LIBCMTD:fpctrl.obj
 0001:00022a10       ___fclrf_sse2              00423a10 f   LIBCMTD:fpctrl.obj
 0001:00022a30       ___get_fpsr_sse2           00423a30 f   LIBCMTD:fpctrl.obj
 0001:00022a60       ___set_fpsr_sse2           00423a60 f   LIBCMTD:fpctrl.obj
 0001:00022b40       ___set_statfp_sse2         00423b40 f   LIBCMTD:fpctrl.obj
 0001:00022b70       ___statfp_sse2             00423b70 f   LIBCMTD:fpctrl.obj
 0001:00022ba0       __clrfp                    00423ba0 f   LIBCMTD:fpctrl.obj
 0001:00022bc0       __ctrlfp                   00423bc0 f   LIBCMTD:fpctrl.obj
 0001:00022bf0       __set_statfp               00423bf0 f   LIBCMTD:fpctrl.obj
 0001:00022c60       __statfp                   00423c60 f   LIBCMTD:fpctrl.obj
 0001:00022c70       __trandisp1                00423c70 f   LIBCMTD:87disp.obj
 0001:00022cd7       __trandisp2                00423cd7 f   LIBCMTD:87disp.obj
 0001:00022d63       __rttospopde               00423d63     LIBCMTD:87disp.obj
 0001:00022d68       __rttospop                 00423d68     LIBCMTD:87disp.obj
 0001:00022d6a       __rtnospop                 00423d6a     LIBCMTD:87disp.obj
 0001:00022d6c       __rttosnpop                00423d6c     LIBCMTD:87disp.obj
 0001:00022d6d       __rtnospopde               00423d6d     LIBCMTD:87disp.obj
 0001:00022d74       __rtzeropop                00423d74     LIBCMTD:87disp.obj
 0001:00022d76       __rtzeronpop               00423d76     LIBCMTD:87disp.obj
 0001:00022d7b       __rtonepop                 00423d7b     LIBCMTD:87disp.obj
 0001:00022d7d       __rtonenpop                00423d7d     LIBCMTD:87disp.obj
 0001:00022d82       __tosnan1                  00423d82     LIBCMTD:87disp.obj
 0001:00022dad       __nosnan2                  00423dad     LIBCMTD:87disp.obj
 0001:00022daf       __tosnan2                  00423daf     LIBCMTD:87disp.obj
 0001:00022dd7       __nan2                     00423dd7     LIBCMTD:87disp.obj
 0001:00022e16       __rtindfpop                00423e16     LIBCMTD:87disp.obj
 0001:00022e18       __rtindfnpop               00423e18     LIBCMTD:87disp.obj
 0001:00022e29       __rttosnpopde              00423e29     LIBCMTD:87disp.obj
 0001:00022e33       __rtchsifneg               00423e33     LIBCMTD:87disp.obj
 0001:00022e40       __startTwoArgErrorHandling 00423e40 f   LIBCMTD:genexcep.obj
 0001:00022e57       __startOneArgErrorHandling 00423e57 f   LIBCMTD:genexcep.obj
 0001:00022ea0       __twoToTOS                 00423ea0 f   LIBCMTD:common.obj
 0001:00022eb5       __load_CW                  00423eb5 f   LIBCMTD:common.obj
 0001:00022ecc       __convertTOStoQNaN         00423ecc f   LIBCMTD:common.obj
 0001:00022ee5       __fload_withFB             00423ee5 f   LIBCMTD:common.obj
 0001:00022f28       __checkTOS_withFB          00423f28 f   LIBCMTD:common.obj
 0001:00022f3e       __fast_exit                00423f3e f   LIBCMTD:common.obj
 0001:00022f4b       __math_exit                00423f4b f   LIBCMTD:common.obj
 0001:00022f75       __check_overflow_exit      00423f75 f   LIBCMTD:common.obj
 0001:00022f89       __check_range_exit         00423f89 f   LIBCMTD:common.obj
 0001:00023180       ?_RTC_AllocaFailure@@YAXPAXPAU_RTC_ALLOCA_NODE@@H@Z 00424180 f   LIBCMTD:error.obj
 0001:00023300       ?_RTC_Failure@@YAXPAXH@Z   00424300 f   LIBCMTD:error.obj
 0001:00023350       ?_RTC_StackFailure@@YAXPAXPBD@Z 00424350 f   LIBCMTD:error.obj
 0001:000236d0       __RTC_UninitUse            004246d0 f   LIBCMTD:error.obj
 0001:000237c0       ?_RTC_GetErrorFunc@@YAP6AHHPBDH00ZZPBX@Z 004247c0 f   LIBCMTD:userapi.obj
 0001:000237d0       ?_RTC_GetErrorFuncW@@YAP6AHHPB_WH00ZZPBX@Z 004247d0 f   LIBCMTD:userapi.obj
 0001:000237e0       __RTC_GetErrDesc           004247e0 f   LIBCMTD:userapi.obj
 0001:00023800       __RTC_NumErrors            00424800 f   LIBCMTD:userapi.obj
 0001:00023810       __RTC_SetErrorFunc         00424810 f   LIBCMTD:userapi.obj
 0001:00023830       __RTC_SetErrorFuncW        00424830 f   LIBCMTD:userapi.obj
 0001:00023850       __RTC_SetErrorType         00424850 f   LIBCMTD:userapi.obj
 0001:00023880       __CRT_RTC_INIT             00424880 f   LIBCMTD:chkesp.obj
 0001:00023890       __CRT_RTC_INITW            00424890 f   LIBCMTD:chkesp.obj
 0001:000238a0       __chkesp                   004248a0 f   LIBCMTD:chkesp.obj
 0001:000238e0       ?strrchr@@YAPADPADH@Z      004248e0 f i LIBCMTD:cvt.obj
 0001:00023900       __cfltcvt                  00424900 f   LIBCMTD:cvt.obj
 0001:00023930       __cfltcvt_l                00424930 f   LIBCMTD:cvt.obj
 0001:000239f0       __cftoa                    004249f0 f   LIBCMTD:cvt.obj
 0001:00023a20       __cftoa_l                  00424a20 f   LIBCMTD:cvt.obj
 0001:00024290       __cftoe                    00425290 f   LIBCMTD:cvt.obj
 0001:000246d0       __cftoe_l                  004256d0 f   LIBCMTD:cvt.obj
 0001:00024900       __cftof                    00425900 f   LIBCMTD:cvt.obj
 0001:00024bb0       __cftof_l                  00425bb0 f   LIBCMTD:cvt.obj
 0001:00024db0       __cftog                    00425db0 f   LIBCMTD:cvt.obj
 0001:00024de0       __cftog_l                  00425de0 f   LIBCMTD:cvt.obj
 0001:00025070       __cropzeros                00426070 f   LIBCMTD:cvt.obj
 0001:00025090       __cropzeros_l              00426090 f   LIBCMTD:cvt.obj
 0001:000251b0       __fassign                  004261b0 f   LIBCMTD:cvt.obj
 0001:000251d0       __fassign_l                004261d0 f   LIBCMTD:cvt.obj
 0001:00025220       __forcdecpt                00426220 f   LIBCMTD:cvt.obj
 0001:00025240       __forcdecpt_l              00426240 f   LIBCMTD:cvt.obj
 0001:00025310       __positive                 00426310 f   LIBCMTD:cvt.obj
 0001:00025370       __setdefaultprecision      00426370 f   LIBCMTD:fp8.obj
 0001:000253b0       __CrtDefaultAllocHook      004263b0 f   LIBCMTD:dbghook.obj
 0001:000253c0       __crt_debugger_hook        004263c0 f   LIBCMTD:dbghook.obj
 0001:000253d0       __close                    004263d0 f   LIBCMTD:close.obj
 0001:00025610       __close_nolock             00426610 f   LIBCMTD:close.obj
 0001:000256f0       __freebuf                  004266f0 f   LIBCMTD:_freebuf.obj
 0001:00025780       __filbuf                   00426780 f   LIBCMTD:_filbuf.obj
 0001:000259f0       __INTRN_LOCALE_CONV        004269f0 f i LIBCMTD:input.obj
 0001:00025bb0       __input_l                  00426bb0 f   LIBCMTD:input.obj
 0001:00027ab0       __input_s_l                00428ab0 f   LIBCMTD:inputs.obj
 0001:00029c90       __lseek                    0042ac90 f   LIBCMTD:lseek.obj
 0001:00029ee0       __lseek_nolock             0042aee0 f   LIBCMTD:lseek.obj
 0001:0002a020       __flsbuf                   0042b020 f   LIBCMTD:_flsbuf.obj
 0001:0002a2f0       __vsnprintf                0042b2f0 f   LIBCMTD:vsnprint.obj
 0001:0002a310       __vsnprintf_l              0042b310 f   LIBCMTD:vsnprint.obj
 0001:0002a4f0       __vscprintf                0042b4f0 f   LIBCMTD:vsprintf.obj
 0001:0002a510       __vscprintf_helper         0042b510 f   LIBCMTD:vsprintf.obj
 0001:0002a600       __vscprintf_l              0042b600 f   LIBCMTD:vsprintf.obj
 0001:0002a620       __vscprintf_p              0042b620 f   LIBCMTD:vsprintf.obj
 0001:0002a640       __vscprintf_p_l            0042b640 f   LIBCMTD:vsprintf.obj
 0001:0002a660       __vsprintf_l               0042b660 f   LIBCMTD:vsprintf.obj
 0001:0002a820       _vsprintf                  0042b820 f   LIBCMTD:vsprintf.obj
 0001:0002a840       __vsnprintf_c              0042b840 f   LIBCMTD:vsnprnc.obj
 0001:0002a890       __vsnprintf_c_l            0042b890 f   LIBCMTD:vsnprnc.obj
 0001:0002a8e0       __vsnprintf_helper         0042b8e0 f   LIBCMTD:vsnprnc.obj
 0001:0002aae0       __vsnprintf_s              0042bae0 f   LIBCMTD:vsnprnc.obj
 0001:0002ab10       __vsnprintf_s_l            0042bb10 f   LIBCMTD:vsnprnc.obj
 0001:0002aed0       __vsprintf_p               0042bed0 f   LIBCMTD:vsnprnc.obj
 0001:0002af20       __vsprintf_p_l             0042bf20 f   LIBCMTD:vsnprnc.obj
 0001:0002af70       __vsprintf_s_l             0042bf70 f   LIBCMTD:vsnprnc.obj
 0001:0002b200       _vsprintf_s                0042c200 f   LIBCMTD:vsnprnc.obj
 0001:0002b220       __spawnve                  0042c220 f   LIBCMTD:spawnve.obj
 0001:0002b8e0       __spawnvpe                 0042c8e0 f   LIBCMTD:spawnvpe.obj
 0001:0002be30       __access                   0042ce30 f   LIBCMTD:access.obj
 0001:0002be70       __access_s                 0042ce70 f   LIBCMTD:access.obj
 0001:0002bed0       __dupenv_s                 0042ced0 f   LIBCMTD:getenv.obj
 0001:0002bef0       __dupenv_s_dbg             0042cef0 f   LIBCMTD:getenv.obj
 0001:0002c170       __getenv_helper_nolock     0042d170 f   LIBCMTD:getenv.obj
 0001:0002c440       _getenv                    0042d440 f   LIBCMTD:getenv.obj
 0001:0002c5d0       _getenv_s                  0042d5d0 f   LIBCMTD:getenv.obj
 0001:0002c670       ___isa_available_init      0042d670 f   LIBCMTD:cpu_disp.obj
 0001:0002c920       __VEC_memset               0042d920 f   LIBCMTD:p4_memset.obj
 0001:0002c9f0       _strchr                    0042d9f0 f   LIBCMTD:strchr.obj
 0001:0002ca5e       ___from_strstr_to_strchr   0042da5e     LIBCMTD:strchr.obj
 0001:0002cb20       __sse2_mathfcns_init       0042db20 f   LIBCMTD:mathfcns.obj
 0001:0002cb40       __set_SSE2_enable          0042db40 f   LIBCMTD:mathfcns.obj
 0001:0002cb90       __CIcos_pentium4           0042db90 f   LIBCMTD:cos_pentium4.obj
 0001:0002cba8       __cos_pentium4             0042dba8     LIBCMTD:cos_pentium4.obj
 0001:0002cd40       _ldexp                     0042dd40 f   LIBCMTD:ldexp.obj
 0001:0002d020       ?__CxxUnhandledExceptionFilter@@YGJPAU_EXCEPTION_POINTERS@@@Z 0042e020 f   LIBCMTD:unhandld.obj
 0001:0002d090       ___CxxSetUnhandledExceptionFilter 0042e090 f   LIBCMTD:unhandld.obj
 0001:0002d0b0       __XcptFilter               0042e0b0 f   LIBCMTD:winxfltr.obj
 0001:0002d2b0       ___CppXcptFilter           0042e2b0 f   LIBCMTD:winxfltr.obj
 0001:0002d340       ___get_flsindex            0042e340 f   LIBCMTD:tidtable.obj
 0001:0002d350       ___threadhandle            0042e350 f   LIBCMTD:tidtable.obj
 0001:0002d360       ___threadid                0042e360 f   LIBCMTD:tidtable.obj
 0001:0002d370       __freefls@4                0042e370 f   LIBCMTD:tidtable.obj
 0001:0002d570       __freeptd                  0042e570 f   LIBCMTD:tidtable.obj
 0001:0002d5b0       __getptd                   0042e5b0 f   LIBCMTD:tidtable.obj
 0001:0002d5e0       __getptd_noexit            0042e5e0 f   LIBCMTD:tidtable.obj
 0001:0002d690       __initptd                  0042e690 f   LIBCMTD:tidtable.obj
 0001:0002d7d0       __mtinit                   0042e7d0 f   LIBCMTD:tidtable.obj
 0001:0002d880       __mtterm                   0042e880 f   LIBCMTD:tidtable.obj
 0001:0002d8b0       __get_heap_handle          0042e8b0 f   LIBCMTD:heapinit.obj
 0001:0002d8f0       __heap_init                0042e8f0 f   LIBCMTD:heapinit.obj
 0001:0002d920       __heap_term                0042e920 f   LIBCMTD:heapinit.obj
 0001:0002d930       __set_pgmptr               0042e930 f i LIBCMTD:stdargv.obj
 0001:0002d940       __setargv                  0042e940 f   LIBCMTD:stdargv.obj
 0001:0002de10       __setenvp                  0042ee10 f   LIBCMTD:stdenvp.obj
 0001:0002dfb0       ___set_app_type            0042efb0 f   LIBCMTD:errmode.obj
 0001:0002dfc0       __set_error_mode           0042efc0 f   LIBCMTD:errmode.obj
 0001:0002e080       ___security_init_cookie    0042f080 f   LIBCMTD:gs_support.obj
 0001:0002e160       ___crtGetEnvironmentStringsA 0042f160 f   LIBCMTD:a_env.obj
 0001:0002e260       __commit                   0042f260 f   LIBCMTD:commit.obj
 0001:0002e4a0       __write                    0042f4a0 f   LIBCMTD:write.obj
 0001:0002e6f0       __write_nolock             0042f6f0 f   LIBCMTD:write.obj
 0001:0002f4a0       ___addlocaleref            004304a0 f   LIBCMTD:localref.obj
 0001:0002f5c0       ___freetlocinfo            004305c0 f   LIBCMTD:localref.obj
 0001:0002f8b0       ___removelocaleref         004308b0 f   LIBCMTD:localref.obj
 0001:0002f9d0       ___updatetlocinfo          004309d0 f   LIBCMTD:localref.obj
 0001:0002faa0       __updatetlocinfoEx_nolock  00430aa0 f   LIBCMTD:localref.obj
 0001:0002fb20       __chvalidator              00430b20 f   LIBCMTD:isctype.obj
 0001:0002fb70       __chvalidator_l            00430b70 f   LIBCMTD:isctype.obj
 0001:0002fc30       __isctype                  00430c30 f   LIBCMTD:isctype.obj
 0001:0002fc70       __isctype_l                00430c70 f   LIBCMTD:isctype.obj
 0001:0002fdc0       __free_base                00430dc0 f   LIBCMTD:free.obj
 0001:0002fe10       __realloc_base             00430e10 f   LIBCMTD:realloc.obj
 0001:0002ff10       __expand_base              00430f10 f   LIBCMTD:expand.obj
 0001:00030080       __CrtDbgReport             00431080 f   LIBCMTD:dbgrpt.obj
 0001:000300d0       __CrtDbgReportV            004310d0 f i LIBCMTD:dbgrpt.obj
 0001:00030100       __CrtSetReportHook2        00431100 f   LIBCMTD:dbgrpt.obj
 0001:00030450       ___crtMessageWindowA       00431450 f   LIBCMTD:dbgrpt.obj
 0001:00030900       __heapchk                  00431900 f   LIBCMTD:heapchk.obj
 0001:00030930       __heapset                  00431930 f   LIBCMTD:heapchk.obj
 0001:00030940       __heap_alloc_base          00431940 f i LIBCMTD:malloc.obj
 0001:000309a0       __malloc_base              004319a0 f   LIBCMTD:malloc.obj
 0001:00030a30       _memcpy_s                  00431a30 f   LIBCMTD:memcpy_s.obj
 0001:00030c00       _wcscpy_s                  00431c00 f   LIBCMTD:wcscpy_s.obj
 0001:00030f10       _wcslen                    00431f10 f   LIBCMTD:wcslen.obj
 0001:00030f50       ___swprintf_l              00431f50 f   LIBCMTD:swprintf.obj
 0001:00030f80       __scwprintf                00431f80 f   LIBCMTD:swprintf.obj
 0001:00030fa0       __scwprintf_l              00431fa0 f   LIBCMTD:swprintf.obj
 0001:00030fd0       __scwprintf_p              00431fd0 f   LIBCMTD:swprintf.obj
 0001:00030ff0       __scwprintf_p_l            00431ff0 f   LIBCMTD:swprintf.obj
 0001:00031020       __snwprintf_s              00432020 f   LIBCMTD:swprintf.obj
 0001:00031050       __snwprintf_s_l            00432050 f   LIBCMTD:swprintf.obj
 0001:00031080       __swprintf                 00432080 f   LIBCMTD:swprintf.obj
 0001:000312a0       __swprintf_p               004322a0 f   LIBCMTD:swprintf.obj
 0001:000312d0       __swprintf_p_l             004322d0 f   LIBCMTD:swprintf.obj
 0001:00031300       __swprintf_s_l             00432300 f   LIBCMTD:swprintf.obj
 0001:00031330       _swprintf_s                00432330 f   LIBCMTD:swprintf.obj
 0001:00031360       ___crtMessageBoxW          00432360 f   LIBCMTD:crtmboxw.obj
 0001:00031670       ___crtMessageBoxWaitThreadW@4 00432670 f   LIBCMTD:crtmboxw.obj
 0001:000316b0       __CrtDbgBreak              004326b0 f   LIBCMTD:dbgrptt.obj
 0001:000316c0       __CrtGetReportHook         004326c0 f   LIBCMTD:dbgrptt.obj
 0001:000316d0       __CrtSetReportFile         004326d0 f   LIBCMTD:dbgrptt.obj
 0001:000317d0       __CrtSetReportHook         004327d0 f   LIBCMTD:dbgrptt.obj
 0001:000317f0       __CrtSetReportMode         004327f0 f   LIBCMTD:dbgrptt.obj
 0001:00031930       __VCrtDbgReportA           00432930 f   LIBCMTD:dbgrptt.obj
 0001:000321a0       __VCrtDbgReportW           004331a0 f   LIBCMTD:dbgrptt.obj
 0001:00032b20       __open                     00433b20 f   LIBCMTD:open.obj
 0001:00032cc0       __sopen                    00433cc0 f   LIBCMTD:open.obj
 0001:00032d30       __sopen_helper             00433d30 f   LIBCMTD:open.obj
 0001:00032fd0       __sopen_nolock             00433fd0 f   LIBCMTD:open.obj
 0001:00033040       __sopen_s                  00434040 f   LIBCMTD:open.obj
 0001:00033070       __mbsnbcmp                 00434070 f   LIBCMTD:mbsnbcmp.obj
 0001:00033090       __mbsnbcmp_l               00434090 f   LIBCMTD:mbsnbcmp.obj
 0001:000333b0       __mbsnbicmp                004343b0 f   LIBCMTD:mbsnbicm.obj
 0001:000333d0       __mbsnbicmp_l              004343d0 f   LIBCMTD:mbsnbicm.obj
 0001:00033910       __global_unwind2           00434910 f   LIBCMTD:exsup.obj
 0001:00033975       __local_unwind2            00434975 f   LIBCMTD:exsup.obj
 0001:000339f9       __abnormal_termination     004349f9 f   LIBCMTD:exsup.obj
 0001:00033a1c       __NLG_Notify1              00434a1c f   LIBCMTD:exsup.obj
 0001:00033a25       __NLG_Notify               00434a25 f   LIBCMTD:exsup.obj
 0001:00033a3c       __NLG_Dispatch2            00434a3c     LIBCMTD:exsup.obj
 0001:00033a3c       __NLG_Dispatch             00434a3c     LIBCMTD:exsup.obj
 0001:00033a44       __NLG_Call                 00434a44 f   LIBCMTD:exsup.obj
 0001:00033a46       __NLG_Return2              00434a46     LIBCMTD:exsup.obj
 0001:00033a50       __output_s_l               00434a50 f   LIBCMTD:outputs.obj
 0001:00035400       __output_p_l               00436400 f   LIBCMTD:outputp.obj
 0001:00039200       __validate_param_reuseA    0043a200 f   LIBCMTD:outputp.obj
 0001:000394f0       _get_crtdouble_arg         0043a4f0 f i LIBCMTD:outputp.obj
 0001:000396b0       __isatty                   0043a6b0 f   LIBCMTD:isatty.obj
 0001:00039770       ___iswcsym                 0043a770 f i LIBCMTD:_wctype.obj
 0001:000397b0       ___iswcsymf                0043a7b0 f i LIBCMTD:_wctype.obj
 0001:000397f0       __isleadbyte_l             0043a7f0 f i LIBCMTD:_wctype.obj
 0001:00039840       __iswalnum_l               0043a840 f i LIBCMTD:_wctype.obj
 0001:00039860       __iswalpha_l               0043a860 f i LIBCMTD:_wctype.obj
 0001:00039880       __iswblank_l               0043a880 f i LIBCMTD:_wctype.obj
 0001:000398b0       __iswcntrl_l               0043a8b0 f i LIBCMTD:_wctype.obj
 0001:000398d0       __iswcsym_l                0043a8d0 f i LIBCMTD:_wctype.obj
 0001:00039910       __iswcsymf_l               0043a910 f i LIBCMTD:_wctype.obj
 0001:00039950       __iswdigit_l               0043a950 f i LIBCMTD:_wctype.obj
 0001:00039970       __iswgraph_l               0043a970 f i LIBCMTD:_wctype.obj
 0001:00039990       __iswlower_l               0043a990 f i LIBCMTD:_wctype.obj
 0001:000399b0       __iswprint_l               0043a9b0 f i LIBCMTD:_wctype.obj
 0001:000399d0       __iswpunct_l               0043a9d0 f i LIBCMTD:_wctype.obj
 0001:000399f0       __iswspace_l               0043a9f0 f i LIBCMTD:_wctype.obj
 0001:00039a10       __iswupper_l               0043aa10 f i LIBCMTD:_wctype.obj
 0001:00039a30       __iswxdigit_l              0043aa30 f i LIBCMTD:_wctype.obj
 0001:00039a50       _isleadbyte                0043aa50 f i LIBCMTD:_wctype.obj
 0001:00039a70       _iswalnum                  0043aa70 f i LIBCMTD:_wctype.obj
 0001:00039a90       _iswalpha                  0043aa90 f i LIBCMTD:_wctype.obj
 0001:00039ab0       _iswascii                  0043aab0 f i LIBCMTD:_wctype.obj
 0001:00039ae0       _iswblank                  0043aae0 f i LIBCMTD:_wctype.obj
 0001:00039b10       _iswcntrl                  0043ab10 f i LIBCMTD:_wctype.obj
 0001:00039b30       _iswdigit                  0043ab30 f i LIBCMTD:_wctype.obj
 0001:00039b50       _iswgraph                  0043ab50 f i LIBCMTD:_wctype.obj
 0001:00039b70       _iswlower                  0043ab70 f i LIBCMTD:_wctype.obj
 0001:00039b90       _iswprint                  0043ab90 f i LIBCMTD:_wctype.obj
 0001:00039bb0       _iswpunct                  0043abb0 f i LIBCMTD:_wctype.obj
 0001:00039bd0       _iswspace                  0043abd0 f i LIBCMTD:_wctype.obj
 0001:00039bf0       _iswupper                  0043abf0 f i LIBCMTD:_wctype.obj
 0001:00039c10       _iswxdigit                 0043ac10 f i LIBCMTD:_wctype.obj
 0001:00039c30       __wctomb_l                 0043ac30 f   LIBCMTD:wctomb.obj
 0001:00039cb0       __wctomb_s_l               0043acb0 f   LIBCMTD:wctomb.obj
 0001:0003a000       _wctomb                    0043b000 f   LIBCMTD:wctomb.obj
 0001:0003a050       _wctomb_s                  0043b050 f   LIBCMTD:wctomb.obj
 0001:0003a070       __aulldiv                  0043b070 f   LIBCMTD:ulldiv.obj
 0001:0003a0e0       __aullrem                  0043b0e0 f   LIBCMTD:ullrem.obj
 0001:0003a160       _wcscat_s                  0043b160 f   LIBCMTD:wcscat_s.obj
 0001:0003a570       _wcsncpy_s                 0043b570 f   LIBCMTD:wcsncpy_s.obj
 0001:0003a9a0       __fptrap                   0043b9a0 f   LIBCMTD:crt0fp.obj
 0001:0003a9b0       __set_abort_behavior       0043b9b0 f   LIBCMTD:abort.obj
 0001:0003a9e0       _abort                     0043b9e0 f   LIBCMTD:abort.obj
 0001:0003aa50       _strncpy_s                 0043ba50 f   LIBCMTD:strncpy_s.obj
 0001:0003afa0       __MallocaIsSizeInRange     0043bfa0 f i LIBCMTD:a_loc.obj
 0001:0003afd0       __MarkAllocaS              0043bfd0 f i LIBCMTD:a_loc.obj
 0001:0003aff0       ___crtGetLocaleInfoA       0043bff0 f   LIBCMTD:a_loc.obj
 0001:0003b040       __freea                    0043c040 f i LIBCMTD:a_loc.obj
 0001:0003b0b0       _GetTableIndexFromLcid     0043c0b0 f   LIBCMTD:winapinls.obj
 0001:0003b120       _GetTableIndexFromLocaleName 0043c120 f   LIBCMTD:winapinls.obj
 0001:0003b1b0       ___crtCompareStringEx      0043c1b0 f   LIBCMTD:winapinls.obj
 0001:0003b220       ___crtDownlevelLCIDToLocaleName 0043c220 f   LIBCMTD:winapinls.obj
 0001:0003b2f0       ___crtDownlevelLocaleNameToLCID 0043c2f0 f   LIBCMTD:winapinls.obj
 0001:0003b350       ___crtEnumSystemLocalesEx  0043c350 f   LIBCMTD:winapinls.obj
 0001:0003b3c0       ___crtGetDateFormatEx      0043c3c0 f   LIBCMTD:winapinls.obj
 0001:0003b430       ___crtGetLocaleInfoEx      0043c430 f   LIBCMTD:winapinls.obj
 0001:0003b490       ___crtGetTimeFormatEx      0043c490 f   LIBCMTD:winapinls.obj
 0001:0003b500       ___crtGetUserDefaultLocaleName 0043c500 f   LIBCMTD:winapinls.obj
 0001:0003b550       ___crtIsValidLocaleName    0043c550 f   LIBCMTD:winapinls.obj
 0001:0003b590       ___crtLCMapStringEx        0043c590 f   LIBCMTD:winapinls.obj
 0001:0003b600       ___wcsnicmp_ascii          0043c600 f   LIBCMTD:winapinls.obj
 0001:0003ba00       ___crtLCMapStringA         0043ca00 f   LIBCMTD:a_map.obj
 0001:0003bba0       ___crtGetStringTypeA       0043cba0 f   LIBCMTD:a_str.obj
 0001:0003bcf0       ?_CallCatchBlock2@@YAPAXPAUEHRegistrationNode@@PBU_s_FuncInfo@@PAXHK@Z 0043ccf0 f   LIBCMTD:_trnsctrl_.obj
 0001:0003bd60       ?_CallMemberFunction0@@YGXPAX0@Z 0043cd60 f   LIBCMTD:_trnsctrl_.obj
 0001:0003bd70       ?_CallMemberFunction1@@YGXPAX00@Z 0043cd70 f   LIBCMTD:_trnsctrl_.obj
 0001:0003bd80       ?_CallMemberFunction2@@YGXPAX00H@Z 0043cd80 f   LIBCMTD:_trnsctrl_.obj
 0001:0003bd90       ?_CallSETranslator@@YAHPAUEHExceptionRecord@@PAUEHRegistrationNode@@PAX2PBU_s_FuncInfo@@H1@Z 0043cd90 f   LIBCMTD:_trnsctrl_.obj
 0001:0003be80       ?_GetRangeOfTrysToCheck@@YAPBU_s_TryBlockMapEntry@@PBU_s_FuncInfo@@HHPAI1@Z 0043ce80 f   LIBCMTD:_trnsctrl_.obj
 0001:0003bf10       ?_JumpToContinuation@@YGXPAXPAUEHRegistrationNode@@@Z 0043cf10 f   LIBCMTD:_trnsctrl_.obj
 0001:0003bf50       ?_UnwindNestedFrames@@YGXPAUEHRegistrationNode@@PAUEHExceptionRecord@@@Z 0043cf50 f   LIBCMTD:_trnsctrl_.obj
 0001:0003bfb0       __CreateFrameInfo          0043cfb0 f   LIBCMTD:_trnsctrl_.obj
 0001:0003bfe0       __FindAndUnlinkFrame       0043cfe0 f   LIBCMTD:_trnsctrl_.obj
 0001:0003c040       __IsExceptionObjectToBeDestroyed 0043d040 f   LIBCMTD:_trnsctrl_.obj
 0001:0003c070       ___CxxFrameHandler         0043d070 f   LIBCMTD:_trnsctrl_.obj
 0001:0003c0b0       ___CxxFrameHandler2        0043d0b0 f   LIBCMTD:_trnsctrl_.obj
 0001:0003c0f0       ___CxxFrameHandler3        0043d0f0 f   LIBCMTD:_trnsctrl_.obj
 0001:0003c130       ___CxxLongjmpUnwind@4      0043d130 f   LIBCMTD:_trnsctrl_.obj
 0001:0003c160       __strtod_l                 0043d160 f   LIBCMTD:strtod.obj
 0001:0003c370       _strtod                    0043d370 f   LIBCMTD:strtod.obj
 0001:0003c390       ___crt_atoflt_l            0043d390 f   LIBCMTD:atodbl.obj
 0001:0003c4a0       __atodbl                   0043d4a0 f   LIBCMTD:atodbl.obj
 0001:0003c4c0       __atodbl_l                 0043d4c0 f   LIBCMTD:atodbl.obj
 0001:0003c5c0       __atoflt                   0043d5c0 f   LIBCMTD:atodbl.obj
 0001:0003c5e0       __atoflt_l                 0043d5e0 f   LIBCMTD:atodbl.obj
 0001:0003c600       __atoldbl                  0043d600 f   LIBCMTD:atodbl.obj
 0001:0003c620       __atoldbl_l                0043d620 f   LIBCMTD:atodbl.obj
 0001:0003c720       __allmul                   0043d720 f   LIBCMTD:llmul.obj
 0001:0003c760       ___init_dummy              0043d760 f   LIBCMTD:wsetloca.obj
 0001:0003c770       __locterm                  0043d770 f   LIBCMTD:wsetloca.obj
 0001:0003c800       ____setlc_active_func      0043d800 f   LIBCMTD:wsetloca.obj
 0001:0003c810       ____unguarded_readlc_active_add_func 0043d810 f   LIBCMTD:wsetloca.obj
 0001:0003c820       ___copy_locale_name        0043d820 f   LIBCMTD:wsetloca.obj
 0001:0003c8c0       ___create_locale           0043d8c0 f   LIBCMTD:wsetloca.obj
 0001:0003c8e0       ___free_locale             0043d8e0 f   LIBCMTD:wsetloca.obj
 0001:0003c900       ___get_current_locale      0043d900 f   LIBCMTD:wsetloca.obj
 0001:0003c910       ___lc_lctowcs              0043d910 f   LIBCMTD:wsetloca.obj
 0001:0003c9c0       ___lc_wcstolc              0043d9c0 f   LIBCMTD:wsetloca.obj
 0001:0003cbe0       __configthreadlocale       0043dbe0 f   LIBCMTD:wsetloca.obj
 0001:0003cd40       __create_locale            0043dd40 f   LIBCMTD:wsetloca.obj
 0001:0003cdb0       __expandlocale             0043ddb0 f   LIBCMTD:wsetloca.obj
 0001:0003d2a0       __free_locale              0043e2a0 f   LIBCMTD:wsetloca.obj
 0001:0003d3d0       __get_current_locale       0043e3d0 f   LIBCMTD:wsetloca.obj
 0001:0003d4f0       __wcreate_locale           0043e4f0 f   LIBCMTD:wsetloca.obj
 0001:0003d6e0       __wcscats                  0043e6e0 f   LIBCMTD:wsetloca.obj
 0001:0003d760       __wsetlocale               0043e760 f   LIBCMTD:wsetloca.obj
 0001:0003e7f0       __matherr                  0043f7f0 f   LIBCMTD:matherr.obj
 0001:0003e800       __87except                 0043f800 f   LIBCMTD:87except.obj
 0001:0003ee40       ?_RTC_GetSrcLine@@YAHPAEPA_WKPAH1K@Z 0043fe40 f   LIBCMTD:pdblkup.obj
 0001:0003f0f0       ___isascii                 004400f0 f i LIBCMTD:_ctype.obj
 0001:0003f120       ___iscsym                  00440120 f i LIBCMTD:_ctype.obj
 0001:0003f160       ___iscsymf                 00440160 f i LIBCMTD:_ctype.obj
 0001:0003f1a0       ___toascii                 004401a0 f i LIBCMTD:_ctype.obj
 0001:0003f1b0       __isalnum_l                004401b0 f i LIBCMTD:_ctype.obj
 0001:0003f230       __isalpha_l                00440230 f i LIBCMTD:_ctype.obj
 0001:0003f2b0       __isblank_l                004402b0 f i LIBCMTD:_ctype.obj
 0001:0003f340       __iscntrl_l                00440340 f i LIBCMTD:_ctype.obj
 0001:0003f3c0       __iscsym_l                 004403c0 f i LIBCMTD:_ctype.obj
 0001:0003f400       __iscsymf_l                00440400 f i LIBCMTD:_ctype.obj
 0001:0003f440       __isdigit_l                00440440 f i LIBCMTD:_ctype.obj
 0001:0003f4c0       __isgraph_l                004404c0 f i LIBCMTD:_ctype.obj
 0001:0003f540       __islower_l                00440540 f i LIBCMTD:_ctype.obj
 0001:0003f5c0       __isprint_l                004405c0 f i LIBCMTD:_ctype.obj
 0001:0003f640       __ispunct_l                00440640 f i LIBCMTD:_ctype.obj
 0001:0003f6c0       __isspace_l                004406c0 f i LIBCMTD:_ctype.obj
 0001:0003f740       __isupper_l                00440740 f i LIBCMTD:_ctype.obj
 0001:0003f7c0       __isxdigit_l               004407c0 f i LIBCMTD:_ctype.obj
 0001:0003f840       _isalnum                   00440840 f i LIBCMTD:_ctype.obj
 0001:0003f880       _isalpha                   00440880 f i LIBCMTD:_ctype.obj
 0001:0003f8c0       _isblank                   004408c0 f i LIBCMTD:_ctype.obj
 0001:0003f910       _iscntrl                   00440910 f i LIBCMTD:_ctype.obj
 0001:0003f940       _isdigit                   00440940 f i LIBCMTD:_ctype.obj
 0001:0003f970       _isgraph                   00440970 f i LIBCMTD:_ctype.obj
 0001:0003f9b0       _islower                   004409b0 f i LIBCMTD:_ctype.obj
 0001:0003f9e0       _isprint                   004409e0 f i LIBCMTD:_ctype.obj
 0001:0003fa20       _ispunct                   00440a20 f i LIBCMTD:_ctype.obj
 0001:0003fa50       _isspace                   00440a50 f i LIBCMTD:_ctype.obj
 0001:0003fa80       _isupper                   00440a80 f i LIBCMTD:_ctype.obj
 0001:0003fab0       _isxdigit                  00440ab0 f i LIBCMTD:_ctype.obj
 0001:0003faf0       __tolower                  00440af0 f   LIBCMTD:tolower.obj
 0001:0003fb00       __tolower_l                00440b00 f   LIBCMTD:tolower.obj
 0001:0003fd40       _tolower                   00440d40 f   LIBCMTD:tolower.obj
 0001:0003fd90       _strcpy_s                  00440d90 f   LIBCMTD:strcpy_s.obj
 0001:00040090       _memmove                   00441090 f   LIBCMTD:memmove.obj
 0001:000406e0       _strrchr                   004416e0 f   LIBCMTD:strrchr.obj
 0001:00040820       __fptostr                  00441820 f   LIBCMTD:_fptostr.obj
 0001:00040b40       ___dtold                   00441b40 f   LIBCMTD:cfout.obj
 0001:00040ca0       __fltout2                  00441ca0 f   LIBCMTD:cfout.obj
 0001:00040d50       __alldiv                   00441d50 f   LIBCMTD:lldiv.obj
 0001:00040e00       __allrem                   00441e00 f   LIBCMTD:llrem.obj
 0001:00040ec0       __allshl                   00441ec0 f   LIBCMTD:llshl.obj
 0001:00040ee0       __aullshr                  00441ee0 f   LIBCMTD:ullshr.obj
 0001:00040f00       __get_output_format        00441f00 f   LIBCMTD:outputformat.obj
 0001:00040f10       __set_output_format        00441f10 f   LIBCMTD:outputformat.obj
 0001:00040fb0       __controlfp_s              00441fb0 f   LIBCMTD:contrlfp.obj
 0001:000410a0       ___lock_fhandle            004420a0 f   LIBCMTD:osfinfo.obj
 0001:00041190       __alloc_osfhnd             00442190 f   LIBCMTD:osfinfo.obj
 0001:00041430       __free_osfhnd              00442430 f   LIBCMTD:osfinfo.obj
 0001:00041520       __get_osfhandle            00442520 f   LIBCMTD:osfinfo.obj
 0001:000416a0       __open_osfhandle           004426a0 f   LIBCMTD:osfinfo.obj
 0001:000418d0       __set_osfhnd               004428d0 f   LIBCMTD:osfinfo.obj
 0001:000419a0       __unlock_fhandle           004429a0 f   LIBCMTD:osfinfo.obj
 0001:000419d0       __read                     004429d0 f   LIBCMTD:read.obj
 0001:00041ca0       __read_nolock              00442ca0 f   LIBCMTD:read.obj
 0001:00042ee0       __getbuf                   00443ee0 f   LIBCMTD:_getbuf.obj
 0001:00042fb0       __ungetc_nolock            00443fb0 f   LIBCMTD:ungetc.obj
 0001:000431e0       _ungetc                    004441e0 f   LIBCMTD:ungetc.obj
 0001:000432f0       __mbtowc_l                 004442f0 f   LIBCMTD:mbtowc.obj
 0001:00043530       _mbtowc                    00444530 f   LIBCMTD:mbtowc.obj
 0001:00043550       __lseeki64                 00444550 f   LIBCMTD:lseeki64.obj
 0001:000437c0       __lseeki64_nolock          004447c0 f   LIBCMTD:lseeki64.obj
 0001:00043890       _strcat_s                  00444890 f   LIBCMTD:strcat_s.obj
 0001:00043c90       __dospawn                  00444c90 f   LIBCMTD:dospawn.obj
 0001:00044070       __cenvarg                  00445070 f   LIBCMTD:cenvarg.obj
 0001:000446f0       __mbschr                   004456f0 f   LIBCMTD:mbschr.obj
 0001:00044710       __mbschr_l                 00445710 f   LIBCMTD:mbschr.obj
 0001:000448b0       __mbsrchr                  004458b0 f   LIBCMTD:mbsrchr.obj
 0001:000448d0       __mbsrchr_l                004458d0 f   LIBCMTD:mbsrchr.obj
 0001:00044a50       __getpath                  00445a50 f   LIBCMTD:getpath.obj
 0001:00044ba0       __waccess                  00445ba0 f   LIBCMTD:waccess.obj
 0001:00044be0       __waccess_s                00445be0 f   LIBCMTD:waccess.obj
 0001:00044d80       _strnlen                   00445d80 f   LIBCMTD:strlen_s.obj
 0001:00044dc0       ___wtomb_environ           00445dc0 f   LIBCMTD:wtombenv.obj
 0001:00044eb0       __mbsnbicoll               00445eb0 f   LIBCMTD:mbsnbico.obj
 0001:00044ed0       __mbsnbicoll_l             00445ed0 f   LIBCMTD:mbsnbico.obj
 0001:00045210       __ismbbalnum               00446210 f   LIBCMTD:ismbbyte.obj
 0001:00045230       __ismbbalnum_l             00446230 f   LIBCMTD:ismbbyte.obj
 0001:00045250       __ismbbalpha               00446250 f   LIBCMTD:ismbbyte.obj
 0001:00045270       __ismbbalpha_l             00446270 f   LIBCMTD:ismbbyte.obj
 0001:00045290       __ismbbblank               00446290 f   LIBCMTD:ismbbyte.obj
 0001:000452c0       __ismbbblank_l             004462c0 f   LIBCMTD:ismbbyte.obj
 0001:00045300       __ismbbgraph               00446300 f   LIBCMTD:ismbbyte.obj
 0001:00045320       __ismbbgraph_l             00446320 f   LIBCMTD:ismbbyte.obj
 0001:00045340       __ismbbkalnum              00446340 f   LIBCMTD:ismbbyte.obj
 0001:00045360       __ismbbkalnum_l            00446360 f   LIBCMTD:ismbbyte.obj
 0001:00045380       __ismbbkana                00446380 f   LIBCMTD:ismbbyte.obj
 0001:000453a0       __ismbbkana_l              004463a0 f   LIBCMTD:ismbbyte.obj
 0001:00045410       __ismbbkprint              00446410 f   LIBCMTD:ismbbyte.obj
 0001:00045430       __ismbbkprint_l            00446430 f   LIBCMTD:ismbbyte.obj
 0001:00045450       __ismbbkpunct              00446450 f   LIBCMTD:ismbbyte.obj
 0001:00045470       __ismbbkpunct_l            00446470 f   LIBCMTD:ismbbyte.obj
 0001:00045490       __ismbblead                00446490 f   LIBCMTD:ismbbyte.obj
 0001:000454b0       __ismbblead_l              004464b0 f   LIBCMTD:ismbbyte.obj
 0001:000454d0       __ismbbprint               004464d0 f   LIBCMTD:ismbbyte.obj
 0001:000454f0       __ismbbprint_l             004464f0 f   LIBCMTD:ismbbyte.obj
 0001:00045510       __ismbbpunct               00446510 f   LIBCMTD:ismbbyte.obj
 0001:00045530       __ismbbpunct_l             00446530 f   LIBCMTD:ismbbyte.obj
 0001:00045550       __ismbbtrail               00446550 f   LIBCMTD:ismbbyte.obj
 0001:00045570       __ismbbtrail_l             00446570 f   LIBCMTD:ismbbyte.obj
 0001:00045590       __putwch                   00446590 f   LIBCMTD:putwch.obj
 0001:00045620       __putwch_nolock            00446620 f   LIBCMTD:putwch.obj
 0001:00045670       ___free_lconv_mon          00446670 f   LIBCMTD:initmon.obj
 0001:00045820       ___init_monetary           00446820 f   LIBCMTD:initmon.obj
 0001:00045e30       ___free_lconv_num          00446e30 f   LIBCMTD:initnum.obj
 0001:00045ee0       ___init_numeric            00446ee0 f   LIBCMTD:initnum.obj
 0001:000462b0       ___free_lc_time            004472b0 f   LIBCMTD:inittime.obj
 0001:00046be0       ___init_time               00447be0 f   LIBCMTD:inittime.obj
 0001:00047be0       _localeconv                00448be0 f   LIBCMTD:lconv.obj
 0001:00047c30       ___pctype_func             00448c30 f   LIBCMTD:ctype.obj
 0001:00047c80       ___pwctype_func            00448c80 f   LIBCMTD:ctype.obj
 0001:00047c90       ___vswprintf_l             00448c90 f   LIBCMTD:vswprint.obj
 0001:00047cb0       __vscwprintf               00448cb0 f   LIBCMTD:vswprint.obj
 0001:00047cd0       __vscwprintf_helper        00448cd0 f   LIBCMTD:vswprint.obj
 0001:00047dc0       __vscwprintf_l             00448dc0 f   LIBCMTD:vswprint.obj
 0001:00047de0       __vscwprintf_p             00448de0 f   LIBCMTD:vswprint.obj
 0001:00047e00       __vscwprintf_p_l           00448e00 f   LIBCMTD:vswprint.obj
 0001:00047e20       __vswprintf                00448e20 f   LIBCMTD:vswprint.obj
 0001:00047e40       __vswprintf_l              00448e40 f   LIBCMTD:vswprint.obj
 0001:00048060       __vsnwprintf_s             00449060 f   LIBCMTD:vswprnc.obj
 0001:00048090       __vsnwprintf_s_l           00449090 f   LIBCMTD:vswprnc.obj
 0001:00048460       __vswprintf_c              00449460 f   LIBCMTD:vswprnc.obj
 0001:000484b0       __vswprintf_c_l            004494b0 f   LIBCMTD:vswprnc.obj
 0001:00048500       __vswprintf_helper         00449500 f   LIBCMTD:vswprnc.obj
 0001:00048770       __vswprintf_p              00449770 f   LIBCMTD:vswprnc.obj
 0001:000487c0       __vswprintf_p_l            004497c0 f   LIBCMTD:vswprnc.obj
 0001:00048810       __vswprintf_s_l            00449810 f   LIBCMTD:vswprnc.obj
 0001:00048aa0       _vswprintf_s               00449aa0 f   LIBCMTD:vswprnc.obj
 0001:00048ac0       __woutput_l                00449ac0 f   LIBCMTD:woutput.obj
 0001:0004a4e0       __i64toa_s                 0044b4e0 f   LIBCMTD:xtoas.obj
 0001:0004a530       __itoa_s                   0044b530 f   LIBCMTD:xtoas.obj
 0001:0004a590       __ltoa_s                   0044b590 f   LIBCMTD:xtoas.obj
 0001:0004a5d0       __ui64toa_s                0044b5d0 f   LIBCMTD:xtoas.obj
 0001:0004a5f0       __ultoa_s                  0044b5f0 f   LIBCMTD:xtoas.obj
 0001:0004a9f0       __mbstowcs_l               0044b9f0 f   LIBCMTD:mbstowcs.obj
 0001:0004aa10       __mbstowcs_l_helper        0044ba10 f   LIBCMTD:mbstowcs.obj
 0001:0004ada0       __mbstowcs_s_l             0044bda0 f   LIBCMTD:mbstowcs.obj
 0001:0004b160       _mbstowcs                  0044c160 f   LIBCMTD:mbstowcs.obj
 0001:0004b1b0       _mbstowcs_s                0044c1b0 f   LIBCMTD:mbstowcs.obj
 0001:0004b240       __wcstombs_l               0044c240 f   LIBCMTD:wcstombs.obj
 0001:0004b260       __wcstombs_l_helper        0044c260 f   LIBCMTD:wcstombs.obj
 0001:0004b770       __wcstombs_s_l             0044c770 f   LIBCMTD:wcstombs.obj
 0001:0004bad0       _wcstombs                  0044cad0 f   LIBCMTD:wcstombs.obj
 0001:0004baf0       _wcstombs_s                0044caf0 f   LIBCMTD:wcstombs.obj
 0001:0004bf60       __i64tow_s                 0044cf60 f   LIBCMTD:xtows.obj
 0001:0004bfb0       __itow_s                   0044cfb0 f   LIBCMTD:xtows.obj
 0001:0004c010       __ltow_s                   0044d010 f   LIBCMTD:xtows.obj
 0001:0004c050       __ui64tow_s                0044d050 f   LIBCMTD:xtows.obj
 0001:0004c070       __ultow_s                  0044d070 f   LIBCMTD:xtows.obj
 0001:0004c530       __wopen                    0044d530 f   LIBCMTD:wopen.obj
 0001:0004c6d0       __wsopen                   0044d6d0 f   LIBCMTD:wopen.obj
 0001:0004c740       __wsopen_helper            0044d740 f   LIBCMTD:wopen.obj
 0001:0004c9e0       __wsopen_nolock            0044d9e0 f   LIBCMTD:wopen.obj
 0001:0004da60       __wsopen_s                 0044ea60 f   LIBCMTD:wopen.obj
 0001:0004da90       _strnicmp                  0044ea90 f   LIBCMTD:strnicmp.obj
 0001:0004da90       __strnicmp                 0044ea90 f   LIBCMTD:strnicmp.obj
 0001:0004dc60       __strnicmp_l               0044ec60 f   LIBCMTD:strnicmp.obj
 0001:0004def0       __iswctype_l               0044eef0 f   LIBCMTD:iswctype.obj
 0001:0004df10       _is_wctype                 0044ef10 f   LIBCMTD:iswctype.obj
 0001:0004df30       _iswctype                  0044ef30 f   LIBCMTD:iswctype.obj
 0001:0004df90       ____lc_codepage_func       0044ef90 f   LIBCMTD:initctyp.obj
 0001:0004dfe0       ____lc_collate_cp_func     0044efe0 f   LIBCMTD:initctyp.obj
 0001:0004e030       ____lc_locale_name_func    0044f030 f   LIBCMTD:initctyp.obj
 0001:0004e080       ____mb_cur_max_func        0044f080 f   LIBCMTD:initctyp.obj
 0001:0004e0d0       ____mb_cur_max_l_func      0044f0d0 f   LIBCMTD:initctyp.obj
 0001:0004e100       ___init_ctype              0044f100 f   LIBCMTD:initctyp.obj
 0001:0004e740       _wcsnlen                   0044f740 f   LIBCMTD:wcslen_s.obj
 0001:0004e780       __CallSettingFrame@12      0044f780 f   LIBCMTD:lowhelpr.obj
 0001:0004e7a7       __NLG_Return               0044f7a7     LIBCMTD:lowhelpr.obj
 0001:0004e7d0       ___DestructExceptionObject 0044f7d0 f   LIBCMTD:frame.obj
 0001:0004e8f0       ??0bad_exception@std@@QAE@ABV01@@Z 0044f8f0 f i LIBCMTD:frame.obj
 0001:0004e920       ??0bad_exception@std@@QAE@PBD@Z 0044f920 f i LIBCMTD:frame.obj
 0001:0004e950       ??1bad_exception@std@@UAE@XZ 0044f950 f i LIBCMTD:frame.obj
 0001:0004e970       ??_Gbad_exception@std@@UAEPAXI@Z 0044f970 f i LIBCMTD:frame.obj
 0001:0004e970       ??_Ebad_exception@std@@UAEPAXI@Z 0044f970 f i LIBCMTD:frame.obj
 0001:0004f560       ?__uncaught_exception@@YA_NXZ 00450560 f   LIBCMTD:frame.obj
 0001:0004f590       ?_is_exception_typeof@@YAHABVtype_info@@PAU_EXCEPTION_POINTERS@@@Z 00450590 f   LIBCMTD:frame.obj
 0001:0004f670       __SetWinRTOutOfMemoryExceptionCallback 00450670 f   LIBCMTD:frame.obj
 0001:0004f680       ___AdjustPointer           00450680 f   LIBCMTD:frame.obj
 0001:0004f6d0       ___BuildCatchObject        004506d0 f   LIBCMTD:frame.obj
 0001:0004f7e0       ___BuildCatchObjectHelper  004507e0 f   LIBCMTD:frame.obj
 0001:0004fae0       ___CxxDetectRethrow        00450ae0 f   LIBCMTD:frame.obj
 0001:0004fb60       ___CxxExceptionFilter      00450b60 f   LIBCMTD:frame.obj
 0001:0004fd60       ___CxxQueryExceptionSize   00450d60 f   LIBCMTD:frame.obj
 0001:0004fd70       ___CxxRegisterExceptionObject 00450d70 f   LIBCMTD:frame.obj
 0001:0004feb0       ___CxxUnregisterExceptionObject 00450eb0 f   LIBCMTD:frame.obj
 0001:00050030       ___FrameUnwindFilter       00451030 f   LIBCMTD:frame.obj
 0001:000500b0       ___FrameUnwindToState      004510b0 f   LIBCMTD:frame.obj
 0001:00050230       ___GetPlatformExceptionInfo 00451230 f   LIBCMTD:frame.obj
 0001:000502f0       ___InternalCxxFrameHandler 004512f0 f   LIBCMTD:frame.obj
 0001:00050460       ___TypeMatch               00451460 f   LIBCMTD:frame.obj
 0001:00050540       __fltin2                   00451540 f   LIBCMTD:cfin.obj
 0001:00050620       __CopyMan                  00451620 f i LIBCMTD:intrncvt.obj
 0001:00050670       __FillZeroMan              00451670 f i LIBCMTD:intrncvt.obj
 0001:000506a0       __IncMan                   004516a0 f i LIBCMTD:intrncvt.obj
 0001:00050750       __IsZeroMan                00451750 f i LIBCMTD:intrncvt.obj
 0001:00050790       __RoundMan                 00451790 f i LIBCMTD:intrncvt.obj
 0001:00050870       __ShrMan                   00451870 f i LIBCMTD:intrncvt.obj
 0001:00050960       __ZeroTail                 00451960 f i LIBCMTD:intrncvt.obj
 0001:000509f0       ___addl                    004519f0 f i LIBCMTD:intrncvt.obj
 0001:00050a30       __ld12cvt                  00451a30 f i LIBCMTD:intrncvt.obj
 0001:00050cf0       __ld12tod                  00451cf0 f   LIBCMTD:intrncvt.obj
 0001:00050d10       __ld12tof                  00451d10 f   LIBCMTD:intrncvt.obj
 0001:00050d30       __ld12told                 00451d30 f   LIBCMTD:intrncvt.obj
 0001:00050e30       ___STRINGTOLD_L            00451e30 f   LIBCMTD:strgtold.obj
 0001:00050ea0       ___ld12mul                 00451ea0 f i LIBCMTD:strgtold.obj
 0001:000512b0       ___multtenpow12            004522b0 f i LIBCMTD:strgtold.obj
 0001:00051390       ___shl_12                  00452390 f i LIBCMTD:strgtold.obj
 0001:00051410       ___shr_12                  00452410 f i LIBCMTD:strgtold.obj
 0001:00051490       ___strgtold12_l            00452490 f   LIBCMTD:strgtold.obj
 0001:00051f80       ___init_collate            00452f80 f   LIBCMTD:initcoll.obj
 0001:00052140       _memcmp                    00453140 f   LIBCMTD:memcmp.obj
 0001:00052a10       _wcscmp                    00453a10 f   LIBCMTD:wcscmp.obj
 0001:00052a70       _wcscspn                   00453a70 f   LIBCMTD:wcscspn.obj
 0001:00052ae0       _wcsncmp                   00453ae0 f   LIBCMTD:wcsncmp.obj
[...]
 0002:00002900       $SG102021                  00470900     mainaccc.obj
 0002:00002904       $SG102024                  00470904     mainaccc.obj
 0002:00002908       $SG102027                  00470908     mainaccc.obj
 0002:0000290c       $SG102030                  0047090c     mainaccc.obj
 0002:00002910       $SG102033                  00470910     mainaccc.obj
 0002:00002914       $SG102036                  00470914     mainaccc.obj
 0002:00002918       $SG102039                  00470918     mainaccc.obj
 0002:0000291c       $SG102046                  0047091c     mainaccc.obj
 0002:00002924       $SG102051                  00470924     mainaccc.obj
 0002:00002e98       _GS_ExceptionPointers      00470e98     LIBCMTD:gs_report.obj
 0002:0000347c       _szBlockUseName            0047147c     LIBCMTD:dbgheap.obj
 0002:000046ac       __CrtDbgModeMsg            004726ac     LIBCMTD:dbgrptw.obj
 0002:00004d94       ?ccsField@?P@??_openfile@@9@9 00472d94     LIBCMTD:_open.obj
 0002:00004d98       ?utf8encoding@?P@??_openfile@@9@9 00472d98     LIBCMTD:_open.obj
 0002:00004da0       ?utf16encoding@?P@??_openfile@@9@9 00472da0     LIBCMTD:_open.obj
 0002:00004dac       ?unicodeencoding@?P@??_openfile@@9@9 00472dac     LIBCMTD:_open.obj
 0002:000055d8       _rterrs                    004735d8     LIBCMTD:crt0msg.obj
 0002:0000666c       __mb_locale_names          0047466c     LIBCMTD:mbctype.obj
 0002:00006904       One                        00474904     LIBCMTD:87disp.obj
 0002:0000690c       XAMtoTagTab                0047490c     LIBCMTD:87disp.obj
 0002:00006920       One                        00474920     LIBCMTD:common.obj
 0002:00006934       DblMax                     00474934     LIBCMTD:common.obj
 0002:0000693c       DblMin                     0047493c     LIBCMTD:common.obj
 0002:00006944       IeeeAdjO                   00474944     LIBCMTD:common.obj
 0002:0000694c       IeeeAdjU                   0047494c     LIBCMTD:common.obj
 0002:00006954       _infinity                  00474954     LIBCMTD:common.obj
 0002:0000695c       _zero                      0047495c     LIBCMTD:common.obj
 0002:00006964       __RTC_ErrorMessages        00474964     LIBCMTD:error.obj
 0002:0000697c       __RTC_NoFalsePositives     0047497c     LIBCMTD:error.obj
 0002:00006994       _stack_premsg              00474994     LIBCMTD:error.obj
 0002:000069b0       _stack_postmsg             004749b0     LIBCMTD:error.obj
 0002:000069c4       _uninit_premsg             004749c4     LIBCMTD:error.obj
 0002:000069d4       _uninit_postmsg            004749d4     LIBCMTD:error.obj
 0002:00006f34       __RTC_errlist              00474f34     LIBCMTD:userapi.obj
 0002:000082f0       Ctable                     004762f0     LIBCMTD:cos_pentium4.obj
 0002:00008af0       SC_1                       00476af0     LIBCMTD:cos_pentium4.obj
 0002:00008b00       SC_2                       00476b00     LIBCMTD:cos_pentium4.obj
 0002:00008b10       SC_3                       00476b10     LIBCMTD:cos_pentium4.obj
 0002:00008b20       SC_4                       00476b20     LIBCMTD:cos_pentium4.obj
 0002:00008b30       PI32INV                    00476b30     LIBCMTD:cos_pentium4.obj
 0002:00008b38       SHIFTER                    00476b38     LIBCMTD:cos_pentium4.obj
 0002:00008b40       P_2                        00476b40     LIBCMTD:cos_pentium4.obj
 0002:00008b50       P_1                        00476b50     LIBCMTD:cos_pentium4.obj
 0002:00008b58       P_3                        00476b58     LIBCMTD:cos_pentium4.obj
 0002:00008b60       TWO_POW_55                 00476b60     LIBCMTD:cos_pentium4.obj
 0002:00008b68       TWO_POW_M55                00476b68     LIBCMTD:cos_pentium4.obj
 0002:00008b70       ALL_ONES                   00476b70     LIBCMTD:cos_pentium4.obj
 0002:00008b78       NEG_ZERO                   00476b78     LIBCMTD:cos_pentium4.obj
 0002:00008b80       ONE                        00476b80     LIBCMTD:cos_pentium4.obj
 0002:00008b90       SIGN_MASK                  00476b90     LIBCMTD:cos_pentium4.obj
 0002:000093ac       __CrtDbgModeMsg            004773ac     LIBCMTD:dbgrpt.obj
 0002:0000da28       __first_127char            0047ba28     LIBCMTD:wsetloca.obj
 0002:0000eb38       _msvcrdFilename            0047cb38     LIBCMTD:pdblkup.obj
 0002:0000eb54       _mspdbName                 0047cb54     LIBCMTD:pdblkup.obj
 0002:0000ec3c       ?dllExt@?1??GetPdbDllPathFromFilePath@@YAHPB_WPA_WI@Z@4QB_WB 0047cc3c     LIBCMTD:pdblkup.obj
 0002:0000ec44       ?mspdbFilename@?1??GetPdbDllPathFromFilePath@@YAHPB_WPA_WI@Z@4QB_WB 0047cc44     LIBCMTD:pdblkup.obj
 0002:00012dd8       ?ExceptionTemplate@?1??_CxxThrowException@@9@8@4UEHExceptionRecord@@B 00480dd8     LIBCMTD:throw.obj
 0002:00013220       _tokenTable                00481220     LIBCMTD:undname.obj
 0002:00013258       _nameTable                 00481258     LIBCMTD:undname.obj
 0002:00013398       _rttiTable                 00481398     LIBCMTD:undname.obj
 0002:00014378       __RTC_InitBase.rtc$IMZ     00482378     ac3dgroup.obj
 0002:0001437c       __RTC_InitBase.rtc$IMZ     0048237c     ac3dload.obj
 0002:00014380       __RTC_InitBase.rtc$IMZ     00482380     mainaccc.obj
 0002:0001438c       __RTC_Shutdown.rtc$TMZ     0048238c     ac3dgroup.obj
 0002:00014390       __RTC_Shutdown.rtc$TMZ     00482390     ac3dload.obj
 0002:00014394       __RTC_Shutdown.rtc$TMZ     00482394     mainaccc.obj
 0002:000143a0       __sehtable$__fsopen        004823a0     LIBCMTD:fopen.obj
 0002:000143c0       __sehtable$_fprintf        004823c0     LIBCMTD:fprintf.obj
 0002:000143e0       __sehtable$_printf         004823e0     LIBCMTD:printf.obj
 0002:00014400       __sehtable$_doexit         00482400     LIBCMTD:crt0dat.obj
 0002:00014420       __sehtable$_fclose         00482420     LIBCMTD:fclose.obj
 0002:00014440       __sehtable$_fgetc          00482440     LIBCMTD:fgetc.obj
 0002:00014460       __sehtable$_getc           00482460     LIBCMTD:fgetc.obj
 0002:00014480       __sehtable$_fgets          00482480     LIBCMTD:fgets.obj
 0002:000144a0       __sehtable$_vfscanf_fn     004824a0     LIBCMTD:fscanf.obj
 0002:000144c0       __sehtable$_rewind         004824c0     LIBCMTD:rewind.obj
 0002:000144e0       __sehtable$___tmainCRTStartup 004824e0     LIBCMTD:crt0.obj
 0002:00014500       __sehtable$__fcloseall     00482500     LIBCMTD:closeall.obj
 0002:00014520       __sehtable$_fflush         00482520     LIBCMTD:fflush.obj
 0002:00014540       __sehtable$_flsall         00482540     LIBCMTD:fflush.obj
 0002:00014568       __sehtable$__mtinitlocknum 00482568     LIBCMTD:mlock.obj
 0002:00014588       __sehtable$__realloc_dbg   00482588     LIBCMTD:dbgheap.obj
 0002:000145a8       __sehtable$__expand_dbg    004825a8     LIBCMTD:dbgheap.obj
 0002:000145c8       __sehtable$__free_dbg      004825c8     LIBCMTD:dbgheap.obj
 0002:000145e8       __sehtable$__msize_dbg     004825e8     LIBCMTD:dbgheap.obj
 0002:00014608       __sehtable$__CrtCheckMemory 00482608     LIBCMTD:dbgheap.obj
 0002:00014628       __sehtable$__CrtSetDbgFlag 00482628     LIBCMTD:dbgheap.obj
 0002:00014648       __sehtable$__CrtDoForAllClientObjects 00482648     LIBCMTD:dbgheap.obj
 0002:00014668       __sehtable$__CrtIsMemoryBlock 00482668     LIBCMTD:dbgheap.obj
 0002:00014688       __sehtable$__CrtMemCheckpoint 00482688     LIBCMTD:dbgheap.obj
 0002:000146a8       __sehtable$__CrtSetDbgBlockType 004826a8     LIBCMTD:dbgheap.obj
 0002:000146c8       __sehtable$__heap_alloc_dbg_impl 004826c8     LIBCMTD:dbgheap.obj
 0002:000146e8       __sehtable$?__crtIsBadReadPtr@@YAHPBXI@Z 004826e8     LIBCMTD:dbgheap.obj
 0002:00014708       __sehtable$?_CrtMemDumpAllObjectsSince_stat@@YAXPBU_CrtMemState@@PAUlocaleinfo_struct@@@Z 00482708     LIBCMTD:dbgheap.obj
 0002:00014728       __sehtable$__CrtSetReportHookW2 00482728     LIBCMTD:dbgrptw.obj
 0002:00014748       __sehtable$__getstream     00482748     LIBCMTD:stream.obj
 0002:00014768       __sehtable$_vfprintf_helper 00482768     LIBCMTD:vfprintf.obj
 0002:00014788       __sehtable$__ioinit        00482788     LIBCMTD:ioinit.obj
 0002:000147a8       __sehtable$_vprintf_helper 004827a8     LIBCMTD:vprintf.obj
 0002:000147c8       __sehtable$__IsNonwritableInCurrentImage 004827c8     LIBCMTD:pesect.obj
 0002:000147e8       __sehtable$__onexit        004827e8     LIBCMTD:onexit.obj
 0002:00014808       __sehtable$?terminate@@YAXXZ 00482808     LIBCMTD:hooks.obj
 0002:00014828       __sehtable$?_inconsistency@@YAXXZ 00482828     LIBCMTD:hooks.obj
 0002:00014848       __sehtable$_signal         00482848     LIBCMTD:winsig.obj
 0002:00014868       __sehtable$_raise          00482868     LIBCMTD:winsig.obj
 0002:00014888       __sehtable$_ctrlevent_capture@4 00482888     LIBCMTD:winsig.obj
 0002:000148a8       __sehtable$___updatetmbcinfo 004828a8     LIBCMTD:mbctype.obj
 0002:000148c8       __sehtable$__setmbcp       004828c8     LIBCMTD:mbctype.obj
 0002:000148e4       __unwindtable$?getSystemCP@@YAHH@Z 004828e4     LIBCMTD:mbctype.obj
 0002:000148ec       __ehfuncinfo$?getSystemCP@@YAHH@Z 004828ec     LIBCMTD:mbctype.obj
 0002:00014910       __unwindtable$?strtoxq@@YA_KPAUlocaleinfo_struct@@PBDPAPBDHH@Z 00482910     LIBCMTD:strtoq.obj
 0002:00014918       __ehfuncinfo$?strtoxq@@YA_KPAUlocaleinfo_struct@@PBDPAPBDHH@Z 00482918     LIBCMTD:strtoq.obj
 0002:0001493c       __unwindtable$?strtoxl@@YAKPAUlocaleinfo_struct@@PBDPAPBDHH@Z 0048293c     LIBCMTD:strtol.obj
 0002:00014944       __ehfuncinfo$?strtoxl@@YAKPAUlocaleinfo_struct@@PBDPAPBDHH@Z 00482944     LIBCMTD:strtol.obj
 0002:00014968       __sehtable$___set_fpsr_sse2 00482968     LIBCMTD:fpctrl.obj
 0002:00014988       __sehtable$?DebuggerProbe@@YAHK@Z 00482988     LIBCMTD:error.obj
 0002:000149a8       __sehtable$?DebuggerRuntime@@YAHKHPAXPB_W@Z 004829a8     LIBCMTD:error.obj
 0002:000149c8       __sehtable$__close         004829c8     LIBCMTD:close.obj
 0002:000149e8       __sehtable$__lseek         004829e8     LIBCMTD:lseek.obj
 0002:00014a08       __sehtable$__dupenv_s_dbg  00482a08     LIBCMTD:getenv.obj
 0002:00014a28       __sehtable$_getenv         00482a28     LIBCMTD:getenv.obj
 0002:00014a48       __sehtable$_getenv_s       00482a48     LIBCMTD:getenv.obj
 0002:00014a68       __sehtable$__freefls@4     00482a68     LIBCMTD:tidtable.obj
 0002:00014a90       __sehtable$__initptd       00482a90     LIBCMTD:tidtable.obj
 0002:00014ab8       __sehtable$__commit        00482ab8     LIBCMTD:commit.obj
 0002:00014ad8       __sehtable$__write         00482ad8     LIBCMTD:write.obj
 0002:00014af8       __sehtable$___updatetlocinfo 00482af8     LIBCMTD:localref.obj
 0002:00014b18       __sehtable$__CrtSetReportHook2 00482b18     LIBCMTD:dbgrpt.obj
 0002:00014b38       __sehtable$__VCrtDbgReportA 00482b38     LIBCMTD:dbgrptt.obj
 0002:00014b60       __sehtable$__VCrtDbgReportW 00482b60     LIBCMTD:dbgrptt.obj
 0002:00014b88       __sehtable$__sopen_helper  00482b88     LIBCMTD:open.obj
 0002:00014ba8       __sehtable$__open          00482ba8     LIBCMTD:open.obj
 0002:00014bc8       __sehtable$__get_current_locale 00482bc8     LIBCMTD:wsetloca.obj
 0002:00014bf0       __sehtable$__free_locale   00482bf0     LIBCMTD:wsetloca.obj
 0002:00014c18       __sehtable$__wsetlocale    00482c18     LIBCMTD:wsetloca.obj
 0002:00014c50       __sehtable$__locterm       00482c50     LIBCMTD:wsetloca.obj
 0002:00014c70       __sehtable$__alloc_osfhnd  00482c70     LIBCMTD:osfinfo.obj
 0002:00014c98       __sehtable$___lock_fhandle 00482c98     LIBCMTD:osfinfo.obj
 0002:00014cb8       __sehtable$__open_osfhandle 00482cb8     LIBCMTD:osfinfo.obj
 0002:00014cd8       __sehtable$__read          00482cd8     LIBCMTD:read.obj
 0002:00014cf8       __sehtable$_ungetc         00482cf8     LIBCMTD:ungetc.obj
 0002:00014d18       __sehtable$__lseeki64      00482d18     LIBCMTD:lseeki64.obj
 0002:00014d34       __unwindtable$?x_ismbbtype_l@@YAHPAUlocaleinfo_struct@@IHH@Z 00482d34     LIBCMTD:ismbbyte.obj
 0002:00014d3c       __ehfuncinfo$?x_ismbbtype_l@@YAHPAUlocaleinfo_struct@@IHH@Z 00482d3c     LIBCMTD:ismbbyte.obj
 0002:00014d60       __sehtable$__putwch        00482d60     LIBCMTD:putwch.obj
 0002:00014d80       __sehtable$__wsopen_helper 00482d80     LIBCMTD:wopen.obj
 0002:00014da0       __sehtable$__wopen         00482da0     LIBCMTD:wopen.obj
 0002:00014dc0       __sehtable$___FrameUnwindToState 00482dc0     LIBCMTD:frame.obj
 0002:00014de8       __sehtable$?CallCatchBlock@@YAPAXPAUEHExceptionRecord@@PAUEHRegistrationNode@@PAU_CONTEXT@@PBU_s_FuncInfo@@PAXHK@Z 00482de8     LIBCMTD:frame.obj
 0002:00014e10       __sehtable$___BuildCatchObject 00482e10     LIBCMTD:frame.obj
 0002:00014e30       __sehtable$___DestructExceptionObject 00482e30     LIBCMTD:frame.obj
 0002:00014e4c       __catchsym$?CallUnexpected@@YAXPBU_s_ESTypeList@@@Z$2 00482e4c     LIBCMTD:frame.obj
 0002:00014e5c       __unwindtable$?CallUnexpected@@YAXPBU_s_ESTypeList@@@Z 00482e5c     LIBCMTD:frame.obj
 0002:00014e6c       __tryblocktable$?CallUnexpected@@YAXPBU_s_ESTypeList@@@Z 00482e6c     LIBCMTD:frame.obj
 0002:00014e80       __ehfuncinfo$?CallUnexpected@@YAXPBU_s_ESTypeList@@@Z 00482e80     LIBCMTD:frame.obj
 0002:00014ea8       __sehtable$___BuildCatchObjectHelper 00482ea8     LIBCMTD:frame.obj
 0002:00014f18       __sehtable$_fputwc         00482f18     LIBCMTD:fputwc.obj
 0002:00014f38       __sehtable$__chsize_s      00482f38     LIBCMTD:chsize.obj
 0002:00014f58       __sehtable$__setmode       00482f58     LIBCMTD:setmode.obj
 0002:00014f78       __sehtable$??3@YAXPAX@Z    00482f78     LIBCMTD:dbgdel.obj
 0002:00014f98       __sehtable$?_Name_base@type_info@@CAPBDPBV1@PAU__type_info_node@@@Z 00482f98     LIBCMTD:typname.obj
 0002:00014fb8       __sehtable$?_Type_info_dtor@type_info@@CAXPAV1@@Z 00482fb8     LIBCMTD:typname.obj
 0002:00014fd8       __sehtable$?_Name_base_internal@type_info@@CAPBDPBV1@PAU__type_info_node@@@Z 00482fd8     LIBCMTD:typname.obj
 0002:00014ff8       __sehtable$?_Type_info_dtor_internal@type_info@@CAXPAV1@@Z 00482ff8     LIBCMTD:typname.obj
 0002:00015018       __sehtable$___clean_type_info_names_internal 00483018     LIBCMTD:typname.obj
 0002:00015034       __unwindtable$?wcstoxq@@YA_KPAUlocaleinfo_struct@@PB_WPAPB_WHH@Z 00483034     LIBCMTD:wcstoq.obj
 0002:0001503c       __ehfuncinfo$?wcstoxq@@YA_KPAUlocaleinfo_struct@@PB_WPAPB_WHH@Z 0048303c     LIBCMTD:wcstoq.obj
 0002:00015060       __sehtable$___unDName      00483060     LIBCMTD:undname.obj
 0002:00015080       __sehtable$___unDNameEx    00483080     LIBCMTD:undname.obj
 0002:0001509c       __unwindtable$?make@DNameStatusNode@@SAPAV1@W4DNameStatus@@@Z 0048309c     LIBCMTD:undname.obj
 0002:000150a4       __ehfuncinfo$?make@DNameStatusNode@@SAPAV1@W4DNameStatus@@@Z 004830a4     LIBCMTD:undname.obj
 0002:000158fc       .idata$6                   004838fc     kernel32:KERNEL32.dll
 0003:00000310       _NAME_                     00484310     LIBCMTD:sqrt.obj
 0003:00000320       _NAME_                     00484320     LIBCMTD:cos.obj
 0003:00000338       __locktable                00484338     LIBCMTD:mlock.obj
 0003:00000464       __lRequestCurr             00484464     LIBCMTD:dbgheap.obj
 0003:00000468       __bNoMansLandFill          00484468     LIBCMTD:dbgheap.obj
 0003:00000469       __bAlignLandFill           00484469     LIBCMTD:dbgheap.obj
 0003:0000046a       __bDeadLandFill            0048446a     LIBCMTD:dbgheap.obj
 0003:0000046b       __bCleanLandFill           0048446b     LIBCMTD:dbgheap.obj
 0003:0000046c       _dotdotdot                 0048446c     LIBCMTD:dbgrptw.obj
 0003:00000470       _errtable                  00484470     LIBCMTD:dosmap.obj
 0003:000005d8       _ErrnoNoMem                004845d8     LIBCMTD:dosmap.obj
 0003:000005dc       _DoserrorNoMem             004845dc     LIBCMTD:dosmap.obj
 0003:00000628       ?isPackaged@?1??__crtIsPackagedApp@@9@9 00484628     LIBCMTD:winapisupp.obj
 0003:00000a80       ___rgctypeflag             00484a80     LIBCMTD:mbctype.obj
 0003:00000a88       ___rgcode_page_info        00484a88     LIBCMTD:mbctype.obj
 0003:00000b78       ?_names@?1??_get_fname@@9@9 00484b78     LIBCMTD:fpexcept.obj
 0003:00000c88       _over                      00484c88     LIBCMTD:fpctrl.obj
 0003:00000c94       _under                     00484c94     LIBCMTD:fpctrl.obj
 0003:00000ca0       ?__DAZ_ENABLED@?1??__set_fpsr_sse2@@9@9 00484ca0     LIBCMTD:fpctrl.obj
 0003:00000cc8       _ext_strings               00484cc8     LIBCMTD:spawnve.obj
 0003:00000ce4       _dotdotdot                 00484ce4     LIBCMTD:dbgrpt.obj
 0003:00000f60       __ctype_loc_style          00484f60     LIBCMTD:wsetloca.obj
 0003:000010e8       _DoubleFormat              004850e8     LIBCMTD:intrncvt.obj
 0003:00001100       _FloatFormat               00485100     LIBCMTD:intrncvt.obj
 0003:009874e0       ___enable_percent_n        00e0b4e0     LIBCMTD:printf.obj
 0003:00987518       ?init@?1??_RTC_InitBase@@9@4_NA 00e0b518     LIBCMTD:init.obj
 0003:00987520       _GS_ExceptionRecord        00e0b520     LIBCMTD:gs_report.obj
 0003:00987570       _GS_ContextRecord          00e0b570     LIBCMTD:gs_report.obj
 0003:0098783c       _DebuggerWasPresent        00e0b83c     LIBCMTD:gs_report.obj
 0003:00987848       _lclcritsects              00e0b848     LIBCMTD:mlock.obj
 0003:009879b4       _check_frequency           00e0b9b4     LIBCMTD:dbgheap.obj
 0003:009879bc       _check_counter             00e0b9bc     LIBCMTD:dbgheap.obj
 0003:009879c0       __lTotalAlloc              00e0b9c0     LIBCMTD:dbgheap.obj
 0003:009879c4       __lCurAlloc                00e0b9c4     LIBCMTD:dbgheap.obj
 0003:009879c8       __lMaxAlloc                00e0b9c8     LIBCMTD:dbgheap.obj
 0003:009879cc       __pFirstBlock              00e0b9cc     LIBCMTD:dbgheap.obj
 0003:009879d0       __pLastBlock               00e0b9d0     LIBCMTD:dbgheap.obj
 0003:00987ae8       ?outmsg@?M@??_NMSG_WRITE@@9@9 00e0bae8     LIBCMTD:crt0msg.obj
 0003:0098811c       _ctrlc_action              00e0c11c     LIBCMTD:winsig.obj
 0003:00988120       _ctrlbreak_action          00e0c120     LIBCMTD:winsig.obj
 0003:00988124       _abort_action              00e0c124     LIBCMTD:winsig.obj
 0003:00988128       _term_action               00e0c128     LIBCMTD:winsig.obj
 0003:0098812c       _ConsoleCtrlHandler_Installed 00e0c12c     LIBCMTD:winsig.obj
 0003:00988130       _g_pfnRtlGenRandom         00e0c130     LIBCMTD:rand_s.obj
 0003:0098814c       _fSystemSet                00e0c14c     LIBCMTD:mbctype.obj
 0003:00988158       __RTC_ErrorReportFunc      00e0c158     LIBCMTD:userapi.obj
 0003:0098815c       __RTC_ErrorReportFuncW     00e0c15c     LIBCMTD:userapi.obj
 0003:00988170       ?_pgmname@?1??_setargv@@9@9 00e0c170     LIBCMTD:stdargv.obj
 0003:0098827c       ?pfnGetLastActivePopup@?1??__crtMessageBoxW@@9@9 00e0c27c     LIBCMTD:crtmboxw.obj
 0003:00988280       ?pfnGetProcessWindowStation@?1??__crtMessageBoxW@@9@9 00e0c280     LIBCMTD:crtmboxw.obj
 0003:00988284       ?pfnGetUserObjectInformation@?1??__crtMessageBoxW@@9@9 00e0c284     LIBCMTD:crtmboxw.obj
 0003:00988288       ?pfnMessageBox@?1??__crtMessageBoxW@@9@9 00e0c288     LIBCMTD:crtmboxw.obj
 0003:0098828c       ?pfnGetActiveWindow@?1??__crtMessageBoxW@@9@9 00e0c28c     LIBCMTD:crtmboxw.obj
 0003:00988294       ___crtCallProc             00e0c294     LIBCMTD:winapinls.obj
 0003:0098829c       _mspdb                     00e0c29c     LIBCMTD:pdblkup.obj
 0003:009882a0       ?alreadyTried@?1??GetPdbDll@@YAPAUHINSTANCE__@@XZ@4_NA 00e0c2a0     LIBCMTD:pdblkup.obj
 0003:009882a1       ?PDBOK@?BM@??_RTC_GetSrcLine@@YAHPAEPA_WKPAH1K@Z@4_NA 00e0c2a1     LIBCMTD:pdblkup.obj
 0003:009882b8       ___type_info_root_node     00e0c2b8     LIBCMTD:typname.obj
 0003:009882e8       _heap                      00e0c2e8     LIBCMTD:undname.obj
 0003:00988300       ?buf@?1??dbGetString@DName@@QBEPADXZ@4PADA 00e0c300     LIBCMTD:undname.obj
