 human

 Timestamp is 593049d8 (Thu Jun 01 18:07:36 2017)

 Preferred load address is 10000000

 Start         Length     Name                   Class
 0001:00000000 00000000H .text                   CODE
 0001:00000000 0000002cH .text$di                CODE
 0001:00000030 000152ccH .text$mn                CODE
 0001:00015300 00000025H .text$x                 CODE
 0001:00015330 0000002bH .text$yd                CODE
 0002:00000000 00000170H .idata$5                DATA
 0002:00000170 00000004H .CRT$XCA                DATA
 0002:00000174 0000000cH .CRT$XCU                DATA
 0002:00000180 00000004H .CRT$XCZ                DATA
 0002:00000184 00000004H .CRT$XIA                DATA
 0002:00000188 00000014H .CRT$XIC                DATA
 0002:0000019c 00000004H .CRT$XIZ                DATA
 0002:000001a0 00000004H .CRT$XPA                DATA
 0002:000001a4 00000008H .CRT$XPX                DATA
 0002:000001ac 00000004H .CRT$XPXA               DATA
 0002:000001b0 00000004H .CRT$XPZ                DATA
 0002:000001b4 00000004H .CRT$XTA                DATA
 0002:000001b8 00000004H .CRT$XTZ                DATA
 0002:000001c0 00012f80H .rdata                  DATA
 0002:00013140 00000348H .rdata$r                DATA
 0002:00013490 0000001cH .rdata$sxdata           DATA
 0002:000134ac 00000004H .rtc$IAA                DATA
 0002:000134b0 00000004H .rtc$IZZ                DATA
 0002:000134b4 00000004H .rtc$TAA                DATA
 0002:000134b8 00000004H .rtc$TZZ                DATA
 0002:000134c0 0000062cH .xdata$x                DATA
 0002:00013af0 00000042H .edata                  DATA
 0002:00013b34 00000050H .idata$2                DATA
 0002:00013b84 00000014H .idata$3                DATA
 0002:00013b98 00000170H .idata$4                DATA
 0002:00013d08 000006b0H .idata$6                DATA
 0003:00000000 00001788H .data                   DATA
 0003:00001788 00000178H .data$r                 DATA
 0003:00001900 00004700H .bss                    DATA

  Address         Publics by Value              Rva+Base       Lib:Object

 0000:00000000       ___guard_fids_table        00000000     <absolute>
 0000:00000000       __except_list              00000000     <absolute>
 0000:00000000       ___guard_flags             00000000     <absolute>
 0000:00000000       ___guard_fids_count        00000000     <absolute>
 0000:00000007       ___safe_se_handler_count   00000007     <absolute>
 0000:00000000       ___ImageBase               10000000     <linker-defined>
 0001:00000f30       ?DllEntryPoint@@YGHPAUHINSTANCE__@@KPAX@Z 10001f30 f   human.obj
 0001:00001070       _human                     10002070 f   human.obj
 0001:00002c40       ??_G_Iostream_error_category@std@@UAEPAXI@Z 10003c40 f i human.obj
 0001:00002c40       ??_Gerror_category@std@@UAEPAXI@Z 10003c40 f i human.obj
 0001:00002c40       ??_E_System_error_category@std@@UAEPAXI@Z 10003c40 f i human.obj
 0001:00002c40       ??_E_Generic_error_category@std@@UAEPAXI@Z 10003c40 f i human.obj
 0001:00002c40       ??_G_System_error_category@std@@UAEPAXI@Z 10003c40 f i human.obj
 0001:00002c40       ??_E_Iostream_error_category@std@@UAEPAXI@Z 10003c40 f i human.obj
 0001:00002c40       ??_G_Generic_error_category@std@@UAEPAXI@Z 10003c40 f i human.obj
 0001:00002c40       ??_Eerror_category@std@@UAEPAXI@Z 10003c40 f i human.obj
 0001:00002c70       ?_Copy@?$basic_string@DU?$char_traits@D@std@@V?$allocator@D@2@@std@@QAEXII@Z 10003c70 f i human.obj
 0001:00002dc0       ?allocate@?$_Wrap_alloc@V?$allocator@D@std@@@std@@QAEPADI@Z 10003dc0 f i human.obj
 0001:00002df0       ?assign@?$basic_string@DU?$char_traits@D@std@@V?$allocator@D@2@@std@@QAEAAV12@ABV12@II@Z 10003df0 f i human.obj
 0001:00002f20       ?assign@?$basic_string@DU?$char_traits@D@std@@V?$allocator@D@2@@std@@QAEAAV12@PBDI@Z 10003f20 f i human.obj
 0001:00003020       ?default_error_condition@_System_error_category@std@@UBE?AVerror_condition@2@H@Z 10004020 f i human.obj
 0001:00003060       ?default_error_condition@error_category@std@@UBE?AVerror_condition@2@H@Z 10004060 f i human.obj
 0001:00003080       ?equivalent@error_category@std@@UBE_NABVerror_code@2@H@Z 10004080 f i human.obj
 0001:000030a0       ?equivalent@error_category@std@@UBE_NHABVerror_condition@2@@Z 100040a0 f i human.obj
 0001:000030e0       ?erase@?$basic_string@DU?$char_traits@D@std@@V?$allocator@D@2@@std@@QAEAAV12@II@Z 100040e0 f i human.obj
 0001:00003180       ?message@_Generic_error_category@std@@UBE?AV?$basic_string@DU?$char_traits@D@std@@V?$allocator@D@2@@2@H@Z 10004180 f i human.obj
 0001:000031f0       ?message@_Iostream_error_category@std@@UBE?AV?$basic_string@DU?$char_traits@D@std@@V?$allocator@D@2@@2@H@Z 100041f0 f i human.obj
 0001:00003240       ?message@_System_error_category@std@@UBE?AV?$basic_string@DU?$char_traits@D@std@@V?$allocator@D@2@@2@H@Z 10004240 f i human.obj
 0001:000032b0       ?name@_Generic_error_category@std@@UBEPBDXZ 100042b0 f i human.obj
 0001:000032c0       ?name@_Iostream_error_category@std@@UBEPBDXZ 100042c0 f i human.obj
 0001:000032d0       ?name@_System_error_category@std@@UBEPBDXZ 100042d0 f i human.obj
 0001:000032f0       ?HmReadPrefs@@YAXH@Z       100042f0 f   pref.obj
 0001:00003a2a       ?GfScrGetSize@@YAXPAH000@Z 10004a2a f   client:client.dll
 0001:00003a30       ?GfuiKeyEventRegisterCurrent@@YAXP6AHEHH@Z@Z 10004a30 f   client:client.dll
 0001:00003a36       ?GfuiSKeyEventRegisterCurrent@@YAXP6AHHHH@Z@Z 10004a36 f   client:client.dll
 0001:00003a3c       ?GfuiMouseShow@@YAXXZ      10004a3c f   client:client.dll
 0001:00003a42       ?GfctrlJoyInit@@YAPAUtCtrlJoyInfo@@XZ 10004a42 f   client:client.dll
 0001:00003a48       ?GfctrlJoyGetCurrent@@YAHPAUtCtrlJoyInfo@@@Z 10004a48 f   client:client.dll
 0001:00003a4e       ?GfctrlJoyRelease@@YAXPAUtCtrlJoyInfo@@@Z 10004a4e f   client:client.dll
 0001:00003a54       ?GfctrlMouseInit@@YAPAUtCtrlMouseInfo@@XZ 10004a54 f   client:client.dll
 0001:00003a5a       ?GfctrlMouseGetCurrent@@YAHPAUtCtrlMouseInfo@@@Z 10004a5a f   client:client.dll
 0001:00003a60       ?GfctrlMouseRelease@@YAXPAUtCtrlMouseInfo@@@Z 10004a60 f   client:client.dll
 0001:00003a66       ?GfctrlMouseCenter@@YAXXZ  10004a66 f   client:client.dll
 0001:00003a6c       ?GfctrlMouseInitCenter@@YAXXZ 10004a6c f   client:client.dll
 0001:00003a72       ?GfctrlGetRefByName@@YAPAUtCtrlRef@@PBD@Z 10004a72 f   client:client.dll
 0001:00003a78       ?GfctrlGetNameByRef@@YAPBDHH@Z 10004a78 f   client:client.dll
 0001:00003a7e       ?_tgf_win_calloc@@YAPAXII@Z 10004a7e f   tgf:tgf.dll
 0001:00003a84       ?_tgf_win_free@@YAXPAX@Z   10004a84 f   tgf:tgf.dll
 0001:00003a8a       ?_tgf_win_strdup@@YAPADPBD@Z 10004a8a f   tgf:tgf.dll
 0001:00003a90       ?GfParmReadFile@@YAPAXPBDH@Z 10004a90 f   tgf:tgf.dll
 0001:00003a96       ?GfParmWriteFile@@YAHPBDPAX0@Z 10004a96 f   tgf:tgf.dll
 0001:00003a9c       ?GfParmGetStr@@YAPBDPAXPBD11@Z 10004a9c f   tgf:tgf.dll
 0001:00003aa2       ?GfParmSetStr@@YAHPAXPBD11@Z 10004aa2 f   tgf:tgf.dll
 0001:00003aa8       ?GfParmGetNum@@YAMPAXPBD11M@Z 10004aa8 f   tgf:tgf.dll
 0001:00003aae       ?GfParmSetNum@@YAHPAXPBD11M@Z 10004aae f   tgf:tgf.dll
 0001:00003ab4       ?GfParmReleaseHandle@@YAXPAX@Z 10004ab4 f   tgf:tgf.dll
 0001:00003aba       ?GetLocalDir@@YAPADXZ      10004aba f   tgf:tgf.dll
 0001:00003ac0       ?RtTrackSideTgAngleL@@YAMPAUtTrkLocPos@@@Z 10004ac0 f   robottools:robottools.dll
 0001:00003ac6       ?RtGetDistFromStart@@YAMPAUCarElt@@@Z 10004ac6 f   robottools:robottools.dll
 0001:00003acc       ??0bad_alloc@std@@QAE@ABV01@@Z 10004acc f i libcpmt:xthrow.obj
 0001:00003ae7       ??0length_error@std@@QAE@ABV01@@Z 10004ae7 f i libcpmt:xthrow.obj
 0001:00003b02       ??0logic_error@std@@QAE@ABV01@@Z 10004b02 f i libcpmt:xthrow.obj
 0001:00003b1d       ??0out_of_range@std@@QAE@ABV01@@Z 10004b1d f i libcpmt:xthrow.obj
 0001:00003b38       ??1bad_alloc@std@@UAE@XZ   10004b38 f i libcpmt:xthrow.obj
 0001:00003b43       ??1out_of_range@std@@UAE@XZ 10004b43 f i libcpmt:xthrow.obj
 0001:00003b43       ??1length_error@std@@UAE@XZ 10004b43 f i libcpmt:xthrow.obj
 0001:00003b48       ??_Gbad_alloc@std@@UAEPAXI@Z 10004b48 f i libcpmt:xthrow.obj
 0001:00003b48       ??_Ebad_alloc@std@@UAEPAXI@Z 10004b48 f i libcpmt:xthrow.obj
 0001:00003b6d       ??_Eout_of_range@std@@UAEPAXI@Z 10004b6d f i libcpmt:xthrow.obj
 0001:00003b6d       ??_Gout_of_range@std@@UAEPAXI@Z 10004b6d f i libcpmt:xthrow.obj
 0001:00003b6d       ??_Glogic_error@std@@UAEPAXI@Z 10004b6d f i libcpmt:xthrow.obj
 0001:00003b6d       ??_Elogic_error@std@@UAEPAXI@Z 10004b6d f i libcpmt:xthrow.obj
 0001:00003b6d       ??_Glength_error@std@@UAEPAXI@Z 10004b6d f i libcpmt:xthrow.obj
 0001:00003b6d       ??_Elength_error@std@@UAEPAXI@Z 10004b6d f i libcpmt:xthrow.obj
 0001:00003b8c       ?_Xbad_alloc@std@@YAXXZ    10004b8c f   libcpmt:xthrow.obj
 0001:00003bbd       ?_Xlength_error@std@@YAXPBD@Z 10004bbd f   libcpmt:xthrow.obj
 0001:00003beb       ?_Xout_of_range@std@@YAXPBD@Z 10004beb f   libcpmt:xthrow.obj
 0001:00003c19       ?_Syserror_map@std@@YAPBDH@Z 10004c19 f   libcpmt:syserror.obj
 0001:00003c43       ?_Winerror_map@std@@YAPBDH@Z 10004c43 f   libcpmt:syserror.obj
 0001:00003c6d       __purecall                 10004c6d f   LIBCMT:purevirt.obj
 0001:00003c8f       ??2@YAPAXI@Z               10004c8f f   LIBCMT:new.obj
 0001:00003ce0       ??3@YAXPAX@Z               10004ce0 f   LIBCMT:delete.obj
 0001:00003ce5       ___onexitinit              10004ce5 f   LIBCMT:onexit.obj
 0001:00003d14       __onexit                   10004d14 f   LIBCMT:onexit.obj
 0001:00003e10       _atexit                    10004e10 f   LIBCMT:onexit.obj
 0001:00003e30       _memmove                   10004e30 f   LIBCMT:memmove.obj
 0001:00004480       _strchr                    10005480 f   LIBCMT:strchr.obj
 0001:000044ee       ___from_strstr_to_strchr   100054ee     LIBCMT:strchr.obj
 0001:000045b0       _strncpy                   100055b0 f   LIBCMT:strncpy.obj
 0001:000046e0       _strrchr                   100056e0 f   LIBCMT:strrchr.obj
 0001:00004817       __fdtest                   10005817 f   LIBCMT:_test.obj
 0001:00004863       __get_printf_count_output  10005863 f   LIBCMT:printf.obj
 0001:00004878       _printf                    10005878 f   LIBCMT:printf.obj
 0001:00004927       __snprintf                 10005927 f   LIBCMT:snprintf.obj
 0001:000049e0       _atan2                     100059e0 f   LIBCMT:87ctriga.obj
 0001:000049ea       __CIatan2                  100059ea f   LIBCMT:87ctriga.obj
 0001:000049f4       __CxxThrowException@8      100059f4 f   LIBCMT:throw.obj
 0001:00004b27       ?_CallCatchBlock2@@YAPAXPAUEHRegistrationNode@@PBU_s_FuncInfo@@PAXHK@Z 10005b27 f   LIBCMT:_trnsctrl_.obj
 0001:00004b87       ?_CallMemberFunction2@@YGXPAX00H@Z 10005b87 f   LIBCMT:_trnsctrl_.obj
 0001:00004b87       ?_CallMemberFunction0@@YGXPAX0@Z 10005b87 f   LIBCMT:_trnsctrl_.obj
 0001:00004b87       ?_CallMemberFunction1@@YGXPAX00@Z 10005b87 f   LIBCMT:_trnsctrl_.obj
 0001:00004b8e       ?_CallSETranslator@@YAHPAUEHExceptionRecord@@PAUEHRegistrationNode@@PAX2PBU_s_FuncInfo@@H1@Z 10005b8e f   LIBCMT:_trnsctrl_.obj
 0001:00004c65       ?_GetRangeOfTrysToCheck@@YAPBU_s_TryBlockMapEntry@@PBU_s_FuncInfo@@HHPAI1@Z 10005c65 f   LIBCMT:_trnsctrl_.obj
 0001:00004ce3       ?_JumpToContinuation@@YGXPAXPAUEHRegistrationNode@@@Z 10005ce3 f   LIBCMT:_trnsctrl_.obj
 0001:00004d15       ?_UnwindNestedFrames@@YGXPAUEHRegistrationNode@@PAUEHExceptionRecord@@@Z 10005d15 f   LIBCMT:_trnsctrl_.obj
 0001:00004d6a       __CreateFrameInfo          10005d6a f   LIBCMT:_trnsctrl_.obj
 0001:00004d94       __FindAndUnlinkFrame       10005d94 f   LIBCMT:_trnsctrl_.obj
 0001:00004de4       __IsExceptionObjectToBeDestroyed 10005de4 f   LIBCMT:_trnsctrl_.obj
 0001:00004e0d       ___CxxFrameHandler3        10005e0d f   LIBCMT:_trnsctrl_.obj
 0001:00004e50       __ftol2_sse                10005e50 f   LIBCMT:ftol2.obj
 0001:00004e59       __ftol2_pentium4           10005e59 f   LIBCMT:ftol2.obj
 0001:00004e6c       __ftol2_sse_excpt          10005e6c f   LIBCMT:ftol2.obj
 0001:00004e86       __ftol2                    10005e86 f   LIBCMT:ftol2.obj
 0001:00004f00       __libm_sse2_cos_precise    10005f00 f   LIBCMT:cos_sse2_precise.obj
 0001:000050c0       __libm_sse2_pow_precise    100060c0 f   LIBCMT:pow_sse2_precise.obj
 0001:00005c30       _memcpy                    10006c30 f   LIBCMT:memcpy.obj
 0001:00006280       _memset                    10007280 f   LIBCMT:memset.obj
 0001:00006310       ??1type_info@@UAE@XZ       10007310 f   LIBCMT:typinfo.obj
 0001:0000631e       ??8type_info@@QBE_NABV0@@Z 1000731e f   LIBCMT:typinfo.obj
 0001:0000633c       ??_Gtype_info@@UAEPAXI@Z   1000733c f i LIBCMT:typinfo.obj
 0001:0000633c       ??_Etype_info@@UAEPAXI@Z   1000733c f i LIBCMT:typinfo.obj
 0001:0000635b       __fpmath                   1000735b f   LIBCMT:fpinit.obj
 0001:00006372       __cfltcvt_init             10007372 f   LIBCMT:fpinit.obj
 0001:000063d2       __CRT_INIT@12              100073d2 f   LIBCMT:dllcrt0.obj
 0001:00006544       __DllMainCRTStartup@12     10007544 f   LIBCMT:dllcrt0.obj
 0001:00006675       ___DllXcptFilter           10007675 f   LIBCMT:dllcrt0.obj
 0001:000066a0       __CIsqrt                   100076a0 f   LIBCMT:sqrt.obj
 0001:000066b4       _sqrt                      100076b4     LIBCMT:sqrt.obj
 0001:00006760       _asin                      10007760 f   LIBCMT:asin.obj
 0001:000067a0       __CIasin                   100077a0 f   LIBCMT:asin.obj
 0001:000067db       __CIasin_default           100077db f   LIBCMT:asin.obj
 0001:000067ef       __asin_default             100077ef     LIBCMT:asin.obj
 0001:000068b0       _acos                      100078b0 f   LIBCMT:acos.obj
 0001:000068f0       __CIacos                   100078f0 f   LIBCMT:acos.obj
 0001:0000692b       __CIacos_default           1000792b f   LIBCMT:acos.obj
 0001:0000693f       __acos_default             1000793f     LIBCMT:acos.obj
 0001:00006a00       _sin                       10007a00 f   LIBCMT:sin.obj
 0001:00006a40       __CIsin                    10007a40 f   LIBCMT:sin.obj
 0001:00006a7b       __CIsin_default            10007a7b f   LIBCMT:sin.obj
 0001:00006a8f       __sin_default              10007a8f     LIBCMT:sin.obj
 0001:00006b30       _cos                       10007b30 f   LIBCMT:cos.obj
 0001:00006b70       __CIcos                    10007b70 f   LIBCMT:cos.obj
 0001:00006bab       __CIcos_default            10007bab f   LIBCMT:cos.obj
 0001:00006bbf       __cos_default              10007bbf     LIBCMT:cos.obj
 0001:00006c60       _tan                       10007c60 f   LIBCMT:tan.obj
 0001:00006ca0       __CItan                    10007ca0 f   LIBCMT:tan.obj
 0001:00006cdb       __CItan_default            10007cdb f   LIBCMT:tan.obj
 0001:00006cef       __tan_default              10007cef     LIBCMT:tan.obj
 0001:00006d8d       ___crtCorExitProcess       10007d8d f   LIBCMT:crt0dat.obj
 0001:00006dc1       ___crtExitProcess          10007dc1 f   LIBCMT:crt0dat.obj
 0001:00006dd7       ___freeCrtMemory           10007dd7 f   LIBCMT:crt0dat.obj
 0001:00006ee4       __amsg_exit                10007ee4 f   LIBCMT:crt0dat.obj
 0001:00006f00       __cexit                    10007f00 f   LIBCMT:crt0dat.obj
 0001:00006f0f       __cinit                    10007f0f f   LIBCMT:crt0dat.obj
 0001:00006f93       __exit                     10007f93 f   LIBCMT:crt0dat.obj
 0001:00006fa7       __init_pointers            10007fa7 f   LIBCMT:crt0dat.obj
 0001:00007015       __initterm_e               10008015 f   LIBCMT:crt0dat.obj
 0001:00007037       __lockexit                 10008037 f   LIBCMT:crt0dat.obj
 0001:00007040       __unlockexit               10008040 f   LIBCMT:crt0dat.obj
 0001:00007178       ___initstdio               10008178 f   LIBCMT:_file.obj
 0001:000071eb       ___endstdio                100081eb f   LIBCMT:_file.obj
 0001:00007212       ___iob_func                10008212 f   LIBCMT:_file.obj
 0001:00007218       __lock_file                10008218 f   LIBCMT:_file.obj
 0001:00007257       __lock_file2               10008257 f   LIBCMT:_file.obj
 0001:00007287       __unlock_file              10008287 f   LIBCMT:_file.obj
 0001:000072c1       __unlock_file2             100082c1 f   LIBCMT:_file.obj
 0001:000072f0       _strlen                    100082f0 f   LIBCMT:strlen.obj
 0001:0000737b       ??0exception@std@@QAE@ABQBD@Z 1000837b f   LIBCMT:stdexcpt.obj
 0001:000073a0       ??0exception@std@@QAE@ABQBDH@Z 100083a0 f   LIBCMT:stdexcpt.obj
 0001:000073bb       ??0exception@std@@QAE@ABV01@@Z 100083bb f   LIBCMT:stdexcpt.obj
 0001:000073de       ??1exception@std@@UAE@XZ   100083de f   LIBCMT:stdexcpt.obj
 0001:000073e9       ??4exception@std@@QAEAAV01@ABV01@@Z 100083e9 f   LIBCMT:stdexcpt.obj
 0001:0000741c       ??_Eexception@std@@UAEPAXI@Z 1000841c f i LIBCMT:stdexcpt.obj
 0001:0000741c       ??_Gexception@std@@UAEPAXI@Z 1000841c f i LIBCMT:stdexcpt.obj
 0001:00007441       ?_Copy_str@exception@std@@AAEXPBD@Z 10008441 f   LIBCMT:stdexcpt.obj
 0001:0000747f       ?_Tidy@exception@std@@AAEXXZ 1000847f f   LIBCMT:stdexcpt.obj
 0001:0000749b       ?what@exception@std@@UBEPBDXZ 1000849b f   LIBCMT:stdexcpt.obj
 0001:000074a8       @__security_check_cookie@4 100084a8 f   LIBCMT:secchk.obj
 0001:000074b7       __EH_prolog3_catch         100084b7 f   LIBCMT:ehprolg3.obj
 0001:000074ed       __set_abort_behavior       100084ed f   LIBCMT:abort.obj
 0001:0000750c       _abort                     1000850c f   LIBCMT:abort.obj
 0001:0000754f       __initp_misc_purevirt      1000854f f   LIBCMT:inithelp.obj
 0001:0000755c       _malloc                    1000855c f   LIBCMT:malloc.obj
 0001:000075ee       __callnewh                 100085ee f   LIBCMT:handler.obj
 0001:00007614       __initp_heap_handler       10008614 f   LIBCMT:handler.obj
 0001:00007621       _free                      10008621 f   LIBCMT:free.obj
 0001:00007659       __msize                    10008659 f   LIBCMT:msize.obj
 0001:0000768a       __calloc_crt               1000868a f   LIBCMT:crtheap.obj
 0001:000076d2       __malloc_crt               100086d2 f   LIBCMT:crtheap.obj
 0001:00007719       __realloc_crt              10008719 f   LIBCMT:crtheap.obj
 0001:00007770       __SEH_prolog4              10008770 f   LIBCMT:sehprolg4.obj
 0001:000077b5       __SEH_epilog4              100087b5 f   LIBCMT:sehprolg4.obj
 0001:000077d0       __except_handler4          100087d0 f   LIBCMT:chandler4.obj
 0001:00007964       ___isa_available_init      10008964 f   LIBCMT:cpu_disp.obj
 0001:00007add       ___doserrno                10008add f   LIBCMT:dosmap.obj
 0001:00007af0       __dosmaperr                10008af0 f   LIBCMT:dosmap.obj
 0001:00007b11       __errno                    10008b11 f   LIBCMT:dosmap.obj
 0001:00007b24       __get_errno_from_oserr     10008b24 f   LIBCMT:dosmap.obj
 0001:00007b65       __decomp                   10008b65 f   LIBCMT:util.obj
 0001:00007c37       __set_exp                  10008c37 f   LIBCMT:util.obj
 0001:00007c66       __sptype                   10008c66 f   LIBCMT:util.obj
 0001:00007cc1       __handle_exc               10008cc1 f   LIBCMT:fpexcept.obj
 0001:00007e9f       __raise_exc                10008e9f f   LIBCMT:fpexcept.obj
 0001:00007ec0       __raise_exc_ex             10008ec0 f   LIBCMT:fpexcept.obj
 0001:000081a5       __set_errno_from_matherr   100091a5 f   LIBCMT:fpexcept.obj
 0001:000081d2       ___set_fpsr_sse2           100091d2 f   LIBCMT:fpctrl.obj
 0001:00008248       __clrfp                    10009248 f   LIBCMT:fpctrl.obj
 0001:00008259       __ctrlfp                   10009259 f   LIBCMT:fpctrl.obj
 0001:00008284       __set_statfp               10009284 f   LIBCMT:fpctrl.obj
 0001:000082dc       __statfp                   100092dc f   LIBCMT:fpctrl.obj
 0001:000082ec       __call_reportfault         100092ec f   LIBCMT:invarg.obj
 0001:00008411       __initp_misc_invarg        10009411 f   LIBCMT:invarg.obj
 0001:0000841e       __invalid_parameter        1000941e f   LIBCMT:invarg.obj
 0001:00008449       __invalid_parameter_noinfo 10009449 f   LIBCMT:invarg.obj
 0001:00008459       __invoke_watson            10009459 f   LIBCMT:invarg.obj
 0001:00008484       __ftbuf                    10009484 f   LIBCMT:_sftbuf.obj
 0001:000084b5       __stbuf                    100094b5 f   LIBCMT:_sftbuf.obj
 0001:0000855b       ??0_LocaleUpdate@@QAE@PAUlocaleinfo_struct@@@Z 1000955b f i LIBCMT:output.obj
 0001:000085e3       __output_l                 100095e3 f   LIBCMT:output.obj
 0001:0000924f       __flsbuf                   1000a24f f   LIBCMT:_flsbuf.obj
 0001:000093bc       __fFATN2                   1000a3bc     LIBCMT:87triga.obj
 0001:0000940c       __rtpiby2                  1000a40c     LIBCMT:87triga.obj
 0001:00009450       __cintrindisp2             1000a450 f   LIBCMT:87cdisp.obj
 0001:0000948e       __cintrindisp1             1000a48e f   LIBCMT:87cdisp.obj
 0001:000094cb       __ctrandisp2               1000a4cb f   LIBCMT:87cdisp.obj
 0001:0000965a       __ctrandisp1               1000a65a f   LIBCMT:87cdisp.obj
 0001:0000968d       __fload                    1000a68d f   LIBCMT:87cdisp.obj
 0001:000096c9       __freefls@4                1000a6c9 f   LIBCMT:tidtable.obj
 0001:000097fe       __freeptd                  1000a7fe f   LIBCMT:tidtable.obj
 0001:00009834       __getptd                   1000a834 f   LIBCMT:tidtable.obj
 0001:0000984c       __getptd_noexit            1000a84c f   LIBCMT:tidtable.obj
 0001:000098bb       __initptd                  1000a8bb f   LIBCMT:tidtable.obj
 0001:0000996e       __mtinit                   1000a96e f   LIBCMT:tidtable.obj
 0001:000099e4       __mtterm                   1000a9e4 f   LIBCMT:tidtable.obj
 0001:00009a10       __CallSettingFrame@12      1000aa10 f   LIBCMT:lowhelpr.obj
 0001:00009a37       __NLG_Return               1000aa37     LIBCMT:lowhelpr.obj
 0001:00009a5c       ?_inconsistency@@YAXXZ     1000aa5c f   LIBCMT:hooks.obj
 0001:00009a94       ?terminate@@YAXXZ          1000aa94 f   LIBCMT:hooks.obj
 0001:00009ac8       ?unexpected@@YAXXZ         1000aac8 f   LIBCMT:hooks.obj
 0001:00009adb       __initp_eh_hooks           1000aadb f   LIBCMT:hooks.obj
 0001:00009aec       ___DestructExceptionObject 1000aaec f   LIBCMT:frame.obj
 0001:00009b77       ??0bad_exception@std@@QAE@ABV01@@Z 1000ab77 f i LIBCMT:frame.obj
 0001:00009b92       ??1bad_exception@std@@UAE@XZ 1000ab92 f i LIBCMT:frame.obj
 0001:00009b9d       ??_Gbad_exception@std@@UAEPAXI@Z 1000ab9d f i LIBCMT:frame.obj
 0001:00009b9d       ??_Ebad_exception@std@@UAEPAXI@Z 1000ab9d f i LIBCMT:frame.obj
 0001:0000a3d1       ___AdjustPointer           1000b3d1 f   LIBCMT:frame.obj
 0001:0000a3f6       ___BuildCatchObject        1000b3f6 f   LIBCMT:frame.obj
 0001:0000a484       ___BuildCatchObjectHelper  1000b484 f   LIBCMT:frame.obj
 0001:0000a646       ___FrameUnwindFilter       1000b646 f   LIBCMT:frame.obj
 0001:0000a694       ___FrameUnwindToState      1000b694 f   LIBCMT:frame.obj
 0001:0000a76d       ___InternalCxxFrameHandler 1000b76d f   LIBCMT:frame.obj
 0001:0000a84e       ___TypeMatch               1000b84e f   LIBCMT:frame.obj
 0001:0000a8b5       ___libm_error_support      1000b8b5 f   LIBCMT:libm_error.obj
 0001:0000aba0       _pow                       1000bba0 f   LIBCMT:pow.obj
 0001:0000abe0       __CIpow                    1000bbe0 f   LIBCMT:pow.obj
 0001:0000ac1b       __CIpow_default            1000bc1b f   LIBCMT:pow.obj
 0001:0000ac34       __pow_default              1000bc34     LIBCMT:pow.obj
 0001:0000ae2a       __VEC_memset               1000be2a f   LIBCMT:p4_memset.obj
 0001:0000af00       _strcmp                    1000bf00 f   LIBCMT:strcmp.obj
 0001:0000af8c       ?_Type_info_dtor@type_info@@CAXPAV1@@Z 1000bf8c f   LIBCMT:typname.obj
 0001:0000affd       __cfltcvt                  1000bffd f   LIBCMT:cvt.obj
 0001:0000b01e       __cfltcvt_l                1000c01e f   LIBCMT:cvt.obj
 0001:0000b0a4       __cftoa_l                  1000c0a4 f   LIBCMT:cvt.obj
 0001:0000b400       __cftoe                    1000c400 f   LIBCMT:cvt.obj
 0001:0000b56f       __cftoe_l                  1000c56f f   LIBCMT:cvt.obj
 0001:0000b729       __cftof_l                  1000c729 f   LIBCMT:cvt.obj
 0001:0000b7ea       __cftog_l                  1000c7ea f   LIBCMT:cvt.obj
 0001:0000b8e9       __cropzeros                1000c8e9 f   LIBCMT:cvt.obj
 0001:0000b8fa       __cropzeros_l              1000c8fa f   LIBCMT:cvt.obj
 0001:0000b97a       __fassign                  1000c97a f   LIBCMT:cvt.obj
 0001:0000b992       __fassign_l                1000c992 f   LIBCMT:cvt.obj
 0001:0000b9d4       __forcdecpt                1000c9d4 f   LIBCMT:cvt.obj
 0001:0000b9e5       __forcdecpt_l              1000c9e5 f   LIBCMT:cvt.obj
 0001:0000ba59       __positive                 1000ca59 f   LIBCMT:cvt.obj
 0001:0000ba9b       __setdefaultprecision      1000ca9b f   LIBCMT:fp8.obj
 0001:0000bac2       __initp_misc_cfltcvt_tab   1000cac2 f   LIBCMT:cmiscdat.obj
 0001:0000bae1       __XcptFilter               1000cae1 f   LIBCMT:winxfltr.obj
 0001:0000bc3c       ___CppXcptFilter           1000cc3c f   LIBCMT:winxfltr.obj
 0001:0000bc5a       __heap_init                1000cc5a f   LIBCMT:heapinit.obj
 0001:0000bc6f       __heap_term                1000cc6f f   LIBCMT:heapinit.obj
 0001:0000bc77       __ioinit                   1000cc77 f   LIBCMT:ioinit.obj
 0001:0000bf2b       __ioterm                   1000cf2b f   LIBCMT:ioinit.obj
 0001:0000bf7d       __setargv                  1000cf7d f   LIBCMT:stdargv.obj
 0001:0000c1ac       __setenvp                  1000d1ac f   LIBCMT:stdenvp.obj
 0001:0000c28d       ___security_init_cookie    1000d28d f   LIBCMT:gs_support.obj
 0001:0000c329       _DllMain@12                1000d329 f   LIBCMT:dllmain.obj
 0001:0000c32f       ___crtGetEnvironmentStringsA 1000d32f f   LIBCMT:a_env.obj
 0001:0000c3bc       ___crtFlsAlloc             1000d3bc f   LIBCMT:winapisupp.obj
 0001:0000c3da       ___crtFlsFree              1000d3da f   LIBCMT:winapisupp.obj
 0001:0000c3f9       ___crtFlsGetValue          1000d3f9 f   LIBCMT:winapisupp.obj
 0001:0000c418       ___crtFlsSetValue          1000d418 f   LIBCMT:winapisupp.obj
 0001:0000c43a       ___crtInitializeCriticalSectionEx 1000d43a f   LIBCMT:winapisupp.obj
 0001:0000c468       ___crtIsPackagedApp        1000d468 f   LIBCMT:winapisupp.obj
 0001:0000c4a8       ___crtLoadWinApiPointers   1000d4a8 f   LIBCMT:winapisupp.obj
 0001:0000c733       ___crtSleep                1000d733 f   LIBCMT:winapisupp.obj
 0001:0000c741       ___crtTerminateProcess     1000d741 f   LIBCMT:winapisupp.obj
 0001:0000c756       ___crtUnhandledException   1000d756 f   LIBCMT:winapisupp.obj
 0001:0000c76c       __RTC_Initialize           1000d76c f   LIBCMT:initsect.obj
 0001:0000c78c       __RTC_Terminate            1000d78c f   LIBCMT:initsect.obj
 0001:0000c7b0       __trandisp1                1000d7b0 f   LIBCMT:87disp.obj
 0001:0000c817       __trandisp2                1000d817 f   LIBCMT:87disp.obj
 0001:0000c8a3       __rttospopde               1000d8a3     LIBCMT:87disp.obj
 0001:0000c8a8       __rttospop                 1000d8a8     LIBCMT:87disp.obj
 0001:0000c8aa       __rtnospop                 1000d8aa     LIBCMT:87disp.obj
 0001:0000c8ac       __rttosnpop                1000d8ac     LIBCMT:87disp.obj
 0001:0000c8ad       __rtnospopde               1000d8ad     LIBCMT:87disp.obj
 0001:0000c8b4       __rtzeropop                1000d8b4     LIBCMT:87disp.obj
 0001:0000c8b6       __rtzeronpop               1000d8b6     LIBCMT:87disp.obj
 0001:0000c8bb       __rtonepop                 1000d8bb     LIBCMT:87disp.obj
 0001:0000c8bd       __rtonenpop                1000d8bd     LIBCMT:87disp.obj
 0001:0000c8c2       __tosnan1                  1000d8c2     LIBCMT:87disp.obj
 0001:0000c8ed       __nosnan2                  1000d8ed     LIBCMT:87disp.obj
 0001:0000c8ef       __tosnan2                  1000d8ef     LIBCMT:87disp.obj
 0001:0000c917       __nan2                     1000d917     LIBCMT:87disp.obj
 0001:0000c956       __rtindfpop                1000d956     LIBCMT:87disp.obj
 0001:0000c958       __rtindfnpop               1000d958     LIBCMT:87disp.obj
 0001:0000c969       __rttosnpopde              1000d969     LIBCMT:87disp.obj
 0001:0000c973       __rtchsifneg               1000d973     LIBCMT:87disp.obj
 0001:0000c980       __startTwoArgErrorHandling 1000d980 f   LIBCMT:genexcep.obj
 0001:0000c997       __startOneArgErrorHandling 1000d997 f   LIBCMT:genexcep.obj
 0001:0000c9e0       __twoToTOS                 1000d9e0 f   LIBCMT:common.obj
 0001:0000c9f5       __load_CW                  1000d9f5 f   LIBCMT:common.obj
 0001:0000ca0c       __convertTOStoQNaN         1000da0c f   LIBCMT:common.obj
 0001:0000ca25       __fload_withFB             1000da25 f   LIBCMT:common.obj
 0001:0000ca68       __checkTOS_withFB          1000da68 f   LIBCMT:common.obj
 0001:0000ca7e       __fast_exit                1000da7e f   LIBCMT:common.obj
 0001:0000ca8b       __math_exit                1000da8b f   LIBCMT:common.obj
 0001:0000cab5       __check_overflow_exit      1000dab5 f   LIBCMT:common.obj
 0001:0000cac9       __check_range_exit         1000dac9 f   LIBCMT:common.obj
 0001:0000cb6c       __sse2_mathfcns_init       1000db6c f   LIBCMT:mathfcns.obj
 0001:0000cb80       __CIasin_pentium4          1000db80 f   LIBCMT:asin_pentium4.obj
 0001:0000cb98       __asin_pentium4            1000db98     LIBCMT:asin_pentium4.obj
 0001:0000d100       __CIacos_pentium4          1000e100 f   LIBCMT:acos_pentium4.obj
 0001:0000d118       __acos_pentium4            1000e118     LIBCMT:acos_pentium4.obj
 0001:0000d660       __CIsin_pentium4           1000e660 f   LIBCMT:sin_pentium4.obj
 0001:0000d678       __sin_pentium4             1000e678     LIBCMT:sin_pentium4.obj
 0001:0000d830       __CIcos_pentium4           1000e830 f   LIBCMT:cos_pentium4.obj
 0001:0000d848       __cos_pentium4             1000e848     LIBCMT:cos_pentium4.obj
 0001:0000d9e0       __CItan_pentium4           1000e9e0 f   LIBCMT:tan_pentium4.obj
 0001:0000d9f8       __tan_pentium4             1000e9f8     LIBCMT:tan_pentium4.obj
 0001:0000dc40       __lock                     1000ec40 f   LIBCMT:mlock.obj
 0001:0000dc74       __mtdeletelocks            1000ec74 f   LIBCMT:mlock.obj
 0001:0000dcc8       __mtinitlocknum            1000ecc8 f   LIBCMT:mlock.obj
 0001:0000dd71       __mtinitlocks              1000ed71 f   LIBCMT:mlock.obj
 0001:0000ddaa       __unlock                   1000edaa f   LIBCMT:mlock.obj
 0001:0000ddbf       __FF_MSGBANNER             1000edbf f   LIBCMT:crt0msg.obj
 0001:0000ddf8       __GET_RTERRMSG             1000edf8 f   LIBCMT:crt0msg.obj
 0001:0000de1c       __NMSG_WRITE               1000ee1c f   LIBCMT:crt0msg.obj
 0001:0000dfe0       __FindPESection            1000efe0 f   LIBCMT:pesect.obj
 0001:0000e030       __IsNonwritableInCurrentImage 1000f030 f   LIBCMT:pesect.obj
 0001:0000e0f0       __ValidateImageBase        1000f0f0 f   LIBCMT:pesect.obj
 0001:0000e121       ___get_sigabrt             1000f121 f   LIBCMT:winsig.obj
 0001:0000e12e       __initp_misc_winsig        1000f12e f   LIBCMT:winsig.obj
 0001:0000e14a       _raise                     1000f14a f   LIBCMT:winsig.obj
 0001:0000e33f       __initp_misc_rand_s        1000f33f f   LIBCMT:rand_s.obj
 0001:0000e34c       ___initmbctable            1000f34c f   LIBCMT:mbctype.obj
 0001:0000e603       ___updatetmbcinfo          1000f603 f   LIBCMT:mbctype.obj
 0001:0000e6a9       __setmbcp                  1000f6a9 f   LIBCMT:mbctype.obj
 0001:0000e851       __setmbcp_nolock           1000f851 f   LIBCMT:mbctype.obj
 0001:0000ea3c       __fileno                   1000fa3c f   LIBCMT:fileno.obj
 0001:0000ea60       __fcloseall                1000fa60 f   LIBCMT:closeall.obj
 0001:0000eafd       __fflush_nolock            1000fafd f   LIBCMT:fflush.obj
 0001:0000eb43       __flush                    1000fb43 f   LIBCMT:fflush.obj
 0001:0000eba7       __flushall                 1000fba7 f   LIBCMT:fflush.obj
 0001:0000ec94       _strcpy_s                  1000fc94 f   LIBCMT:strcpy_s.obj
 0001:0000ece9       ___raise_securityfailure   1000fce9 f   LIBCMT:gs_report.obj
 0001:0000ed26       ___report_gsfailure        1000fd26 f   LIBCMT:gs_report.obj
 0001:0000ee21       __freea                    1000fe21 f i LIBCMT:a_loc.obj
 0001:0000ee3f       _GetTableIndexFromLocaleName 1000fe3f f   LIBCMT:winapinls.obj
 0001:0000ee8d       ___crtDownlevelLocaleNameToLCID 1000fe8d f   LIBCMT:winapinls.obj
 0001:0000eeb7       ___crtLCMapStringEx        1000feb7 f   LIBCMT:winapinls.obj
 0001:0000ef03       ___wcsnicmp_ascii          1000ff03 f   LIBCMT:winapinls.obj
 0001:0000ef71       _realloc                   1000ff71 f   LIBCMT:realloc.obj
 0001:0000f01c       __calloc_impl              1001001c f   LIBCMT:calloc_impl.obj
 0001:0000f0a0       __local_unwind4            100100a0 f   LIBCMT:exsup4.obj
 0001:0000f176       __seh_longjmp_unwind4@4    10010176 f   LIBCMT:exsup4.obj
 0001:0000f192       @_EH4_CallFilterFunc@8     10010192 f   LIBCMT:exsup4.obj
 0001:0000f1a9       @_EH4_TransferToHandler@8  100101a9 f   LIBCMT:exsup4.obj
 0001:0000f1c2       @_EH4_GlobalUnwind2@8      100101c2 f   LIBCMT:exsup4.obj
 0001:0000f1db       @_EH4_LocalUnwind@16       100101db f   LIBCMT:exsup4.obj
 0001:0000f1f2       __matherr                  100101f2 f   LIBCMT:matherr.obj
 0001:0000f1f5       __crt_debugger_hook        100101f5 f   LIBCMT:dbghook.obj
 0001:0000f1fd       __isatty                   100101fd f   LIBCMT:isatty.obj
 0001:0000f251       ___addlocaleref            10010251 f   LIBCMT:localref.obj
 0001:0000f2e6       ___freetlocinfo            100102e6 f   LIBCMT:localref.obj
 0001:0000f440       ___removelocaleref         10010440 f   LIBCMT:localref.obj
 0001:0000f4e0       ___updatetlocinfo          100104e0 f   LIBCMT:localref.obj
 0001:0000f560       __updatetlocinfoEx_nolock  10010560 f   LIBCMT:localref.obj
 0001:0000f5ab       __isleadbyte_l             100105ab f i LIBCMT:_wctype.obj
 0001:0000f5e5       _isleadbyte                100105e5 f i LIBCMT:_wctype.obj
 0001:0000f5f6       __wctomb_s_l               100105f6 f   LIBCMT:wctomb.obj
 0001:0000f71a       _wctomb_s                  1001071a f   LIBCMT:wctomb.obj
 0001:0000f740       __aulldvrm                 10010740 f   LIBCMT:ulldvrm.obj
 0001:0000f7d5       __write                    100107d5 f   LIBCMT:write.obj
 0001:0000f8c4       __write_nolock             100108c4 f   LIBCMT:write.obj
 0001:00010129       __lseeki64                 10011129 f   LIBCMT:lseeki64.obj
 0001:00010225       __lseeki64_nolock          10011225 f   LIBCMT:lseeki64.obj
 0001:00010298       __getbuf                   10011298 f   LIBCMT:_getbuf.obj
 0001:000102de       __87except                 100112de f   LIBCMT:87except.obj
 0001:000103f0       __global_unwind2           100113f0 f   LIBCMT:exsup.obj
 0001:00010455       __local_unwind2            10011455 f   LIBCMT:exsup.obj
 0001:000104d9       __abnormal_termination     100114d9 f   LIBCMT:exsup.obj
 0001:000104fc       __NLG_Notify1              100114fc f   LIBCMT:exsup.obj
 0001:00010505       __NLG_Notify               10011505 f   LIBCMT:exsup.obj
 0001:0001051c       __NLG_Dispatch             1001151c     LIBCMT:exsup.obj
 0001:0001051c       __NLG_Dispatch2            1001151c     LIBCMT:exsup.obj
 0001:00010524       __NLG_Call                 10011524 f   LIBCMT:exsup.obj
 0001:00010526       __NLG_Return2              10011526     LIBCMT:exsup.obj
 0001:00010527       ?_ValidateWrite@@YAHPAXI@Z 10011527 f   LIBCMT:validate.obj
 0001:00010527       ?_ValidateRead@@YAHPBXI@Z  10011527 f   LIBCMT:validate.obj
 0001:00010527       ?_ValidateExecute@@YAHP6GHXZ@Z 10011527 f   LIBCMT:validate.obj
 0001:00010540       __CIpow_pentium4           10011540 f   LIBCMT:pow_pentium4.obj
 0001:00010559       __pow_pentium4             10011559     LIBCMT:pow_pentium4.obj
 0001:000110b1       __fFEXP                    100120b1     LIBCMT:87tran.obj
 0001:00011108       __rtinfpopse               10012108     LIBCMT:87tran.obj
 0001:0001110a       __rtinfnpopse              1001210a     LIBCMT:87tran.obj
 0001:0001111a       __fFLN                     1001211a     LIBCMT:87tran.obj
 0001:000111cf       __rtinfpop                 100121cf     LIBCMT:87tran.obj
 0001:000111d1       __rtinfnpop                100121d1     LIBCMT:87tran.obj
 0001:000111ee       __ffexpm1                  100121ee     LIBCMT:87tran.obj
 0001:00011297       __d_inttype                10012297 f   LIBCMT:powhlp.obj
 0001:000112ff       __powhlp                   100122ff f   LIBCMT:powhlp.obj
 0001:00011435       __isdigit_l                10012435 f i LIBCMT:_ctype.obj
 0001:00011487       _isdigit                   10012487 f i LIBCMT:_ctype.obj
 0001:000114b2       __tolower_l                100124b2 f   LIBCMT:tolower.obj
 0001:000115f5       _tolower                   100125f5 f   LIBCMT:tolower.obj
 0001:00011621       __fptostr                  10012621 f   LIBCMT:_fptostr.obj
 0001:000116d1       ___crt_atoflt_l            100126d1 f   LIBCMT:atodbl.obj
 0001:00011775       __atodbl_l                 10012775 f   LIBCMT:atodbl.obj
 0001:00011803       __atoflt_l                 10012803 f   LIBCMT:atodbl.obj
 0001:0001181b       ___dtold                   1001281b f   LIBCMT:cfout.obj
 0001:000118e3       __fltout2                  100128e3 f   LIBCMT:cfout.obj
 0001:00011980       __alldvrm                  10012980 f   LIBCMT:lldvrm.obj
 0001:00011a60       __aullshr                  10012a60 f   LIBCMT:ullshr.obj
 0001:00011a7f       __controlfp_s              10012a7f f   LIBCMT:contrlfp.obj
 0001:00011adc       __fptrap                   10012adc f   LIBCMT:crt0fp.obj
 0001:00011b3f       __ismbblead                10012b3f f   LIBCMT:ismbbyte.obj
 0001:00011b55       _wcscat_s                  10012b55 f   LIBCMT:wcscat_s.obj
 0001:00011bc1       _wcscpy_s                  10012bc1 f   LIBCMT:wcscpy_s.obj
 0001:00011c1d       _wcslen                    10012c1d f   LIBCMT:wcslen.obj
 0001:00011c36       _wcsncpy_s                 10012c36 f   LIBCMT:wcsncpy_s.obj
 0001:00011cf4       __set_error_mode           10012cf4 f   LIBCMT:errmode.obj
 0001:00011d34       ___crtMessageBoxW          10012d34 f   LIBCMT:crtmboxw.obj
 0001:0001211e       ___crtLCMapStringA         1001311e f   LIBCMT:a_map.obj
 0001:0001225c       ___crtGetStringTypeA       1001325c f   LIBCMT:a_str.obj
 0001:0001229c       __fclose_nolock            1001329c f   LIBCMT:fclose.obj
 0001:00012308       _fclose                    10013308 f   LIBCMT:fclose.obj
 0001:0001237f       __commit                   1001337f f   LIBCMT:commit.obj
 0001:00012470       __alloca_probe_16          10013470 f   LIBCMT:alloca16.obj
 0001:00012486       __alloca_probe_8           10013486     LIBCMT:alloca16.obj
 0001:0001249c       ___free_lconv_mon          1001349c f   LIBCMT:initmon.obj
 0001:00012598       ___free_lconv_num          10013598 f   LIBCMT:initnum.obj
 0001:000125ff       ___free_lc_time            100135ff f   LIBCMT:inittime.obj
 0001:0001297f       ___lock_fhandle            1001397f f   LIBCMT:osfinfo.obj
 0001:00012a0d       __free_osfhnd              10013a0d f   LIBCMT:osfinfo.obj
 0001:00012a93       __get_osfhandle            10013a93 f   LIBCMT:osfinfo.obj
 0001:00012afa       __unlock_fhandle           10013afa f   LIBCMT:osfinfo.obj
 0001:00012b20       __mbtowc_l                 10013b20 f   LIBCMT:mbtowc.obj
 0001:00012c15       _mbtowc                    10013c15 f   LIBCMT:mbtowc.obj
 0001:00012c2d       __putwch_nolock            10013c2d f   LIBCMT:putwch.obj
 0001:00012c70       __chkstk                   10013c70 f   LIBCMT:chkstk.obj
 0001:00012c70       __alloca_probe             10013c70 f   LIBCMT:chkstk.obj
 0001:00012c9b       __frnd                     10013c9b f   LIBCMT:frnd.obj
 0001:00012caf       __fpclass                  10013caf f   LIBCMT:ieeemisc.obj
 0001:00012d4b       __isctype_l                10013d4b f   LIBCMT:isctype.obj
 0001:00012dfc       __locterm                  10013dfc f   LIBCMT:wsetloca.obj
 0001:00012e4e       __ld12tod                  10013e4e f   LIBCMT:intrncvt.obj
 0001:000133c0       __ld12tof                  100143c0 f   LIBCMT:intrncvt.obj
 0001:00013932       ___strgtold12_l            10014932 f   LIBCMT:strgtold.obj
 0001:000140da       _$I10_OUTPUT               100150da f   LIBCMT:x10fout.obj
 0001:00014b57       __control87                10015b57 f i LIBCMT:ieee87.obj
 0001:00014ef0       __close                    10015ef0 f   LIBCMT:close.obj
 0001:00014fcb       __close_nolock             10015fcb f   LIBCMT:close.obj
 0001:00015065       __freebuf                  10016065 f   LIBCMT:_freebuf.obj
 0001:00015095       ___termconout              10016095 f   LIBCMT:initcon.obj
 0001:000150ac       ___initconout              100160ac f   LIBCMT:initcon.obj
 0001:000150cb       ___mtold12                 100160cb f   LIBCMT:mantold.obj
 0001:000152b0       __allmul                   100162b0 f   LIBCMT:llmul.obj
 0001:000152f0       _RtlUnwind@16              100162f0 f   kernel32:KERNEL32.dll
 0001:000152f6       _IsProcessorFeaturePresent@4 100162f6 f   kernel32:KERNEL32.dll
 0002:00000000       __imp__GetStdHandle@4      10017000     kernel32:KERNEL32.dll
 0002:00000004       __imp__CreateFileW@28      10017004     kernel32:KERNEL32.dll
 0002:00000008       __imp__CloseHandle@4       10017008     kernel32:KERNEL32.dll
 0002:0000000c       __imp__WriteConsoleW@20    1001700c     kernel32:KERNEL32.dll
 0002:00000010       __imp__SetStdHandle@8      10017010     kernel32:KERNEL32.dll
 0002:00000014       __imp__FlushFileBuffers@4  10017014     kernel32:KERNEL32.dll
 0002:00000018       __imp__GetStringTypeW@16   10017018     kernel32:KERNEL32.dll
 0002:0000001c       __imp__OutputDebugStringW@4 1001701c     kernel32:KERNEL32.dll
 0002:00000020       __imp__SetFilePointerEx@20 10017020     kernel32:KERNEL32.dll
 0002:00000024       __imp__GetConsoleMode@8    10017024     kernel32:KERNEL32.dll
 0002:00000028       __imp__GetConsoleCP@0      10017028     kernel32:KERNEL32.dll
 0002:0000002c       __imp__HeapReAlloc@16      1001702c     kernel32:KERNEL32.dll
 0002:00000030       __imp__LCMapStringW@24     10017030     kernel32:KERNEL32.dll
 0002:00000034       __imp__GetCPInfo@8         10017034     kernel32:KERNEL32.dll
 0002:00000038       __imp__GetOEMCP@0          10017038     kernel32:KERNEL32.dll
 0002:0000003c       __imp__GetACP@0            1001703c     kernel32:KERNEL32.dll
 0002:00000040       __imp__IsValidCodePage@4   10017040     kernel32:KERNEL32.dll
 0002:00000044       __imp__LoadLibraryExW@12   10017044     kernel32:KERNEL32.dll
 0002:00000048       __imp__GetModuleFileNameW@12 10017048     kernel32:KERNEL32.dll
 0002:0000004c       __imp__WriteFile@20        1001704c     kernel32:KERNEL32.dll
 0002:00000050       __imp__EncodePointer@4     10017050     kernel32:KERNEL32.dll
 0002:00000054       __imp__DecodePointer@4     10017054     kernel32:KERNEL32.dll
 0002:00000058       __imp__RaiseException@16   10017058     kernel32:KERNEL32.dll
 0002:0000005c       __imp__RtlUnwind@16        1001705c     kernel32:KERNEL32.dll
 0002:00000060       __imp__GetCommandLineA@0   10017060     kernel32:KERNEL32.dll
 0002:00000064       __imp__GetCurrentThreadId@0 10017064     kernel32:KERNEL32.dll
 0002:00000068       __imp__GetLastError@0      10017068     kernel32:KERNEL32.dll
 0002:0000006c       __imp__ExitProcess@4       1001706c     kernel32:KERNEL32.dll
 0002:00000070       __imp__GetModuleHandleExW@12 10017070     kernel32:KERNEL32.dll
 0002:00000074       __imp__GetProcAddress@8    10017074     kernel32:KERNEL32.dll
 0002:00000078       __imp__MultiByteToWideChar@24 10017078     kernel32:KERNEL32.dll
 0002:0000007c       __imp__WideCharToMultiByte@32 1001707c     kernel32:KERNEL32.dll
 0002:00000080       __imp__EnterCriticalSection@4 10017080     kernel32:KERNEL32.dll
 0002:00000084       __imp__LeaveCriticalSection@4 10017084     kernel32:KERNEL32.dll
 0002:00000088       __imp__IsProcessorFeaturePresent@4 10017088     kernel32:KERNEL32.dll
 0002:0000008c       __imp__HeapAlloc@12        1001708c     kernel32:KERNEL32.dll
 0002:00000090       __imp__HeapFree@12         10017090     kernel32:KERNEL32.dll
 0002:00000094       __imp__HeapSize@12         10017094     kernel32:KERNEL32.dll
 0002:00000098       __imp__IsDebuggerPresent@0 10017098     kernel32:KERNEL32.dll
 0002:0000009c       __imp__SetLastError@4      1001709c     kernel32:KERNEL32.dll
 0002:000000a0       __imp__GetProcessHeap@0    100170a0     kernel32:KERNEL32.dll
 0002:000000a4       __imp__GetFileType@4       100170a4     kernel32:KERNEL32.dll
 0002:000000a8       __imp__DeleteCriticalSection@4 100170a8     kernel32:KERNEL32.dll
 0002:000000ac       __imp__GetStartupInfoW@4   100170ac     kernel32:KERNEL32.dll
 0002:000000b0       __imp__GetModuleFileNameA@12 100170b0     kernel32:KERNEL32.dll
 0002:000000b4       __imp__QueryPerformanceCounter@4 100170b4     kernel32:KERNEL32.dll
 0002:000000b8       __imp__GetCurrentProcessId@0 100170b8     kernel32:KERNEL32.dll
 0002:000000bc       __imp__GetSystemTimeAsFileTime@4 100170bc     kernel32:KERNEL32.dll
 0002:000000c0       __imp__GetEnvironmentStringsW@0 100170c0     kernel32:KERNEL32.dll
 0002:000000c4       __imp__FreeEnvironmentStringsW@4 100170c4     kernel32:KERNEL32.dll
 0002:000000c8       __imp__UnhandledExceptionFilter@4 100170c8     kernel32:KERNEL32.dll
 0002:000000cc       __imp__SetUnhandledExceptionFilter@4 100170cc     kernel32:KERNEL32.dll
 0002:000000d0       __imp__InitializeCriticalSectionAndSpinCount@8 100170d0     kernel32:KERNEL32.dll
 0002:000000d4       __imp__Sleep@4             100170d4     kernel32:KERNEL32.dll
 0002:000000d8       __imp__GetCurrentProcess@0 100170d8     kernel32:KERNEL32.dll
 0002:000000dc       __imp__TerminateProcess@8  100170dc     kernel32:KERNEL32.dll
 0002:000000e0       __imp__TlsAlloc@0          100170e0     kernel32:KERNEL32.dll
 0002:000000e4       __imp__TlsGetValue@4       100170e4     kernel32:KERNEL32.dll
 0002:000000e8       __imp__TlsSetValue@8       100170e8     kernel32:KERNEL32.dll
 0002:000000ec       __imp__TlsFree@4           100170ec     kernel32:KERNEL32.dll
 0002:000000f0       __imp__GetModuleHandleW@4  100170f0     kernel32:KERNEL32.dll
 0002:000000f4       \177KERNEL32_NULL_THUNK_DATA 100170f4     kernel32:KERNEL32.dll
 0002:000000f8       __imp_?GfuiKeyEventRegisterCurrent@@YAXP6AHEHH@Z@Z 100170f8     client:client.dll
 0002:000000fc       __imp_?GfuiSKeyEventRegisterCurrent@@YAXP6AHHHH@Z@Z 100170fc     client:client.dll
 0002:00000100       __imp_?GfuiMouseShow@@YAXXZ 10017100     client:client.dll
 0002:00000104       __imp_?GfctrlJoyInit@@YAPAUtCtrlJoyInfo@@XZ 10017104     client:client.dll
 0002:00000108       __imp_?GfctrlJoyGetCurrent@@YAHPAUtCtrlJoyInfo@@@Z 10017108     client:client.dll
 0002:0000010c       __imp_?GfctrlJoyRelease@@YAXPAUtCtrlJoyInfo@@@Z 1001710c     client:client.dll
 0002:00000110       __imp_?GfctrlMouseInit@@YAPAUtCtrlMouseInfo@@XZ 10017110     client:client.dll
 0002:00000114       __imp_?GfctrlMouseGetCurrent@@YAHPAUtCtrlMouseInfo@@@Z 10017114     client:client.dll
 0002:00000118       __imp_?GfctrlMouseRelease@@YAXPAUtCtrlMouseInfo@@@Z 10017118     client:client.dll
 0002:0000011c       __imp_?GfctrlMouseCenter@@YAXXZ 1001711c     client:client.dll
 0002:00000120       __imp_?GfctrlMouseInitCenter@@YAXXZ 10017120     client:client.dll
 0002:00000124       __imp_?GfctrlGetRefByName@@YAPAUtCtrlRef@@PBD@Z 10017124     client:client.dll
 0002:00000128       __imp_?GfctrlGetNameByRef@@YAPBDHH@Z 10017128     client:client.dll
 0002:0000012c       __imp_?GfScrGetSize@@YAXPAH000@Z 1001712c     client:client.dll
 0002:00000130       \177client_NULL_THUNK_DATA 10017130     client:client.dll
 0002:00000134       __imp_?RtTrackSideTgAngleL@@YAMPAUtTrkLocPos@@@Z 10017134     robottools:robottools.dll
 0002:00000138       __imp_?RtGetDistFromStart@@YAMPAUCarElt@@@Z 10017138     robottools:robottools.dll
 0002:0000013c       \177robottools_NULL_THUNK_DATA 1001713c     robottools:robottools.dll
 0002:00000140       __imp_?GfParmReadFile@@YAPAXPBDH@Z 10017140     tgf:tgf.dll
 0002:00000144       __imp_?GfParmWriteFile@@YAHPBDPAX0@Z 10017144     tgf:tgf.dll
 0002:00000148       __imp_?GfParmGetStr@@YAPBDPAXPBD11@Z 10017148     tgf:tgf.dll
 0002:0000014c       __imp_?GfParmSetStr@@YAHPAXPBD11@Z 1001714c     tgf:tgf.dll
 0002:00000150       __imp_?_tgf_win_strdup@@YAPADPBD@Z 10017150     tgf:tgf.dll
 0002:00000154       __imp_?GfParmSetNum@@YAHPAXPBD11M@Z 10017154     tgf:tgf.dll
 0002:00000158       __imp_?GfParmReleaseHandle@@YAXPAX@Z 10017158     tgf:tgf.dll
 0002:0000015c       __imp_?GetLocalDir@@YAPADXZ 1001715c     tgf:tgf.dll
 0002:00000160       __imp_?_tgf_win_free@@YAXPAX@Z 10017160     tgf:tgf.dll
 0002:00000164       __imp_?GfParmGetNum@@YAMPAXPBD11M@Z 10017164     tgf:tgf.dll
 0002:00000168       __imp_?_tgf_win_calloc@@YAPAXII@Z 10017168     tgf:tgf.dll
 0002:0000016c       \177tgf_NULL_THUNK_DATA    1001716c     tgf:tgf.dll
 0002:00000170       ___xc_a                    10017170     LIBCMT:crt0init.obj
 0002:00000180       ___xc_z                    10017180     LIBCMT:crt0init.obj
 0002:00000184       ___xi_a                    10017184     LIBCMT:crt0init.obj
 0002:0000019c       ___xi_z                    1001719c     LIBCMT:crt0init.obj
 0002:000001a0       ___xp_a                    100171a0     LIBCMT:crt0init.obj
 0002:000001b0       ___xp_z                    100171b0     LIBCMT:crt0init.obj
 0002:000001b4       ___xt_a                    100171b4     LIBCMT:crt0init.obj
 0002:000001b8       ___xt_z                    100171b8     LIBCMT:crt0init.obj
 0002:000001d0       ??_C@_00CNPNBAHC@?$AA@     100171d0     human.obj
 0002:000001d8       ??_7error_category@std@@6B@ 100171d8     human.obj
 0002:000001f4       ??_7_Generic_error_category@std@@6B@ 100171f4     human.obj
 0002:0000020c       ??_C@_07DCLBNMLN@generic?$AA@ 1001720c     human.obj
 0002:00000214       ??_C@_0O@BFJCFAAK@unknown?5error?$AA@ 10017214     human.obj
 0002:00000228       ??_7_Iostream_error_category@std@@6B@ 10017228     human.obj
 0002:00000240       ??_C@_08LLGCOLLL@iostream?$AA@ 10017240     human.obj
 0002:0000024c       ??_C@_0BG@PADBLCHM@iostream?5stream?5error?$AA@ 1001724c     human.obj
 0002:00000268       ??_7_System_error_category@std@@6B@ 10017268     human.obj
 0002:00000280       ??_C@_06FHFOAHML@system?$AA@ 10017280     human.obj
 0002:00000288       ??_C@_0BK@OJCEGJDH@?$CFsdrivers?1human?1human?4xml?$AA@ 10017288     human.obj
 0002:000002a4       ??_C@_0BA@OMGEAALP@Robots?1index?1?$CFd?$AA@ 100172a4     human.obj
 0002:000002b4       ??_C@_04MEMAJGDJ@name?$AA@ 100172b4     human.obj
 0002:000002bc       ??_C@_0BM@GOPGHCE@Joystick?5controlable?5driver?$AA@ 100172bc     human.obj
 0002:000002d8       ??_C@_0CI@JEDEOJFM@human?4cpp?0?5initTrack?0?5filename?5t@ 100172d8     human.obj
 0002:00000300       ??_C@_08OBBPKMPK@car?5name?$AA@ 10017300     human.obj
 0002:0000030c       ??_C@_0CI@HIKEIHJD@?$CFsdrivers?1human?1tracks?1?$CFs?1car?9?$CFs@ 1001730c     human.obj
 0002:00000334       ??_C@_0BD@FECFFICF@Player?3?5?$CFs?5Loaded?6?$AA@ 10017334     human.obj
 0002:00000348       ??_C@_0CF@LOLLACJH@?$CFsdrivers?1human?1tracks?1?$CFs?1car?9?$CFs@ 10017348     human.obj
 0002:00000370       ??_C@_0BO@KBJHPOKA@?$CFsdrivers?1human?1car?9?$CFs?9?$CFd?4xml?$AA@ 10017370     human.obj
 0002:00000390       ??_C@_0BL@FGHJJEEC@?$CFsdrivers?1human?1car?9?$CFs?4xml?$AA@ 10017390     human.obj
 0002:000003ac       ??_C@_0BI@ICBGFDLF@?$CFsdrivers?1human?1car?4xml?$AA@ 100173ac     human.obj
 0002:000003c4       ??_C@_07EKALPHEE@Drivers?$AA@ 100173c4     human.obj
 0002:000003cc       ??_C@_0M@PIPCPMLP@Preferences?$AA@ 100173cc     human.obj
 0002:000003d8       ??_C@_08OEOPGIOB@?$CFs?1?$CFs?1?$CFd?$AA@ 100173d8     human.obj
 0002:000003e4       ??_C@_0BF@PCACBANA@programmed?5pit?5stops?$AA@ 100173e4     human.obj
 0002:000003fc       ??_C@_0N@GEJBANM@initial?5fuel?$AA@ 100173fc     human.obj
 0002:0000040c       ??_C@_03DAGGNFD@Car?$AA@   1001740c     human.obj
 0002:00000410       ??_C@_03ECFJFFPO@RWD?$AA@  10017410     human.obj
 0002:00000414       ??_C@_04GPMDFGEJ@type?$AA@ 10017414     human.obj
 0002:0000041c       ??_C@_0L@GPGHGHOJ@Drivetrain?$AA@ 1001741c     human.obj
 0002:00000428       ??_C@_03JNCCJFDG@FWD?$AA@  10017428     human.obj
 0002:0000042c       ??_C@_03FMBEPNCB@4WD?$AA@  1001742c     human.obj
 0002:00000430       ??_C@_06KFALCFDK@ABS?5on?$AA@ 10017430     human.obj
 0002:00000438       ??_C@_05OHCDHBAC@Human?$AA@ 10017438     human.obj
 0002:00000440       ??_C@_06FAOBNNLE@ASR?5on?$AA@ 10017440     human.obj
 0002:00000448       ??_C@_03BLGELAIE@ASR?$AA@  10017448     human.obj
 0002:0000044c       ??_C@_03BPJLEIIC@ABS?$AA@  1001744c     human.obj
 0002:00000450       ??_C@_05DNIIFBMG@?$CFs?5?$CFs?$AA@ 10017450     human.obj
 0002:00000458       ??_C@_0BB@CPOJOICP@Speed?5Limiter?5On?$AA@ 10017458     human.obj
 0002:0000046c       ??_C@_0BC@JGEKEJCI@Speed?5Limiter?5Off?$AA@ 1001746c     human.obj
 0002:00000480       ??_C@_0BA@JFNIOLAK@string?5too?5long?$AA@ 10017480     human.obj
 0002:00000490       ??_C@_0BI@CFPLBAOH@invalid?5string?5position?$AA@ 10017490     human.obj
 0002:000004a8       __real@00000000            100174a8     human.obj
 0002:000004ac       __real@3e4ccccd            100174ac     human.obj
 0002:000004b0       __real@3e800000            100174b0     human.obj
 0002:000004b4       __real@3ea9fbe7            100174b4     human.obj
 0002:000004b8       __real@3f454c985f06f694    100174b8     human.obj
 0002:000004c0       __real@3f4a36e2eb1c432d    100174c0     human.obj
 0002:000004c8       __real@3f800000            100174c8     human.obj
 0002:000004d0       __real@3f947ae147ae147b    100174d0     human.obj
 0002:000004d8       __real@3fb999999999999a    100174d8     human.obj
 0002:000004e0       __real@3fc3333333333333    100174e0     human.obj
 0002:000004e8       __real@3fc999999999999a    100174e8     human.obj
 0002:000004f0       __real@3fd0000000000000    100174f0     human.obj
 0002:000004f8       __real@3fd6666666666666    100174f8     human.obj
 0002:00000500       __real@3fe0000000000000    10017500     human.obj
 0002:00000508       __real@3fe3333333333333    10017508     human.obj
 0002:00000510       __real@3fe6666666666666    10017510     human.obj
 0002:00000518       __real@3fe999999999999a    10017518     human.obj
 0002:00000520       __real@3feb333333333333    10017520     human.obj
 0002:00000528       __real@3ff0000000000000    10017528     human.obj
 0002:00000530       __real@40000000            10017530     human.obj
 0002:00000538       __real@4000000000000000    10017538     human.obj
 0002:00000540       __real@400921fb54442d18    10017540     human.obj
 0002:00000548       __real@4010000000000000    10017548     human.obj
 0002:00000550       __real@4014000000000000    10017550     human.obj
 0002:00000558       __real@4018000000000000    10017558     human.obj
 0002:00000560       __real@401921fb54442d18    10017560     human.obj
 0002:00000568       __real@40200000            10017568     human.obj
 0002:00000570       __real@4024000000000000    10017570     human.obj
 0002:00000578       __real@4034000000000000    10017578     human.obj
 0002:00000580       __real@40a00000            10017580     human.obj
 0002:00000584       __real@41200000            10017584     human.obj
 0002:00000588       __real@42820000            10017588     human.obj
 0002:0000058c       __real@bf800000            1001758c     human.obj
 0002:00000590       __real@bff0000000000000    10017590     human.obj
 0002:00000598       __real@c00921fb54442d18    10017598     human.obj
 0002:000005a0       __xmm@7fffffffffffffff7fffffffffffffff 100175a0     human.obj
 0002:000005b0       __xmm@80000000000000008000000000000000 100175b0     human.obj
 0002:000005c0       __xmm@80000000800000008000000080000000 100175c0     human.obj
 0002:000005d0       ?nbCmdControl@@3HB         100175d0     pref.obj
 0002:000005d8       ??_C@_08KFPMDFMN@up?5shift?$AA@ 100175d8     pref.obj
 0002:000005e4       ??_C@_0L@KPFECBFH@down?5shift?$AA@ 100175e4     pref.obj
 0002:000005f0       ??_C@_07IFFNDJAK@ASR?5cmd?$AA@ 100175f0     pref.obj
 0002:000005f8       ??_C@_07IPKIHNNF@ABS?5cmd?$AA@ 100175f8     pref.obj
 0002:00000600       ??_C@_0N@OKNFDBHF@reverse?5gear?$AA@ 10017600     pref.obj
 0002:00000610       ??_C@_0N@DOOANBAG@neutral?5gear?$AA@ 10017610     pref.obj
 0002:00000620       ??_C@_08GOBOEOLC@1st?5gear?$AA@ 10017620     pref.obj
 0002:0000062c       ??_C@_08NHPDMKED@2nd?5gear?$AA@ 1001762c     pref.obj
 0002:00000638       ??_C@_08OLJMPKGE@3rd?5gear?$AA@ 10017638     pref.obj
 0002:00000644       ??_C@_08IODCPEFO@4th?5gear?$AA@ 10017644     pref.obj
 0002:00000650       ??_C@_08JJEJOABN@5th?5gear?$AA@ 10017650     pref.obj
 0002:0000065c       ??_C@_08KAMENMNI@6th?5gear?$AA@ 1001765c     pref.obj
 0002:00000668       ??_C@_08IEKKGCGJ@throttle?$AA@ 10017668     pref.obj
 0002:00000674       ??_C@_0N@HLFACMB@throttle?5min?$AA@ 10017674     pref.obj
 0002:00000684       ??_C@_0N@BFDOOGKO@throttle?5max?$AA@ 10017684     pref.obj
 0002:00000694       ??_C@_0BF@JKGIOFIM@throttle?5sensitivity?$AA@ 10017694     pref.obj
 0002:000006ac       ??_C@_0P@HCODGONJ@throttle?5power?$AA@ 100176ac     pref.obj
 0002:000006bc       ??_C@_05FHIBGIOH@brake?$AA@ 100176bc     pref.obj
 0002:000006c4       ??_C@_09GOAODIBI@brake?5min?$AA@ 100176c4     pref.obj
 0002:000006d0       ??_C@_09HMIFNMHH@brake?5max?$AA@ 100176d0     pref.obj
 0002:000006dc       ??_C@_0BC@GLAGIECN@brake?5sensitivity?$AA@ 100176dc     pref.obj
 0002:000006f0       ??_C@_0M@OEBFKAIG@brake?5power?$AA@ 100176f0     pref.obj
 0002:000006fc       ??_C@_0L@OPKPPHOO@left?5steer?$AA@ 100176fc     pref.obj
 0002:00000708       ??_C@_0P@CLPELKMN@left?5steer?5min?$AA@ 10017708     pref.obj
 0002:00000718       ??_C@_0P@DJHPFOKC@left?5steer?5max?$AA@ 10017718     pref.obj
 0002:00000728       ??_C@_0BC@DHPOBLIC@steer?5sensitivity?$AA@ 10017728     pref.obj
 0002:0000073c       ??_C@_0BB@BLOMDGCK@left?5steer?5power?$AA@ 1001773c     pref.obj
 0002:00000750       ??_C@_0BI@CDPIFMDP@steer?5speed?5sensitivity?$AA@ 10017750     pref.obj
 0002:00000768       ??_C@_0BA@BMINNPMM@steer?5dead?5zone?$AA@ 10017768     pref.obj
 0002:00000778       ??_C@_0M@IKOMDIOL@right?5steer?$AA@ 10017778     pref.obj
 0002:00000784       ??_C@_0BA@GAFFBCJD@right?5steer?5min?$AA@ 10017784     pref.obj
 0002:00000794       ??_C@_0BA@HCNOPGPM@right?5steer?5max?$AA@ 10017794     pref.obj
 0002:000007a4       ??_C@_0BC@OHNJCGIL@right?5steer?5power?$AA@ 100177a4     pref.obj
 0002:000007b8       ??_C@_0L@CABJBMOL@Light1?5cmd?$AA@ 100177b8     pref.obj
 0002:000007c4       ??_C@_06JFCBHFHK@clutch?$AA@ 100177c4     pref.obj
 0002:000007cc       ??_C@_0L@OOLHCODH@clutch?5min?$AA@ 100177cc     pref.obj
 0002:000007d8       ??_C@_0L@PMDMMKFI@clutch?5max?$AA@ 100177d8     pref.obj
 0002:000007e4       ??_C@_0BD@MDHNKPAM@clutch?5sensitivity?$AA@ 100177e4     pref.obj
 0002:000007f8       ??_C@_0N@CNNKNAD@clutch?5power?$AA@ 100177f8     pref.obj
 0002:00000808       ??_C@_0O@PDEJOBGJ@Speed?5Limiter?$AA@ 10017808     pref.obj
 0002:00000818       ??_C@_08KLNCIBHI@joystick?$AA@ 10017818     pref.obj
 0002:00000824       ??_C@_08KNBLADDJ@keyboard?$AA@ 10017824     pref.obj
 0002:00000830       ??_C@_05PDOJLLAB@mouse?$AA@ 10017830     pref.obj
 0002:00000838       ??_C@_03ICICOMAL@yes?$AA@  10017838     pref.obj
 0002:0000083c       ??_C@_02KAJCLHKP@no?$AA@   1001783c     pref.obj
 0002:00000840       ??_C@_0BO@COMBMIHP@drivers?1human?1preferences?4xml?$AA@ 10017840     pref.obj
 0002:00000860       ??_C@_04HDOCAJNK@?$CFs?$CFs?$AA@ 10017860     pref.obj
 0002:00000868       ??_C@_04HAPDLBFF@auto?$AA@ 10017868     pref.obj
 0002:00000870       ??_C@_0N@ENDCBJLO@transmission?$AA@ 10017870     pref.obj
 0002:00000880       ??_C@_07MMBOFDEG@control?$AA@ 10017880     pref.obj
 0002:00000888       ??_C@_0BB@JBDPOCO@?$CFs?5?9?$DO?5NONE?5?$CI?91?$CJ?6?$AA@ 10017888     pref.obj
 0002:0000089c       ??_C@_09OPDGLCFB@?$CFs?5?9?$DO?5?$CFs?6?$AA@ 1001789c     pref.obj
 0002:000008a8       ??_C@_0CB@CNBDPHHH@release?5gear?5button?5goes?5neutral@ 100178a8     pref.obj
 0002:000008cc       ??_C@_0CB@NKHONLIL@sequential?5shifter?5allow?5neutral@ 100178cc     pref.obj
 0002:000008f0       ??_C@_0N@EHLIHCNP@auto?5reverse?$AA@ 100178f0     pref.obj
 0002:00000900       __real@4059000000000000    10017900     pref.obj
 0002:0000090c       ??_C@_05JLFELJNP@FATAL?$AA@ 1001790c     ul_vs2008_32:ulError.obj
 0002:00000914       ??_C@_07KCOHIFOP@WARNING?$AA@ 10017914     ul_vs2008_32:ulError.obj
 0002:0000091c       ??_C@_05KOLFGEDA@DEBUG?$AA@ 1001791c     ul_vs2008_32:ulError.obj
 0002:0000092c       ??_7bad_alloc@std@@6B@     1001792c     libcpmt:xthrow.obj
 0002:00000934       ??_C@_0P@GHFPNOJB@bad?5allocation?$AA@ 10017934     libcpmt:xthrow.obj
 0002:00000948       ??_7logic_error@std@@6B@   10017948     libcpmt:xthrow.obj
 0002:00000954       ??_7length_error@std@@6B@  10017954     libcpmt:xthrow.obj
 0002:00000960       ??_7out_of_range@std@@6B@  10017960     libcpmt:xthrow.obj
 0002:00000e38       ??_C@_0BC@CIJDGCDI@permission?5denied?$AA@ 10017e38     libcpmt:syserror.obj
 0002:00000e4c       ??_C@_0M@MIDIAGJP@file?5exists?$AA@ 10017e4c     libcpmt:syserror.obj
 0002:00000e58       ??_C@_0P@FDINDDOK@no?5such?5device?$AA@ 10017e58     libcpmt:syserror.obj
 0002:00000e68       ??_C@_0BC@EJHOMAAK@filename?5too?5long?$AA@ 10017e68     libcpmt:syserror.obj
 0002:00000e7c       ??_C@_0BI@NGCEHDD@device?5or?5resource?5busy?$AA@ 10017e7c     libcpmt:syserror.obj
 0002:00000e94       ??_C@_08GLNPIFBN@io?5error?$AA@ 10017e94     libcpmt:syserror.obj
 0002:00000ea0       ??_C@_0BE@JIDOCPHM@directory?5not?5empty?$AA@ 10017ea0     libcpmt:syserror.obj
 0002:00000eb4       ??_C@_0BB@FCMFBGOM@invalid?5argument?$AA@ 10017eb4     libcpmt:syserror.obj
 0002:00000ec8       ??_C@_0BD@IJDJKDEA@no?5space?5on?5device?$AA@ 10017ec8     libcpmt:syserror.obj
 0002:00000edc       ??_C@_0BK@NDOCBPGE@no?5such?5file?5or?5directory?$AA@ 10017edc     libcpmt:syserror.obj
 0002:00000ef8       ??_C@_0BH@KEFGLDAF@function?5not?5supported?$AA@ 10017ef8     libcpmt:syserror.obj
 0002:00000f10       ??_C@_0BC@NJECKMKE@no?5lock?5available?$AA@ 10017f10     libcpmt:syserror.obj
 0002:00000f24       ??_C@_0BC@ENOOLCNF@not?5enough?5memory?$AA@ 10017f24     libcpmt:syserror.obj
 0002:00000f38       ??_C@_0BP@LKNGHENJ@resource?5unavailable?5try?5again?$AA@ 10017f38     libcpmt:syserror.obj
 0002:00000f58       ??_C@_0BC@PPHBOELF@cross?5device?5link?$AA@ 10017f58     libcpmt:syserror.obj
 0002:00000f6c       ??_C@_0BD@MOLBPMEA@operation?5canceled?$AA@ 10017f6c     libcpmt:syserror.obj
 0002:00000f80       ??_C@_0BE@GHAFMPAH@too?5many?5files?5open?$AA@ 10017f80     libcpmt:syserror.obj
 0002:00000f94       ??_C@_0BC@FNODOBAE@permission_denied?$AA@ 10017f94     libcpmt:syserror.obj
 0002:00000fa8       ??_C@_0P@LNDJPBFK@address_in_use?$AA@ 10017fa8     libcpmt:syserror.obj
 0002:00000fb8       ??_C@_0BG@IPMGOJF@address_not_available?$AA@ 10017fb8     libcpmt:syserror.obj
 0002:00000fd0       ??_C@_0BN@LCBDHODA@address_family_not_supported?$AA@ 10017fd0     libcpmt:syserror.obj
 0002:00000ff0       ??_C@_0BP@FOJJHMCC@connection_already_in_progress?$AA@ 10017ff0     libcpmt:syserror.obj
 0002:00001010       ??_C@_0BE@DLHHIBGN@bad_file_descriptor?$AA@ 10018010     libcpmt:syserror.obj
 0002:00001024       ??_C@_0BD@OJMJDIGI@connection_aborted?$AA@ 10018024     libcpmt:syserror.obj
 0002:00001038       ??_C@_0BD@NGKCIFEP@connection_refused?$AA@ 10018038     libcpmt:syserror.obj
 0002:0000104c       ??_C@_0BB@JOANDNCK@connection_reset?$AA@ 1001804c     libcpmt:syserror.obj
 0002:00001060       ??_C@_0BN@JLJNLKLK@destination_address_required?$AA@ 10018060     libcpmt:syserror.obj
 0002:00001080       ??_C@_0M@IJGMGFGP@bad_address?$AA@ 10018080     libcpmt:syserror.obj
 0002:0000108c       ??_C@_0BB@KKNHPPIN@host_unreachable?$AA@ 1001808c     libcpmt:syserror.obj
 0002:000010a0       ??_C@_0BG@DJGBJIIK@operation_in_progress?$AA@ 100180a0     libcpmt:syserror.obj
 0002:000010b8       ??_C@_0M@EGEKIIMP@interrupted?$AA@ 100180b8     libcpmt:syserror.obj
 0002:000010c4       ??_C@_0BB@FFIHMIPJ@invalid_argument?$AA@ 100180c4     libcpmt:syserror.obj
 0002:000010d8       ??_C@_0BC@FIFLCHLO@already_connected?$AA@ 100180d8     libcpmt:syserror.obj
 0002:000010ec       ??_C@_0BE@GJJJJDDA@too_many_files_open?$AA@ 100180ec     libcpmt:syserror.obj
 0002:00001100       ??_C@_0N@HPMLKHPL@message_size?$AA@ 10018100     libcpmt:syserror.obj
 0002:00001110       ??_C@_0BC@LEEIKBAL@filename_too_long?$AA@ 10018110     libcpmt:syserror.obj
 0002:00001124       ??_C@_0N@FCPALPJK@network_down?$AA@ 10018124     libcpmt:syserror.obj
 0002:00001134       ??_C@_0O@EHNDLHIG@network_reset?$AA@ 10018134     libcpmt:syserror.obj
 0002:00001144       ??_C@_0BE@JFNJIDNF@network_unreachable?$AA@ 10018144     libcpmt:syserror.obj
 0002:00001158       ??_C@_0BA@FDIJKJCL@no_buffer_space?$AA@ 10018158     libcpmt:syserror.obj
 0002:00001168       ??_C@_0BD@JHIHCGKP@no_protocol_option?$AA@ 10018168     libcpmt:syserror.obj
 0002:0000117c       ??_C@_0O@GBCLHHD@not_connected?$AA@ 1001817c     libcpmt:syserror.obj
 0002:0000118c       ??_C@_0N@IMHKKLEM@not_a_socket?$AA@ 1001818c     libcpmt:syserror.obj
 0002:0000119c       ??_C@_0BI@ICEIDKLJ@operation_not_supported?$AA@ 1001819c     libcpmt:syserror.obj
 0002:000011b4       ??_C@_0BH@KAPBAIJF@protocol_not_supported?$AA@ 100181b4     libcpmt:syserror.obj
 0002:000011cc       ??_C@_0BE@GAOJJFPC@wrong_protocol_type?$AA@ 100181cc     libcpmt:syserror.obj
 0002:000011e0       ??_C@_09NCHNLHPG@timed_out?$AA@ 100181e0     libcpmt:syserror.obj
 0002:000011ec       ??_C@_0BG@GDGHKFDH@operation_would_block?$AA@ 100181ec     libcpmt:syserror.obj
 0002:00001204       ??_C@_0BN@LKKBCCDB@address?5family?5not?5supported?$AA@ 10018204     libcpmt:syserror.obj
 0002:00001224       ??_C@_0P@LDMLAFHI@address?5in?5use?$AA@ 10018224     libcpmt:syserror.obj
 0002:00001234       ??_C@_0BG@DHPCNBJB@address?5not?5available?$AA@ 10018234     libcpmt:syserror.obj
 0002:0000124c       ??_C@_0BC@DFIBIBIL@already?5connected?$AA@ 1001824c     libcpmt:syserror.obj
 0002:00001260       ??_C@_0BH@CAKOHOMI@argument?5list?5too?5long?$AA@ 10018260     libcpmt:syserror.obj
 0002:00001278       ??_C@_0BH@CGIMPKIM@argument?5out?5of?5domain?$AA@ 10018278     libcpmt:syserror.obj
 0002:00001290       ??_C@_0M@KGHGGJGL@bad?5address?$AA@ 10018290     libcpmt:syserror.obj
 0002:0000129c       ??_C@_0BE@MPJPGCEO@bad?5file?5descriptor?$AA@ 1001829c     libcpmt:syserror.obj
 0002:000012b0       ??_C@_0M@PMMIEFCP@bad?5message?$AA@ 100182b0     libcpmt:syserror.obj
 0002:000012bc       ??_C@_0M@KPHOFDBE@broken?5pipe?$AA@ 100182bc     libcpmt:syserror.obj
 0002:000012c8       ??_C@_0BD@MGNDDEGM@connection?5aborted?$AA@ 100182c8     libcpmt:syserror.obj
 0002:000012dc       ??_C@_0BP@KAIHPOGN@connection?5already?5in?5progress?$AA@ 100182dc     libcpmt:syserror.obj
 0002:000012fc       ??_C@_0BD@PJLIIJEL@connection?5refused?$AA@ 100182fc     libcpmt:syserror.obj
 0002:00001310       ??_C@_0BB@IECNJNOI@connection?5reset?$AA@ 10018310     libcpmt:syserror.obj
 0002:00001324       ??_C@_0BN@KDMIFEIP@destination?5address?5required?$AA@ 10018324     libcpmt:syserror.obj
 0002:00001344       ??_C@_0BI@BNCLIGPB@executable?5format?5error?$AA@ 10018344     libcpmt:syserror.obj
 0002:0000135c       ??_C@_0P@DNAJLBJK@file?5too?5large?$AA@ 1001835c     libcpmt:syserror.obj
 0002:0000136c       ??_C@_0BB@DHFDFGDM@host?5unreachable?$AA@ 1001836c     libcpmt:syserror.obj
 0002:00001380       ??_C@_0BD@JPHBMONG@identifier?5removed?$AA@ 10018380     libcpmt:syserror.obj
 0002:00001394       ??_C@_0BG@CDNPAGJK@illegal?5byte?5sequence?$AA@ 10018394     libcpmt:syserror.obj
 0002:000013ac       ??_C@_0CD@BNPLBMNA@inappropriate?5io?5control?5operati@ 100183ac     libcpmt:syserror.obj
 0002:000013d0       ??_C@_0N@OHAFKDEK@invalid?5seek?$AA@ 100183d0     libcpmt:syserror.obj
 0002:000013e0       ??_C@_0P@FLLDBIDK@is?5a?5directory?$AA@ 100183e0     libcpmt:syserror.obj
 0002:000013f0       ??_C@_0N@IFLPBIOP@message?5size?$AA@ 100183f0     libcpmt:syserror.obj
 0002:00001400       ??_C@_0N@KIIEAAIO@network?5down?$AA@ 10018400     libcpmt:syserror.obj
 0002:00001410       ??_C@_0O@FNPDBHEE@network?5reset?$AA@ 10018410     libcpmt:syserror.obj
 0002:00001420       ??_C@_0BE@IFNCKGE@network?5unreachable?$AA@ 10018420     libcpmt:syserror.obj
 0002:00001434       ??_C@_0BA@PFFCAOFK@no?5buffer?5space?$AA@ 10018434     libcpmt:syserror.obj
 0002:00001444       ??_C@_0BB@IEPBLJHK@no?5child?5process?$AA@ 10018444     libcpmt:syserror.obj
 0002:00001458       ??_C@_07PLECNNKG@no?5link?$AA@ 10018458     libcpmt:syserror.obj
 0002:00001460       ??_C@_0BF@PBGGPKKE@no?5message?5available?$AA@ 10018460     libcpmt:syserror.obj
 0002:00001478       ??_C@_0L@EDOLMPAK@no?5message?$AA@ 10018478     libcpmt:syserror.obj
 0002:00001484       ??_C@_0BD@EAMBFIDF@no?5protocol?5option?$AA@ 10018484     libcpmt:syserror.obj
 0002:00001498       ??_C@_0BE@MKFDAFMP@no?5stream?5resources?$AA@ 10018498     libcpmt:syserror.obj
 0002:000014ac       ??_C@_0BK@IMCPHCBI@no?5such?5device?5or?5address?$AA@ 100184ac     libcpmt:syserror.obj
 0002:000014c8       ??_C@_0BA@ENLPPKBN@no?5such?5process?$AA@ 100184c8     libcpmt:syserror.obj
 0002:000014d8       ??_C@_0BA@DOCPFFJG@not?5a?5directory?$AA@ 100184d8     libcpmt:syserror.obj
 0002:000014e8       ??_C@_0N@POEIPGGF@not?5a?5socket?$AA@ 100184e8     libcpmt:syserror.obj
 0002:000014f8       ??_C@_0N@LGAPMMPI@not?5a?5stream?$AA@ 100184f8     libcpmt:syserror.obj
 0002:00001508       ??_C@_0O@GLMIBBEG@not?5connected?$AA@ 10018508     libcpmt:syserror.obj
 0002:00001518       ??_C@_0O@NHEDABJP@not?5supported?$AA@ 10018518     libcpmt:syserror.obj
 0002:00001528       ??_C@_0BG@KDKHOPCO@operation?5in?5progress?$AA@ 10018528     libcpmt:syserror.obj
 0002:00001540       ??_C@_0BI@OHIEJAAB@operation?5not?5permitted?$AA@ 10018540     libcpmt:syserror.obj
 0002:00001558       ??_C@_0BI@LNEGIFLN@operation?5not?5supported?$AA@ 10018558     libcpmt:syserror.obj
 0002:00001570       ??_C@_0BG@OEMDKMEE@operation?5would?5block?$AA@ 10018570     libcpmt:syserror.obj
 0002:00001588       ??_C@_0L@BLPOFLNJ@owner?5dead?$AA@ 10018588     libcpmt:syserror.obj
 0002:00001594       ??_C@_0P@FNPOCJBE@protocol?5error?$AA@ 10018594     libcpmt:syserror.obj
 0002:000015a4       ??_C@_0BH@JPPPLHJB@protocol?5not?5supported?$AA@ 100185a4     libcpmt:syserror.obj
 0002:000015bc       ??_C@_0BG@EICBIHDP@read?5only?5file?5system?$AA@ 100185bc     libcpmt:syserror.obj
 0002:000015d4       ??_C@_0BO@BJBOMOEJ@resource?5deadlock?5would?5occur?$AA@ 100185d4     libcpmt:syserror.obj
 0002:000015f4       ??_C@_0BE@GOIPJJHG@result?5out?5of?5range?$AA@ 100185f4     libcpmt:syserror.obj
 0002:00001608       ??_C@_0BG@MPLKFPAE@state?5not?5recoverable?$AA@ 10018608     libcpmt:syserror.obj
 0002:00001620       ??_C@_0P@DIIFGFCG@stream?5timeout?$AA@ 10018620     libcpmt:syserror.obj
 0002:00001630       ??_C@_0P@IPFDMIFL@text?5file?5busy?$AA@ 10018630     libcpmt:syserror.obj
 0002:00001640       ??_C@_09KJPPMAOI@timed?5out?$AA@ 10018640     libcpmt:syserror.obj
 0002:0000164c       ??_C@_0BO@HACHBEKI@too?5many?5files?5open?5in?5system?$AA@ 1001864c     libcpmt:syserror.obj
 0002:0000166c       ??_C@_0P@HCOMKFCC@too?5many?5links?$AA@ 1001866c     libcpmt:syserror.obj
 0002:0000167c       ??_C@_0BO@EFGOJEF@too?5many?5symbolic?5link?5levels?$AA@ 1001867c     libcpmt:syserror.obj
 0002:0000169c       ??_C@_0BA@KGKGOOJA@value?5too?5large?$AA@ 1001869c     libcpmt:syserror.obj
 0002:000016ac       ??_C@_0BE@MIEJDDNH@wrong?5protocol?5type?$AA@ 100186ac     libcpmt:syserror.obj
 0002:00005934       ??_7type_info@@6B@         1001c934     LIBCMT:typinfo.obj
 0002:00005938       __FPinit                   1001c938     LIBCMT:fpinit.obj
 0002:0000593c       __pDefaultRawDllMain       1001c93c     LIBCMT:dllcrt0.obj
 0002:0000593c       __pRawDllMain              1001c93c     LIBCMT:dllcrt0.obj
 0002:00005940       ??_C@_1BI@BGOHAHKC@?$AAm?$AAs?$AAc?$AAo?$AAr?$AAe?$AAe?$AA?4?$AAd?$AAl?$AAl?$AA?$AA@ 1001c940     LIBCMT:crt0dat.obj
 0002:00005958       ??_C@_0P@MIGLKIOC@CorExitProcess?$AA@ 1001c958     LIBCMT:crt0dat.obj
 0002:0000596c       ??_7exception@std@@6B@     1001c96c     LIBCMT:stdexcpt.obj
 0002:00005974       ??_C@_0BC@EOODALEL@Unknown?5exception?$AA@ 1001c974     LIBCMT:stdexcpt.obj
 0002:00005988       ??_C@_03KHJOGHMM@exp?$AA@  1001c988     LIBCMT:fpexcept.obj
 0002:0000598c       ??_C@_03JGHBODFD@pow?$AA@  1001c98c     LIBCMT:fpexcept.obj
 0002:00005990       ??_C@_03MGHMBJCF@log?$AA@  1001c990     LIBCMT:fpexcept.obj
 0002:00005994       ??_C@_05HGHHAHAP@log10?$AA@ 1001c994     LIBCMT:fpexcept.obj
 0002:0000599c       ??_C@_04COOMCNPB@sinh?$AA@ 1001c99c     LIBCMT:fpexcept.obj
 0002:000059a4       ??_C@_04HPJJNFIM@cosh?$AA@ 1001c9a4     LIBCMT:fpexcept.obj
 0002:000059ac       ??_C@_04FJHINJAO@tanh?$AA@ 1001c9ac     LIBCMT:fpexcept.obj
 0002:000059b4       ??_C@_04FIHNOPOL@asin?$AA@ 1001c9b4     LIBCMT:fpexcept.obj
 0002:000059bc       ??_C@_04PDIFKINK@acos?$AA@ 1001c9bc     LIBCMT:fpexcept.obj
 0002:000059c4       ??_C@_04MLLJIGOK@atan?$AA@ 1001c9c4     LIBCMT:fpexcept.obj
 0002:000059cc       ??_C@_05KNGEOGJB@atan2?$AA@ 1001c9cc     LIBCMT:fpexcept.obj
 0002:000059d4       ??_C@_04EIAKFFMI@sqrt?$AA@ 1001c9d4     LIBCMT:fpexcept.obj
 0002:000059dc       ??_C@_03BLEJJJBH@sin?$AA@  1001c9dc     LIBCMT:fpexcept.obj
 0002:000059e0       ??_C@_03LALBNOCG@cos?$AA@  1001c9e0     LIBCMT:fpexcept.obj
 0002:000059e4       ??_C@_03IIINPABG@tan?$AA@  1001c9e4     LIBCMT:fpexcept.obj
 0002:000059e8       ??_C@_04GFPJNGEK@ceil?$AA@ 1001c9e8     LIBCMT:fpexcept.obj
 0002:000059f0       ??_C@_05PBJFFIGL@floor?$AA@ 1001c9f0     LIBCMT:fpexcept.obj
 0002:000059f8       ??_C@_04ODHECPBC@fabs?$AA@ 1001c9f8     LIBCMT:fpexcept.obj
 0002:00005a00       ??_C@_04EHEDPDJG@modf?$AA@ 1001ca00     LIBCMT:fpexcept.obj
 0002:00005a08       ??_C@_05CEJMAHNP@ldexp?$AA@ 1001ca08     LIBCMT:fpexcept.obj
 0002:00005a10       ??_C@_05KBKMEMPO@_cabs?$AA@ 1001ca10     LIBCMT:fpexcept.obj
 0002:00005a18       ??_C@_06MEIMCGCF@_hypot?$AA@ 1001ca18     LIBCMT:fpexcept.obj
 0002:00005a20       ??_C@_04KEPJIHGP@fmod?$AA@ 1001ca20     LIBCMT:fpexcept.obj
 0002:00005a28       ??_C@_05GKKHEGJL@frexp?$AA@ 1001ca28     LIBCMT:fpexcept.obj
 0002:00005a30       ??_C@_03MJLDFKDL@_y0?$AA@  1001ca30     LIBCMT:fpexcept.obj
 0002:00005a34       ??_C@_03NAKIGLHK@_y1?$AA@  1001ca34     LIBCMT:fpexcept.obj
 0002:00005a38       ??_C@_03ONILCKOB@_yn?$AA@  1001ca38     LIBCMT:fpexcept.obj
 0002:00005a3c       ??_C@_05JGDBENOH@_logb?$AA@ 1001ca3c     LIBCMT:fpexcept.obj
 0002:00005a44       ??_C@_0L@KDOEJCKC@_nextafter?$AA@ 1001ca44     LIBCMT:fpexcept.obj
 0002:00005a50       ??_C@_06OJHGLDPL@?$CInull?$CJ?$AA@ 1001ca50     LIBCMT:output.obj
 0002:00005a58       ??_C@_1O@CEDCILHN@?$AA?$CI?$AAn?$AAu?$AAl?$AAl?$AA?$CJ?$AA?$AA@ 1001ca58     LIBCMT:output.obj
 0002:00005a68       ___lookuptable             1001ca68     LIBCMT:output.obj
 0002:00005ad0       __OP_ATAN2jmptab           1001cad0     LIBCMT:87triga.obj
 0002:00005b50       __pDestructExceptionObject 1001cb50     LIBCMT:frame.obj
 0002:00005b58       ??_7bad_exception@std@@6B@ 1001cb58     LIBCMT:frame.obj
 0002:00005b60       ??_C@_0O@DPKOEFFH@bad?5exception?$AA@ 1001cb60     LIBCMT:frame.obj
 0002:00005bd8       ??_C@_05EOHGHCHD@exp10?$AA@ 1001cbd8     LIBCMT:libm_error.obj
 0002:00005be0       ??_C@_05KLBDPFGC@e?$CL000?$AA@ 1001cbe0     LIBCMT:cvt.obj
 0002:00005be8       __XcptActTab               1001cbe8     LIBCMT:winxfltr.obj
 0002:00005c78       __XcptActTabCount          1001cc78     LIBCMT:winxfltr.obj
 0002:00005c7c       __XcptActTabSize           1001cc7c     LIBCMT:winxfltr.obj
 0002:00005c80       __First_FPE_Indx           1001cc80     LIBCMT:winxfltr.obj
 0002:00005c84       __Num_FPE                  1001cc84     LIBCMT:winxfltr.obj
 0002:00005c88       ??_C@_1BK@MGMFAEKH@?$AAk?$AAe?$AAr?$AAn?$AAe?$AAl?$AA3?$AA2?$AA?4?$AAd?$AAl?$AAl?$AA?$AA@ 1001cc88     LIBCMT:winapisupp.obj
 0002:00005ca4       ??_C@_08KNHFBNJ@FlsAlloc?$AA@ 1001cca4     LIBCMT:winapisupp.obj
 0002:00005cb0       ??_C@_07PEJMOBNF@FlsFree?$AA@ 1001ccb0     LIBCMT:winapisupp.obj
 0002:00005cb8       ??_C@_0M@GDNOONDI@FlsGetValue?$AA@ 1001ccb8     LIBCMT:winapisupp.obj
 0002:00005cc4       ??_C@_0M@JCPCPOEF@FlsSetValue?$AA@ 1001ccc4     LIBCMT:winapisupp.obj
 0002:00005cd0       ??_C@_0BM@HCFOFFN@InitializeCriticalSectionEx?$AA@ 1001ccd0     LIBCMT:winapisupp.obj
 0002:00005cec       ??_C@_0P@DLHPPCNH@CreateEventExW?$AA@ 1001ccec     LIBCMT:winapisupp.obj
 0002:00005cfc       ??_C@_0BD@KIEEOEEH@CreateSemaphoreExW?$AA@ 1001ccfc     LIBCMT:winapisupp.obj
 0002:00005d10       ??_C@_0BI@BKLFFAPO@SetThreadStackGuarantee?$AA@ 1001cd10     LIBCMT:winapisupp.obj
 0002:00005d28       ??_C@_0BG@OGFAJCKC@CreateThreadpoolTimer?$AA@ 1001cd28     LIBCMT:winapisupp.obj
 0002:00005d40       ??_C@_0BD@LPLEMMDI@SetThreadpoolTimer?$AA@ 1001cd40     LIBCMT:winapisupp.obj
 0002:00005d54       ??_C@_0CA@FMNJENH@WaitForThreadpoolTimerCallbacks?$AA@ 1001cd54     LIBCMT:winapisupp.obj
 0002:00005d74       ??_C@_0BF@DCFCCNOC@CloseThreadpoolTimer?$AA@ 1001cd74     LIBCMT:winapisupp.obj
 0002:00005d8c       ??_C@_0BF@FLABGKKM@CreateThreadpoolWait?$AA@ 1001cd8c     LIBCMT:winapisupp.obj
 0002:00005da4       ??_C@_0BC@MGCOHNA@SetThreadpoolWait?$AA@ 1001cda4     LIBCMT:winapisupp.obj
 0002:00005db8       ??_C@_0BE@OCIOMIMP@CloseThreadpoolWait?$AA@ 1001cdb8     LIBCMT:winapisupp.obj
 0002:00005dcc       ??_C@_0BJ@LKGHFHBO@FlushProcessWriteBuffers?$AA@ 1001cdcc     LIBCMT:winapisupp.obj
 0002:00005de8       ??_C@_0BP@KALKKPMO@FreeLibraryWhenCallbackReturns?$AA@ 1001cde8     LIBCMT:winapisupp.obj
 0002:00005e08       ??_C@_0BK@DFNBACLA@GetCurrentProcessorNumber?$AA@ 1001ce08     LIBCMT:winapisupp.obj
 0002:00005e24       ??_C@_0BP@KHGALBC@GetLogicalProcessorInformation?$AA@ 1001ce24     LIBCMT:winapisupp.obj
 0002:00005e44       ??_C@_0BE@FKKLLFLM@CreateSymbolicLinkW?$AA@ 1001ce44     LIBCMT:winapisupp.obj
 0002:00005e58       ??_C@_0BJ@OHNKDLIJ@SetDefaultDllDirectories?$AA@ 1001ce58     LIBCMT:winapisupp.obj
 0002:00005e74       ??_C@_0BE@LJANKFHF@EnumSystemLocalesEx?$AA@ 1001ce74     LIBCMT:winapisupp.obj
 0002:00005e88       ??_C@_0BA@IHGNDAEB@CompareStringEx?$AA@ 1001ce88     LIBCMT:winapisupp.obj
 0002:00005e98       ??_C@_0BA@EPCJIIPD@GetDateFormatEx?$AA@ 1001ce98     LIBCMT:winapisupp.obj
 0002:00005ea8       ??_C@_0BA@ONOKGCMP@GetLocaleInfoEx?$AA@ 1001cea8     LIBCMT:winapisupp.obj
 0002:00005eb8       ??_C@_0BA@CIJJKCJJ@GetTimeFormatEx?$AA@ 1001ceb8     LIBCMT:winapisupp.obj
 0002:00005ec8       ??_C@_0BJ@PBCCBIPI@GetUserDefaultLocaleName?$AA@ 1001cec8     LIBCMT:winapisupp.obj
 0002:00005ee4       ??_C@_0BC@CELBKLLA@IsValidLocaleName?$AA@ 1001cee4     LIBCMT:winapisupp.obj
 0002:00005ef8       ??_C@_0O@KKBNKAPF@LCMapStringEx?$AA@ 1001cef8     LIBCMT:winapisupp.obj
 0002:00005f08       ??_C@_0BE@JOGNEJCI@GetCurrentPackageId?$AA@ 1001cf08     LIBCMT:winapisupp.obj
 0002:00005f1c       ??_C@_0P@CDHHOHKP@GetTickCount64?$AA@ 1001cf1c     LIBCMT:winapisupp.obj
 0002:00005f2c       ??_C@_0BO@KPCLFDJJ@GetFileInformationByHandleExW?$AA@ 1001cf2c     LIBCMT:winapisupp.obj
 0002:00005f4c       ??_C@_0BM@MHIDLABK@SetFileInformationByHandleW?$AA@ 1001cf4c     LIBCMT:winapisupp.obj
[...]
 0002:00007700       PI_BY_2                    1001e700     LIBCMT:asin_pentium4.obj
 0002:00007710       SIGNMASK                   1001e710     LIBCMT:asin_pentium4.obj
 0002:00007720       HALFMASK                   1001e720     LIBCMT:asin_pentium4.obj
 0002:00007730       HALFMASK2                  1001e730     LIBCMT:asin_pentium4.obj
 0002:00007738       cv                         1001e738     LIBCMT:asin_pentium4.obj
 0002:00007750       cv2                        1001e750     LIBCMT:asin_pentium4.obj
 0002:00007790       ABSVALMASK                 1001e790     LIBCMT:asin_pentium4.obj
 0002:00007798       TMASK                      1001e798     LIBCMT:asin_pentium4.obj
 0002:000077a0       ONEMASK                    1001e7a0     LIBCMT:asin_pentium4.obj
 0002:000077a8       EMIN                       1001e7a8     LIBCMT:asin_pentium4.obj
 0002:000077b0       MAX_ARG                    1001e7b0     LIBCMT:asin_pentium4.obj
 0002:000077b8       MIN_ARG                    1001e7b8     LIBCMT:asin_pentium4.obj
 0002:000077c0       INF                        1001e7c0     LIBCMT:asin_pentium4.obj
 0002:000077c8       ZERO                       1001e7c8     LIBCMT:asin_pentium4.obj
 0002:000077d0       Shifter                    1001e7d0     LIBCMT:acos_pentium4.obj
 0002:000077e0       Tbl_addr                   1001e7e0     LIBCMT:acos_pentium4.obj
 0002:000086e0       T_table                    1001f6e0     LIBCMT:acos_pentium4.obj
 0002:00008ee0       PI_BY_2                    1001fee0     LIBCMT:acos_pentium4.obj
 0002:00008ef0       NEG_PI                     1001fef0     LIBCMT:acos_pentium4.obj
 0002:00008f00       PI                         1001ff00     LIBCMT:acos_pentium4.obj
 0002:00008f10       SIGNMASK                   1001ff10     LIBCMT:acos_pentium4.obj
 0002:00008f20       HALFMASK                   1001ff20     LIBCMT:acos_pentium4.obj
 0002:00008f30       HALFMASK2                  1001ff30     LIBCMT:acos_pentium4.obj
 0002:00008f40       cv                         1001ff40     LIBCMT:acos_pentium4.obj
 0002:00008f60       cv2                        1001ff60     LIBCMT:acos_pentium4.obj
 0002:00008fa0       ABSVALMASK                 1001ffa0     LIBCMT:acos_pentium4.obj
 0002:00008fa8       TMASK                      1001ffa8     LIBCMT:acos_pentium4.obj
 0002:00008fb0       ONEMASK                    1001ffb0     LIBCMT:acos_pentium4.obj
 0002:00008fb8       ONE_BY_2                   1001ffb8     LIBCMT:acos_pentium4.obj
 0002:00008fc0       EMIN                       1001ffc0     LIBCMT:acos_pentium4.obj
 0002:00008fc8       MAX_ARG                    1001ffc8     LIBCMT:acos_pentium4.obj
 0002:00008fd0       MIN_ARG                    1001ffd0     LIBCMT:acos_pentium4.obj
 0002:00008fd8       INF                        1001ffd8     LIBCMT:acos_pentium4.obj
 0002:00008fe0       ZERO                       1001ffe0     LIBCMT:acos_pentium4.obj
 0002:00008fe8       ALPHA                      1001ffe8     LIBCMT:acos_pentium4.obj
 0002:00008ff0       Ctable                     1001fff0     LIBCMT:sin_pentium4.obj
 0002:000097f0       SC_1                       100207f0     LIBCMT:sin_pentium4.obj
 0002:00009800       SC_2                       10020800     LIBCMT:sin_pentium4.obj
 0002:00009810       SC_3                       10020810     LIBCMT:sin_pentium4.obj
 0002:00009820       SC_4                       10020820     LIBCMT:sin_pentium4.obj
 0002:00009830       PI32INV                    10020830     LIBCMT:sin_pentium4.obj
 0002:00009838       SHIFTER                    10020838     LIBCMT:sin_pentium4.obj
 0002:00009840       P_2                        10020840     LIBCMT:sin_pentium4.obj
 0002:00009850       P_1                        10020850     LIBCMT:sin_pentium4.obj
 0002:00009858       P_3                        10020858     LIBCMT:sin_pentium4.obj
 0002:00009860       TWO_POW_55                 10020860     LIBCMT:sin_pentium4.obj
 0002:00009868       TWO_POW_M55                10020868     LIBCMT:sin_pentium4.obj
 0002:00009870       ALL_ONES                   10020870     LIBCMT:sin_pentium4.obj
 0002:00009878       NEG_ZERO                   10020878     LIBCMT:sin_pentium4.obj
 0002:00009880       ONE                        10020880     LIBCMT:sin_pentium4.obj
 0002:00009890       Ctable                     10020890     LIBCMT:cos_pentium4.obj
 0002:0000a090       SC_1                       10021090     LIBCMT:cos_pentium4.obj
 0002:0000a0a0       SC_2                       100210a0     LIBCMT:cos_pentium4.obj
 0002:0000a0b0       SC_3                       100210b0     LIBCMT:cos_pentium4.obj
 0002:0000a0c0       SC_4                       100210c0     LIBCMT:cos_pentium4.obj
 0002:0000a0d0       PI32INV                    100210d0     LIBCMT:cos_pentium4.obj
 0002:0000a0d8       SHIFTER                    100210d8     LIBCMT:cos_pentium4.obj
 0002:0000a0e0       P_2                        100210e0     LIBCMT:cos_pentium4.obj
 0002:0000a0f0       P_1                        100210f0     LIBCMT:cos_pentium4.obj
 0002:0000a0f8       P_3                        100210f8     LIBCMT:cos_pentium4.obj
 0002:0000a100       TWO_POW_55                 10021100     LIBCMT:cos_pentium4.obj
 0002:0000a108       TWO_POW_M55                10021108     LIBCMT:cos_pentium4.obj
 0002:0000a110       ALL_ONES                   10021110     LIBCMT:cos_pentium4.obj
 0002:0000a118       NEG_ZERO                   10021118     LIBCMT:cos_pentium4.obj
 0002:0000a120       ONE                        10021120     LIBCMT:cos_pentium4.obj
 0002:0000a130       SIGN_MASK                  10021130     LIBCMT:cos_pentium4.obj
 0002:0000a140       Ctable                     10021140     LIBCMT:tan_pentium4.obj
 0002:0000b740       PI32INV                    10022740     LIBCMT:tan_pentium4.obj
 0002:0000b750       SHIFTER                    10022750     LIBCMT:tan_pentium4.obj
 0002:0000b760       P_1                        10022760     LIBCMT:tan_pentium4.obj
 0002:0000b770       P_2                        10022770     LIBCMT:tan_pentium4.obj
 0002:0000b780       P_3                        10022780     LIBCMT:tan_pentium4.obj
 0002:0000b790       QQ_2                       10022790     LIBCMT:tan_pentium4.obj
 0002:0000b798       ONE                        10022798     LIBCMT:tan_pentium4.obj
 0002:0000b7a0       MASK_35                    100227a0     LIBCMT:tan_pentium4.obj
 0002:0000b7b0       sign_mask                  100227b0     LIBCMT:tan_pentium4.obj
 0002:0000b7b8       TWO_POW_55                 100227b8     LIBCMT:tan_pentium4.obj
 0002:0000b7c0       TWO_POW_M55                100227c0     LIBCMT:tan_pentium4.obj
 0002:0000b7c8       TWO_POW_M53                100227c8     LIBCMT:tan_pentium4.obj
 0002:0000b7d0       INF                        100227d0     LIBCMT:tan_pentium4.obj
 0002:0000b7e0       _rterrs                    100227e0     LIBCMT:crt0msg.obj
 0002:0000c244       __mb_locale_names          10023244     LIBCMT:mbctype.obj
 0002:0000c284       _GS_ExceptionPointers      10023284     LIBCMT:gs_report.obj
 0002:0000e6d0       rcp_t1                     100256d0     LIBCMT:pow_pentium4.obj
 0002:0000eae0       log2_t1                    10025ae0     LIBCMT:pow_pentium4.obj
 0002:0000f2f0       rcp_t2                     100262f0     LIBCMT:pow_pentium4.obj
 0002:0000f700       log2_t2                    10026700     LIBCMT:pow_pentium4.obj
 0002:0000ff10       rcp_t3                     10026f10     LIBCMT:pow_pentium4.obj
 0002:00010720       log2_t3                    10027720     LIBCMT:pow_pentium4.obj
 0002:00011730       clv                        10028730     LIBCMT:pow_pentium4.obj
 0002:00011750       exp2_tbl                   10028750     LIBCMT:pow_pentium4.obj
 0002:00011f50       Shifter                    10028f50     LIBCMT:pow_pentium4.obj
 0002:00011f60       SIGMASK                    10028f60     LIBCMT:pow_pentium4.obj
 0002:00011f70       ONEMASK                    10028f70     LIBCMT:pow_pentium4.obj
 0002:00011f80       ABSVALMASK                 10028f80     LIBCMT:pow_pentium4.obj
 0002:00011f90       cev                        10028f90     LIBCMT:pow_pentium4.obj
 0002:00011fb8       HALFSIG                    10028fb8     LIBCMT:pow_pentium4.obj
 0002:00011fc0       LHN                        10028fc0     LIBCMT:pow_pentium4.obj
 0002:00011fc8       sNaN                       10028fc8     LIBCMT:pow_pentium4.obj
 0002:00011fd0       INF                        10028fd0     LIBCMT:pow_pentium4.obj
 0002:00011fd8       NEG_INF                    10028fd8     LIBCMT:pow_pentium4.obj
 0002:00011fe0       NEG_ZERO                   10028fe0     LIBCMT:pow_pentium4.obj
 0002:00011fe8       NEG_BIG                    10028fe8     LIBCMT:pow_pentium4.obj
 0002:00011ff0       POS_BIG                    10028ff0     LIBCMT:pow_pentium4.obj
 0002:00011ff8       EMIN                       10028ff8     LIBCMT:pow_pentium4.obj
 0002:00012000       QIND                       10029000     LIBCMT:pow_pentium4.obj
 0002:0001202e       _log2max                   1002902e     LIBCMT:87tran.obj
 0002:00012038       _smallarg                  10029038     LIBCMT:87tran.obj
 0002:00012042       _half                      10029042     LIBCMT:87tran.obj
 0002:00012070       _tokenTable                10029070     LIBCMT:undname.obj
 0002:000120a8       _nameTable                 100290a8     LIBCMT:undname.obj
 0002:000121e8       _rttiTable                 100291e8     LIBCMT:undname.obj
 0002:00013040       __first_127char            1002a040     LIBCMT:wsetloca.obj
 0002:000134c0       __catchsym$?_Copy@?$basic_string@DU?$char_traits@D@std@@V?$allocator@D@2@@std@@QAEXII@Z$5 1002a4c0     human.obj
 0002:000134d0       __catchsym$?_Copy@?$basic_string@DU?$char_traits@D@std@@V?$allocator@D@2@@std@@QAEXII@Z$4 1002a4d0     human.obj
 0002:000134e0       __unwindtable$?_Copy@?$basic_string@DU?$char_traits@D@std@@V?$allocator@D@2@@std@@QAEXII@Z 1002a4e0     human.obj
 0002:00013500       __ehfuncinfo$?_Copy@?$basic_string@DU?$char_traits@D@std@@V?$allocator@D@2@@std@@QAEXII@Z 1002a500     human.obj
 0002:00013524       __tryblocktable$?_Copy@?$basic_string@DU?$char_traits@D@std@@V?$allocator@D@2@@std@@QAEXII@Z 1002a524     human.obj
 0002:00013638       __sehtable$__onexit        1002a638     LIBCMT:onexit.obj
 0002:00013658       __sehtable$_printf         1002a658     LIBCMT:printf.obj
 0002:00013678       __sehtable$__CRT_INIT@12   1002a678     LIBCMT:dllcrt0.obj
 0002:00013698       __sehtable$___DllMainCRTStartup 1002a698     LIBCMT:dllcrt0.obj
 0002:000136b8       __sehtable$_doexit         1002a6b8     LIBCMT:crt0dat.obj
 0002:000136d8       __sehtable$___set_fpsr_sse2 1002a6d8     LIBCMT:fpctrl.obj
 0002:000136f8       __sehtable$__freefls@4     1002a6f8     LIBCMT:tidtable.obj
 0002:00013720       __sehtable$__initptd       1002a720     LIBCMT:tidtable.obj
 0002:00013748       __sehtable$?terminate@@YAXXZ 1002a748     LIBCMT:hooks.obj
 0002:00013768       __sehtable$?_inconsistency@@YAXXZ 1002a768     LIBCMT:hooks.obj
 0002:00013788       __sehtable$___FrameUnwindToState 1002a788     LIBCMT:frame.obj
 0002:000137b0       __sehtable$?CallCatchBlock@@YAPAXPAUEHExceptionRecord@@PAUEHRegistrationNode@@PAU_CONTEXT@@PBU_s_FuncInfo@@PAXHK@Z 1002a7b0     LIBCMT:frame.obj
 0002:000137d8       __sehtable$___BuildCatchObject 1002a7d8     LIBCMT:frame.obj
 0002:000137f8       __sehtable$___DestructExceptionObject 1002a7f8     LIBCMT:frame.obj
 0002:00013814       __catchsym$?CallUnexpected@@YAXPBU_s_ESTypeList@@@Z$2 1002a814     LIBCMT:frame.obj
 0002:00013824       __unwindtable$?CallUnexpected@@YAXPBU_s_ESTypeList@@@Z 1002a824     LIBCMT:frame.obj
 0002:00013834       __tryblocktable$?CallUnexpected@@YAXPBU_s_ESTypeList@@@Z 1002a834     LIBCMT:frame.obj
 0002:00013848       __ehfuncinfo$?CallUnexpected@@YAXPBU_s_ESTypeList@@@Z 1002a848     LIBCMT:frame.obj
 0002:00013870       __sehtable$___BuildCatchObjectHelper 1002a870     LIBCMT:frame.obj
 0002:000138c8       __sehtable$?_Type_info_dtor@type_info@@CAXPAV1@@Z 1002a8c8     LIBCMT:typname.obj
 0002:000138e8       __sehtable$__ioinit        1002a8e8     LIBCMT:ioinit.obj
 0002:00013908       __sehtable$__mtinitlocknum 1002a908     LIBCMT:mlock.obj
 0002:00013928       __sehtable$__IsNonwritableInCurrentImage 1002a928     LIBCMT:pesect.obj
 0002:00013948       __sehtable$_raise          1002a948     LIBCMT:winsig.obj
 0002:00013968       __sehtable$___updatetmbcinfo 1002a968     LIBCMT:mbctype.obj
 0002:00013988       __sehtable$__setmbcp       1002a988     LIBCMT:mbctype.obj
 0002:000139a8       __sehtable$__fcloseall     1002a9a8     LIBCMT:closeall.obj
 0002:000139c8       __sehtable$_flsall         1002a9c8     LIBCMT:fflush.obj
 0002:000139f0       __sehtable$___updatetlocinfo 1002a9f0     LIBCMT:localref.obj
 0002:00013a10       __sehtable$__write         1002aa10     LIBCMT:write.obj
 0002:00013a30       __sehtable$__lseeki64      1002aa30     LIBCMT:lseeki64.obj
 0002:00013a50       __sehtable$_fclose         1002aa50     LIBCMT:fclose.obj
 0002:00013a70       __sehtable$__commit        1002aa70     LIBCMT:commit.obj
 0002:00013a90       __sehtable$___lock_fhandle 1002aa90     LIBCMT:osfinfo.obj
 0002:00013ab0       __sehtable$__locterm       1002aab0     LIBCMT:wsetloca.obj
 0002:00013ad0       __sehtable$__close         1002aad0     LIBCMT:close.obj
 0002:00013af0       .edata                     1002aaf0     human.exp
 0002:00013b18       rgpv                       1002ab18     human.exp
 0002:00013b1c       rgszName                   1002ab1c     human.exp
 0002:00013b20       rgwOrd                     1002ab20     human.exp
 0002:00013b22       szName                     1002ab22     human.exp
 0002:00013b2c       $N00001                    1002ab2c     human.exp
 0002:00013e38       .idata$6                   1002ae38     client:client.dll
 0002:00013f00       .idata$6                   1002af00     tgf:tgf.dll
 0002:00013f34       .idata$6                   1002af34     robottools:robottools.dll
 0002:000143aa       .idata$6                   1002b3aa     kernel32:KERNEL32.dll
 0003:00000000       _color                     1002c000     human.obj
 0003:00000010       _masterPlayer              1002c010     human.obj
 0003:00000014       _lastKeyUpdate             1002c014     human.obj
 0003:00000024       ?firstTime@?1??common_drive@@YAXHPAUCarElt@@PAUSituation@@@Z@4HA 1002c024     human.obj
 0003:000004f0       _controlList               1002c4f0     pref.obj
 0003:00000520       __ulSeverityText           1002c520     ul_vs2008_32:ulError.obj
 0003:00000540       _NAME_                     1002c540     LIBCMT:sqrt.obj
 0003:00000550       _NAME_                     1002c550     LIBCMT:asin.obj
 0003:00000560       _NAME_                     1002c560     LIBCMT:acos.obj
 0003:00000570       _NAME_                     1002c570     LIBCMT:sin.obj
 0003:00000580       _NAME_                     1002c580     LIBCMT:cos.obj
 0003:00000590       _NAME_                     1002c590     LIBCMT:tan.obj
 0003:00000838       _errtable                  1002c838     LIBCMT:dosmap.obj
 0003:000009a0       _ErrnoNoMem                1002c9a0     LIBCMT:dosmap.obj
 0003:000009a4       _DoserrorNoMem             1002c9a4     LIBCMT:dosmap.obj
 0003:000009d0       ?_names@?1??_get_fname@@9@9 1002c9d0     LIBCMT:fpexcept.obj
 0003:00000ab8       _over                      1002cab8     LIBCMT:fpctrl.obj
 0003:00000ac4       _under                     1002cac4     LIBCMT:fpctrl.obj
 0003:00000ad0       ?__DAZ_ENABLED@?1??__set_fpsr_sse2@@9@9 1002cad0     LIBCMT:fpctrl.obj
 0003:00000b08       POW_name                   1002cb08     LIBCMT:pow.obj
 0003:00000b78       ?isPackaged@?1??__crtIsPackagedApp@@9@9 1002cb78     LIBCMT:winapisupp.obj
 0003:00000b80       __locktable                1002cb80     LIBCMT:mlock.obj
 0003:000010c8       ___rgctypeflag             1002d0c8     LIBCMT:mbctype.obj
 0003:000010d0       ___rgcode_page_info        1002d0d0     LIBCMT:mbctype.obj
 0003:00001480       __ctype_loc_style          1002d480     LIBCMT:wsetloca.obj
 0003:00001484       _DoubleFormat              1002d484     LIBCMT:intrncvt.obj
 0003:0000149c       _FloatFormat               1002d49c     LIBCMT:intrncvt.obj
 0003:0000192c       _joyInfo                   1002d92c     human.obj
 0003:00001930       _mouseInfo                 1002d930     human.obj
 0003:00001934       _speedLimiter              1002d934     human.obj
 0003:00001938       _firstTime                 1002d938     human.obj
 0003:0000193c       _allocator_arg             1002d93c     human.obj
 0003:0000193d       _piecewise_construct       1002d93d     human.obj
 0003:00001940       _curTrack                  1002d940     human.obj
 0003:00001944       _Vtarget                   1002d944     human.obj
 0003:00001948       _keyInfo                   1002d948     human.obj
 0003:00002548       _skeyInfo                  1002e548     human.obj
 0003:00003148       _currentKey                1002f148     human.obj
 0003:00003548       _currentSKey               1002f548     human.obj
 0003:00003948       _names                     1002f948     human.obj
 0003:00003d38       __ulErrorBuffer            1002fd38     ul_vs2008_32:ulError.obj
 0003:00004138       __ulErrorCB                10030138     ul_vs2008_32:ulError.obj
 0003:0000413c       __Tuple_alloc              1003013c     libcpmt:xthrow.obj
 0003:0000413d       _ignore                    1003013d     libcpmt:xthrow.obj
 0003:0000413e       _allocator_arg             1003013e     libcpmt:xthrow.obj
 0003:0000413f       _piecewise_construct       1003013f     libcpmt:xthrow.obj
 0003:00004150       _allocator_arg             10030150     libcpmt:syserror.obj
 0003:00004151       _piecewise_construct       10030151     libcpmt:syserror.obj
 0003:00004154       ___enable_percent_n        10030154     LIBCMT:printf.obj
 0003:0000415c       ___proc_attached           1003015c     LIBCMT:dllcrt0.obj
 0003:000041c8       __pmatherr_set             100301c8     LIBCMT:libm_error.obj
 0003:000041cc       ___type_info_root_node     100301cc     LIBCMT:typname.obj
 0003:000042d8       ?_pgmname@?1??_setargv@@9@9 100302d8     LIBCMT:stdargv.obj
 0003:000043e0       _lclcritsects              100303e0     LIBCMT:mlock.obj
 0003:00004538       ?outmsg@?9??_NMSG_WRITE@@9@9 10030538     LIBCMT:crt0msg.obj
 0003:00004b60       _ctrlc_action              10030b60     LIBCMT:winsig.obj
 0003:00004b64       _ctrlbreak_action          10030b64     LIBCMT:winsig.obj
 0003:00004b68       _abort_action              10030b68     LIBCMT:winsig.obj
 0003:00004b6c       _term_action               10030b6c     LIBCMT:winsig.obj
 0003:00004b70       _ConsoleCtrlHandler_Installed 10030b70     LIBCMT:winsig.obj
 0003:00004b74       _g_pfnRtlGenRandom         10030b74     LIBCMT:rand_s.obj
 0003:00004b90       _fSystemSet                10030b90     LIBCMT:mbctype.obj
 0003:00004b98       _GS_ExceptionRecord        10030b98     LIBCMT:gs_report.obj
 0003:00004be8       _GS_ContextRecord          10030be8     LIBCMT:gs_report.obj
 0003:00004eb4       _DebuggerWasPresent        10030eb4     LIBCMT:gs_report.obj
 0003:00004eb8       ___crtCallProc             10030eb8     LIBCMT:winapinls.obj
 0003:00004ee8       _heap                      10030ee8     LIBCMT:undname.obj
 0003:00004f04       ?pfnMessageBox@?1??__crtMessageBoxW@@9@9 10030f04     LIBCMT:crtmboxw.obj
 0003:00004f08       ?pfnGetActiveWindow@?1??__crtMessageBoxW@@9@9 10030f08     LIBCMT:crtmboxw.obj
 0003:00004f0c       ?pfnGetLastActivePopup@?1??__crtMessageBoxW@@9@9 10030f0c     LIBCMT:crtmboxw.obj
 0003:00004f10       ?pfnGetProcessWindowStation@?1??__crtMessageBoxW@@9@9 10030f10     LIBCMT:crtmboxw.obj
 0003:00004f14       ?pfnGetUserObjectInformation@?1??__crtMessageBoxW@@9@9 10030f14     LIBCMT:crtmboxw.obj
