 berniw2

 Timestamp is 593049d5 (Thu Jun 01 18:07:33 2017)

 Preferred load address is 10000000

 Start         Length     Name                   Class
 0001:00000000 00000000H .text                   CODE
 0001:00000000 0001d6dcH .text$mn                CODE
 0001:0001d6e0 00000093H .text$x                 CODE
 0002:00000000 00000128H .idata$5                DATA
 0002:00000128 00000004H .CRT$XCA                DATA
 0002:0000012c 00000004H .CRT$XCZ                DATA
 0002:00000130 00000004H .CRT$XIA                DATA
 0002:00000134 00000014H .CRT$XIC                DATA
 0002:00000148 00000004H .CRT$XIZ                DATA
 0002:0000014c 00000004H .CRT$XPA                DATA
 0002:00000150 00000008H .CRT$XPX                DATA
 0002:00000158 00000004H .CRT$XPXA               DATA
 0002:0000015c 00000004H .CRT$XPZ                DATA
 0002:00000160 00000004H .CRT$XTA                DATA
 0002:00000164 00000004H .CRT$XTZ                DATA
 0002:00000170 00012400H .rdata                  DATA
 0002:00012570 00000128H .rdata$r                DATA
 0002:000126a0 00000028H .rdata$sxdata           DATA
 0002:000126c8 00000004H .rtc$IAA                DATA
 0002:000126cc 00000004H .rtc$IZZ                DATA
 0002:000126d0 00000004H .rtc$TAA                DATA
 0002:000126d4 00000004H .rtc$TZZ                DATA
 0002:000126d8 000006c4H .xdata$x                DATA
 0002:00012da0 00000046H .edata                  DATA
 0002:00012de8 0000003cH .idata$2                DATA
 0002:00012e24 00000014H .idata$3                DATA
 0002:00012e38 00000128H .idata$4                DATA
 0002:00012f60 00000534H .idata$6                DATA
 0003:00000000 000013d8H .data                   DATA
 0003:000013d8 00000070H .data$r                 DATA
 0003:00001460 00002300H .bss                    DATA

  Address         Publics by Value              Rva+Base       Lib:Object

 0000:00000000       ___guard_fids_table        00000000     <absolute>
 0000:00000000       __except_list              00000000     <absolute>
 0000:00000000       ___guard_fids_count        00000000     <absolute>
 0000:00000000       ___guard_flags             00000000     <absolute>
 0000:0000000a       ___safe_se_handler_count   0000000a     <absolute>
 0000:00000000       ___ImageBase               10000000     <linker-defined>
 0001:00001530       _berniw2                   10002530 f   berniw2.obj
 0001:00001580       ??0OtherCar@@QAE@XZ        10002580 f i berniw2.obj
 0001:00001590       ??1OtherCar@@QAE@XZ        10002590 f i berniw2.obj
 0001:000015a0       ??0MyCar@@QAE@PAVTrackDesc@@PAUCarElt@@PAUSituation@@@Z 100025a0 f   mycar.obj
 0001:00001c20       ??1MyCar@@QAE@XZ           10002c20 f   mycar.obj
 0001:00001c40       ?info@MyCar@@QAEXXZ        10002c40 f   mycar.obj
 0001:00001d70       ?update@MyCar@@QAEXPAVTrackDesc@@PAUCarElt@@PAUSituation@@@Z 10002d70 f   mycar.obj
 0001:00002030       ?loadBehaviour@MyCar@@QAEXH@Z 10003030 f   mycar.obj
 0001:000020c0       ?querySlipSpeed@MyCar@@QAENPAUCarElt@@@Z 100030c0 f   mycar.obj
 0001:000021a0       ?queryAcceleration@MyCar@@QAENPAUCarElt@@N@Z 100031a0 f   mycar.obj
 0001:00002250       ?updateCa@MyCar@@AAEXXZ    10003250 f   mycar.obj
 0001:000023d0       ?updateDError@MyCar@@AAEXXZ 100033d0 f   mycar.obj
 0001:00002540       ?initCarGeometry@MyCar@@AAEXXZ 10003540 f   mycar.obj
 0001:00002570       ?init@OtherCar@@QAEXPAVTrackDesc@@PAUCarElt@@PAUSituation@@@Z 10003570 f   mycar.obj
 0001:00002690       ?update@OtherCar@@QAEXXZ   10003690 f   mycar.obj
 0001:000027b0       ?getCurrentSegment@TrackDesc@@QAEHPAUCarElt@@HH@Z 100037b0 f i mycar.obj
 0001:00002870       ??0Pathfinder@@QAE@PAVTrackDesc@@PAUCarElt@@PAUSituation@@@Z 10003870 f   pathfinder.obj
 0001:00002a60       ??1Pathfinder@@QAE@XZ      10003a60 f   pathfinder.obj
 0001:00002ab0       ?plan@Pathfinder@@QAEXHPAUCarElt@@PAUSituation@@PAVMyCar@@PAVOtherCar@@@Z 10003ab0 f   pathfinder.obj
 0001:000033a0       ?plan@Pathfinder@@QAEXPAVMyCar@@@Z 100043a0 f   pathfinder.obj
 0001:00003860       ?initPit@Pathfinder@@QAEXPAUCarElt@@@Z 10004860 f   pathfinder.obj
 0001:00003c30       ?plotPitStopPath@Pathfinder@@QAEXPAD@Z 10004c30 f   pathfinder.obj
 0001:00003cb0       ?plotPath@Pathfinder@@QAEXPAD@Z 10004cb0 f   pathfinder.obj
 0001:00003d20       ?initPitStopPath@Pathfinder@@AAEXXZ 10004d20 f   pathfinder.obj
 0001:000042d0       ?collision@Pathfinder@@AAEHHPAUCarElt@@PAUSituation@@PAVMyCar@@PAVOtherCar@@@Z 100052d0 f   pathfinder.obj
 0001:000047a0       ?overtake@Pathfinder@@AAEHHPAUSituation@@PAVMyCar@@PAVOtherCar@@@Z 100057a0 f   pathfinder.obj
 0001:00005490       ?stepInterpolate@Pathfinder@@AAEXHHH@Z 10006490 f   pathfinder.obj
 0001:00005700       ?interpolate@Pathfinder@@AAEXH@Z 10006700 f   pathfinder.obj
 0001:00005760       ?smooth@Pathfinder@@AAEXH@Z 10006760 f   pathfinder.obj
 0001:00005b20       ?correctPath@Pathfinder@@AAEHHPAUCarElt@@PAVMyCar@@@Z 10006b20 f   pathfinder.obj
 0001:00006150       ?smooth@Pathfinder@@AAEXHHHN@Z 10007150 f   pathfinder.obj
 0001:00006240       ?smooth@Pathfinder@@AAEXHNN@Z 10007240 f   pathfinder.obj
 0001:00006840       ?optimize@Pathfinder@@AAEXHHN@Z 10007840 f   pathfinder.obj
 0001:000068a0       ?optimize2@Pathfinder@@AAEXHHN@Z 100078a0 f   pathfinder.obj
 0001:00006940       ?optimize3@Pathfinder@@AAEXHHN@Z 10007940 f   pathfinder.obj
 0001:000069e0       ?letoverlap@Pathfinder@@AAEHHPAUSituation@@PAVMyCar@@PAVOtherCar@@PAUtOverlapTimer@@@Z 100079e0 f   pathfinder.obj
 0001:000070b0       ?adjustRadius@Pathfinder@@AAEXHHHNN@Z 100080b0 f i pathfinder.obj
 0001:000074f0       ?updateOCar@Pathfinder@@AAEHHPAUSituation@@PAVMyCar@@PAVOtherCar@@PAUtOCar@@@Z 100084f0 f i pathfinder.obj
 0001:00007c10       ?updateOverlapTimer@Pathfinder@@AAEXHPAUSituation@@PAVMyCar@@PAVOtherCar@@PAUtOCar@@PAUtOverlapTimer@@@Z 10008c10 f i pathfinder.obj
 0001:00007d90       ?tridiagonal@@YAXHPAUSplineEquationData@@PAN@Z 10008d90 f   spline.obj
 0001:00007f70       ?tridiagonal2@@YAXHPAUSplineEquationData2@@@Z 10008f70 f   spline.obj
 0001:000081d0       ?slopesp@@YAXHQBN0QAN@Z    100091d0 f   spline.obj
 0001:00008540       ?slopesn@@YAXHQBN0QAN@Z    10009540 f   spline.obj
 0001:00008670       ?parametricslopesp@@YAXHQBN0QAN11@Z 10009670 f   spline.obj
 0001:00008730       ?parametricslopesn@@YAXHQBN0QAN11@Z 10009730 f   spline.obj
 0001:000087f0       ?spline@@YANHNQBN00@Z      100097f0 f   spline.obj
 0001:000088a0       ??0TrackSegment@@QAE@XZ    100098a0 f   trackdesc.obj
 0001:000088b0       ??1TrackSegment@@QAE@XZ    100098b0 f   trackdesc.obj
 0001:000088c0       ?init@TrackSegment@@QAEXHPBUtrackSeg@@PBVv3d@@11@Z 100098c0 f   trackdesc.obj
 0001:00008b70       ??0TrackDesc@@QAE@PBUtTrack@@@Z 10009b70 f   trackdesc.obj
 0001:00009560       ??1TrackDesc@@QAE@XZ       1000a560 f   trackdesc.obj
 0001:00009590       ?plot@TrackDesc@@QAEXPAD@Z 1000a590 f   trackdesc.obj
 0001:00009640       ?getCurrentSegment@TrackDesc@@QAEHPAUCarElt@@@Z 1000a640 f   trackdesc.obj
 0001:00009700       ?getNearestId@TrackDesc@@QAEHPAVv3d@@@Z 1000a700 f   trackdesc.obj
 0001:000097ac       ?_tgf_win_strdup@@YAPADPBD@Z 1000a7ac f   tgf:tgf.dll
 0001:000097b2       ?GfParmReadFile@@YAPAXPBDH@Z 1000a7b2 f   tgf:tgf.dll
 0001:000097b8       ?GfParmGetNum@@YAMPAXPBD11M@Z 1000a7b8 f   tgf:tgf.dll
 0001:000097be       ?GfParmSetNum@@YAHPAXPBD11M@Z 1000a7be f   tgf:tgf.dll
 0001:000097c4       ?GfParmGetStr@@YAPBDPAXPBD11@Z 1000a7c4 f   tgf:tgf.dll
 0001:000097ca       ?RtTrackSideTgAngleL@@YAMPAUtTrkLocPos@@@Z 1000a7ca f   robottools:robottools.dll
 0001:000097d0       ??_L@YGXPAXIHP6EX0@Z1@Z    1000a7d0 f   LIBCMT:ehvecctr.obj
 0001:00009832       ??_M@YGXPAXIHP6EX0@Z@Z     1000a832 f   LIBCMT:ehvecdtr.obj
 0001:000098a1       ?__ArrayUnwind@@YGXPAXIHP6EX0@Z@Z 1000a8a1 f   LIBCMT:ehvecdtr.obj
 0001:000098ff       ??0bad_alloc@std@@QAE@ABV01@@Z 1000a8ff f i LIBCMT:new.obj
 0001:0000991a       ??1bad_alloc@std@@UAE@XZ   1000a91a f i LIBCMT:new.obj
 0001:00009925       ??2@YAPAXI@Z               1000a925 f   LIBCMT:new.obj
 0001:00009976       ??_Ebad_alloc@std@@UAEPAXI@Z 1000a976 f i LIBCMT:new.obj
 0001:00009976       ??_Gbad_alloc@std@@UAEPAXI@Z 1000a976 f i LIBCMT:new.obj
 0001:0000999b       ??3@YAXPAX@Z               1000a99b f   LIBCMT:delete.obj
 0001:000099a0       __snprintf                 1000a9a0 f   LIBCMT:snprintf.obj
 0001:00009a50       _strrchr                   1000aa50 f   LIBCMT:strrchr.obj
 0001:00009b90       _atan2                     1000ab90 f   LIBCMT:87ctriga.obj
 0001:00009b9a       __CIatan2                  1000ab9a f   LIBCMT:87ctriga.obj
 0001:00009c74       ?_CallCatchBlock2@@YAPAXPAUEHRegistrationNode@@PBU_s_FuncInfo@@PAXHK@Z 1000ac74 f   LIBCMT:_trnsctrl_.obj
 0001:00009cd4       ?_CallMemberFunction2@@YGXPAX00H@Z 1000acd4 f   LIBCMT:_trnsctrl_.obj
 0001:00009cd4       ?_CallMemberFunction0@@YGXPAX0@Z 1000acd4 f   LIBCMT:_trnsctrl_.obj
 0001:00009cd4       ?_CallMemberFunction1@@YGXPAX00@Z 1000acd4 f   LIBCMT:_trnsctrl_.obj
 0001:00009cdb       ?_CallSETranslator@@YAHPAUEHExceptionRecord@@PAUEHRegistrationNode@@PAX2PBU_s_FuncInfo@@H1@Z 1000acdb f   LIBCMT:_trnsctrl_.obj
 0001:00009db2       ?_GetRangeOfTrysToCheck@@YAPBU_s_TryBlockMapEntry@@PBU_s_FuncInfo@@HHPAI1@Z 1000adb2 f   LIBCMT:_trnsctrl_.obj
 0001:00009e30       ?_JumpToContinuation@@YGXPAXPAUEHRegistrationNode@@@Z 1000ae30 f   LIBCMT:_trnsctrl_.obj
 0001:00009e62       ?_UnwindNestedFrames@@YGXPAUEHRegistrationNode@@PAUEHExceptionRecord@@@Z 1000ae62 f   LIBCMT:_trnsctrl_.obj
 0001:00009eb7       __CreateFrameInfo          1000aeb7 f   LIBCMT:_trnsctrl_.obj
 0001:00009ee1       __FindAndUnlinkFrame       1000aee1 f   LIBCMT:_trnsctrl_.obj
 0001:00009f31       __IsExceptionObjectToBeDestroyed 1000af31 f   LIBCMT:_trnsctrl_.obj
 0001:00009f5a       ___CxxFrameHandler3        1000af5a f   LIBCMT:_trnsctrl_.obj
 0001:00009f90       __libm_sse2_cos_precise    1000af90 f   LIBCMT:cos_sse2_precise.obj
 0001:0000a150       __libm_sse2_sqrt_precise   1000b150 f   LIBCMT:sqrt_sse2_precise.obj
 0001:0000a250       _memset                    1000b250 f   LIBCMT:memset.obj
 0001:0000a2e0       __fpmath                   1000b2e0 f   LIBCMT:fpinit.obj
 0001:0000a2f7       __cfltcvt_init             1000b2f7 f   LIBCMT:fpinit.obj
 0001:0000a357       __get_printf_count_output  1000b357 f   LIBCMT:printf.obj
 0001:0000a36c       _printf                    1000b36c f   LIBCMT:printf.obj
 0001:0000a420       __libm_sse2_exp_precise    1000b420 f   LIBCMT:exp_sse2_precise.obj
 0001:0000a6f0       __libm_sse2_sin_precise    1000b6f0 f   LIBCMT:sin_sse2_precise.obj
 0001:0000a8c0       _ceil                      1000b8c0 f   LIBCMT:ceil_pentium4.obj
 0001:0000a900       __ceil_pentium4            1000b900 f   LIBCMT:ceil_pentium4.obj
 0001:0000a9dd       __fclose_nolock            1000b9dd f   LIBCMT:fclose.obj
 0001:0000aa49       _fclose                    1000ba49 f   LIBCMT:fclose.obj
 0001:0000aac0       __fsopen                   1000bac0 f   LIBCMT:fopen.obj
 0001:0000ab84       _fopen                     1000bb84 f   LIBCMT:fopen.obj
 0001:0000ab99       _fprintf                   1000bb99 f   LIBCMT:fprintf.obj
 0001:0000acb0       __alloca_probe             1000bcb0 f   LIBCMT:chkstk.obj
 0001:0000acb0       __chkstk                   1000bcb0 f   LIBCMT:chkstk.obj
 0001:0000ace0       __ftol2_sse                1000bce0 f   LIBCMT:ftol2.obj
 0001:0000ace9       __ftol2_pentium4           1000bce9 f   LIBCMT:ftol2.obj
 0001:0000acfc       __ftol2_sse_excpt          1000bcfc f   LIBCMT:ftol2.obj
 0001:0000ad16       __ftol2                    1000bd16 f   LIBCMT:ftol2.obj
 0001:0000ad90       __libm_sse2_acos_precise   1000bd90 f   LIBCMT:acos_sse2_precise.obj
 0001:0000b2b0       __libm_sse2_tan_precise    1000c2b0 f   LIBCMT:tan_sse2_precise.obj
 0001:0000b520       _free                      1000c520 f   LIBCMT:free.obj
 0001:0000b558       _malloc                    1000c558 f   LIBCMT:malloc.obj
 0001:0000b5f0       __libm_sse2_asin_precise   1000c5f0 f   LIBCMT:asin_sse2_precise.obj
 0001:0000bb40       __libm_sse2_atan_precise   1000cb40 f   LIBCMT:atan_sse2_precise.obj
 0001:0000be50       _floor                     1000ce50 f   LIBCMT:floor_pentium4.obj
 0001:0000be90       __floor_pentium4           1000ce90 f   LIBCMT:floor_pentium4.obj
 0001:0000bf71       __CRT_INIT@12              1000cf71 f   LIBCMT:dllcrt0.obj
 0001:0000c0e3       __DllMainCRTStartup@12     1000d0e3 f   LIBCMT:dllcrt0.obj
 0001:0000c214       ___DllXcptFilter           1000d214 f   LIBCMT:dllcrt0.obj
 0001:0000c240       __CIsqrt                   1000d240 f   LIBCMT:sqrt.obj
 0001:0000c254       _sqrt                      1000d254     LIBCMT:sqrt.obj
 0001:0000c300       _asin                      1000d300 f   LIBCMT:asin.obj
 0001:0000c340       __CIasin                   1000d340 f   LIBCMT:asin.obj
 0001:0000c37b       __CIasin_default           1000d37b f   LIBCMT:asin.obj
 0001:0000c38f       __asin_default             1000d38f     LIBCMT:asin.obj
 0001:0000c450       _acos                      1000d450 f   LIBCMT:acos.obj
 0001:0000c490       __CIacos                   1000d490 f   LIBCMT:acos.obj
 0001:0000c4cb       __CIacos_default           1000d4cb f   LIBCMT:acos.obj
 0001:0000c4df       __acos_default             1000d4df     LIBCMT:acos.obj
 0001:0000c5a0       _sin                       1000d5a0 f   LIBCMT:sin.obj
 0001:0000c5e0       __CIsin                    1000d5e0 f   LIBCMT:sin.obj
 0001:0000c61b       __CIsin_default            1000d61b f   LIBCMT:sin.obj
 0001:0000c62f       __sin_default              1000d62f     LIBCMT:sin.obj
 0001:0000c6d0       _cos                       1000d6d0 f   LIBCMT:cos.obj
 0001:0000c710       __CIcos                    1000d710 f   LIBCMT:cos.obj
 0001:0000c74b       __CIcos_default            1000d74b f   LIBCMT:cos.obj
 0001:0000c75f       __cos_default              1000d75f     LIBCMT:cos.obj
 0001:0000c800       _tan                       1000d800 f   LIBCMT:tan.obj
 0001:0000c840       __CItan                    1000d840 f   LIBCMT:tan.obj
 0001:0000c87b       __CItan_default            1000d87b f   LIBCMT:tan.obj
 0001:0000c88f       __tan_default              1000d88f     LIBCMT:tan.obj
 0001:0000c92d       ___copy_path_to_wide_string 1000d92d f   LIBCMT:crt0dat.obj
 0001:0000c9df       ___crtCorExitProcess       1000d9df f   LIBCMT:crt0dat.obj
 0001:0000ca13       ___crtExitProcess          1000da13 f   LIBCMT:crt0dat.obj
 0001:0000ca29       ___freeCrtMemory           1000da29 f   LIBCMT:crt0dat.obj
 0001:0000cb36       __amsg_exit                1000db36 f   LIBCMT:crt0dat.obj
 0001:0000cb52       __cexit                    1000db52 f   LIBCMT:crt0dat.obj
 0001:0000cb61       __cinit                    1000db61 f   LIBCMT:crt0dat.obj
 0001:0000cbe5       __exit                     1000dbe5 f   LIBCMT:crt0dat.obj
 0001:0000cbf9       __init_pointers            1000dbf9 f   LIBCMT:crt0dat.obj
 0001:0000cc67       __initterm_e               1000dc67 f   LIBCMT:crt0dat.obj
 0001:0000cc89       __lockexit                 1000dc89 f   LIBCMT:crt0dat.obj
 0001:0000cc92       __unlockexit               1000dc92 f   LIBCMT:crt0dat.obj
 0001:0000cdca       ___initstdio               1000ddca f   LIBCMT:_file.obj
 0001:0000ce3d       ___endstdio                1000de3d f   LIBCMT:_file.obj
 0001:0000ce64       ___iob_func                1000de64 f   LIBCMT:_file.obj
 0001:0000ce6a       __lock_file                1000de6a f   LIBCMT:_file.obj
 0001:0000cea9       __lock_file2               1000dea9 f   LIBCMT:_file.obj
 0001:0000ced9       __unlock_file              1000ded9 f   LIBCMT:_file.obj
 0001:0000cf13       __unlock_file2             1000df13 f   LIBCMT:_file.obj
 0001:0000cf40       __SEH_prolog4              1000df40 f   LIBCMT:sehprolg4.obj
 0001:0000cf85       __SEH_epilog4              1000df85 f   LIBCMT:sehprolg4.obj
 0001:0000cfa0       __except_handler4          1000dfa0 f   LIBCMT:chandler4.obj
 0001:0000d134       ?_inconsistency@@YAXXZ     1000e134 f   LIBCMT:hooks.obj
 0001:0000d16c       ?terminate@@YAXXZ          1000e16c f   LIBCMT:hooks.obj
 0001:0000d1a0       ?unexpected@@YAXXZ         1000e1a0 f   LIBCMT:hooks.obj
 0001:0000d1b3       __initp_eh_hooks           1000e1b3 f   LIBCMT:hooks.obj
 0001:0000d1c4       ??0exception@std@@QAE@ABQBD@Z 1000e1c4 f   LIBCMT:stdexcpt.obj
 0001:0000d1e9       ??0exception@std@@QAE@ABQBDH@Z 1000e1e9 f   LIBCMT:stdexcpt.obj
 0001:0000d204       ??0exception@std@@QAE@ABV01@@Z 1000e204 f   LIBCMT:stdexcpt.obj
 0001:0000d227       ??1exception@std@@UAE@XZ   1000e227 f   LIBCMT:stdexcpt.obj
 0001:0000d232       ??4exception@std@@QAEAAV01@ABV01@@Z 1000e232 f   LIBCMT:stdexcpt.obj
 0001:0000d265       ??_Eexception@std@@UAEPAXI@Z 1000e265 f i LIBCMT:stdexcpt.obj
 0001:0000d265       ??_Gexception@std@@UAEPAXI@Z 1000e265 f i LIBCMT:stdexcpt.obj
 0001:0000d28a       ?_Copy_str@exception@std@@AAEXPBD@Z 1000e28a f   LIBCMT:stdexcpt.obj
 0001:0000d2c8       ?_Tidy@exception@std@@AAEXXZ 1000e2c8 f   LIBCMT:stdexcpt.obj
 0001:0000d2e4       ?what@exception@std@@UBEPBDXZ 1000e2e4 f   LIBCMT:stdexcpt.obj
 0001:0000d2f1       __callnewh                 1000e2f1 f   LIBCMT:handler.obj
 0001:0000d317       __initp_heap_handler       1000e317 f   LIBCMT:handler.obj
 0001:0000d324       __CxxThrowException@8      1000e324 f   LIBCMT:throw.obj
 0001:0000d387       ??1type_info@@UAE@XZ       1000e387 f   LIBCMT:typinfo.obj
 0001:0000d395       ??8type_info@@QBE_NABV0@@Z 1000e395 f   LIBCMT:typinfo.obj
 0001:0000d3b3       ??_Gtype_info@@UAEPAXI@Z   1000e3b3 f i LIBCMT:typinfo.obj
 0001:0000d3b3       ??_Etype_info@@UAEPAXI@Z   1000e3b3 f i LIBCMT:typinfo.obj
 0001:0000d3d2       __call_reportfault         1000e3d2 f   LIBCMT:invarg.obj
 0001:0000d4f7       __initp_misc_invarg        1000e4f7 f   LIBCMT:invarg.obj
 0001:0000d504       __invalid_parameter        1000e504 f   LIBCMT:invarg.obj
 0001:0000d52f       __invalid_parameter_noinfo 1000e52f f   LIBCMT:invarg.obj
 0001:0000d53f       __invoke_watson            1000e53f f   LIBCMT:invarg.obj
 0001:0000d56a       __flsbuf                   1000e56a f   LIBCMT:_flsbuf.obj
 0001:0000d6b9       ??0_LocaleUpdate@@QAE@PAUlocaleinfo_struct@@@Z 1000e6b9 f i LIBCMT:output.obj
 0001:0000d741       __output_l                 1000e741 f   LIBCMT:output.obj
 0001:0000e3ad       ___doserrno                1000f3ad f   LIBCMT:dosmap.obj
 0001:0000e3c0       __dosmaperr                1000f3c0 f   LIBCMT:dosmap.obj
 0001:0000e3e1       __errno                    1000f3e1 f   LIBCMT:dosmap.obj
 0001:0000e3f4       __get_errno_from_oserr     1000f3f4 f   LIBCMT:dosmap.obj
 0001:0000e435       ___isa_available_init      1000f435 f   LIBCMT:cpu_disp.obj
 0001:0000e5cc       __fFATN2                   1000f5cc     LIBCMT:87triga.obj
 0001:0000e61c       __rtpiby2                  1000f61c     LIBCMT:87triga.obj
 0001:0000e660       __cintrindisp2             1000f660 f   LIBCMT:87cdisp.obj
 0001:0000e69e       __cintrindisp1             1000f69e f   LIBCMT:87cdisp.obj
 0001:0000e6db       __ctrandisp2               1000f6db f   LIBCMT:87cdisp.obj
 0001:0000e86a       __ctrandisp1               1000f86a f   LIBCMT:87cdisp.obj
 0001:0000e89d       __fload                    1000f89d f   LIBCMT:87cdisp.obj
 0001:0000e8d9       __freefls@4                1000f8d9 f   LIBCMT:tidtable.obj
 0001:0000ea0e       __freeptd                  1000fa0e f   LIBCMT:tidtable.obj
 0001:0000ea44       __getptd                   1000fa44 f   LIBCMT:tidtable.obj
 0001:0000ea5c       __getptd_noexit            1000fa5c f   LIBCMT:tidtable.obj
 0001:0000eacb       __initptd                  1000facb f   LIBCMT:tidtable.obj
 0001:0000eb7e       __mtinit                   1000fb7e f   LIBCMT:tidtable.obj
 0001:0000ebf4       __mtterm                   1000fbf4 f   LIBCMT:tidtable.obj
 0001:0000ec20       __CallSettingFrame@12      1000fc20 f   LIBCMT:lowhelpr.obj
 0001:0000ec47       __NLG_Return               1000fc47     LIBCMT:lowhelpr.obj
 0001:0000ec6c       @__security_check_cookie@4 1000fc6c f   LIBCMT:secchk.obj
 0001:0000ec7b       ___DestructExceptionObject 1000fc7b f   LIBCMT:frame.obj
 0001:0000ed06       ??0bad_exception@std@@QAE@ABV01@@Z 1000fd06 f i LIBCMT:frame.obj
 0001:0000ed21       ??1bad_exception@std@@UAE@XZ 1000fd21 f i LIBCMT:frame.obj
 0001:0000ed2c       ??_Ebad_exception@std@@UAEPAXI@Z 1000fd2c f i LIBCMT:frame.obj
 0001:0000ed2c       ??_Gbad_exception@std@@UAEPAXI@Z 1000fd2c f i LIBCMT:frame.obj
 0001:0000f560       ___AdjustPointer           10010560 f   LIBCMT:frame.obj
 0001:0000f585       ___BuildCatchObject        10010585 f   LIBCMT:frame.obj
 0001:0000f613       ___BuildCatchObjectHelper  10010613 f   LIBCMT:frame.obj
 0001:0000f7d5       ___FrameUnwindFilter       100107d5 f   LIBCMT:frame.obj
 0001:0000f823       ___FrameUnwindToState      10010823 f   LIBCMT:frame.obj
 0001:0000f8fc       ___InternalCxxFrameHandler 100108fc f   LIBCMT:frame.obj
 0001:0000f9dd       ___TypeMatch               100109dd f   LIBCMT:frame.obj
 0001:0000fa44       ___libm_error_support      10010a44 f   LIBCMT:libm_error.obj
 0001:0000fd2c       __VEC_memset               10010d2c f   LIBCMT:p4_memset.obj
 0001:0000fdf4       __cfltcvt                  10010df4 f   LIBCMT:cvt.obj
 0001:0000fe15       __cfltcvt_l                10010e15 f   LIBCMT:cvt.obj
 0001:0000fe9b       __cftoa_l                  10010e9b f   LIBCMT:cvt.obj
 0001:000101f7       __cftoe                    100111f7 f   LIBCMT:cvt.obj
 0001:00010366       __cftoe_l                  10011366 f   LIBCMT:cvt.obj
 0001:00010520       __cftof_l                  10011520 f   LIBCMT:cvt.obj
 0001:000105e1       __cftog_l                  100115e1 f   LIBCMT:cvt.obj
 0001:000106e0       __cropzeros                100116e0 f   LIBCMT:cvt.obj
 0001:000106f1       __cropzeros_l              100116f1 f   LIBCMT:cvt.obj
 0001:00010771       __fassign                  10011771 f   LIBCMT:cvt.obj
 0001:00010789       __fassign_l                10011789 f   LIBCMT:cvt.obj
 0001:000107cb       __forcdecpt                100117cb f   LIBCMT:cvt.obj
 0001:000107dc       __forcdecpt_l              100117dc f   LIBCMT:cvt.obj
 0001:00010850       __positive                 10011850 f   LIBCMT:cvt.obj
 0001:00010892       __setdefaultprecision      10011892 f   LIBCMT:fp8.obj
 0001:000108b9       __initp_misc_cfltcvt_tab   100118b9 f   LIBCMT:cmiscdat.obj
 0001:000108d8       __ftbuf                    100118d8 f   LIBCMT:_sftbuf.obj
 0001:00010909       __stbuf                    10011909 f   LIBCMT:_sftbuf.obj
 0001:000109b0       _exp                       100119b0 f   LIBCMT:87ctran.obj
 0001:000109ec       __CIexp                    100119ec f   LIBCMT:87ctran.obj
 0001:00010a27       __exp_default              10011a27 f   LIBCMT:87ctran.obj
 0001:00010a31       __CIexp_default            10011a31 f   LIBCMT:87ctran.obj
 0001:00010a3b       __sse2_mathfcns_init       10011a3b f   LIBCMT:mathfcns.obj
 0001:00010a4a       __ceil_default             10011a4a f   LIBCMT:ceil.obj
 0001:00010b21       __fileno                   10011b21 f   LIBCMT:fileno.obj
 0001:00010b45       __close                    10011b45 f   LIBCMT:close.obj
 0001:00010c20       __close_nolock             10011c20 f   LIBCMT:close.obj
 0001:00010cba       __freebuf                  10011cba f   LIBCMT:_freebuf.obj
 0001:00010cea       __fflush_nolock            10011cea f   LIBCMT:fflush.obj
 0001:00010d30       __flush                    10011d30 f   LIBCMT:fflush.obj
 0001:00010d94       __flushall                 10011d94 f   LIBCMT:fflush.obj
 0001:00010e81       __getstream                10011e81 f   LIBCMT:stream.obj
 0001:00010fa0       __openfile                 10011fa0 f   LIBCMT:_open.obj
 0001:00011220       __local_unwind4            10012220 f   LIBCMT:exsup4.obj
 0001:000112f6       __seh_longjmp_unwind4@4    100122f6 f   LIBCMT:exsup4.obj
 0001:00011312       @_EH4_CallFilterFunc@8     10012312 f   LIBCMT:exsup4.obj
 0001:00011329       @_EH4_TransferToHandler@8  10012329 f   LIBCMT:exsup4.obj
 0001:00011342       @_EH4_GlobalUnwind2@8      10012342 f   LIBCMT:exsup4.obj
 0001:0001135b       @_EH4_LocalUnwind@16       1001235b f   LIBCMT:exsup4.obj
 0001:00011372       __ioinit                   10012372 f   LIBCMT:ioinit.obj
 0001:00011626       __ioterm                   10012626 f   LIBCMT:ioinit.obj
 0001:00011678       __heap_init                10012678 f   LIBCMT:heapinit.obj
 0001:0001168d       __heap_term                1001268d f   LIBCMT:heapinit.obj
 0001:00011695       __FF_MSGBANNER             10012695 f   LIBCMT:crt0msg.obj
 0001:000116ce       __GET_RTERRMSG             100126ce f   LIBCMT:crt0msg.obj
 0001:000116f2       __NMSG_WRITE               100126f2 f   LIBCMT:crt0msg.obj
 0001:000118b0       _atan                      100128b0 f   LIBCMT:atan.obj
 0001:000118f0       __CIatan                   100128f0 f   LIBCMT:atan.obj
 0001:0001192b       __CIatan_default           1001292b f   LIBCMT:atan.obj
 0001:0001193f       __atan_default             1001293f     LIBCMT:atan.obj
 0001:000119ca       __floor_default            100129ca f   LIBCMT:floor.obj
 0001:00011aa1       __XcptFilter               10012aa1 f   LIBCMT:winxfltr.obj
 0001:00011bfc       ___CppXcptFilter           10012bfc f   LIBCMT:winxfltr.obj
 0001:00011c1a       __setargv                  10012c1a f   LIBCMT:stdargv.obj
 0001:00011e49       __setenvp                  10012e49 f   LIBCMT:stdenvp.obj
 0001:00011f2a       ___security_init_cookie    10012f2a f   LIBCMT:gs_support.obj
 0001:00011fc6       _DllMain@12                10012fc6 f   LIBCMT:dllmain.obj
 0001:00011fcc       ___crtGetEnvironmentStringsA 10012fcc f   LIBCMT:a_env.obj
 0001:00012059       ___crtFlsAlloc             10013059 f   LIBCMT:winapisupp.obj
 0001:00012077       ___crtFlsFree              10013077 f   LIBCMT:winapisupp.obj
 0001:00012096       ___crtFlsGetValue          10013096 f   LIBCMT:winapisupp.obj
 0001:000120b5       ___crtFlsSetValue          100130b5 f   LIBCMT:winapisupp.obj
 0001:000120d7       ___crtInitializeCriticalSectionEx 100130d7 f   LIBCMT:winapisupp.obj
 0001:00012105       ___crtIsPackagedApp        10013105 f   LIBCMT:winapisupp.obj
 0001:00012145       ___crtLoadWinApiPointers   10013145 f   LIBCMT:winapisupp.obj
 0001:000123d0       ___crtSleep                100133d0 f   LIBCMT:winapisupp.obj
 0001:000123de       ___crtTerminateProcess     100133de f   LIBCMT:winapisupp.obj
 0001:000123f3       ___crtUnhandledException   100133f3 f   LIBCMT:winapisupp.obj
 0001:00012409       __calloc_crt               10013409 f   LIBCMT:crtheap.obj
 0001:00012451       __malloc_crt               10013451 f   LIBCMT:crtheap.obj
 0001:00012498       __realloc_crt              10013498 f   LIBCMT:crtheap.obj
 0001:000124e2       __RTC_Initialize           100134e2 f   LIBCMT:initsect.obj
 0001:00012502       __RTC_Terminate            10013502 f   LIBCMT:initsect.obj
 0001:00012530       __trandisp1                10013530 f   LIBCMT:87disp.obj
 0001:00012597       __trandisp2                10013597 f   LIBCMT:87disp.obj
 0001:00012623       __rttospopde               10013623     LIBCMT:87disp.obj
 0001:00012628       __rttospop                 10013628     LIBCMT:87disp.obj
 0001:0001262a       __rtnospop                 1001362a     LIBCMT:87disp.obj
 0001:0001262c       __rttosnpop                1001362c     LIBCMT:87disp.obj
 0001:0001262d       __rtnospopde               1001362d     LIBCMT:87disp.obj
 0001:00012634       __rtzeropop                10013634     LIBCMT:87disp.obj
 0001:00012636       __rtzeronpop               10013636     LIBCMT:87disp.obj
 0001:0001263b       __rtonepop                 1001363b     LIBCMT:87disp.obj
 0001:0001263d       __rtonenpop                1001363d     LIBCMT:87disp.obj
 0001:00012642       __tosnan1                  10013642     LIBCMT:87disp.obj
 0001:0001266d       __nosnan2                  1001366d     LIBCMT:87disp.obj
 0001:0001266f       __tosnan2                  1001366f     LIBCMT:87disp.obj
 0001:00012697       __nan2                     10013697     LIBCMT:87disp.obj
 0001:000126d6       __rtindfpop                100136d6     LIBCMT:87disp.obj
 0001:000126d8       __rtindfnpop               100136d8     LIBCMT:87disp.obj
 0001:000126e9       __rttosnpopde              100136e9     LIBCMT:87disp.obj
 0001:000126f3       __rtchsifneg               100136f3     LIBCMT:87disp.obj
 0001:00012700       __startTwoArgErrorHandling 10013700 f   LIBCMT:genexcep.obj
 0001:00012717       __startOneArgErrorHandling 10013717 f   LIBCMT:genexcep.obj
 0001:00012760       __twoToTOS                 10013760 f   LIBCMT:common.obj
 0001:00012775       __load_CW                  10013775 f   LIBCMT:common.obj
 0001:0001278c       __convertTOStoQNaN         1001378c f   LIBCMT:common.obj
 0001:000127a5       __fload_withFB             100137a5 f   LIBCMT:common.obj
 0001:000127e8       __checkTOS_withFB          100137e8 f   LIBCMT:common.obj
 0001:000127fe       __fast_exit                100137fe f   LIBCMT:common.obj
 0001:0001280b       __math_exit                1001380b f   LIBCMT:common.obj
 0001:00012835       __check_overflow_exit      10013835 f   LIBCMT:common.obj
 0001:00012849       __check_range_exit         10013849 f   LIBCMT:common.obj
 0001:000128f0       __CIasin_pentium4          100138f0 f   LIBCMT:asin_pentium4.obj
 0001:00012908       __asin_pentium4            10013908     LIBCMT:asin_pentium4.obj
 0001:00012e70       __CIacos_pentium4          10013e70 f   LIBCMT:acos_pentium4.obj
 0001:00012e88       __acos_pentium4            10013e88     LIBCMT:acos_pentium4.obj
 0001:000133d0       __CIsin_pentium4           100143d0 f   LIBCMT:sin_pentium4.obj
 0001:000133e8       __sin_pentium4             100143e8     LIBCMT:sin_pentium4.obj
 0001:000135a0       __CIcos_pentium4           100145a0 f   LIBCMT:cos_pentium4.obj
 0001:000135b8       __cos_pentium4             100145b8     LIBCMT:cos_pentium4.obj
 0001:00013750       __CItan_pentium4           10014750 f   LIBCMT:tan_pentium4.obj
 0001:00013768       __tan_pentium4             10014768     LIBCMT:tan_pentium4.obj
 0001:000139b0       __lock                     100149b0 f   LIBCMT:mlock.obj
 0001:000139e4       __mtdeletelocks            100149e4 f   LIBCMT:mlock.obj
 0001:00013a38       __mtinitlocknum            10014a38 f   LIBCMT:mlock.obj
 0001:00013ae1       __mtinitlocks              10014ae1 f   LIBCMT:mlock.obj
 0001:00013b1a       __unlock                   10014b1a f   LIBCMT:mlock.obj
 0001:00013b30       __FindPESection            10014b30 f   LIBCMT:pesect.obj
 0001:00013b80       __IsNonwritableInCurrentImage 10014b80 f   LIBCMT:pesect.obj
 0001:00013c40       __ValidateImageBase        10014c40 f   LIBCMT:pesect.obj
 0001:00013c71       ___onexitinit              10014c71 f   LIBCMT:onexit.obj
 0001:00013ca0       __onexit                   10014ca0 f   LIBCMT:onexit.obj
 0001:00013d9c       _atexit                    10014d9c f   LIBCMT:onexit.obj
 0001:00013db1       __initp_misc_purevirt      10014db1 f   LIBCMT:inithelp.obj
 0001:00013dbe       ___get_sigabrt             10014dbe f   LIBCMT:winsig.obj
 0001:00013dcb       __initp_misc_winsig        10014dcb f   LIBCMT:winsig.obj
 0001:00013de7       _raise                     10014de7 f   LIBCMT:winsig.obj
 0001:00013fdc       __initp_misc_rand_s        10014fdc f   LIBCMT:rand_s.obj
 0001:00013fe9       ___initmbctable            10014fe9 f   LIBCMT:mbctype.obj
 0001:000142a0       ___updatetmbcinfo          100152a0 f   LIBCMT:mbctype.obj
 0001:00014346       __setmbcp                  10015346 f   LIBCMT:mbctype.obj
 0001:000144ee       __setmbcp_nolock           100154ee f   LIBCMT:mbctype.obj
 0001:000146d9       __fcloseall                100156d9 f   LIBCMT:closeall.obj
 0001:00014776       _abort                     10015776 f   LIBCMT:abort.obj
 0001:000147b9       _strcpy_s                  100157b9 f   LIBCMT:strcpy_s.obj
 0001:00014810       _strlen                    10015810 f   LIBCMT:strlen.obj
 0001:000148a0       _strcmp                    100158a0 f   LIBCMT:strcmp.obj
 0001:0001492c       ?_Type_info_dtor@type_info@@CAXPAV1@@Z 1001592c f   LIBCMT:typname.obj
 0001:0001499d       __crt_debugger_hook        1001599d f   LIBCMT:dbghook.obj
 0001:000149a5       __isatty                   100159a5 f   LIBCMT:isatty.obj
 0001:000149f9       __write                    100159f9 f   LIBCMT:write.obj
 0001:00014ae8       __write_nolock             10015ae8 f   LIBCMT:write.obj
 0001:0001534d       __lseeki64                 1001634d f   LIBCMT:lseeki64.obj
 0001:00015449       __lseeki64_nolock          10016449 f   LIBCMT:lseeki64.obj
 0001:000154bc       __getbuf                   100164bc f   LIBCMT:_getbuf.obj
 0001:00015502       ___addlocaleref            10016502 f   LIBCMT:localref.obj
 0001:00015597       ___freetlocinfo            10016597 f   LIBCMT:localref.obj
 0001:000156f1       ___removelocaleref         100166f1 f   LIBCMT:localref.obj
 0001:00015791       ___updatetlocinfo          10016791 f   LIBCMT:localref.obj
 0001:00015811       __updatetlocinfoEx_nolock  10016811 f   LIBCMT:localref.obj
 0001:0001585c       __isleadbyte_l             1001685c f i LIBCMT:_wctype.obj
 0001:00015896       _isleadbyte                10016896 f i LIBCMT:_wctype.obj
 0001:000158a7       __wctomb_s_l               100168a7 f   LIBCMT:wctomb.obj
 0001:000159cb       _wctomb_s                  100169cb f   LIBCMT:wctomb.obj
 0001:000159f0       __aulldvrm                 100169f0 f   LIBCMT:ulldvrm.obj
 0001:00015a85       __87except                 10016a85 f   LIBCMT:87except.obj
 0001:00015b90       __global_unwind2           10016b90 f   LIBCMT:exsup.obj
 0001:00015bf5       __local_unwind2            10016bf5 f   LIBCMT:exsup.obj
 0001:00015c79       __abnormal_termination     10016c79 f   LIBCMT:exsup.obj
 0001:00015c9c       __NLG_Notify1              10016c9c f   LIBCMT:exsup.obj
 0001:00015ca5       __NLG_Notify               10016ca5 f   LIBCMT:exsup.obj
 0001:00015cbc       __NLG_Dispatch2            10016cbc     LIBCMT:exsup.obj
 0001:00015cbc       __NLG_Dispatch             10016cbc     LIBCMT:exsup.obj
 0001:00015cc4       __NLG_Call                 10016cc4 f   LIBCMT:exsup.obj
 0001:00015cc6       __NLG_Return2              10016cc6     LIBCMT:exsup.obj
 0001:00015cc7       ___raise_securityfailure   10016cc7 f   LIBCMT:gs_report.obj
 0001:00015d04       ___report_gsfailure        10016d04 f   LIBCMT:gs_report.obj
 0001:00015e00       _memmove                   10016e00 f   LIBCMT:memmove.obj
 0001:00016444       ?_ValidateExecute@@YAHP6GHXZ@Z 10017444 f   LIBCMT:validate.obj
 0001:00016444       ?_ValidateWrite@@YAHPAXI@Z 10017444 f   LIBCMT:validate.obj
 0001:00016444       ?_ValidateRead@@YAHPBXI@Z  10017444 f   LIBCMT:validate.obj
 0001:00016453       __EH_prolog3_catch         10017453 f   LIBCMT:ehprolg3.obj
 0001:00016489       __matherr                  10017489 f   LIBCMT:matherr.obj
 0001:0001648c       __isdigit_l                1001748c f i LIBCMT:_ctype.obj
 0001:000164de       _isdigit                   100174de f i LIBCMT:_ctype.obj
 0001:00016509       __tolower_l                10017509 f   LIBCMT:tolower.obj
 0001:0001664c       _tolower                   1001764c f   LIBCMT:tolower.obj
 0001:00016678       __fptostr                  10017678 f   LIBCMT:_fptostr.obj
 0001:00016728       ___crt_atoflt_l            10017728 f   LIBCMT:atodbl.obj
 0001:000167cc       __atodbl_l                 100177cc f   LIBCMT:atodbl.obj
 0001:0001685a       __atoflt_l                 1001785a f   LIBCMT:atodbl.obj
 0001:00016872       ___dtold                   10017872 f   LIBCMT:cfout.obj
 0001:0001693a       __fltout2                  1001793a f   LIBCMT:cfout.obj
 0001:000169d0       __alldvrm                  100179d0 f   LIBCMT:lldvrm.obj
 0001:00016ab0       __aullshr                  10017ab0 f   LIBCMT:ullshr.obj
 0001:00016acf       __controlfp_s              10017acf f   LIBCMT:contrlfp.obj
 0001:00016b2c       __fptrap                   10017b2c f   LIBCMT:crt0fp.obj
 0001:00016b40       __CIexp_pentium4           10017b40 f   LIBCMT:exp_pentium4.obj
 0001:00016b58       __exp_pentium4             10017b58     LIBCMT:exp_pentium4.obj
 0001:00016e11       __fFEXP                    10017e11     LIBCMT:87tran.obj
 0001:00016e68       __rtinfpopse               10017e68     LIBCMT:87tran.obj
 0001:00016e6a       __rtinfnpopse              10017e6a     LIBCMT:87tran.obj
 0001:00016e7a       __fFLN                     10017e7a     LIBCMT:87tran.obj
 0001:00016f2f       __rtinfpop                 10017f2f     LIBCMT:87tran.obj
 0001:00016f31       __rtinfnpop                10017f31     LIBCMT:87tran.obj
 0001:00016f4e       __ffexpm1                  10017f4e     LIBCMT:87tran.obj
 0001:00016ff7       __frnd                     10017ff7 f   LIBCMT:frnd.obj
 0001:0001700b       __errcode                  1001800b f   LIBCMT:fpexcept.obj
 0001:0001703d       __except1                  1001803d f   LIBCMT:fpexcept.obj
 0001:00017105       __handle_exc               10018105 f   LIBCMT:fpexcept.obj
 0001:000172e3       __handle_qnan1             100182e3 f   LIBCMT:fpexcept.obj
 0001:00017333       __raise_exc                10018333 f   LIBCMT:fpexcept.obj
 0001:00017354       __raise_exc_ex             10018354 f   LIBCMT:fpexcept.obj
 0001:00017639       __set_errno_from_matherr   10018639 f   LIBCMT:fpexcept.obj
 0001:00017666       __umatherr                 10018666 f   LIBCMT:fpexcept.obj
 0001:00017706       __decomp                   10018706 f   LIBCMT:util.obj
 0001:000177d8       __set_exp                  100187d8 f   LIBCMT:util.obj
 0001:00017807       __sptype                   10018807 f   LIBCMT:util.obj
 0001:00017862       ___set_fpsr_sse2           10018862 f   LIBCMT:fpctrl.obj
 0001:000178d8       __clrfp                    100188d8 f   LIBCMT:fpctrl.obj
 0001:000178e9       __ctrlfp                   100188e9 f   LIBCMT:fpctrl.obj
 0001:00017914       __set_statfp               10018914 f   LIBCMT:fpctrl.obj
 0001:0001796c       __statfp                   1001896c f   LIBCMT:fpctrl.obj
 0001:0001797c       ___lock_fhandle            1001897c f   LIBCMT:osfinfo.obj
 0001:00017a0a       __alloc_osfhnd             10018a0a f   LIBCMT:osfinfo.obj
 0001:00017bb3       __free_osfhnd              10018bb3 f   LIBCMT:osfinfo.obj
 0001:00017c39       __get_osfhandle            10018c39 f   LIBCMT:osfinfo.obj
 0001:00017ca0       __set_osfhnd               10018ca0 f   LIBCMT:osfinfo.obj
 0001:00017d22       __unlock_fhandle           10018d22 f   LIBCMT:osfinfo.obj
 0001:00017d48       __commit                   10018d48 f   LIBCMT:commit.obj
 0001:00017e31       __sopen_helper             10018e31 f   LIBCMT:open.obj
 0001:00017efa       __sopen_nolock             10018efa f   LIBCMT:open.obj
 0001:00017f48       __sopen_s                  10018f48 f   LIBCMT:open.obj
 0001:00017f66       __mbsnbcmp                 10018f66 f   LIBCMT:mbsnbcmp.obj
 0001:00017f7e       __mbsnbcmp_l               10018f7e f   LIBCMT:mbsnbcmp.obj
 0001:00018095       __mbsnbicmp                10019095 f   LIBCMT:mbsnbicm.obj
 0001:000180ad       __mbsnbicmp_l              100190ad f   LIBCMT:mbsnbicm.obj
 0001:00018268       _wcscat_s                  10019268 f   LIBCMT:wcscat_s.obj
 0001:000182d4       _wcscpy_s                  100192d4 f   LIBCMT:wcscpy_s.obj
 0001:00018330       _wcslen                    10019330 f   LIBCMT:wcslen.obj
 0001:00018349       _wcsncpy_s                 10019349 f   LIBCMT:wcsncpy_s.obj
 0001:00018407       __set_error_mode           10019407 f   LIBCMT:errmode.obj
 0001:00018447       ___crtMessageBoxW          10019447 f   LIBCMT:crtmboxw.obj
 0001:00018630       __CIatan_pentium4          10019630 f   LIBCMT:atan_pentium4.obj
 0001:00018648       __atan_pentium4            10019648     LIBCMT:atan_pentium4.obj
 0001:00018976       __ismbblead                10019976 f   LIBCMT:ismbbyte.obj
 0001:0001898c       _realloc                   1001998c f   LIBCMT:realloc.obj
 0001:00018a37       __calloc_impl              10019a37 f   LIBCMT:calloc_impl.obj
 0001:00018ab1       __msize                    10019ab1 f   LIBCMT:msize.obj
 0001:00018ae2       __freea                    10019ae2 f i LIBCMT:a_loc.obj
 0001:00018b00       _GetTableIndexFromLocaleName 10019b00 f   LIBCMT:winapinls.obj
 0001:00018b4e       ___crtDownlevelLocaleNameToLCID 10019b4e f   LIBCMT:winapinls.obj
 0001:00018b78       ___crtLCMapStringEx        10019b78 f   LIBCMT:winapinls.obj
 0001:00018bc4       ___wcsnicmp_ascii          10019bc4 f   LIBCMT:winapinls.obj
 0001:00018c40       _memcpy                    10019c40 f   LIBCMT:memcpy.obj
 0001:00019488       ___crtLCMapStringA         1001a488 f   LIBCMT:a_map.obj
 0001:000195c6       ___crtGetStringTypeA       1001a5c6 f   LIBCMT:a_str.obj
 0001:00019606       __mbtowc_l                 1001a606 f   LIBCMT:mbtowc.obj
 0001:000196fb       _mbtowc                    1001a6fb f   LIBCMT:mbtowc.obj
 0001:00019713       __putwch_nolock            1001a713 f   LIBCMT:putwch.obj
 0001:00019756       ___free_lconv_mon          1001a756 f   LIBCMT:initmon.obj
 0001:00019852       ___free_lconv_num          1001a852 f   LIBCMT:initnum.obj
 0001:000198b9       ___free_lc_time            1001a8b9 f   LIBCMT:inittime.obj
 0001:00019c39       __isctype_l                1001ac39 f   LIBCMT:isctype.obj
 0001:00019cea       __locterm                  1001acea f   LIBCMT:wsetloca.obj
 0001:00019d3c       __ld12tod                  1001ad3c f   LIBCMT:intrncvt.obj
 0001:0001a2ae       __ld12tof                  1001b2ae f   LIBCMT:intrncvt.obj
 0001:0001a820       ___strgtold12_l            1001b820 f   LIBCMT:strgtold.obj
 0001:0001afc8       _$I10_OUTPUT               1001bfc8 f   LIBCMT:x10fout.obj
 0001:0001ba45       __control87                1001ca45 f i LIBCMT:ieee87.obj
 0001:0001bdde       __d_inttype                1001cdde f   LIBCMT:powhlp.obj
 0001:0001be46       __powhlp                   1001ce46 f   LIBCMT:powhlp.obj
 0001:0001c004       __wsopen_nolock            1001d004 f   LIBCMT:wopen.obj
 0001:0001c760       _strncmp                   1001d760 f   LIBCMT:strncmp.obj
 0001:0001c7d8       __strnicmp                 1001d7d8 f   LIBCMT:strnicmp.obj
 0001:0001c843       __strnicmp_l               1001d843 f   LIBCMT:strnicmp.obj
 0001:0001c900       __alloca_probe_16          1001d900 f   LIBCMT:alloca16.obj
 0001:0001c916       __alloca_probe_8           1001d916     LIBCMT:alloca16.obj
 0001:0001c92c       ___termconout              1001d92c f   LIBCMT:initcon.obj
 0001:0001c943       ___initconout              1001d943 f   LIBCMT:initcon.obj
 0001:0001c962       ___mtold12                 1001d962 f   LIBCMT:mantold.obj
 0001:0001cb42       __fpclass                  1001db42 f   LIBCMT:ieeemisc.obj
 0001:0001cbde       __chsize_nolock            1001dbde f   LIBCMT:chsize.obj
 0001:0001cd94       __read_nolock              1001dd94 f   LIBCMT:read.obj
 0001:0001d525       __get_fmode                1001e525 f   LIBCMT:setmode.obj
 0001:0001d54f       __setmode_nolock           1001e54f f   LIBCMT:setmode.obj
 0001:0001d620       ___ascii_strnicmp          1001e620 f   LIBCMT:_strnicm.obj
 0001:0001d690       __allmul                   1001e690 f   LIBCMT:llmul.obj
 0001:0001d6d0       _RtlUnwind@16              1001e6d0 f   kernel32:KERNEL32.dll
 0001:0001d6d6       _IsProcessorFeaturePresent@4 1001e6d6 f   kernel32:KERNEL32.dll
 0002:00000000       __imp__SetUnhandledExceptionFilter@4 1001f000     kernel32:KERNEL32.dll
 0002:00000004       __imp__ReadConsoleW@20     1001f004     kernel32:KERNEL32.dll
 0002:00000008       __imp__ReadFile@20         1001f008     kernel32:KERNEL32.dll
 0002:0000000c       __imp__SetEndOfFile@4      1001f00c     kernel32:KERNEL32.dll
 0002:00000010       __imp__CreateFileW@28      1001f010     kernel32:KERNEL32.dll
 0002:00000014       __imp__WriteConsoleW@20    1001f014     kernel32:KERNEL32.dll
 0002:00000018       __imp__GetStringTypeW@16   1001f018     kernel32:KERNEL32.dll
 0002:0000001c       __imp__RtlUnwind@16        1001f01c     kernel32:KERNEL32.dll
 0002:00000020       __imp__GetLastError@0      1001f020     kernel32:KERNEL32.dll
 0002:00000024       __imp__HeapFree@12         1001f024     kernel32:KERNEL32.dll
 0002:00000028       __imp__HeapAlloc@12        1001f028     kernel32:KERNEL32.dll
 0002:0000002c       __imp__GetCommandLineA@0   1001f02c     kernel32:KERNEL32.dll
 0002:00000030       __imp__GetCurrentThreadId@0 1001f030     kernel32:KERNEL32.dll
 0002:00000034       __imp__EncodePointer@4     1001f034     kernel32:KERNEL32.dll
 0002:00000038       __imp__DecodePointer@4     1001f038     kernel32:KERNEL32.dll
 0002:0000003c       __imp__ExitProcess@4       1001f03c     kernel32:KERNEL32.dll
 0002:00000040       __imp__GetModuleHandleExW@12 1001f040     kernel32:KERNEL32.dll
 0002:00000044       __imp__GetProcAddress@8    1001f044     kernel32:KERNEL32.dll
 0002:00000048       __imp__AreFileApisANSI@0   1001f048     kernel32:KERNEL32.dll
 0002:0000004c       __imp__MultiByteToWideChar@24 1001f04c     kernel32:KERNEL32.dll
 0002:00000050       __imp__WideCharToMultiByte@32 1001f050     kernel32:KERNEL32.dll
 0002:00000054       __imp__EnterCriticalSection@4 1001f054     kernel32:KERNEL32.dll
 0002:00000058       __imp__LeaveCriticalSection@4 1001f058     kernel32:KERNEL32.dll
 0002:0000005c       __imp__RaiseException@16   1001f05c     kernel32:KERNEL32.dll
 0002:00000060       __imp__IsDebuggerPresent@0 1001f060     kernel32:KERNEL32.dll
 0002:00000064       __imp__IsProcessorFeaturePresent@4 1001f064     kernel32:KERNEL32.dll
 0002:00000068       __imp__SetLastError@4      1001f068     kernel32:KERNEL32.dll
 0002:0000006c       __imp__CloseHandle@4       1001f06c     kernel32:KERNEL32.dll
 0002:00000070       __imp__GetStdHandle@4      1001f070     kernel32:KERNEL32.dll
 0002:00000074       __imp__GetFileType@4       1001f074     kernel32:KERNEL32.dll
 0002:00000078       __imp__DeleteCriticalSection@4 1001f078     kernel32:KERNEL32.dll
 0002:0000007c       __imp__GetStartupInfoW@4   1001f07c     kernel32:KERNEL32.dll
 0002:00000080       __imp__GetProcessHeap@0    1001f080     kernel32:KERNEL32.dll
 0002:00000084       __imp__WriteFile@20        1001f084     kernel32:KERNEL32.dll
 0002:00000088       __imp__GetModuleFileNameW@12 1001f088     kernel32:KERNEL32.dll
 0002:0000008c       __imp__GetModuleFileNameA@12 1001f08c     kernel32:KERNEL32.dll
 0002:00000090       __imp__QueryPerformanceCounter@4 1001f090     kernel32:KERNEL32.dll
 0002:00000094       __imp__GetCurrentProcessId@0 1001f094     kernel32:KERNEL32.dll
 0002:00000098       __imp__GetSystemTimeAsFileTime@4 1001f098     kernel32:KERNEL32.dll
 0002:0000009c       __imp__GetEnvironmentStringsW@0 1001f09c     kernel32:KERNEL32.dll
 0002:000000a0       __imp__FreeEnvironmentStringsW@4 1001f0a0     kernel32:KERNEL32.dll
 0002:000000a4       __imp__UnhandledExceptionFilter@4 1001f0a4     kernel32:KERNEL32.dll
 0002:000000a8       __imp__InitializeCriticalSectionAndSpinCount@8 1001f0a8     kernel32:KERNEL32.dll
 0002:000000ac       __imp__Sleep@4             1001f0ac     kernel32:KERNEL32.dll
 0002:000000b0       __imp__GetCurrentProcess@0 1001f0b0     kernel32:KERNEL32.dll
 0002:000000b4       __imp__TerminateProcess@8  1001f0b4     kernel32:KERNEL32.dll
 0002:000000b8       __imp__TlsAlloc@0          1001f0b8     kernel32:KERNEL32.dll
 0002:000000bc       __imp__TlsGetValue@4       1001f0bc     kernel32:KERNEL32.dll
 0002:000000c0       __imp__TlsSetValue@8       1001f0c0     kernel32:KERNEL32.dll
 0002:000000c4       __imp__TlsFree@4           1001f0c4     kernel32:KERNEL32.dll
 0002:000000c8       __imp__GetModuleHandleW@4  1001f0c8     kernel32:KERNEL32.dll
 0002:000000cc       __imp__LoadLibraryExW@12   1001f0cc     kernel32:KERNEL32.dll
 0002:000000d0       __imp__IsValidCodePage@4   1001f0d0     kernel32:KERNEL32.dll
 0002:000000d4       __imp__GetACP@0            1001f0d4     kernel32:KERNEL32.dll
 0002:000000d8       __imp__GetOEMCP@0          1001f0d8     kernel32:KERNEL32.dll
 0002:000000dc       __imp__GetCPInfo@8         1001f0dc     kernel32:KERNEL32.dll
 0002:000000e0       __imp__GetConsoleCP@0      1001f0e0     kernel32:KERNEL32.dll
 0002:000000e4       __imp__GetConsoleMode@8    1001f0e4     kernel32:KERNEL32.dll
 0002:000000e8       __imp__SetFilePointerEx@20 1001f0e8     kernel32:KERNEL32.dll
 0002:000000ec       __imp__SetStdHandle@8      1001f0ec     kernel32:KERNEL32.dll
 0002:000000f0       __imp__FlushFileBuffers@4  1001f0f0     kernel32:KERNEL32.dll
 0002:000000f4       __imp__OutputDebugStringW@4 1001f0f4     kernel32:KERNEL32.dll
 0002:000000f8       __imp__HeapReAlloc@16      1001f0f8     kernel32:KERNEL32.dll
 0002:000000fc       __imp__HeapSize@12         1001f0fc     kernel32:KERNEL32.dll
 0002:00000100       __imp__LCMapStringW@24     1001f100     kernel32:KERNEL32.dll
 0002:00000104       \177KERNEL32_NULL_THUNK_DATA 1001f104     kernel32:KERNEL32.dll
 0002:00000108       __imp_?RtTrackSideTgAngleL@@YAMPAUtTrkLocPos@@@Z 1001f108     robottools:robottools.dll
 0002:0000010c       \177robottools_NULL_THUNK_DATA 1001f10c     robottools:robottools.dll
 0002:00000110       __imp_?GfParmGetStr@@YAPBDPAXPBD11@Z 1001f110     tgf:tgf.dll
 0002:00000114       __imp_?GfParmSetNum@@YAHPAXPBD11M@Z 1001f114     tgf:tgf.dll
 0002:00000118       __imp_?GfParmGetNum@@YAMPAXPBD11M@Z 1001f118     tgf:tgf.dll
 0002:0000011c       __imp_?GfParmReadFile@@YAPAXPBDH@Z 1001f11c     tgf:tgf.dll
 0002:00000120       __imp_?_tgf_win_strdup@@YAPADPBD@Z 1001f120     tgf:tgf.dll
 0002:00000124       \177tgf_NULL_THUNK_DATA    1001f124     tgf:tgf.dll
 0002:00000128       ___xc_a                    1001f128     LIBCMT:crt0init.obj
 0002:0000012c       ___xc_z                    1001f12c     LIBCMT:crt0init.obj
 0002:00000130       ___xi_a                    1001f130     LIBCMT:crt0init.obj
 0002:00000148       ___xi_z                    1001f148     LIBCMT:crt0init.obj
 0002:0000014c       ___xp_a                    1001f14c     LIBCMT:crt0init.obj
 0002:0000015c       ___xp_z                    1001f15c     LIBCMT:crt0init.obj
 0002:00000160       ___xt_a                    1001f160     LIBCMT:crt0init.obj
 0002:00000164       ___xt_z                    1001f164     LIBCMT:crt0init.obj
 0002:00000190       ??_C@_0N@JIEJFBGE@berniw?5two?51?$AA@ 1001f190     berniw2.obj
 0002:000001a0       ??_C@_0N@LDGEACKH@berniw?5two?52?$AA@ 1001f1a0     berniw2.obj
 0002:000001b0       ??_C@_0N@KKHPDDOG@berniw?5two?53?$AA@ 1001f1b0     berniw2.obj
 0002:000001c0       ??_C@_0N@OFDOKFCB@berniw?5two?54?$AA@ 1001f1c0     berniw2.obj
 0002:000001d0       ??_C@_0N@PMCFJEGA@berniw?5two?55?$AA@ 1001f1d0     berniw2.obj
 0002:000001e0       ??_C@_0N@NHAIMHKD@berniw?5two?56?$AA@ 1001f1e0     berniw2.obj
 0002:000001f0       ??_C@_0N@MOBDPGOC@berniw?5two?57?$AA@ 1001f1f0     berniw2.obj
 0002:00000200       ??_C@_0N@EJILOKCN@berniw?5two?58?$AA@ 1001f200     berniw2.obj
 0002:00000210       ??_C@_0N@FAJANLGM@berniw?5two?59?$AA@ 1001f210     berniw2.obj
 0002:00000220       ??_C@_0O@JFABNKOD@berniw?5two?510?$AA@ 1001f220     berniw2.obj
 0002:00000230       ??_C@_03DAGGNFD@Car?$AA@   1001f230     berniw2.obj
 0002:00000234       ??_C@_0BG@CENIOFJF@drivers?1berniw2?1?$CFd?1?$CFs?$AA@ 1001f234     berniw2.obj
 0002:0000024c       ??_C@_0BP@FEGPKBMN@drivers?1berniw2?1?$CFd?1default?4xml?$AA@ 1001f24c     berniw2.obj
 0002:0000026c       ??_C@_0L@INFAEAJM@fuelperlap?$AA@ 1001f26c     berniw2.obj
 0002:00000278       ??_C@_0P@CKPKPPGP@berniw?5private?$AA@ 1001f278     berniw2.obj
 0002:00000288       ??_C@_0N@GEJBANM@initial?5fuel?$AA@ 1001f288     berniw2.obj
 0002:00000298       __real@00000000            1001f298     berniw2.obj
 0002:000002a0       __real@0000000000000000    1001f2a0     berniw2.obj
 0002:000002a8       __real@3f800000            1001f2a8     berniw2.obj
 0002:000002b0       __real@3f947ae147ae147b    1001f2b0     berniw2.obj
 0002:000002b8       __real@3fb999999999999a    1001f2b8     berniw2.obj
 0002:000002c0       __real@3fe0000000000000    1001f2c0     berniw2.obj
 0002:000002c8       __real@3ff0000000000000    1001f2c8     berniw2.obj
 0002:000002d0       __real@3ff8000000000000    1001f2d0     berniw2.obj
 0002:000002d8       __real@3ff921fb54442d18    1001f2d8     berniw2.obj
 0002:000002e0       __real@4000000000000000    1001f2e0     berniw2.obj
 0002:000002e8       __real@400921fb54442d18    1001f2e8     berniw2.obj
 0002:000002f0       __real@4014000000000000    1001f2f0     berniw2.obj
 0002:000002f8       __real@401921fb54442d18    1001f2f8     berniw2.obj
 0002:00000300       __real@40239d0140000000    1001f300     berniw2.obj
 0002:00000308       __real@40239eb851eb851f    1001f308     berniw2.obj
 0002:00000310       __real@40339eb851eb851f    1001f310     berniw2.obj
 0002:00000318       __real@4059000000000000    1001f318     berniw2.obj
 0002:00000320       __real@bff0000000000000    1001f320     berniw2.obj
 0002:00000328       __real@c00921fb54442d18    1001f328     berniw2.obj
 0002:00000330       __xmm@7fffffffffffffff7fffffffffffffff 1001f330     berniw2.obj
 0002:00000340       __xmm@80000000000000008000000000000000 1001f340     berniw2.obj
 0002:00000350       __xmm@80000000800000008000000080000000 1001f350     berniw2.obj
 0002:00000370       ?PATHERR@MyCar@@2NB        1001f370     mycar.obj
 0002:00000378       ?CORRLEN@MyCar@@2NB        1001f378     mycar.obj
 0002:00000380       ?TURNTOL@MyCar@@2NB        1001f380     mycar.obj
 0002:00000388       ?TURNSPEED@MyCar@@2NB      1001f388     mycar.obj
 0002:00000390       ?MARGIN@MyCar@@2NB         1001f390     mycar.obj
 0002:00000398       ?STABLESPEED@MyCar@@2NB    1001f398     mycar.obj
 0002:000003a0       ?TIMETOCATCH@MyCar@@2NB    1001f3a0     mycar.obj
 0002:000003a8       ?MINOVERTAKERANGE@MyCar@@2NB 1001f3a8     mycar.obj
 0002:000003b0       ?OVERTAKERADIUS@MyCar@@2NB 1001f3b0     mycar.obj
 0002:000003b8       ?OVERTAKEDIST@MyCar@@2NB   1001f3b8     mycar.obj
 0002:000003c0       ?OVERTAKEMINDIST@MyCar@@2NB 1001f3c0     mycar.obj
 0002:000003c8       ?OVERTAKEANGLE@MyCar@@2NB  1001f3c8     mycar.obj
 0002:000003d0       ?OVERTAKEMARGIN@MyCar@@2NB 1001f3d0     mycar.obj
 0002:000003d8       ?MAXALLOWEDPITCH@MyCar@@2NB 1001f3d8     mycar.obj
 0002:000003e0       ?FLYSPEED@MyCar@@2NB       1001f3e0     mycar.obj
 0002:000003e8       ?OVERLAPSTARTDIST@MyCar@@2NB 1001f3e8     mycar.obj
 0002:000003f0       ?OVERLAPPASSDIST@MyCar@@2NB 1001f3f0     mycar.obj
 0002:000003f8       ?OVERLAPWAITTIME@MyCar@@2NB 1001f3f8     mycar.obj
 0002:00000400       ?LAPBACKTIMEPENALTY@MyCar@@2NB 1001f400     mycar.obj
 0002:00000408       ?TCL_SLIP@MyCar@@2NB       1001f408     mycar.obj
 0002:00000410       ?TCL_RANGE@MyCar@@2NB      1001f410     mycar.obj
 0002:00000418       ?SHIFT@MyCar@@2NB          1001f418     mycar.obj
 0002:00000420       ?SHIFT_MARGIN@MyCar@@2NB   1001f420     mycar.obj
 0002:00000428       ?MAX_SPEED@MyCar@@2NB      1001f428     mycar.obj
 0002:00000430       ?MAX_FUEL_PER_METER@MyCar@@2NB 1001f430     mycar.obj
 0002:00000438       ?LOOKAHEAD_MAX_ERROR@MyCar@@2NB 1001f438     mycar.obj
 0002:00000440       ?LOOKAHEAD_FACTOR@MyCar@@2NB 1001f440     mycar.obj
 0002:00000448       ??_C@_09KBFOLGED@GC?5height?$AA@ 1001f448     mycar.obj
 0002:00000454       ??_C@_05NNOHLBDC@caero?$AA@ 1001f454     mycar.obj
 0002:0000045c       ??_C@_09IFGOAGEJ@cfriction?$AA@ 1001f45c     mycar.obj
 0002:00000468       ??_C@_04IJEANHEE@mass?$AA@ 1001f468     mycar.obj
 0002:00000470       ??_C@_03ECFJFFPO@RWD?$AA@  1001f470     mycar.obj
 0002:00000474       ??_C@_04GPMDFGEJ@type?$AA@ 1001f474     mycar.obj
 0002:0000047c       ??_C@_0L@GPGHGHOJ@Drivetrain?$AA@ 1001f47c     mycar.obj
 0002:00000488       ??_C@_03JNCCJFDG@FWD?$AA@  1001f488     mycar.obj
 0002:0000048c       ??_C@_03FMBEPNCB@4WD?$AA@  1001f48c     mycar.obj
 0002:00000490       ??_C@_02JFIEOGIK@Cx?$AA@   1001f490     mycar.obj
 0002:00000494       ??_C@_0N@GFHNLLOJ@Aerodynamics?$AA@ 1001f494     mycar.obj
 0002:000004a4       ??_C@_0L@NAALCPPI@front?5area?$AA@ 1001f4a4     mycar.obj
 0002:000004b0       ??_C@_0P@NDDEHBFL@wheelbase?3?5?$CFf?6?$AA@ 1001f4b0     mycar.obj
 0002:000004c0       ??_C@_0BA@OPGFIKIN@wheeltrack?3?5?$CFf?6?$AA@ 1001f4c0     mycar.obj
 0002:000004d0       ??_C@_06EADKBJJD@?$CFd?7?$CFf?6?$AA@ 1001f4d0     mycar.obj
 0002:000004d8       ??_C@_0M@KNLKEDBP@Offset?3?5?$CFd?6?$AA@ 1001f4d8     mycar.obj
 0002:000004e4       ??_C@_0M@JLLEGKBO@?$CDgears?3?5?$CFd?6?$AA@ 1001f4e4     mycar.obj
 0002:000004f0       ??_C@_09BIPBPCPJ@gear?3?5?$CFd?6?$AA@ 1001f4f0     mycar.obj
 0002:000004fc       ??_C@_0BK@LABCNJFC@steerlock?3?5?$CFf?5rad?0?5?$CFf?o?$LP?$LN?6?$AA@ 1001f4fc     mycar.obj
 0002:00000518       ??_C@_0O@MICHCFEB@cgcorr_b?3?5?$CFf?6?$AA@ 1001f518     mycar.obj
 0002:00000528       ??_C@_0P@EMGNAMBK@car?5index?3?5?$CFd?6?$AA@ 1001f528     mycar.obj
 0002:00000538       ??_C@_0N@HKGINNIL@race?5nb?3?5?$CFd?6?$AA@ 1001f538     mycar.obj
 0002:00000548       ??_C@_0BC@DPFNLKJM@Front?5Right?5Wheel?$AA@ 1001f548     mycar.obj
 0002:0000055c       ??_C@_0BB@LHAPOPKP@Front?5Left?5Wheel?$AA@ 1001f55c     mycar.obj
 0002:00000570       ??_C@_0BB@FDACEIHE@Rear?5Right?5Wheel?$AA@ 1001f570     mycar.obj
 0002:00000584       ??_C@_0BA@OOGIOKPL@Rear?5Left?5Wheel?$AA@ 1001f584     mycar.obj
 0002:00000594       ??_C@_04GOEDGNCF@area?$AA@ 1001f594     mycar.obj
 0002:0000059c       ??_C@_09HDJCNBBO@Rear?5Wing?$AA@ 1001f59c     mycar.obj
 0002:000005a8       ??_C@_05FECBCJJD@angle?$AA@ 1001f5a8     mycar.obj
 0002:000005b0       ??_C@_0M@CCMIOJBA@front?5Clift?$AA@ 1001f5b0     mycar.obj
 0002:000005bc       ??_C@_0L@PLABABOE@rear?5Clift?$AA@ 1001f5bc     mycar.obj
 0002:000005c8       ??_C@_0M@IPGIOMHG@ride?5height?$AA@ 1001f5c8     mycar.obj
 0002:000005d8       __real@3fd0000000000000    1001f5d8     mycar.obj
 0002:000005e0       __real@3fdd70a3d70a3d71    1001f5e0     mycar.obj
 0002:000005e8       __real@3fe4000000000000    1001f5e8     mycar.obj
 0002:000005f0       __real@3ff3ae147ae147ae    1001f5f0     mycar.obj
 0002:000005f8       __real@40000000            1001f5f8     mycar.obj
 0002:00000600       __real@4010000000000000    1001f600     mycar.obj
 0002:00000608       __real@43340000            1001f608     mycar.obj
 0002:00000610       __real@47efffffe0000000    1001f610     mycar.obj
 0002:00000618       __real@bfd5555555555555    1001f618     mycar.obj
 0002:00000620       __real@c008000000000000    1001f620     mycar.obj
 0002:00000630       __xmm@3f847ae147ae147b402e000000000000 1001f630     mycar.obj
 0002:00000640       __xmm@3f947ae147ae147b402e000000000000 1001f640     mycar.obj
 0002:00000650       __xmm@3fb999999999999a402e000000000000 1001f650     mycar.obj
 0002:00000660       __xmm@3fb999999999999a4034000000000000 1001f660     mycar.obj
 0002:00000670       __xmm@3fb999999999999a4039000000000000 1001f670     mycar.obj
 0002:00000680       __xmm@3fb999999999999a4046800000000000 1001f680     mycar.obj
 0002:00000690       __xmm@3fc999999999999a3ff3333333333333 1001f690     mycar.obj
 0002:000006a0       __xmm@3fe00000000000003fee666666666666 1001f6a0     mycar.obj
 0002:000006b0       __xmm@3fe00000000000003fef5c28f5c28f5c 1001f6b0     mycar.obj
 0002:000006c0       __xmm@3fe00000000000003ff0000000000000 1001f6c0     mycar.obj
 0002:000006d0       __xmm@3fe00000000000003ff199999999999a 1001f6d0     mycar.obj
 0002:000006e0       __xmm@3feccccccccccccd3ff3333333333333 1001f6e0     mycar.obj
 0002:000006f0       __xmm@3feccccccccccccd3ff4cccccccccccd 1001f6f0     mycar.obj
 0002:00000700       __xmm@3feccccccccccccd3ff999999999999a 1001f700     mycar.obj
 0002:00000710       __xmm@3ff00000000000003ff0000000000000 1001f710     mycar.obj
 0002:00000720       __xmm@40140000000000003ff0000000000000 1001f720     mycar.obj
 0002:00000740       ?COLLDIST@Pathfinder@@0NB  1001f740     pathfinder.obj
 0002:00000750       ??_C@_08NDIHJKD@pitentry?$AA@ 1001f750     pathfinder.obj
 0002:0000075c       ??_C@_07ELBMMLPE@pitexit?$AA@ 1001f75c     pathfinder.obj
 0002:00000768       ??_C@_0FA@DCJNBECG@error?3?5pit?5struct?5ptr?5?$DN?$DN?5NULL?4?5c@ 1001f768     pathfinder.obj
 0002:000007b8       ??_C@_01NOFIACDB@w?$AA@    1001f7b8     pathfinder.obj
 0002:000007bc       ??_C@_06NPCLIJI@?$CFf?7?$CFf?6?$AA@ 1001f7bc     pathfinder.obj
 0002:000007c8       __real@3e112e0be826d695    1001f7c8     pathfinder.obj
 0002:000007d0       __real@3f000000            1001f7d0     pathfinder.obj
 0002:000007d8       __real@3f1a36e2eb1c432d    1001f7d8     pathfinder.obj
 0002:000007e0       __real@3f91df46a2529d39    1001f7e0     pathfinder.obj
 0002:000007e8       __real@3ff3333333333333    1001f7e8     pathfinder.obj
 0002:000007f0       __real@4008000000000000    1001f7f0     pathfinder.obj
 0002:000007f8       __real@401e000000000000    1001f7f8     pathfinder.obj
 0002:00000800       __real@4050aaaaaaaaaaab    1001f800     pathfinder.obj
 0002:00000808       __real@407c200000000000    1001f808     pathfinder.obj
 0002:00000810       __real@407f400000000000    1001f810     pathfinder.obj
 0002:00000818       __real@4089000000000000    1001f818     pathfinder.obj
 0002:00000820       __real@40a00000            1001f820     pathfinder.obj
 0002:00000828       __real@40c3880000000000    1001f828     pathfinder.obj
 0002:00000830       __real@c000000000000000    1001f830     pathfinder.obj
 0002:00000840       __xmm@47efffffe000000047efffffe0000000 1001f840     pathfinder.obj
 0002:00000850       __xmm@40080000000000004008000000000000 1001f850     spline.obj
 0002:00000870       ??_C@_0EA@PNLMGMJB@error?3?5TrackDesc?3?3TrackDesc?5curr@ 1001f870     trackdesc.obj
 0002:000008b0       __real@4018000000000000    1001f8b0     trackdesc.obj
 0002:000008b8       __real@4066800000000000    1001f8b8     trackdesc.obj
 0002:000008c4       ??_C@_05JLFELJNP@FATAL?$AA@ 1001f8c4     ul_vs2008_32:ulError.obj
 0002:000008cc       ??_C@_07KCOHIFOP@WARNING?$AA@ 1001f8cc     ul_vs2008_32:ulError.obj
 0002:000008d4       ??_C@_05KOLFGEDA@DEBUG?$AA@ 1001f8d4     ul_vs2008_32:ulError.obj
 0002:000008e4       ??_7bad_alloc@std@@6B@     1001f8e4     LIBCMT:new.obj
 0002:000008ec       ??_C@_0P@GHFPNOJB@bad?5allocation?$AA@ 1001f8ec     LIBCMT:new.obj
 0002:000011b0       __FPinit                   100201b0     LIBCMT:fpinit.obj
 0002:000067f0       __pDefaultRawDllMain       100257f0     LIBCMT:dllcrt0.obj
 0002:000067f0       __pRawDllMain              100257f0     LIBCMT:dllcrt0.obj
 0002:000067f4       ??_C@_1BI@BGOHAHKC@?$AAm?$AAs?$AAc?$AAo?$AAr?$AAe?$AAe?$AA?4?$AAd?$AAl?$AAl?$AA?$AA@ 100257f4     LIBCMT:crt0dat.obj
 0002:0000680c       ??_C@_0P@MIGLKIOC@CorExitProcess?$AA@ 1002580c     LIBCMT:crt0dat.obj
 0002:00006820       ??_7exception@std@@6B@     10025820     LIBCMT:stdexcpt.obj
 0002:00006828       ??_C@_0BC@EOODALEL@Unknown?5exception?$AA@ 10025828     LIBCMT:stdexcpt.obj
 0002:00006860       ??_7type_info@@6B@         10025860     LIBCMT:typinfo.obj
 0002:00006864       ??_C@_06OJHGLDPL@?$CInull?$CJ?$AA@ 10025864     LIBCMT:output.obj
 0002:0000686c       ??_C@_1O@CEDCILHN@?$AA?$CI?$AAn?$AAu?$AAl?$AAl?$AA?$CJ?$AA?$AA@ 1002586c     LIBCMT:output.obj
 0002:00006880       ___lookuptable             10025880     LIBCMT:output.obj
 0002:000068e0       __OP_ATAN2jmptab           100258e0     LIBCMT:87triga.obj
 0002:00006960       __pDestructExceptionObject 10025960     LIBCMT:frame.obj
 0002:00006968       ??_7bad_exception@std@@6B@ 10025968     LIBCMT:frame.obj
 0002:00006970       ??_C@_0O@DPKOEFFH@bad?5exception?$AA@ 10025970     LIBCMT:frame.obj
 0002:000069e8       ??_C@_03MGHMBJCF@log?$AA@  100259e8     LIBCMT:libm_error.obj
 0002:000069ec       ??_C@_05HGHHAHAP@log10?$AA@ 100259ec     LIBCMT:libm_error.obj
 0002:000069f4       ??_C@_03KHJOGHMM@exp?$AA@  100259f4     LIBCMT:libm_error.obj
 0002:000069f8       ??_C@_03JGHBODFD@pow?$AA@  100259f8     LIBCMT:libm_error.obj
 0002:000069fc       ??_C@_04FIHNOPOL@asin?$AA@ 100259fc     LIBCMT:libm_error.obj
 0002:00006a04       ??_C@_04PDIFKINK@acos?$AA@ 10025a04     LIBCMT:libm_error.obj
 0002:00006a0c       ??_C@_05EOHGHCHD@exp10?$AA@ 10025a0c     LIBCMT:libm_error.obj
 0002:00006a14       ??_C@_04MLLJIGOK@atan?$AA@ 10025a14     LIBCMT:libm_error.obj
 0002:00006a1c       ??_C@_04GFPJNGEK@ceil?$AA@ 10025a1c     LIBCMT:libm_error.obj
 0002:00006a24       ??_C@_05PBJFFIGL@floor?$AA@ 10025a24     LIBCMT:libm_error.obj
 0002:00006a2c       ??_C@_04EHEDPDJG@modf?$AA@ 10025a2c     LIBCMT:libm_error.obj
 0002:00006a34       ??_C@_03BLEJJJBH@sin?$AA@  10025a34     LIBCMT:libm_error.obj
 0002:00006a38       ??_C@_03LALBNOCG@cos?$AA@  10025a38     LIBCMT:libm_error.obj
 0002:00006a3c       ??_C@_03IIINPABG@tan?$AA@  10025a3c     LIBCMT:libm_error.obj
 0002:00006a40       ??_C@_04EIAKFFMI@sqrt?$AA@ 10025a40     LIBCMT:libm_error.obj
 0002:00006a48       ??_C@_05KLBDPFGC@e?$CL000?$AA@ 10025a48     LIBCMT:cvt.obj
 0002:00006b28       ??_C@_1FK@PGACCAFB@?$AAR?$AA6?$AA0?$AA0?$AA2?$AA?$AN?$AA?6?$AA?9?$AA?5?$AAf?$AAl?$AAo?$AAa?$AAt?$AAi?$AAn?$AAg?$AA?5?$AAp?$AAo?$AAi?$AAn?$AAt?$AA?5?$AAs?$AAu?$AAp?$AAp?$AAo?$AAr?$AAt?$AA?5@ 10025b28     LIBCMT:crt0msg.obj
 0002:00006b88       ??_C@_1FE@LLNEDJMD@?$AAR?$AA6?$AA0?$AA0?$AA8?$AA?$AN?$AA?6?$AA?9?$AA?5?$AAn?$AAo?$AAt?$AA?5?$AAe?$AAn?$AAo?$AAu?$AAg?$AAh?$AA?5?$AAs?$AAp?$AAa?$AAc?$AAe?$AA?5?$AAf?$AAo?$AAr?$AA?5?$AAa?$AAr@ 10025b88     LIBCMT:crt0msg.obj
 0002:00006be0       ??_C@_1FI@HONFMGBI@?$AAR?$AA6?$AA0?$AA0?$AA9?$AA?$AN?$AA?6?$AA?9?$AA?5?$AAn?$AAo?$AAt?$AA?5?$AAe?$AAn?$AAo?$AAu?$AAg?$AAh?$AA?5?$AAs?$AAp?$AAa?$AAc?$AAe?$AA?5?$AAf?$AAo?$AAr?$AA?5?$AAe?$AAn@ 10025be0     LIBCMT:crt0msg.obj
 0002:00006c38       ??_C@_1EG@BEHAGFJD@?$AAR?$AA6?$AA0?$AA1?$AA0?$AA?$AN?$AA?6?$AA?9?$AA?5?$AAa?$AAb?$AAo?$AAr?$AAt?$AA?$CI?$AA?$CJ?$AA?5?$AAh?$AAa?$AAs?$AA?5?$AAb?$AAe?$AAe?$AAn?$AA?5?$AAc?$AAa?$AAl?$AAl?$AAe?$AAd@ 10025c38     LIBCMT:crt0msg.obj
 0002:00006c80       ??_C@_1FI@LOGNIKDM@?$AAR?$AA6?$AA0?$AA1?$AA6?$AA?$AN?$AA?6?$AA?9?$AA?5?$AAn?$AAo?$AAt?$AA?5?$AAe?$AAn?$AAo?$AAu?$AAg?$AAh?$AA?5?$AAs?$AAp?$AAa?$AAc?$AAe?$AA?5?$AAf?$AAo?$AAr?$AA?5?$AAt?$AAh@ 10025c80     LIBCMT:crt0msg.obj
 0002:00006cd8       ??_C@_1FK@BEOGODMC@?$AAR?$AA6?$AA0?$AA1?$AA7?$AA?$AN?$AA?6?$AA?9?$AA?5?$AAu?$AAn?$AAe?$AAx?$AAp?$AAe?$AAc?$AAt?$AAe?$AAd?$AA?5?$AAm?$AAu?$AAl?$AAt?$AAi?$AAt?$AAh?$AAr?$AAe?$AAa?$AAd?$AA?5@ 10025cd8     LIBCMT:crt0msg.obj
 0002:00006d38       ??_C@_1EC@JIBHAOPH@?$AAR?$AA6?$AA0?$AA1?$AA8?$AA?$AN?$AA?6?$AA?9?$AA?5?$AAu?$AAn?$AAe?$AAx?$AAp?$AAe?$AAc?$AAt?$AAe?$AAd?$AA?5?$AAh?$AAe?$AAa?$AAp?$AA?5?$AAe?$AAr?$AAr?$AAo?$AAr?$AA?$AN?$AA?6@ 10025d38     LIBCMT:crt0msg.obj
 0002:00006d80       ??_C@_1FC@ECHBIFBC@?$AAR?$AA6?$AA0?$AA1?$AA9?$AA?$AN?$AA?6?$AA?9?$AA?5?$AAu?$AAn?$AAa?$AAb?$AAl?$AAe?$AA?5?$AAt?$AAo?$AA?5?$AAo?$AAp?$AAe?$AAn?$AA?5?$AAc?$AAo?$AAn?$AAs?$AAo?$AAl?$AAe?$AA?5@ 10025d80     LIBCMT:crt0msg.obj
 0002:00006dd8       ??_C@_1GK@FHCKBEFA@?$AAR?$AA6?$AA0?$AA2?$AA4?$AA?$AN?$AA?6?$AA?9?$AA?5?$AAn?$AAo?$AAt?$AA?5?$AAe?$AAn?$AAo?$AAu?$AAg?$AAh?$AA?5?$AAs?$AAp?$AAa?$AAc?$AAe?$AA?5?$AAf?$AAo?$AAr?$AA?5?$AA_?$AAo@ 10025dd8     LIBCMT:crt0msg.obj
 0002:00006e48       ??_C@_1EM@MAADIHMB@?$AAR?$AA6?$AA0?$AA2?$AA5?$AA?$AN?$AA?6?$AA?9?$AA?5?$AAp?$AAu?$AAr?$AAe?$AA?5?$AAv?$AAi?$AAr?$AAt?$AAu?$AAa?$AAl?$AA?5?$AAf?$AAu?$AAn?$AAc?$AAt?$AAi?$AAo?$AAn?$AA?5?$AAc@ 10025e48     LIBCMT:crt0msg.obj
 0002:00006e98       ??_C@_1GK@MCAAGJMO@?$AAR?$AA6?$AA0?$AA2?$AA6?$AA?$AN?$AA?6?$AA?9?$AA?5?$AAn?$AAo?$AAt?$AA?5?$AAe?$AAn?$AAo?$AAu?$AAg?$AAh?$AA?5?$AAs?$AAp?$AAa?$AAc?$AAe?$AA?5?$AAf?$AAo?$AAr?$AA?5?$AAs?$AAt@ 10025e98     LIBCMT:crt0msg.obj
 0002:00006f08       ??_C@_1GK@MFGOKLAG@?$AAR?$AA6?$AA0?$AA2?$AA7?$AA?$AN?$AA?6?$AA?9?$AA?5?$AAn?$AAo?$AAt?$AA?5?$AAe?$AAn?$AAo?$AAu?$AAg?$AAh?$AA?5?$AAs?$AAp?$AAa?$AAc?$AAe?$AA?5?$AAf?$AAo?$AAr?$AA?5?$AAl?$AAo@ 10025f08     LIBCMT:crt0msg.obj
 0002:00006f78       ??_C@_1EK@HHFLMAOL@?$AAR?$AA6?$AA0?$AA2?$AA8?$AA?$AN?$AA?6?$AA?9?$AA?5?$AAu?$AAn?$AAa?$AAb?$AAl?$AAe?$AA?5?$AAt?$AAo?$AA?5?$AAi?$AAn?$AAi?$AAt?$AAi?$AAa?$AAl?$AAi?$AAz?$AAe?$AA?5?$AAh?$AAe@ 10025f78     LIBCMT:crt0msg.obj
 0002:00006fc4       ??_C@_1DO@BMFCDCD@?$AAR?$AA6?$AA0?$AA3?$AA0?$AA?$AN?$AA?6?$AA?9?$AA?5?$AAC?$AAR?$AAT?$AA?5?$AAn?$AAo?$AAt?$AA?5?$AAi?$AAn?$AAi?$AAt?$AAi?$AAa?$AAl?$AAi?$AAz?$AAe?$AAd?$AA?$AN?$AA?6?$AA?$AA@ 10025fc4     LIBCMT:crt0msg.obj
 0002:00007008       ??_C@_1MG@ENCOOIDF@?$AAR?$AA6?$AA0?$AA3?$AA1?$AA?$AN?$AA?6?$AA?9?$AA?5?$AAA?$AAt?$AAt?$AAe?$AAm?$AAp?$AAt?$AA?5?$AAt?$AAo?$AA?5?$AAi?$AAn?$AAi?$AAt?$AAi?$AAa?$AAl?$AAi?$AAz?$AAe?$AA?5?$AAt@ 10026008     LIBCMT:crt0msg.obj
 0002:000070d0       ??_C@_1GG@GOPILAJP@?$AAR?$AA6?$AA0?$AA3?$AA2?$AA?$AN?$AA?6?$AA?9?$AA?5?$AAn?$AAo?$AAt?$AA?5?$AAe?$AAn?$AAo?$AAu?$AAg?$AAh?$AA?5?$AAs?$AAp?$AAa?$AAc?$AAe?$AA?5?$AAf?$AAo?$AAr?$AA?5?$AAl?$AAo@ 100260d0     LIBCMT:crt0msg.obj
 0002:00007138       ??_C@_1BOO@KGEDBGAJ@?$AAR?$AA6?$AA0?$AA3?$AA3?$AA?$AN?$AA?6?$AA?9?$AA?5?$AAA?$AAt?$AAt?$AAe?$AAm?$AAp?$AAt?$AA?5?$AAt?$AAo?$AA?5?$AAu?$AAs?$AAe?$AA?5?$AAM?$AAS?$AAI?$AAL?$AA?5?$AAc?$AAo?$AAd@ 10026138     LIBCMT:crt0msg.obj
 0002:00007328       ??_C@_1GG@MKFPEKFO@?$AAR?$AA6?$AA0?$AA3?$AA4?$AA?$AN?$AA?6?$AA?9?$AA?5?$AAi?$AAn?$AAc?$AAo?$AAn?$AAs?$AAi?$AAs?$AAt?$AAe?$AAn?$AAt?$AA?5?$AAo?$AAn?$AAe?$AAx?$AAi?$AAt?$AA?5?$AAb?$AAe?$AAg@ 10026328     LIBCMT:crt0msg.obj
 0002:00007390       ??_C@_1BO@BFCDCGC@?$AAD?$AAO?$AAM?$AAA?$AAI?$AAN?$AA?5?$AAe?$AAr?$AAr?$AAo?$AAr?$AA?$AN?$AA?6?$AA?$AA@ 10026390     LIBCMT:crt0msg.obj
 0002:000073b0       ??_C@_1BK@KMOMNAAI@?$AAS?$AAI?$AAN?$AAG?$AA?5?$AAe?$AAr?$AAr?$AAo?$AAr?$AA?$AN?$AA?6?$AA?$AA@ 100263b0     LIBCMT:crt0msg.obj
 0002:000073cc       ??_C@_1BM@JBBEPPHI@?$AAT?$AAL?$AAO?$AAS?$AAS?$AA?5?$AAe?$AAr?$AAr?$AAo?$AAr?$AA?$AN?$AA?6?$AA?$AA@ 100263cc     LIBCMT:crt0msg.obj
 0002:000073e8       ??_C@_15JNBOKNOG@?$AA?$AN?$AA?6?$AA?$AA@ 100263e8     LIBCMT:crt0msg.obj
 0002:000073f0       ??_C@_1BO@BKOMIGKJ@?$AAr?$AAu?$AAn?$AAt?$AAi?$AAm?$AAe?$AA?5?$AAe?$AAr?$AAr?$AAo?$AAr?$AA?5?$AA?$AA@ 100263f0     LIBCMT:crt0msg.obj
 0002:00007410       ??_C@_1DE@JNGNBFGO@?$AAR?$AAu?$AAn?$AAt?$AAi?$AAm?$AAe?$AA?5?$AAE?$AAr?$AAr?$AAo?$AAr?$AA?$CB?$AA?6?$AA?6?$AAP?$AAr?$AAo?$AAg?$AAr?$AAa?$AAm?$AA?3?$AA?5?$AA?$AA@ 10026410     LIBCMT:crt0msg.obj
 0002:00007444       ??_C@_1CO@EAEJAADC@?$AA?$DM?$AAp?$AAr?$AAo?$AAg?$AAr?$AAa?$AAm?$AA?5?$AAn?$AAa?$AAm?$AAe?$AA?5?$AAu?$AAn?$AAk?$AAn?$AAo?$AAw?$AAn?$AA?$DO?$AA?$AA@ 10026444     LIBCMT:crt0msg.obj
 0002:00007474       ??_C@_17LGKOMLJ@?$AA?4?$AA?4?$AA?4?$AA?$AA@ 10026474     LIBCMT:crt0msg.obj
 0002:0000747c       ??_C@_15IABLJNFO@?$AA?6?$AA?6?$AA?$AA@ 1002647c     LIBCMT:crt0msg.obj
 0002:00007488       ??_C@_1EK@MBDPDCGA@?$AAM?$AAi?$AAc?$AAr?$AAo?$AAs?$AAo?$AAf?$AAt?$AA?5?$AAV?$AAi?$AAs?$AAu?$AAa?$AAl?$AA?5?$AAC?$AA?$CL?$AA?$CL?$AA?5?$AAR?$AAu?$AAn?$AAt?$AAi?$AAm?$AAe?$AA?5?$AAL?$AAi?$AAb@ 10026488     LIBCMT:crt0msg.obj
 0002:000074d8       __atan_table               100264d8     LIBCMT:atan_table.obj
 0002:00008ce8       __XcptActTab               10027ce8     LIBCMT:winxfltr.obj
 0002:00008d78       __XcptActTabCount          10027d78     LIBCMT:winxfltr.obj
 0002:00008d7c       __XcptActTabSize           10027d7c     LIBCMT:winxfltr.obj
 0002:00008d80       __First_FPE_Indx           10027d80     LIBCMT:winxfltr.obj
 0002:00008d84       __Num_FPE                  10027d84     LIBCMT:winxfltr.obj
 0002:00008d88       ??_C@_1BK@MGMFAEKH@?$AAk?$AAe?$AAr?$AAn?$AAe?$AAl?$AA3?$AA2?$AA?4?$AAd?$AAl?$AAl?$AA?$AA@ 10027d88     LIBCMT:winapisupp.obj
 0002:00008da4       ??_C@_08KNHFBNJ@FlsAlloc?$AA@ 10027da4     LIBCMT:winapisupp.obj
 0002:00008db0       ??_C@_07PEJMOBNF@FlsFree?$AA@ 10027db0     LIBCMT:winapisupp.obj
 0002:00008db8       ??_C@_0M@GDNOONDI@FlsGetValue?$AA@ 10027db8     LIBCMT:winapisupp.obj
 0002:00008dc4       ??_C@_0M@JCPCPOEF@FlsSetValue?$AA@ 10027dc4     LIBCMT:winapisupp.obj
 0002:00008dd0       ??_C@_0BM@HCFOFFN@InitializeCriticalSectionEx?$AA@ 10027dd0     LIBCMT:winapisupp.obj
 0002:00008dec       ??_C@_0P@DLHPPCNH@CreateEventExW?$AA@ 10027dec     LIBCMT:winapisupp.obj
 0002:00008dfc       ??_C@_0BD@KIEEOEEH@CreateSemaphoreExW?$AA@ 10027dfc     LIBCMT:winapisupp.obj
 0002:00008e10       ??_C@_0BI@BKLFFAPO@SetThreadStackGuarantee?$AA@ 10027e10     LIBCMT:winapisupp.obj
 0002:00008e28       ??_C@_0BG@OGFAJCKC@CreateThreadpoolTimer?$AA@ 10027e28     LIBCMT:winapisupp.obj
 0002:00008e40       ??_C@_0BD@LPLEMMDI@SetThreadpoolTimer?$AA@ 10027e40     LIBCMT:winapisupp.obj
 0002:00008e54       ??_C@_0CA@FMNJENH@WaitForThreadpoolTimerCallbacks?$AA@ 10027e54     LIBCMT:winapisupp.obj
 0002:00008e74       ??_C@_0BF@DCFCCNOC@CloseThreadpoolTimer?$AA@ 10027e74     LIBCMT:winapisupp.obj
 0002:00008e8c       ??_C@_0BF@FLABGKKM@CreateThreadpoolWait?$AA@ 10027e8c     LIBCMT:winapisupp.obj
 0002:00008ea4       ??_C@_0BC@MGCOHNA@SetThreadpoolWait?$AA@ 10027ea4     LIBCMT:winapisupp.obj
 0002:00008eb8       ??_C@_0BE@OCIOMIMP@CloseThreadpoolWait?$AA@ 10027eb8     LIBCMT:winapisupp.obj
 0002:00008ecc       ??_C@_0BJ@LKGHFHBO@FlushProcessWriteBuffers?$AA@ 10027ecc     LIBCMT:winapisupp.obj
 0002:00008ee8       ??_C@_0BP@KALKKPMO@FreeLibraryWhenCallbackReturns?$AA@ 10027ee8     LIBCMT:winapisupp.obj
 0002:00008f08       ??_C@_0BK@DFNBACLA@GetCurrentProcessorNumber?$AA@ 10027f08     LIBCMT:winapisupp.obj
 0002:00008f24       ??_C@_0BP@KHGALBC@GetLogicalProcessorInformation?$AA@ 10027f24     LIBCMT:winapisupp.obj
 0002:00008f44       ??_C@_0BE@FKKLLFLM@CreateSymbolicLinkW?$AA@ 10027f44     LIBCMT:winapisupp.obj
 0002:00008f58       ??_C@_0BJ@OHNKDLIJ@SetDefaultDllDirectories?$AA@ 10027f58     LIBCMT:winapisupp.obj
 0002:00008f74       ??_C@_0BE@LJANKFHF@EnumSystemLocalesEx?$AA@ 10027f74     LIBCMT:winapisupp.obj
 0002:00008f88       ??_C@_0BA@IHGNDAEB@CompareStringEx?$AA@ 10027f88     LIBCMT:winapisupp.obj
 0002:00008f98       ??_C@_0BA@EPCJIIPD@GetDateFormatEx?$AA@ 10027f98     LIBCMT:winapisupp.obj
 0002:00008fa8       ??_C@_0BA@ONOKGCMP@GetLocaleInfoEx?$AA@ 10027fa8     LIBCMT:winapisupp.obj
 0002:00008fb8       ??_C@_0BA@CIJJKCJJ@GetTimeFormatEx?$AA@ 10027fb8     LIBCMT:winapisupp.obj
 0002:00008fc8       ??_C@_0BJ@PBCCBIPI@GetUserDefaultLocaleName?$AA@ 10027fc8     LIBCMT:winapisupp.obj
 0002:00008fe4       ??_C@_0BC@CELBKLLA@IsValidLocaleName?$AA@ 10027fe4     LIBCMT:winapisupp.obj
 0002:00008ff8       ??_C@_0O@KKBNKAPF@LCMapStringEx?$AA@ 10027ff8     LIBCMT:winapisupp.obj
 0002:00009008       ??_C@_0BE@JOGNEJCI@GetCurrentPackageId?$AA@ 10028008     LIBCMT:winapisupp.obj
 0002:0000901c       ??_C@_0P@CDHHOHKP@GetTickCount64?$AA@ 1002801c     LIBCMT:winapisupp.obj
 0002:0000902c       ??_C@_0BO@KPCLFDJJ@GetFileInformationByHandleExW?$AA@ 1002802c     LIBCMT:winapisupp.obj
 0002:0000904c       ??_C@_0BM@MHIDLABK@SetFileInformationByHandleW?$AA@ 1002804c     LIBCMT:winapisupp.obj
 0002:00009070       __indefinite               10028070     LIBCMT:87disp.obj
 0002:0000907a       __piby2                    1002807a     LIBCMT:87disp.obj
 0002:000090a8       __DEFAULT_CW_in_mem        100280a8     LIBCMT:common.obj
 0002:000090aa       __pi_by_2_to_61            100280aa     LIBCMT:common.obj
 0002:0000e8f0       ??_C@_1M@HPNHIDJI@?$AAj?$AAa?$AA?9?$AAJ?$AAP?$AA?$AA@ 1002d8f0     LIBCMT:mbctype.obj
 0002:0000e8fc       ??_C@_1M@BIBDDEMK@?$AAz?$AAh?$AA?9?$AAC?$AAN?$AA?$AA@ 1002d8fc     LIBCMT:mbctype.obj
 0002:0000e908       ??_C@_1M@JLOOOEGK@?$AAk?$AAo?$AA?9?$AAK?$AAR?$AA?$AA@ 1002d908     LIBCMT:mbctype.obj
 0002:0000e914       ??_C@_1M@CLNBBOPM@?$AAz?$AAh?$AA?9?$AAT?$AAW?$AA?$AA@ 1002d914     LIBCMT:mbctype.obj
 0002:0000e920       ??_C@_03KOEHGMDN@Sun?$AA@  1002d920     LIBCMT:nlsdata.obj
 0002:0000e924       ??_C@_03PDAGKDH@Mon?$AA@   1002d924     LIBCMT:nlsdata.obj
 0002:0000e928       ??_C@_03NAGEINEP@Tue?$AA@  1002d928     LIBCMT:nlsdata.obj
 0002:0000e92c       ??_C@_03MHOMLAJA@Wed?$AA@  1002d92c     LIBCMT:nlsdata.obj
 0002:0000e930       ??_C@_03IOFIKPDN@Thu?$AA@  1002d930     LIBCMT:nlsdata.obj
 0002:0000e934       ??_C@_03IDIOELNC@Fri?$AA@  1002d934     LIBCMT:nlsdata.obj
 0002:0000e938       ??_C@_03FEFJNEK@Sat?$AA@   1002d938     LIBCMT:nlsdata.obj
 0002:0000e93c       ??_C@_06OOPIFAJ@Sunday?$AA@ 1002d93c     LIBCMT:nlsdata.obj
 0002:0000e944       ??_C@_06JLEDEDGH@Monday?$AA@ 1002d944     LIBCMT:nlsdata.obj
 0002:0000e94c       ??_C@_07BAAGCFCM@Tuesday?$AA@ 1002d94c     LIBCMT:nlsdata.obj
 0002:0000e954       ??_C@_09DLIGFAKA@Wednesday?$AA@ 1002d954     LIBCMT:nlsdata.obj
 0002:0000e960       ??_C@_08HACCIKIA@Thursday?$AA@ 1002d960     LIBCMT:nlsdata.obj
 0002:0000e96c       ??_C@_06JECMNKMI@Friday?$AA@ 1002d96c     LIBCMT:nlsdata.obj
 0002:0000e974       ??_C@_08INBOOONO@Saturday?$AA@ 1002d974     LIBCMT:nlsdata.obj
 0002:0000e980       ??_C@_03JIHJHPIE@Jan?$AA@  1002d980     LIBCMT:nlsdata.obj
 0002:0000e984       ??_C@_03HJBDCHOM@Feb?$AA@  1002d984     LIBCMT:nlsdata.obj
 0002:0000e988       ??_C@_03ODNJBKGA@Mar?$AA@  1002d988     LIBCMT:nlsdata.obj
 0002:0000e98c       ??_C@_03LEOLGMJP@Apr?$AA@  1002d98c     LIBCMT:nlsdata.obj
 0002:0000e990       ??_C@_03CNMDKL@May?$AA@    1002d990     LIBCMT:nlsdata.obj
 0002:0000e994       ??_C@_03IDFGHECI@Jun?$AA@  1002d994     LIBCMT:nlsdata.obj
 0002:0000e998       ??_C@_03LBGABGKK@Jul?$AA@  1002d998     LIBCMT:nlsdata.obj
 0002:0000e99c       ??_C@_03IFJFEIGA@Aug?$AA@  1002d99c     LIBCMT:nlsdata.obj
 0002:0000e9a0       ??_C@_03GGCAPAJC@Sep?$AA@  1002d9a0     LIBCMT:nlsdata.obj
 0002:0000e9a4       ??_C@_03BMAOKBAD@Oct?$AA@  1002d9a4     LIBCMT:nlsdata.obj
 0002:0000e9a8       ??_C@_03JPJOFNIA@Nov?$AA@  1002d9a8     LIBCMT:nlsdata.obj
 0002:0000e9ac       ??_C@_03MKABNOCG@Dec?$AA@  1002d9ac     LIBCMT:nlsdata.obj
 0002:0000e9b0       ??_C@_07CGJPFGJA@January?$AA@ 1002d9b0     LIBCMT:nlsdata.obj
 0002:0000e9b8       ??_C@_08GNJGEPFN@February?$AA@ 1002d9b8     LIBCMT:nlsdata.obj
 0002:0000e9c4       ??_C@_05HPCKOFNC@March?$AA@ 1002d9c4     LIBCMT:nlsdata.obj
 0002:0000e9cc       ??_C@_05DMJDNLEJ@April?$AA@ 1002d9cc     LIBCMT:nlsdata.obj
 0002:0000e9d4       ??_C@_04CNLMGBGM@June?$AA@ 1002d9d4     LIBCMT:nlsdata.obj
 0002:0000e9dc       ??_C@_04MIEPOIFP@July?$AA@ 1002d9dc     LIBCMT:nlsdata.obj
 0002:0000e9e4       ??_C@_06LBBHFDDG@August?$AA@ 1002d9e4     LIBCMT:nlsdata.obj
 0002:0000e9ec       ??_C@_09BHHEALKD@September?$AA@ 1002d9ec     LIBCMT:nlsdata.obj
 0002:0000e9f8       ??_C@_07JJNFCEND@October?$AA@ 1002d9f8     LIBCMT:nlsdata.obj
 0002:0000ea00       ??_C@_08HCHEGEOA@November?$AA@ 1002da00     LIBCMT:nlsdata.obj
 0002:0000ea0c       ??_C@_08EDHMEBNP@December?$AA@ 1002da0c     LIBCMT:nlsdata.obj
 0002:0000ea18       ??_C@_02DEDBPAFC@AM?$AA@   1002da18     LIBCMT:nlsdata.obj
 0002:0000ea1c       ??_C@_02CJNFDJBF@PM?$AA@   1002da1c     LIBCMT:nlsdata.obj
 0002:0000ea20       ??_C@_08BPBNCDIB@MM?1dd?1yy?$AA@ 1002da20     LIBCMT:nlsdata.obj
 0002:0000ea2c       ??_C@_0BE@CKGJFCPC@dddd?0?5MMMM?5dd?0?5yyyy?$AA@ 1002da2c     LIBCMT:nlsdata.obj
 0002:0000ea40       ??_C@_08JCCMCCIL@HH?3mm?3ss?$AA@ 1002da40     LIBCMT:nlsdata.obj
 0002:0000ea4c       ??_C@_17MBGCMIPB@?$AAS?$AAu?$AAn?$AA?$AA@ 1002da4c     LIBCMT:nlsdata.obj
 0002:0000ea54       ??_C@_17KBOMKBF@?$AAM?$AAo?$AAn?$AA?$AA@ 1002da54     LIBCMT:nlsdata.obj
 0002:0000ea5c       ??_C@_17BMKGEGOJ@?$AAT?$AAu?$AAe?$AA?$AA@ 1002da5c     LIBCMT:nlsdata.obj
 0002:0000ea64       ??_C@_17CJEDCEPE@?$AAW?$AAe?$AAd?$AA?$AA@ 1002da64     LIBCMT:nlsdata.obj
 0002:0000ea6c       ??_C@_17PDPHAADD@?$AAT?$AAh?$AAu?$AA?$AA@ 1002da6c     LIBCMT:nlsdata.obj
 0002:0000ea74       ??_C@_17HFOLPPLP@?$AAF?$AAr?$AAi?$AA?$AA@ 1002da74     LIBCMT:nlsdata.obj
[...]
 0002:0000b7e0       T_table                    1002a7e0     LIBCMT:acos_pentium4.obj
 0002:0000bfe0       PI_BY_2                    1002afe0     LIBCMT:acos_pentium4.obj
 0002:0000bff0       NEG_PI                     1002aff0     LIBCMT:acos_pentium4.obj
 0002:0000c000       PI                         1002b000     LIBCMT:acos_pentium4.obj
 0002:0000c010       SIGNMASK                   1002b010     LIBCMT:acos_pentium4.obj
 0002:0000c020       HALFMASK                   1002b020     LIBCMT:acos_pentium4.obj
 0002:0000c030       HALFMASK2                  1002b030     LIBCMT:acos_pentium4.obj
 0002:0000c040       cv                         1002b040     LIBCMT:acos_pentium4.obj
 0002:0000c060       cv2                        1002b060     LIBCMT:acos_pentium4.obj
 0002:0000c0a0       ABSVALMASK                 1002b0a0     LIBCMT:acos_pentium4.obj
 0002:0000c0a8       TMASK                      1002b0a8     LIBCMT:acos_pentium4.obj
 0002:0000c0b0       ONEMASK                    1002b0b0     LIBCMT:acos_pentium4.obj
 0002:0000c0b8       ONE_BY_2                   1002b0b8     LIBCMT:acos_pentium4.obj
 0002:0000c0c0       EMIN                       1002b0c0     LIBCMT:acos_pentium4.obj
 0002:0000c0c8       MAX_ARG                    1002b0c8     LIBCMT:acos_pentium4.obj
 0002:0000c0d0       MIN_ARG                    1002b0d0     LIBCMT:acos_pentium4.obj
 0002:0000c0d8       INF                        1002b0d8     LIBCMT:acos_pentium4.obj
 0002:0000c0e0       ZERO                       1002b0e0     LIBCMT:acos_pentium4.obj
 0002:0000c0e8       ALPHA                      1002b0e8     LIBCMT:acos_pentium4.obj
 0002:0000c0f0       Ctable                     1002b0f0     LIBCMT:sin_pentium4.obj
 0002:0000c8f0       SC_1                       1002b8f0     LIBCMT:sin_pentium4.obj
 0002:0000c900       SC_2                       1002b900     LIBCMT:sin_pentium4.obj
 0002:0000c910       SC_3                       1002b910     LIBCMT:sin_pentium4.obj
 0002:0000c920       SC_4                       1002b920     LIBCMT:sin_pentium4.obj
 0002:0000c930       PI32INV                    1002b930     LIBCMT:sin_pentium4.obj
 0002:0000c938       SHIFTER                    1002b938     LIBCMT:sin_pentium4.obj
 0002:0000c940       P_2                        1002b940     LIBCMT:sin_pentium4.obj
 0002:0000c950       P_1                        1002b950     LIBCMT:sin_pentium4.obj
 0002:0000c958       P_3                        1002b958     LIBCMT:sin_pentium4.obj
 0002:0000c960       TWO_POW_55                 1002b960     LIBCMT:sin_pentium4.obj
 0002:0000c968       TWO_POW_M55                1002b968     LIBCMT:sin_pentium4.obj
 0002:0000c970       ALL_ONES                   1002b970     LIBCMT:sin_pentium4.obj
 0002:0000c978       NEG_ZERO                   1002b978     LIBCMT:sin_pentium4.obj
 0002:0000c980       ONE                        1002b980     LIBCMT:sin_pentium4.obj
 0002:0000c990       Ctable                     1002b990     LIBCMT:cos_pentium4.obj
 0002:0000d190       SC_1                       1002c190     LIBCMT:cos_pentium4.obj
 0002:0000d1a0       SC_2                       1002c1a0     LIBCMT:cos_pentium4.obj
 0002:0000d1b0       SC_3                       1002c1b0     LIBCMT:cos_pentium4.obj
 0002:0000d1c0       SC_4                       1002c1c0     LIBCMT:cos_pentium4.obj
 0002:0000d1d0       PI32INV                    1002c1d0     LIBCMT:cos_pentium4.obj
 0002:0000d1d8       SHIFTER                    1002c1d8     LIBCMT:cos_pentium4.obj
 0002:0000d1e0       P_2                        1002c1e0     LIBCMT:cos_pentium4.obj
 0002:0000d1f0       P_1                        1002c1f0     LIBCMT:cos_pentium4.obj
 0002:0000d1f8       P_3                        1002c1f8     LIBCMT:cos_pentium4.obj
 0002:0000d200       TWO_POW_55                 1002c200     LIBCMT:cos_pentium4.obj
 0002:0000d208       TWO_POW_M55                1002c208     LIBCMT:cos_pentium4.obj
 0002:0000d210       ALL_ONES                   1002c210     LIBCMT:cos_pentium4.obj
 0002:0000d218       NEG_ZERO                   1002c218     LIBCMT:cos_pentium4.obj
 0002:0000d220       ONE                        1002c220     LIBCMT:cos_pentium4.obj
 0002:0000d230       SIGN_MASK                  1002c230     LIBCMT:cos_pentium4.obj
 0002:0000d240       Ctable                     1002c240     LIBCMT:tan_pentium4.obj
 0002:0000e840       PI32INV                    1002d840     LIBCMT:tan_pentium4.obj
 0002:0000e850       SHIFTER                    1002d850     LIBCMT:tan_pentium4.obj
 0002:0000e860       P_1                        1002d860     LIBCMT:tan_pentium4.obj
 0002:0000e870       P_2                        1002d870     LIBCMT:tan_pentium4.obj
 0002:0000e880       P_3                        1002d880     LIBCMT:tan_pentium4.obj
 0002:0000e890       QQ_2                       1002d890     LIBCMT:tan_pentium4.obj
 0002:0000e898       ONE                        1002d898     LIBCMT:tan_pentium4.obj
 0002:0000e8a0       MASK_35                    1002d8a0     LIBCMT:tan_pentium4.obj
 0002:0000e8b0       sign_mask                  1002d8b0     LIBCMT:tan_pentium4.obj
 0002:0000e8b8       TWO_POW_55                 1002d8b8     LIBCMT:tan_pentium4.obj
 0002:0000e8c0       TWO_POW_M55                1002d8c0     LIBCMT:tan_pentium4.obj
 0002:0000e8c8       TWO_POW_M53                1002d8c8     LIBCMT:tan_pentium4.obj
 0002:0000e8d0       INF                        1002d8d0     LIBCMT:tan_pentium4.obj
 0002:0000e8e0       __mb_locale_names          1002d8e0     LIBCMT:mbctype.obj
 0002:0000ec7c       _GS_ExceptionPointers      1002dc7c     LIBCMT:gs_report.obj
 0002:0000ecf0       smask                      1002dcf0     LIBCMT:exp_pentium4.obj
 0002:0000ed00       emask                      1002dd00     LIBCMT:exp_pentium4.obj
 0002:0000ed10       mmask                      1002dd10     LIBCMT:exp_pentium4.obj
 0002:0000ed20       bias                       1002dd20     LIBCMT:exp_pentium4.obj
 0002:0000ed30       Shifter                    1002dd30     LIBCMT:exp_pentium4.obj
 0002:0000ed40       twom60                     1002dd40     LIBCMT:exp_pentium4.obj
 0002:0000ed50       cv                         1002dd50     LIBCMT:exp_pentium4.obj
 0002:0000eda0       Tbl_addr                   1002dda0     LIBCMT:exp_pentium4.obj
 0002:0000f1a0       ONE_val                    1002e1a0     LIBCMT:exp_pentium4.obj
 0002:0000f1a8       EMIN                       1002e1a8     LIBCMT:exp_pentium4.obj
 0002:0000f1b0       MAX_ARG                    1002e1b0     LIBCMT:exp_pentium4.obj
 0002:0000f1b8       MIN_ARG                    1002e1b8     LIBCMT:exp_pentium4.obj
 0002:0000f1c0       INF                        1002e1c0     LIBCMT:exp_pentium4.obj
 0002:0000f1c8       ZERO                       1002e1c8     LIBCMT:exp_pentium4.obj
 0002:0000f1d0       XMAX                       1002e1d0     LIBCMT:exp_pentium4.obj
 0002:0000f1d8       XMIN                       1002e1d8     LIBCMT:exp_pentium4.obj
 0002:0000f1e0       Sm_Thres                   1002e1e0     LIBCMT:exp_pentium4.obj
 0002:0000f1e8       Del_Thres                  1002e1e8     LIBCMT:exp_pentium4.obj
 0002:0000f20e       _log2max                   1002e20e     LIBCMT:87tran.obj
 0002:0000f218       _smallarg                  1002e218     LIBCMT:87tran.obj
 0002:0000f222       _half                      1002e222     LIBCMT:87tran.obj
 0002:0000f340       _mexp                      1002e340     LIBCMT:atan_pentium4.obj
 0002:0000f350       _mabs                      1002e350     LIBCMT:atan_pentium4.obj
 0002:0000f360       _pi_2d                     1002e360     LIBCMT:atan_pentium4.obj
 0002:0000f370       _d1400                     1002e370     LIBCMT:atan_pentium4.obj
 0002:0000f380       _d1213                     1002e380     LIBCMT:atan_pentium4.obj
 0002:0000f390       _d1011                     1002e390     LIBCMT:atan_pentium4.obj
 0002:0000f3a0       _d89                       1002e3a0     LIBCMT:atan_pentium4.obj
 0002:0000f3b0       _d67                       1002e3b0     LIBCMT:atan_pentium4.obj
 0002:0000f3c0       _d45                       1002e3c0     LIBCMT:atan_pentium4.obj
 0002:0000f3d0       _d23                       1002e3d0     LIBCMT:atan_pentium4.obj
 0002:0000f3e0       _d01                       1002e3e0     LIBCMT:atan_pentium4.obj
 0002:0000f3f0       _p60                       1002e3f0     LIBCMT:atan_pentium4.obj
 0002:0000f400       _p45                       1002e400     LIBCMT:atan_pentium4.obj
 0002:0000f410       _p23                       1002e410     LIBCMT:atan_pentium4.obj
 0002:0000f420       _p01                       1002e420     LIBCMT:atan_pentium4.obj
 0002:0000f430       _cntshf                    1002e430     LIBCMT:atan_pentium4.obj
 0002:0000f438       _zero                      1002e438     LIBCMT:atan_pentium4.obj
 0002:0000f440       _onen                      1002e440     LIBCMT:atan_pentium4.obj
 0002:0000f448       _one                       1002e448     LIBCMT:atan_pentium4.obj
 0002:0000f450       _cnst8                     1002e450     LIBCMT:atan_pentium4.obj
 0002:0000f458       _in3                       1002e458     LIBCMT:atan_pentium4.obj
 0002:0000f460       _in2                       1002e460     LIBCMT:atan_pentium4.obj
 0002:0000f468       _in1                       1002e468     LIBCMT:atan_pentium4.obj
 0002:0000f470       _in0                       1002e470     LIBCMT:atan_pentium4.obj
 0002:0000f478       _in                        1002e478     LIBCMT:atan_pentium4.obj
 0002:0000f480       _minval                    1002e480     LIBCMT:atan_pentium4.obj
 0002:0000f488       libm_small                 1002e488     LIBCMT:atan_pentium4.obj
 0002:00011508       _tokenTable                10030508     LIBCMT:undname.obj
 0002:00011540       _nameTable                 10030540     LIBCMT:undname.obj
 0002:00011680       _rttiTable                 10030680     LIBCMT:undname.obj
 0002:00012460       __first_127char            10031460     LIBCMT:wsetloca.obj
 0002:000126d8       __unwindtable$?initTrack@@YAXHPAUtTrack@@PAXPAPAXPAUSituation@@@Z 100316d8     berniw2.obj
 0002:000126e0       __unwindtable$?newRace@@YAXHPAUCarElt@@PAUSituation@@@Z 100316e0     berniw2.obj
 0002:000126f0       __ehfuncinfo$?newRace@@YAXHPAUCarElt@@PAUSituation@@@Z 100316f0     berniw2.obj
 0002:00012714       __ehfuncinfo$?initTrack@@YAXHPAUtTrack@@PAXPAPAXPAUSituation@@@Z 10031714     berniw2.obj
 0002:00012738       __unwindtable$??0MyCar@@QAE@PAVTrackDesc@@PAUCarElt@@PAUSituation@@@Z 10031738     mycar.obj
 0002:00012740       __ehfuncinfo$??0MyCar@@QAE@PAVTrackDesc@@PAUCarElt@@PAUSituation@@@Z 10031740     mycar.obj
 0002:00012764       __unwindtable$??0TrackDesc@@QAE@PBUtTrack@@@Z 10031764     trackdesc.obj
 0002:0001276c       __ehfuncinfo$??0TrackDesc@@QAE@PBUtTrack@@@Z 1003176c     trackdesc.obj
 0002:00012790       __sehtable$??_L@YGXPAXIHP6EX0@Z1@Z 10031790     LIBCMT:ehvecctr.obj
 0002:000127b0       __sehtable$??_M@YGXPAXIHP6EX0@Z@Z 100317b0     LIBCMT:ehvecdtr.obj
 0002:000127d0       __sehtable$?__ArrayUnwind@@YGXPAXIHP6EX0@Z@Z 100317d0     LIBCMT:ehvecdtr.obj
 0002:00012840       __sehtable$_printf         10031840     LIBCMT:printf.obj
 0002:00012860       __sehtable$_fclose         10031860     LIBCMT:fclose.obj
 0002:00012880       __sehtable$__fsopen        10031880     LIBCMT:fopen.obj
 0002:000128a0       __sehtable$_fprintf        100318a0     LIBCMT:fprintf.obj
 0002:000128c0       __sehtable$__CRT_INIT@12   100318c0     LIBCMT:dllcrt0.obj
 0002:000128e0       __sehtable$___DllMainCRTStartup 100318e0     LIBCMT:dllcrt0.obj
 0002:00012900       __sehtable$_doexit         10031900     LIBCMT:crt0dat.obj
 0002:00012920       __sehtable$?terminate@@YAXXZ 10031920     LIBCMT:hooks.obj
 0002:00012940       __sehtable$?_inconsistency@@YAXXZ 10031940     LIBCMT:hooks.obj
 0002:00012960       __sehtable$__freefls@4     10031960     LIBCMT:tidtable.obj
 0002:00012988       __sehtable$__initptd       10031988     LIBCMT:tidtable.obj
 0002:000129b0       __sehtable$___FrameUnwindToState 100319b0     LIBCMT:frame.obj
 0002:000129d8       __sehtable$?CallCatchBlock@@YAPAXPAUEHExceptionRecord@@PAUEHRegistrationNode@@PAU_CONTEXT@@PBU_s_FuncInfo@@PAXHK@Z 100319d8     LIBCMT:frame.obj
 0002:00012a00       __sehtable$___BuildCatchObject 10031a00     LIBCMT:frame.obj
 0002:00012a20       __sehtable$___DestructExceptionObject 10031a20     LIBCMT:frame.obj
 0002:00012a3c       __catchsym$?CallUnexpected@@YAXPBU_s_ESTypeList@@@Z$2 10031a3c     LIBCMT:frame.obj
 0002:00012a4c       __unwindtable$?CallUnexpected@@YAXPBU_s_ESTypeList@@@Z 10031a4c     LIBCMT:frame.obj
 0002:00012a5c       __tryblocktable$?CallUnexpected@@YAXPBU_s_ESTypeList@@@Z 10031a5c     LIBCMT:frame.obj
 0002:00012a70       __ehfuncinfo$?CallUnexpected@@YAXPBU_s_ESTypeList@@@Z 10031a70     LIBCMT:frame.obj
 0002:00012a98       __sehtable$___BuildCatchObjectHelper 10031a98     LIBCMT:frame.obj
 0002:00012af0       __sehtable$__close         10031af0     LIBCMT:close.obj
 0002:00012b10       __sehtable$_flsall         10031b10     LIBCMT:fflush.obj
 0002:00012b38       __sehtable$__getstream     10031b38     LIBCMT:stream.obj
 0002:00012b58       __sehtable$__ioinit        10031b58     LIBCMT:ioinit.obj
 0002:00012b78       __sehtable$__mtinitlocknum 10031b78     LIBCMT:mlock.obj
 0002:00012b98       __sehtable$__IsNonwritableInCurrentImage 10031b98     LIBCMT:pesect.obj
 0002:00012bb8       __sehtable$__onexit        10031bb8     LIBCMT:onexit.obj
 0002:00012bd8       __sehtable$_raise          10031bd8     LIBCMT:winsig.obj
 0002:00012bf8       __sehtable$___updatetmbcinfo 10031bf8     LIBCMT:mbctype.obj
 0002:00012c18       __sehtable$__setmbcp       10031c18     LIBCMT:mbctype.obj
 0002:00012c38       __sehtable$__fcloseall     10031c38     LIBCMT:closeall.obj
 0002:00012c58       __sehtable$?_Type_info_dtor@type_info@@CAXPAV1@@Z 10031c58     LIBCMT:typname.obj
 0002:00012c78       __sehtable$__write         10031c78     LIBCMT:write.obj
 0002:00012c98       __sehtable$__lseeki64      10031c98     LIBCMT:lseeki64.obj
 0002:00012cb8       __sehtable$___updatetlocinfo 10031cb8     LIBCMT:localref.obj
 0002:00012cd8       __sehtable$___set_fpsr_sse2 10031cd8     LIBCMT:fpctrl.obj
 0002:00012cf8       __sehtable$__alloc_osfhnd  10031cf8     LIBCMT:osfinfo.obj
 0002:00012d20       __sehtable$___lock_fhandle 10031d20     LIBCMT:osfinfo.obj
 0002:00012d40       __sehtable$__commit        10031d40     LIBCMT:commit.obj
 0002:00012d60       __sehtable$__sopen_helper  10031d60     LIBCMT:open.obj
 0002:00012d80       __sehtable$__locterm       10031d80     LIBCMT:wsetloca.obj
 0002:00012da0       .edata                     10031da0     berniw2.exp
 0002:00012dc8       rgpv                       10031dc8     berniw2.exp
 0002:00012dcc       rgszName                   10031dcc     berniw2.exp
 0002:00012dd0       rgwOrd                     10031dd0     berniw2.exp
 0002:00012dd2       szName                     10031dd2     berniw2.exp
 0002:00012dde       $N00001                    10031dde     berniw2.exp
 0002:00012fb4       .idata$6                   10031fb4     tgf:tgf.dll
 0002:00012fd2       .idata$6                   10031fd2     robottools:robottools.dll
 0002:00013486       .idata$6                   10032486     kernel32:KERNEL32.dll
 0003:00000000       _botname                   10033000     berniw2.obj
 0003:00000028       _botdesc                   10033028     berniw2.obj
 0003:00000070       __ulSeverityText           10033070     ul_vs2008_32:ulError.obj
 0003:00000090       _NAME_                     10033090     LIBCMT:sqrt.obj
 0003:000000a0       _NAME_                     100330a0     LIBCMT:asin.obj
 0003:000000b0       _NAME_                     100330b0     LIBCMT:acos.obj
 0003:000000c0       _NAME_                     100330c0     LIBCMT:sin.obj
 0003:000000d0       _NAME_                     100330d0     LIBCMT:cos.obj
 0003:000000e0       _NAME_                     100330e0     LIBCMT:tan.obj
 0003:00000378       _errtable                  10033378     LIBCMT:dosmap.obj
 0003:000004e0       _ErrnoNoMem                100334e0     LIBCMT:dosmap.obj
 0003:000004e4       _DoserrorNoMem             100334e4     LIBCMT:dosmap.obj
 0003:00000530       _newcw                     10033530     LIBCMT:ceil.obj
 0003:00000580       _NAME_                     10033580     LIBCMT:atan.obj
 0003:00000588       _newcw                     10033588     LIBCMT:floor.obj
 0003:0000058c       ?isPackaged@?1??__crtIsPackagedApp@@9@9 1003358c     LIBCMT:winapisupp.obj
 0003:00000590       __locktable                10033590     LIBCMT:mlock.obj
 0003:00000ad8       ___rgctypeflag             10033ad8     LIBCMT:mbctype.obj
 0003:00000ae0       ___rgcode_page_info        10033ae0     LIBCMT:mbctype.obj
 0003:00000e30       ?_names@?1??_get_fname@@9@9 10033e30     LIBCMT:fpexcept.obj
 0003:00000f40       _over                      10033f40     LIBCMT:fpctrl.obj
 0003:00000f4c       _under                     10033f4c     LIBCMT:fpctrl.obj
 0003:00000f58       ?__DAZ_ENABLED@?1??__set_fpsr_sse2@@9@9 10033f58     LIBCMT:fpctrl.obj
 0003:00000fc4       __ctype_loc_style          10033fc4     LIBCMT:wsetloca.obj
 0003:00000fc8       _DoubleFormat              10033fc8     LIBCMT:intrncvt.obj
 0003:00000fe0       _FloatFormat               10033fe0     LIBCMT:intrncvt.obj
 0003:00001460       _mycar                     10034460     berniw2.obj
 0003:00001488       _ocar                      10034488     berniw2.obj
 0003:0000148c       _myTrackDesc               1003448c     berniw2.obj
 0003:00001490       _currenttime               10034490     berniw2.obj
 0003:00001498       __ulErrorBuffer            10034498     ul_vs2008_32:ulError.obj
 0003:00001898       __ulErrorCB                10034898     ul_vs2008_32:ulError.obj
 0003:000018a0       ___enable_percent_n        100348a0     LIBCMT:printf.obj
 0003:000018a4       ___proc_attached           100348a4     LIBCMT:dllcrt0.obj
 0003:00001900       __pmatherr_set             10034900     LIBCMT:libm_error.obj
 0003:00001a20       ?outmsg@?9??_NMSG_WRITE@@9@9 10034a20     LIBCMT:crt0msg.obj
 0003:00002050       ?_pgmname@?1??_setargv@@9@9 10035050     LIBCMT:stdargv.obj
 0003:00002160       _lclcritsects              10035160     LIBCMT:mlock.obj
 0003:000022b4       _ctrlc_action              100352b4     LIBCMT:winsig.obj
 0003:000022b8       _ctrlbreak_action          100352b8     LIBCMT:winsig.obj
 0003:000022bc       _abort_action              100352bc     LIBCMT:winsig.obj
 0003:000022c0       _term_action               100352c0     LIBCMT:winsig.obj
 0003:000022c4       _ConsoleCtrlHandler_Installed 100352c4     LIBCMT:winsig.obj
 0003:000022c8       _g_pfnRtlGenRandom         100352c8     LIBCMT:rand_s.obj
 0003:000022e4       _fSystemSet                100352e4     LIBCMT:mbctype.obj
 0003:000022e8       ___type_info_root_node     100352e8     LIBCMT:typname.obj
 0003:000022f0       _GS_ExceptionRecord        100352f0     LIBCMT:gs_report.obj
 0003:00002340       _GS_ContextRecord          10035340     LIBCMT:gs_report.obj
 0003:0000260c       _DebuggerWasPresent        1003560c     LIBCMT:gs_report.obj
 0003:0000261c       ?pfnMessageBox@?1??__crtMessageBoxW@@9@9 1003561c     LIBCMT:crtmboxw.obj
 0003:00002620       ?pfnGetActiveWindow@?1??__crtMessageBoxW@@9@9 10035620     LIBCMT:crtmboxw.obj
 0003:00002624       ?pfnGetLastActivePopup@?1??__crtMessageBoxW@@9@9 10035624     LIBCMT:crtmboxw.obj
 0003:00002628       ?pfnGetProcessWindowStation@?1??__crtMessageBoxW@@9@9 10035628     LIBCMT:crtmboxw.obj
 0003:0000262c       ?pfnGetUserObjectInformation@?1??__crtMessageBoxW@@9@9 1003562c     LIBCMT:crtmboxw.obj
 0003:00002630       ___crtCallProc             10035630     LIBCMT:winapinls.obj
 0003:0000265c       _heap                      1003565c     LIBCMT:undname.obj
