 olethros

 Timestamp is 58af3063 (Thu Feb 23 18:56:35 2017)

 Preferred load address is 10000000

 Start         Length     Name                   Class
 0001:00000000 000042daH .text                   CODE
 0001:000042e0 000003edH .text$di                CODE
 0001:000046d0 00074f5cH .text$mn                CODE
 0001:00079630 00000c93H .text$x                 CODE
 0001:0007a2d0 0000006fH .text$yd                CODE
 0002:00000000 00000198H .idata$5                DATA
 0002:00000198 00000004H .CRT$XCA                DATA
 0002:0000019c 00000004H .CRT$XCC                DATA
 0002:000001a0 00000078H .CRT$XCU                DATA
 0002:00000218 00000004H .CRT$XCZ                DATA
 0002:0000021c 00000004H .CRT$XIA                DATA
 0002:00000220 00000018H .CRT$XIC                DATA
 0002:00000238 00000004H .CRT$XIZ                DATA
 0002:0000023c 00000004H .CRT$XPA                DATA
 0002:00000240 00000008H .CRT$XPX                DATA
 0002:00000248 00000004H .CRT$XPXA               DATA
 0002:0000024c 00000004H .CRT$XPZ                DATA
 0002:00000250 00000004H .CRT$XTA                DATA
 0002:00000254 00000004H .CRT$XTZ                DATA
 0002:00000260 0001d4c0H .rdata                  DATA
 0002:0001d720 000000c8H .rdata$debug            DATA
 0002:0001d7e8 00000860H .rdata$r                DATA
 0002:0001e048 00000004H .rtc$IAA                DATA
 0002:0001e04c 00000030H .rtc$IMZ                DATA
 0002:0001e07c 00000004H .rtc$IZZ                DATA
 0002:0001e080 00000004H .rtc$TAA                DATA
 0002:0001e084 00000030H .rtc$TMZ                DATA
 0002:0001e0b4 00000004H .rtc$TZZ                DATA
 0002:0001e0b8 00001c94H .xdata$x                DATA
 0002:0001fd50 00000048H .edata                  DATA
 0002:0001fd98 00000050H .idata$2                DATA
 0002:0001fde8 00000014H .idata$3                DATA
 0002:0001fdfc 00000198H .idata$4                DATA
 0002:0001ff94 00000732H .idata$6                DATA
 0003:00000000 000014b8H .data                   DATA
 0003:000014b8 0000037fH .data$r                 DATA
 0003:00001840 00002488H .bss                    DATA

  Address         Publics by Value              Rva+Base       Lib:Object

 0000:00000000       ___safe_se_handler_table   00000000     <absolute>
 0000:00000000       ___guard_flags             00000000     <absolute>
 0000:00000000       ___guard_fids_count        00000000     <absolute>
 0000:00000000       ___guard_fids_table        00000000     <absolute>
 0000:00000000       __except_list              00000000     <absolute>
 0000:00000000       ___safe_se_handler_count   00000000     <absolute>
 0000:00000000       ___ImageBase               10000000     <linker-defined>
 0001:00000000       ?sgdSqrt@@YANN@Z           10001000 f i sg_vs2008_32:sgd.obj
 0001:00000010       ?sgdSquare@@YANN@Z         10001010 f i sg_vs2008_32:sgd.obj
 0001:00000020       ?sgdAbs@@YANN@Z            10001020 f i sg_vs2008_32:sgd.obj
 0001:00000040       ?sgdASin@@YANN@Z           10001040 f i sg_vs2008_32:sgd.obj
 0001:00000050       ?sgdACos@@YANN@Z           10001050 f i sg_vs2008_32:sgd.obj
 0001:00000060       ?sgdATan2@@YANNN@Z         10001060 f i sg_vs2008_32:sgd.obj
 0001:00000080       ?sgdSin@@YANN@Z            10001080 f i sg_vs2008_32:sgd.obj
 0001:00000090       ?sgdCos@@YANN@Z            10001090 f i sg_vs2008_32:sgd.obj
 0001:000000a0       ?sgdZeroVec3@@YAXQAN@Z     100010a0 f i sg_vs2008_32:sgd.obj
 0001:000000b0       ?sgdSetVec3@@YAXQANNNN@Z   100010b0 f i sg_vs2008_32:sgd.obj
 0001:000000d0       ?sgdSetVec4@@YAXQANNNNN@Z  100010d0 f i sg_vs2008_32:sgd.obj
 0001:000000f0       ?sgdCopyVec3@@YAXQANQBN@Z  100010f0 f i sg_vs2008_32:sgd.obj
 0001:00000110       ?sgdCopyVec4@@YAXQANQBN@Z  10001110 f i sg_vs2008_32:sgd.obj
 0001:00000130       ?sgdAddVec3@@YAXQANQBN1@Z  10001130 f i sg_vs2008_32:sgd.obj
 0001:00000160       ?sgdSubVec2@@YAXQANQBN1@Z  10001160 f i sg_vs2008_32:sgd.obj
 0001:00000180       ?sgdSubVec3@@YAXQANQBN1@Z  10001180 f i sg_vs2008_32:sgd.obj
 0001:000001b0       ?sgdNegateVec3@@YAXQAN@Z   100011b0 f i sg_vs2008_32:sgd.obj
 0001:000001d0       ?sgdScaleVec2@@YAXQANN@Z   100011d0 f i sg_vs2008_32:sgd.obj
 0001:000001f0       ?sgdScaleVec3@@YAXQANN@Z   100011f0 f i sg_vs2008_32:sgd.obj
 0001:00000210       ?sgdScaleVec3@@YAXQANQBNN@Z 10001210 f i sg_vs2008_32:sgd.obj
 0001:00000240       ?sgdScaleVec4@@YAXQANQBNN@Z 10001240 f i sg_vs2008_32:sgd.obj
 0001:00000270       ?sgdAddScaledVec3@@YAXQANQBN1N@Z 10001270 f i sg_vs2008_32:sgd.obj
 0001:000002a0       ?sgdScalarProductVec2@@YANQBN0@Z 100012a0 f i sg_vs2008_32:sgd.obj
 0001:000002c0       ?sgdScalarProductVec3@@YANQBN0@Z 100012c0 f i sg_vs2008_32:sgd.obj
 0001:000002e0       ?sgdScalarProductVec4@@YANQBN0@Z 100012e0 f i sg_vs2008_32:sgd.obj
 0001:00000310       ?sgdDistanceSquaredVec3@@YANQBN0@Z 10001310 f i sg_vs2008_32:sgd.obj
 0001:00000340       ?sgdDistanceVec3@@YANQBN0@Z 10001340 f i sg_vs2008_32:sgd.obj
 0001:00000370       ?sgdLengthVec2@@YANQBN@Z   10001370 f i sg_vs2008_32:sgd.obj
 0001:00000390       ?sgdLengthVec3@@YANQBN@Z   10001390 f i sg_vs2008_32:sgd.obj
 0001:000003c0       ?sgdNormaliseVec2@@YAXQAN@Z 100013c0 f i sg_vs2008_32:sgd.obj
 0001:000003f0       ?sgdNormaliseVec3@@YAXQAN@Z 100013f0 f i sg_vs2008_32:sgd.obj
 0001:00000430       ?sgdNormaliseVec3@@YAXQANQBN@Z 10001430 f i sg_vs2008_32:sgd.obj
 0001:00000470       ?sgdCopyMat4@@YAXQAY03NQAY03$$CBN@Z 10001470 f i sg_vs2008_32:sgd.obj
 0001:000004e0       ?sgdScaleMat4@@YAXQAY03NQAY03$$CBNN@Z 100014e0 f i sg_vs2008_32:sgd.obj
 0001:00000570       ?sgdMakeIdentMat4@@YAXQAY03N@Z 10001570 f i sg_vs2008_32:sgd.obj
 0001:000005b0       ?sgdLineSegment3ToLine3@@YAXPAUsgdLine3@@UsgdLineSegment3@@@Z 100015b0 f i sg_vs2008_32:sgd.obj
 0001:00000620       ?sgdAngleBetweenNormalizedVec3@@YANQAN0@Z 10001620 f i sg_vs2008_32:sgd.obj
 0001:00000690       ?getCenter@sgdSphere@@QBEPBNXZ 10001690 f i sg_vs2008_32:sgd.obj
 0001:000006a0       ?getRadius@sgdSphere@@QBENXZ 100016a0 f i sg_vs2008_32:sgd.obj
 0001:000006b0       ?isEmpty@sgdSphere@@QBEHXZ 100016b0 f i sg_vs2008_32:sgd.obj
 0001:000006d0       ?getMin@sgdBox@@QBEPBNXZ   100016d0 f i sg_vs2008_32:sgd.obj
 0001:000006e0       ?getMax@sgdBox@@QBEPBNXZ   100016e0 f i sg_vs2008_32:sgd.obj
 0001:000006f0       ?isEmpty@sgdBox@@QBEHXZ    100016f0 f i sg_vs2008_32:sgd.obj
 0001:00000720       ?sgdVectorProductVec3@@YAXQANQBN1@Z 10001720 f   sg_vs2008_32:sgd.obj
 0001:00000760       ?_sgdClampToUnity@@YANN@Z  10001760 f i sg_vs2008_32:sgd.obj
 0001:00000790       ?sgdCompare3DSqdDist@@YAHQBN0N@Z 10001790 f   sg_vs2008_32:sgd.obj
 0001:000007f0       ?sgdMakeRotMat4@@YAXQAY03NNQBN@Z 100017f0 f   sg_vs2008_32:sgd.obj
 0001:00000920       ?sgdMakePickMatrix@@YAXQAY03NNNNNQAN@Z 10001920 f   sg_vs2008_32:sgd.obj
 0001:000009a0       ?sgdMakeLookAtMat4@@YAXQAY03NQBN11@Z 100019a0 f   sg_vs2008_32:sgd.obj
 0001:00000b20       ?sgdAngleBetweenVec3@@YANQAN0@Z 10001b20 f   sg_vs2008_32:sgd.obj
 0001:00000bc0       ?sgdAngleBetweenNormalizedVec3@@YANQAN00@Z 10001bc0 f   sg_vs2008_32:sgd.obj
 0001:00000d50       ?sgdAngleBetweenVec3@@YANQAN00@Z 10001d50 f   sg_vs2008_32:sgd.obj
 0001:00000df0       ?extend@sgdBox@@QAEXQBN@Z  10001df0 f   sg_vs2008_32:sgd.obj
 0001:00000ec0       ?extend@sgdBox@@QAEXPBV1@@Z 10001ec0 f   sg_vs2008_32:sgd.obj
 0001:00000f50       ?extend@sgdBox@@QAEXPBVsgdSphere@@@Z 10001f50 f   sg_vs2008_32:sgd.obj
 0001:00000fc0       ?intersects@sgdBox@@QBEHQBN@Z 10001fc0 f   sg_vs2008_32:sgd.obj
 0001:00001100       ?extend@sgdSphere@@QAEXQBN@Z 10002100 f   sg_vs2008_32:sgd.obj
 0001:000011b0       ?extend@sgdSphere@@QAEXPBVsgdBox@@@Z 100021b0 f   sg_vs2008_32:sgd.obj
 0001:00001340       ?extend@sgdSphere@@QAEXPBV1@@Z 10002340 f   sg_vs2008_32:sgd.obj
 0001:00001410       ?intersects@sgdSphere@@QBEHPBVsgdBox@@@Z 10002410 f   sg_vs2008_32:sgd.obj
 0001:000014c0       ?update@sgdFrustum@@AAEXXZ 100024c0 f   sg_vs2008_32:sgd.obj
 0001:000018c0       ?contains@sgdFrustum@@QBEHPBVsgdSphere@@@Z 100028c0 f   sg_vs2008_32:sgd.obj
 0001:00001a30       ?sgdDistSquaredToLineVec3@@YANUsgdLine3@@QBN@Z 10002a30 f   sg_vs2008_32:sgd.obj
 0001:00001a70       ?sgdDistSquaredToLineSegmentVec3@@YANUsgdLineSegment3@@QBN@Z 10002a70 f   sg_vs2008_32:sgd.obj
 0001:00001b80       ?sgdMakeCoordMat4@@YAXQAY03NNNNNNN@Z 10002b80 f   sg_vs2008_32:sgd.obj
 0001:00001d40       ?sgdMakeTransMat4@@YAXQAY03NQBN@Z 10002d40 f   sg_vs2008_32:sgd.obj
 0001:00001d90       ?sgdMakeTransMat4@@YAXQAY03NNNN@Z 10002d90 f   sg_vs2008_32:sgd.obj
 0001:00001de0       ?sgdSetCoord@@YAXPAUsgdCoord@@QAY03$$CBN@Z 10002de0 f   sg_vs2008_32:sgd.obj
 0001:000020e0       ?sgdMakeNormal@@YAXQANQBN1@Z 100030e0 f   sg_vs2008_32:sgd.obj
 0001:00002130       ?sgdMakeNormal@@YAXQANQBN11@Z 10003130 f   sg_vs2008_32:sgd.obj
 0001:000021d0       ?sgdMultMat4@@YAXQAY03NQAY03$$CBN1@Z 100031d0 f   sg_vs2008_32:sgd.obj
 0001:00002280       ?sgdTransposeNegateMat4@@YAXQAY03NQAY03$$CBN@Z 10003280 f   sg_vs2008_32:sgd.obj
 0001:00002320       ?sgdTransposeNegateMat4@@YAXQAY03N@Z 10003320 f   sg_vs2008_32:sgd.obj
 0001:00002350       ?sgdInvertMat4@@YAXQAY03NQAY03$$CBN@Z 10003350 f   sg_vs2008_32:sgd.obj
 0001:00002570       ?sgdXformVec3@@YAXQANQBNQAY03$$CBN@Z 10003570 f   sg_vs2008_32:sgd.obj
 0001:000025d0       ?sgdXformPnt3@@YAXQANQBNQAY03$$CBN@Z 100035d0 f   sg_vs2008_32:sgd.obj
 0001:00002630       ?sgdXformPnt4@@YAXQANQBNQAY03$$CBN@Z 10003630 f   sg_vs2008_32:sgd.obj
 0001:000026c0       ?sgdFullXformPnt3@@YAXQANQBNQAY03$$CBN@Z 100036c0 f   sg_vs2008_32:sgd.obj
 0001:00002720       ?sgdHPRfromVec3@@YAXQAN0@Z 10003720 f   sg_vs2008_32:sgd.obj
 0001:000027c0       ?sgdQuatToAngleAxis@@YAXPANQANQBN@Z 100037c0 f   sg_vs2008_32:sgd.obj
 0001:00002840       ?sgdAngleAxisToQuat@@YAXQANNQBN@Z 10003840 f   sg_vs2008_32:sgd.obj
 0001:000028e0       ?sgdMatrixToQuat@@YAXQANQAY03$$CBN@Z 100038e0 f   sg_vs2008_32:sgd.obj
 0001:00002a40       ?sgdMultQuat@@YAXQANQBN1@Z 10003a40 f   sg_vs2008_32:sgd.obj
 0001:00002b10       ?sgdMultQuat2@@YAXQANQBN1@Z 10003b10 f   sg_vs2008_32:sgd.obj
 0001:00002be0       ?sgdEulerToQuat@@YAXQANQBN@Z 10003be0 f   sg_vs2008_32:sgd.obj
 0001:00002cd0       ?sgdQuatToEuler@@YAXQANQBN@Z 10003cd0 f   sg_vs2008_32:sgd.obj
 0001:00002e30       ?sgdQuatToMatrix@@YAXQAY03NQBN@Z 10003e30 f   sg_vs2008_32:sgd.obj
 0001:00002f00       ?sgdMakeRotMat42@@YAXQAY03NQAN@Z 10003f00 f   sg_vs2008_32:sgd.obj
 0001:00002fd0       ?sgdSlerpQuat2@@YAXQANQBN1N@Z 10003fd0 f   sg_vs2008_32:sgd.obj
 0001:000030f0       ?sgdSlerpQuat@@YAXQANQBN1N@Z 100040f0 f   sg_vs2008_32:sgd.obj
 0001:000031e0       ?sgdRotateVecQuat@@YAXQAN0@Z 100041e0 f   sg_vs2008_32:sgd.obj
 0001:000032d0       ?sgdRotateCoordQuat@@YAXQAN0@Z 100042d0 f   sg_vs2008_32:sgd.obj
 0001:000033c0       ?sgdDistSquaredToLineLineSegment@@YANUsgdLineSegment3@@UsgdLine3@@@Z 100043c0 f   sg_vs2008_32:sgd.obj
 0001:000035d0       ?sgdReflectInPlaneVec3@@YAXQANQBN1@Z 100045d0 f   sg_vs2008_32:sgd.obj
 0001:00003620       ?sgdClassifyMat4@@YAHQAY03$$CBN@Z 10004620 f   sg_vs2008_32:sgd.obj
 0001:000038e0       ?sgdTriangleSolver_SAStoArea@@YANNNN@Z 100048e0 f   sg_vs2008_32:sgd.obj
 0001:00003900       ?sgdTriangleSolver_SSStoArea@@YANNNN@Z 10004900 f   sg_vs2008_32:sgd.obj
 0001:00003950       ?sgdTriangleSolver_SSStoAAA@@YAXNNNPAN00@Z 10004950 f   sg_vs2008_32:sgd.obj
 0001:00003af0       ?sgdTriangleSolver_SAStoASA@@YAXNNNPAN00@Z 10004af0 f   sg_vs2008_32:sgd.obj
 0001:00003b70       ?sgdTriangleSolver_ASAtoSAS@@YAXNNNPAN00@Z 10004b70 f   sg_vs2008_32:sgd.obj
 0001:00003c20       ?sgdTriangleSolver_ASStoSAA@@YAXNNNHPAN00@Z 10004c20 f   sg_vs2008_32:sgd.obj
 0001:00003cb0       ?sgdTriangleSolver_SAAtoASS@@YAXNNNPAN00@Z 10004cb0 f   sg_vs2008_32:sgd.obj
 0001:00003d00       ?sgdTriArea@@YANQAN00@Z    10004d00 f   sg_vs2008_32:sgd.obj
 0001:00003de0       ?getOutcode@sgdFrustum@@ABEHQBN@Z 10004de0 f   sg_vs2008_32:sgd.obj
 0001:00003ec0       ?contains@sgdFrustum@@QBEHQBN@Z 10004ec0 f   sg_vs2008_32:sgd.obj
 0001:00003ee0       ?contains@sgdFrustum@@QBEHPBVsgdBox@@@Z 10004ee0 f   sg_vs2008_32:sgd.obj
 0001:00004000       ?sgdPreMultMat4@@YAXQAY03NQAY03$$CBN@Z 10005000 f   sg_vs2008_32:sgd.obj
 0001:00004040       ?sgdPostMultMat4@@YAXQAY03NQAY03$$CBN@Z 10005040 f   sg_vs2008_32:sgd.obj
 0001:00004080       ?sgdQuatToAngleAxis@@YAXPAN000QBN@Z 10005080 f   sg_vs2008_32:sgd.obj
 0001:000040c0       ?sgdAngleAxisToQuat@@YAXQANNNNN@Z 100050c0 f   sg_vs2008_32:sgd.obj
 0001:00004100       ?sgdTriangleSolver_ASAtoArea@@YANNNN@Z 10005100 f   sg_vs2008_32:sgd.obj
 0001:00004170       ?sgdTriangleSolver_ASStoArea@@YANNNNH@Z 10005170 f   sg_vs2008_32:sgd.obj
 0001:000041d0       ?sgdTriangleSolver_SAAtoArea@@YANNNN@Z 100051d0 f   sg_vs2008_32:sgd.obj
 0001:00004230       ?ulSetError@@YAXW4ulSeverity@@PBDZZ 10005230 f   ul_vs2008_32:ulError.obj
 0001:000042a0       ?ulGetError@@YAPADXZ       100052a0 f   ul_vs2008_32:ulError.obj
 0001:000042b0       ?ulClearError@@YAXXZ       100052b0 f   ul_vs2008_32:ulError.obj
 0001:000042c0       ?ulGetErrorCallback@@YAP6AXW4ulSeverity@@PAD@ZXZ 100052c0 f   ul_vs2008_32:ulError.obj
 0001:000042d0       ?ulSetErrorCallback@@YAXP6AXW4ulSeverity@@PAD@Z@Z 100052d0 f   ul_vs2008_32:ulError.obj
 0001:000046d0       ?ArgMin@@YAHHPAM@Z         100056d0 f   MathFunctions.obj
 0001:00004760       ?ArgMax@@YAHHPAM@Z         10005760 f   MathFunctions.obj
 0001:000047f0       ?SmoothMaxGamma@@YAMMMMM@Z 100057f0 f   MathFunctions.obj
 0001:00004960       ?SmoothMaxPNorm@@YAMMMM@Z  10005960 f   MathFunctions.obj
 0001:00004a30       ?SoftMax@@YAXHPAM0M@Z      10005a30 f   MathFunctions.obj
 0001:00004b00       ?SoftMin@@YAXHPAM0M@Z      10005b00 f   MathFunctions.obj
 0001:00004be0       ?Normalise@@YAXPAM0H@Z     10005be0 f   MathFunctions.obj
 0001:00004ce0       ?EuclideanNorm@@YAMPAM0H@Z 10005ce0 f   MathFunctions.obj
 0001:00004d80       ?SquareNorm@@YAMPAM0H@Z    10005d80 f   MathFunctions.obj
 0001:00004e10       ?LNorm@@YAMPAM0HM@Z        10005e10 f   MathFunctions.obj
 0001:00004ef0       ?Sum@@YAMPAMH@Z            10005ef0 f   MathFunctions.obj
 0001:00004f50       ?exp@@YAMM@Z               10005f50 f i MathFunctions.obj
 0001:00004f70       ?pow@@YAMMM@Z              10005f70 f i MathFunctions.obj
 0001:00004fa0       ?sqrt@@YAMM@Z              10005fa0 f i MathFunctions.obj
 0001:00004fc0       _expf                      10005fc0 f i MathFunctions.obj
 0001:00005000       _hypot                     10006000 f i MathFunctions.obj
 0001:00005030       _powf                      10006030 f i MathFunctions.obj
 0001:00005080       _sqrtf                     10006080 f i MathFunctions.obj
 0001:000050c0       ?update@SingleCardata@@QAEXXZ 100060c0 f   cardata.obj
 0001:00005250       ?getSpeed@SingleCardata@@KAMPAUCarElt@@M@Z 10006250 f   cardata.obj
 0001:00005330       ??0Cardata@@QAE@PAUSituation@@@Z 10006330 f   cardata.obj
 0001:00005440       ??1Cardata@@QAE@XZ         10006440 f   cardata.obj
 0001:00005480       ?update@Cardata@@QAEXXZ    10006480 f   cardata.obj
 0001:000054e0       ?findCar@Cardata@@QAEPAVSingleCardata@@PAUCarElt@@@Z 100064e0 f   cardata.obj
 0001:00005550       ??0SingleCardata@@QAE@XZ   10006550 f i cardata.obj
 0001:000055b0       ??0v2d@@QAE@XZ             100065b0 f i cardata.obj
 0001:000055d0       ??Dv2d@@QBEMABV0@@Z        100065d0 f i cardata.obj
 0001:00005620       ??_H@YGXPAXIHP6EPAX0@Z@Z   10006620 f i cardata.obj
 0001:00005660       ?cos@@YAMM@Z               10006660 f i cardata.obj
 0001:00005680       ?init@SingleCardata@@QAEXPAUCarElt@@@Z 10006680 f i cardata.obj
 0001:000056a0       ?sgdMakeCoordMat4@@YAXQAY03NPBUsgdCoord@@@Z 100066a0 f i cardata.obj
 0001:000056d0       ?sgdMakeCoordMat4@@YAXQAY03NQBN1@Z 100066d0 f i cardata.obj
 0001:00005780       ?sin@@YAMM@Z               10006780 f i cardata.obj
 0001:000057a0       ?thisCar@SingleCardata@@QAE_NPAUCarElt@@@Z 100067a0 f i cardata.obj
 0001:000057e0       _cosf                      100067e0 f i cardata.obj
 0001:00005820       _sinf                      10006820 f i cardata.obj
 0001:00005860       ??0Driver@@QAE@H@Z         10006860 f   driver.obj
 0001:00005920       ??1Driver@@QAE@XZ          10006920 f   driver.obj
 0001:00005c30       ?initTrack@Driver@@QAEXPAUtTrack@@PAXPAPAXPAUSituation@@@Z 10006c30 f   driver.obj
 0001:00005f20       ?newRace@Driver@@QAEXPAUCarElt@@PAUSituation@@@Z 10006f20 f   driver.obj
 0001:00006520       ?drive@Driver@@QAEXPAUSituation@@@Z 10007520 f   driver.obj
 0001:00006c80       ?pitCommand@Driver@@QAEHPAUSituation@@@Z 10007c80 f   driver.obj
 0001:00006d20       ?endRace@Driver@@QAEXPAUSituation@@@Z 10007d20 f   driver.obj
 0001:00006d40       ?isStuck@Driver@@IAE_NXZ   10007d40 f   driver.obj
 0001:00006e50       ?update@Driver@@IAEXPAUSituation@@@Z 10007e50 f   driver.obj
 0001:000071f0       ?prepareTrack@Driver@@IAEXXZ 100081f0 f   driver.obj
 0001:00007df0       ?getAllowedSpeed@Driver@@IAEMPAUtrackSeg@@@Z 10008df0 f   driver.obj
 0001:00008440       ?getAccel@Driver@@IAEMXZ   10009440 f   driver.obj
 0001:000087e0       ?getDistToSegEnd@Driver@@IAEMXZ 100097e0 f   driver.obj
 0001:00008880       ?getBrake@Driver@@IAEMXZ   10009880 f   driver.obj
 0001:00008a60       ?getGear@Driver@@IAEHXZ    10009a60 f   driver.obj
 0001:00008d20       ?EstimateTorque@Driver@@IAEMM@Z 10009d20 f   driver.obj
 0001:00008f50       ?getSteer@Driver@@IAEMXZ   10009f50 f   driver.obj
 0001:00009200       ?getClutch@Driver@@IAEMXZ  1000a200 f   driver.obj
 0001:00009500       ?getTargetPoint@Driver@@IAE?AVv2d@@XZ 1000a500 f   driver.obj
 0001:0000a120       ?getOffset@Driver@@IAEMXZ  1000b120 f   driver.obj
 0001:0000a920       ?brakedist@Driver@@IAEMMM@Z 1000b920 f   driver.obj
 0001:0000aa90       ?filterOverlap@Driver@@IAEMM@Z 1000ba90 f   driver.obj
 0001:0000ab40       ?filterBColl@Driver@@IAEMM@Z 1000bb40 f   driver.obj
 0001:0000ad80       ?filterABS@Driver@@IAEMM@Z 1000bd80 f   driver.obj
 0001:0000aeb0       ?filterBPit@Driver@@IAEMM@Z 1000beb0 f   driver.obj
 0001:0000b2c0       ?filterBrakeSpeed@Driver@@IAEMM@Z 1000c2c0 f   driver.obj
 0001:0000b370       ?filterTCL@Driver@@IAEMM@Z 1000c370 f   driver.obj
 0001:0000b4b0       ?filterTrk@Driver@@IAEMPAUSituation@@M@Z 1000c4b0 f   driver.obj
 0001:0000c230       ?filterAPit@Driver@@IAEMM@Z 1000d230 f   driver.obj
 0001:0000c450       ?filterSColl@Driver@@IAEMM@Z 1000d450 f   driver.obj
 0001:0000cb10       ?filterTCL_RWD@Driver@@IAEMXZ 1000db10 f   driver.obj
 0001:0000cb90       ?filterTCL_FWD@Driver@@IAEMXZ 1000db90 f   driver.obj
 0001:0000cc10       ?filterTCL_4WD@Driver@@IAEMXZ 1000dc10 f   driver.obj
 0001:0000cce0       ?initTCLfilter@Driver@@IAEXXZ 1000dce0 f   driver.obj
 0001:0000cdb0       ?initCa@Driver@@IAEXXZ     1000ddb0 f   driver.obj
 0001:0000d060       ?initCw@Driver@@IAEXXZ     1000e060 f   driver.obj
 0001:0000d120       ?initTireMu@Driver@@IAEXXZ 1000e120 f   driver.obj
 0001:0000d280       ?computeRadius@Driver@@IAEXPAM@Z 1000e280 f   driver.obj
 0001:0000d5d0       ?isAlone@Driver@@IAEHXZ    1000e5d0 f   driver.obj
 0001:0000d680       ?EstimateRadius2@Driver@@IAEMPAUtrackSeg@@@Z 1000e680 f   driver.obj
 0001:0000d880       ?EstimateRadius@Driver@@IAEMPAUtrackSeg@@00@Z 1000e880 f   driver.obj
 0001:0000dae0       ?FindCurveTarget@Driver@@IAEMPAUtrackSeg@@PAVVector@@M@Z 1000eae0 f   driver.obj
 0001:0000de60       ?FindStraightTarget@Driver@@IAEMPAUtrackSeg@@0PAVVector@@MAA_N@Z 1000ee60 f   driver.obj
 0001:0000e170       ?AdjustRadi@Driver@@IAEXPAUtrackSeg@@0PAM@Z 1000f170 f   driver.obj
 0001:0000e410       ?ShowPaths@Driver@@IAEXXZ  1000f410 f   driver.obj
 0001:0000e620       ??$_Allocate@M@std@@YAPAMIPAM@Z 1000f620 f i driver.obj
 0001:0000e680       ??$_Allocate@U_Container_proxy@std@@@std@@YAPAU_Container_proxy@0@IPAU10@@Z 1000f680 f i driver.obj
 0001:0000e6e0       ??$_Allocate@VSegment@@@std@@YAPAVSegment@@IPAV1@@Z 1000f6e0 f i driver.obj
 0001:0000e740       ??$_Allocate@VVector@@@std@@YAPAVVector@@IPAV1@@Z 1000f740 f i driver.obj
 0001:0000e7a0       ??$_Debug_pointer@M@std@@YAXPAMPB_WI@Z 1000f7a0 f i driver.obj
 0001:0000e7d0       ??$_Debug_pointer@VSegment@@@std@@YAXPAVSegment@@PB_WI@Z 1000f7d0 f i driver.obj
 0001:0000e800       ??$_Debug_pointer@VSegment@@@std@@YAXPBVSegment@@PB_WI@Z 1000f800 f i driver.obj
 0001:0000e830       ??$_Debug_pointer@VVector@@@std@@YAXPAVVector@@PB_WI@Z 1000f830 f i driver.obj
 0001:0000e860       ??$_Debug_pointer@VVector@@@std@@YAXPBVVector@@PB_WI@Z 1000f860 f i driver.obj
 0001:0000e890       ??$_Debug_range2@PAM@std@@YAXPAM0PB_WIUrandom_access_iterator_tag@0@@Z 1000f890 f i driver.obj
 0001:0000e8f0       ??$_Debug_range2@PAVSegment@@@std@@YAXPAVSegment@@0PB_WIUrandom_access_iterator_tag@0@@Z 1000f8f0 f i driver.obj
 0001:0000e950       ??$_Debug_range2@PAVVector@@@std@@YAXPAVVector@@0PB_WIUrandom_access_iterator_tag@0@@Z 1000f950 f i driver.obj
 0001:0000e9b0       ??$_Debug_range2@PBVSegment@@@std@@YAXPBVSegment@@0PB_WIUrandom_access_iterator_tag@0@@Z 1000f9b0 f i driver.obj
 0001:0000ea10       ??$_Debug_range2@PBVVector@@@std@@YAXPBVVector@@0PB_WIUrandom_access_iterator_tag@0@@Z 1000fa10 f i driver.obj
 0001:0000ea70       ??$_Debug_range@PAM@std@@YAXPAM0PB_WI@Z 1000fa70 f i driver.obj
 0001:0000eac0       ??$_Debug_range@PAVSegment@@@std@@YAXPAVSegment@@0PB_WI@Z 1000fac0 f i driver.obj
 0001:0000eb10       ??$_Debug_range@PAVVector@@@std@@YAXPAVVector@@0PB_WI@Z 1000fb10 f i driver.obj
 0001:0000eb60       ??$_Debug_range@PBVSegment@@@std@@YAXPBVSegment@@0PB_WI@Z 1000fb60 f i driver.obj
 0001:0000ebb0       ??$_Debug_range@PBVVector@@@std@@YAXPBVVector@@0PB_WI@Z 1000fbb0 f i driver.obj
 0001:0000ec00       ??$_Destroy_range@U?$_Wrap_alloc@V?$allocator@H@std@@@std@@@std@@YAXPAH0AAU?$_Wrap_alloc@V?$allocator@H@std@@@0@@Z 1000fc00 f i driver.obj
 0001:0000ec50       ??$_Destroy_range@U?$_Wrap_alloc@V?$allocator@H@std@@@std@@@std@@YAXPAH0AAU?$_Wrap_alloc@V?$allocator@H@std@@@0@U_Scalar_ptr_iterator_tag@0@@Z 1000fc50 f i driver.obj
 0001:0000ec60       ??$_Destroy_range@U?$_Wrap_alloc@V?$allocator@M@std@@@std@@@std@@YAXPAM0AAU?$_Wrap_alloc@V?$allocator@M@std@@@0@@Z 1000fc60 f i driver.obj
 0001:0000ecb0       ??$_Destroy_range@U?$_Wrap_alloc@V?$allocator@M@std@@@std@@@std@@YAXPAM0AAU?$_Wrap_alloc@V?$allocator@M@std@@@0@U_Scalar_ptr_iterator_tag@0@@Z 1000fcb0 f i driver.obj
 0001:0000ecc0       ??$_Destroy_range@U?$_Wrap_alloc@V?$allocator@VSegment@@@std@@@std@@@std@@YAXPAVSegment@@0AAU?$_Wrap_alloc@V?$allocator@VSegment@@@std@@@0@@Z 1000fcc0 f i driver.obj
 0001:0000ed10       ??$_Destroy_range@U?$_Wrap_alloc@V?$allocator@VSegment@@@std@@@std@@@std@@YAXPAVSegment@@0AAU?$_Wrap_alloc@V?$allocator@VSegment@@@std@@@0@U_Nonscalar_ptr_iterator_tag@0@@Z 1000fd10 f i driver.obj
 0001:0000ed40       ??$_Destroy_range@U?$_Wrap_alloc@V?$allocator@VVector@@@std@@@std@@@std@@YAXPAVVector@@0AAU?$_Wrap_alloc@V?$allocator@VVector@@@std@@@0@@Z 1000fd40 f i driver.obj
 0001:0000ed90       ??$_Destroy_range@U?$_Wrap_alloc@V?$allocator@VVector@@@std@@@std@@@std@@YAXPAVVector@@0AAU?$_Wrap_alloc@V?$allocator@VVector@@@std@@@0@U_Nonscalar_ptr_iterator_tag@0@@Z 1000fd90 f i driver.obj
 0001:0000edc0       ??$_Fill_n@PAMIM@std@@YAPAMPAMIABM@Z 1000fdc0 f i driver.obj
 0001:0000edf0       ??$_Iter_cat@PAM@std@@YA?AUrandom_access_iterator_tag@0@ABQAM@Z 1000fdf0 f i driver.obj
 0001:0000ee50       ??$_Iter_cat@PAVSegment@@@std@@YA?AUrandom_access_iterator_tag@0@ABQAVSegment@@@Z 1000fe50 f i driver.obj
 0001:0000eeb0       ??$_Iter_cat@PAVVector@@@std@@YA?AUrandom_access_iterator_tag@0@ABQAVVector@@@Z 1000feb0 f i driver.obj
 0001:0000ef10       ??$_Iter_cat@PBVSegment@@@std@@YA?AUrandom_access_iterator_tag@0@ABQBVSegment@@@Z 1000ff10 f i driver.obj
 0001:0000ef70       ??$_Iter_cat@PBVVector@@@std@@YA?AUrandom_access_iterator_tag@0@ABQBVVector@@@Z 1000ff70 f i driver.obj
 0001:0000efd0       ??$_Ptr_cat@HH@std@@YA?AU_Scalar_ptr_iterator_tag@0@PAH0@Z 1000ffd0 f i driver.obj
 0001:0000f020       ??$_Ptr_cat@MM@std@@YA?AU_Scalar_ptr_iterator_tag@0@PAM0@Z 10010020 f i driver.obj
 0001:0000f070       ??$_Ptr_cat@VSegment@@V1@@std@@YA?AU_Nonscalar_ptr_iterator_tag@0@PAVSegment@@0@Z 10010070 f i driver.obj
 0001:0000f0c0       ??$_Ptr_cat@VSegment@@V1@@std@@YA?AU_Nonscalar_ptr_iterator_tag@0@PBVSegment@@PAV2@@Z 100100c0 f i driver.obj
 0001:0000f110       ??$_Ptr_cat@VVector@@V1@@std@@YA?AU_Nonscalar_ptr_iterator_tag@0@PAVVector@@0@Z 10010110 f i driver.obj
 0001:0000f160       ??$_Ptr_cat@VVector@@V1@@std@@YA?AU_Nonscalar_ptr_iterator_tag@0@PBVVector@@PAV2@@Z 10010160 f i driver.obj
 0001:0000f1b0       ??$_Rechecked@PAMPAM@std@@YAAAPAMAAPAMPAM@Z 100101b0 f i driver.obj
 0001:0000f1c0       ??$_Rechecked@PAVSegment@@PAV1@@std@@YAAAPAVSegment@@AAPAV1@PAV1@@Z 100101c0 f i driver.obj
 0001:0000f1d0       ??$_Rechecked@PAVVector@@PAV1@@std@@YAAAPAVVector@@AAPAV1@PAV1@@Z 100101d0 f i driver.obj
 0001:0000f1e0       ??$_Ucopy@V?$_Vector_const_iterator@V?$_Vector_val@U?$_Simple_types@VSegment@@@std@@@std@@@std@@@?$vector@VSegment@@V?$allocator@VSegment@@@std@@@std@@IAEPAVSegment@@V?$_Vector_const_iterator@V?$_Vector_val@U?$_Simple_types@VSegment@@@std@@@std@@@1@0PAV2@@Z 100101e0 f i driver.obj
 0001:0000f2f0       ??$_Ucopy@V?$_Vector_const_iterator@V?$_Vector_val@U?$_Simple_types@VVector@@@std@@@std@@@std@@@?$vector@VVector@@V?$allocator@VVector@@@std@@@std@@IAEPAVVector@@V?$_Vector_const_iterator@V?$_Vector_val@U?$_Simple_types@VVector@@@std@@@std@@@1@0PAV2@@Z 100102f0 f i driver.obj
 0001:0000f400       ??$_Umove@PAM@?$vector@MV?$allocator@M@std@@@std@@IAEPAMPAM00@Z 10010400 f i driver.obj
 0001:0000f480       ??$_Umove@PAVSegment@@@?$vector@VSegment@@V?$allocator@VSegment@@@std@@@std@@IAEPAVSegment@@PAV2@00@Z 10010480 f i driver.obj
 0001:0000f500       ??$_Umove@PAVVector@@@?$vector@VVector@@V?$allocator@VVector@@@std@@@std@@IAEPAVVector@@PAV2@00@Z 10010500 f i driver.obj
 0001:0000f580       ??$_Unchecked@PAM@std@@YAPAMPAM@Z 10010580 f i driver.obj
 0001:0000f590       ??$_Unchecked@PAVSegment@@@std@@YAPAVSegment@@PAV1@@Z 10010590 f i driver.obj
 0001:0000f5a0       ??$_Unchecked@PAVVector@@@std@@YAPAVVector@@PAV1@@Z 100105a0 f i driver.obj
 0001:0000f5b0       ??$_Unchecked@V?$_Vector_val@U?$_Simple_types@VSegment@@@std@@@std@@@std@@YAPBVSegment@@V?$_Vector_const_iterator@V?$_Vector_val@U?$_Simple_types@VSegment@@@std@@@std@@@0@@Z 100105b0 f i driver.obj
 0001:0000f620       ??$_Unchecked@V?$_Vector_val@U?$_Simple_types@VVector@@@std@@@std@@@std@@YAPBVVector@@V?$_Vector_const_iterator@V?$_Vector_val@U?$_Simple_types@VVector@@@std@@@std@@@0@@Z 10010620 f i driver.obj
 0001:0000f690       ??$_Uninit_copy@PBVSegment@@PAV1@U?$_Wrap_alloc@V?$allocator@VSegment@@@std@@@std@@@std@@YAPAVSegment@@PBV1@0PAV1@AAU?$_Wrap_alloc@V?$allocator@VSegment@@@std@@@0@@Z 10010690 f i driver.obj
 0001:0000f6e0       ??$_Uninit_copy@PBVSegment@@PAV1@V?$allocator@VSegment@@@std@@@std@@YAPAVSegment@@PBV1@0PAV1@AAU?$_Wrap_alloc@V?$allocator@VSegment@@@std@@@0@U_Nonscalar_ptr_iterator_tag@0@@Z 100106e0 f i driver.obj
 0001:0000f7e0       ??$_Uninit_copy@PBVVector@@PAV1@U?$_Wrap_alloc@V?$allocator@VVector@@@std@@@std@@@std@@YAPAVVector@@PBV1@0PAV1@AAU?$_Wrap_alloc@V?$allocator@VVector@@@std@@@0@@Z 100107e0 f i driver.obj
 0001:0000f830       ??$_Uninit_copy@PBVVector@@PAV1@V?$allocator@VVector@@@std@@@std@@YAPAVVector@@PBV1@0PAV1@AAU?$_Wrap_alloc@V?$allocator@VVector@@@std@@@0@U_Nonscalar_ptr_iterator_tag@0@@Z 10010830 f i driver.obj
 0001:0000f930       ??$_Uninit_def_fill_n@MIM@std@@YAXPAMIAAU?$_Wrap_alloc@V?$allocator@M@std@@@0@0U_Scalar_ptr_iterator_tag@0@@Z 10010930 f i driver.obj
 0001:0000f970       ??$_Uninit_move@MMM@std@@YAPAMPAM00AAU?$_Wrap_alloc@V?$allocator@M@std@@@0@0U_Scalar_ptr_iterator_tag@0@@Z 10010970 f i driver.obj
 0001:0000f9f0       ??$_Uninit_move@PAMPAMU?$_Wrap_alloc@V?$allocator@M@std@@@std@@@std@@YAPAMPAM00AAU?$_Wrap_alloc@V?$allocator@M@std@@@0@@Z 100109f0 f i driver.obj
 0001:0000fa50       ??$_Uninit_move@PAVSegment@@PAV1@U?$_Wrap_alloc@V?$allocator@VSegment@@@std@@@std@@@std@@YAPAVSegment@@PAV1@00AAU?$_Wrap_alloc@V?$allocator@VSegment@@@std@@@0@@Z 10010a50 f i driver.obj
 0001:0000fab0       ??$_Uninit_move@PAVSegment@@PAV1@V?$allocator@VSegment@@@std@@V1@@std@@YAPAVSegment@@PAV1@00AAU?$_Wrap_alloc@V?$allocator@VSegment@@@std@@@0@0U_Nonscalar_ptr_iterator_tag@0@@Z 10010ab0 f i driver.obj
 0001:0000fbb0       ??$_Uninit_move@PAVVector@@PAV1@U?$_Wrap_alloc@V?$allocator@VVector@@@std@@@std@@@std@@YAPAVVector@@PAV1@00AAU?$_Wrap_alloc@V?$allocator@VVector@@@std@@@0@@Z 10010bb0 f i driver.obj
 0001:0000fc10       ??$_Uninit_move@PAVVector@@PAV1@V?$allocator@VVector@@@std@@V1@@std@@YAPAVVector@@PAV1@00AAU?$_Wrap_alloc@V?$allocator@VVector@@@std@@@0@0U_Nonscalar_ptr_iterator_tag@0@@Z 10010c10 f i driver.obj
 0001:0000fd10       ??$_Uninitialized_copy@V?$_Vector_const_iterator@V?$_Vector_val@U?$_Simple_types@VSegment@@@std@@@std@@@std@@PAVSegment@@U?$_Wrap_alloc@V?$allocator@VSegment@@@std@@@2@@std@@YAPAVSegment@@V?$_Vector_const_iterator@V?$_Vector_val@U?$_Simple_types@VSegment@@@std@@@std@@@0@0PAV1@AAU?$_Wrap_alloc@V?$allocator@VSegment@@@std@@@0@@Z 10010d10 f i driver.obj
 0001:0000fe10       ??$_Uninitialized_copy@V?$_Vector_const_iterator@V?$_Vector_val@U?$_Simple_types@VVector@@@std@@@std@@@std@@PAVVector@@U?$_Wrap_alloc@V?$allocator@VVector@@@std@@@2@@std@@YAPAVVector@@V?$_Vector_const_iterator@V?$_Vector_val@U?$_Simple_types@VVector@@@std@@@std@@@0@0PAV1@AAU?$_Wrap_alloc@V?$allocator@VVector@@@std@@@0@@Z 10010e10 f i driver.obj
 0001:0000ff10       ??$_Uninitialized_default_fill_n@PAMIU?$_Wrap_alloc@V?$allocator@M@std@@@std@@@std@@YAXPAMIAAU?$_Wrap_alloc@V?$allocator@M@std@@@0@@Z 10010f10 f i driver.obj
 0001:0000ff70       ??$_Uninitialized_move@PAMPAMU?$_Wrap_alloc@V?$allocator@M@std@@@std@@@std@@YAPAMPAM00AAU?$_Wrap_alloc@V?$allocator@M@std@@@0@@Z 10010f70 f i driver.obj
 0001:0000ffc0       ??$_Uninitialized_move@PAVSegment@@PAV1@U?$_Wrap_alloc@V?$allocator@VSegment@@@std@@@std@@@std@@YAPAVSegment@@PAV1@00AAU?$_Wrap_alloc@V?$allocator@VSegment@@@std@@@0@@Z 10010fc0 f i driver.obj
 0001:00010010       ??$_Uninitialized_move@PAVVector@@PAV1@U?$_Wrap_alloc@V?$allocator@VVector@@@std@@@std@@@std@@YAPAVVector@@PAV1@00AAU?$_Wrap_alloc@V?$allocator@VVector@@@std@@@0@@Z 10011010 f i driver.obj
 0001:00010060       ??$_Val_type@PAM@std@@YAPAMPAM@Z 10011060 f i driver.obj
 0001:00010070       ??$_Val_type@PAVSegment@@@std@@YAPAVSegment@@PAV1@@Z 10011070 f i driver.obj
 0001:00010080       ??$_Val_type@PAVVector@@@std@@YAPAVVector@@PAV1@@Z 10011080 f i driver.obj
 0001:00010090       ??$addressof@$$CBVSegment@@@std@@YAPBVSegment@@ABV1@@Z 10011090 f i driver.obj
 0001:000100a0       ??$addressof@$$CBVVector@@@std@@YAPBVVector@@ABV1@@Z 100110a0 f i driver.obj
 0001:000100b0       ??$construct@U_Container_proxy@std@@U12@@?$_Wrap_alloc@V?$allocator@U_Container_proxy@std@@@std@@@std@@QAEXPAU_Container_proxy@1@$$QAU21@@Z 100110b0 f i driver.obj
 0001:000100f0       ??$construct@U_Container_proxy@std@@U12@@?$allocator@U_Container_proxy@std@@@std@@QAEXPAU_Container_proxy@1@$$QAU21@@Z 100110f0 f i driver.obj
 0001:000101a0       ??$construct@U_Container_proxy@std@@U12@@?$allocator_traits@V?$allocator@U_Container_proxy@std@@@std@@@std@@SAXAAV?$allocator@U_Container_proxy@std@@@1@PAU_Container_proxy@1@$$QAU31@@Z 100111a0 f i driver.obj
 0001:000101d0       ??$construct@VSegment@@AAV1@@?$_Wrap_alloc@V?$allocator@VSegment@@@std@@@std@@QAEXPAVSegment@@AAV2@@Z 100111d0 f i driver.obj
 0001:00010210       ??$construct@VSegment@@AAV1@@?$allocator@VSegment@@@std@@QAEXPAVSegment@@AAV2@@Z 10011210 f i driver.obj
 0001:000102c0       ??$construct@VSegment@@AAV1@@?$allocator_traits@V?$allocator@VSegment@@@std@@@std@@SAXAAV?$allocator@VSegment@@@1@PAVSegment@@AAV3@@Z 100112c0 f i driver.obj
 0001:000102f0       ??$construct@VSegment@@ABV1@@?$_Wrap_alloc@V?$allocator@VSegment@@@std@@@std@@QAEXPAVSegment@@ABV2@@Z 100112f0 f i driver.obj
 0001:00010330       ??$construct@VSegment@@ABV1@@?$allocator_traits@V?$allocator@VSegment@@@std@@@std@@SAXAAV?$allocator@VSegment@@@1@PAVSegment@@ABV3@@Z 10011330 f i driver.obj
 0001:00010360       ??$construct@VSegment@@V1@@?$_Wrap_alloc@V?$allocator@VSegment@@@std@@@std@@QAEXPAVSegment@@$$QAV2@@Z 10011360 f i driver.obj
 0001:000103a0       ??$construct@VSegment@@V1@@?$allocator@VSegment@@@std@@QAEXPAVSegment@@$$QAV2@@Z 100113a0 f i driver.obj
 0001:00010450       ??$construct@VSegment@@V1@@?$allocator_traits@V?$allocator@VSegment@@@std@@@std@@SAXAAV?$allocator@VSegment@@@1@PAVSegment@@$$QAV3@@Z 10011450 f i driver.obj
 0001:00010480       ??$construct@VVector@@AAV1@@?$_Wrap_alloc@V?$allocator@VVector@@@std@@@std@@QAEXPAVVector@@AAV2@@Z 10011480 f i driver.obj
 0001:000104c0       ??$construct@VVector@@AAV1@@?$allocator@VVector@@@std@@QAEXPAVVector@@AAV2@@Z 100114c0 f i driver.obj
 0001:00010560       ??$construct@VVector@@AAV1@@?$allocator_traits@V?$allocator@VVector@@@std@@@std@@SAXAAV?$allocator@VVector@@@1@PAVVector@@AAV3@@Z 10011560 f i driver.obj
 0001:00010590       ??$construct@VVector@@ABV1@@?$_Wrap_alloc@V?$allocator@VVector@@@std@@@std@@QAEXPAVVector@@ABV2@@Z 10011590 f i driver.obj
 0001:000105d0       ??$construct@VVector@@ABV1@@?$allocator_traits@V?$allocator@VVector@@@std@@@std@@SAXAAV?$allocator@VVector@@@1@PAVVector@@ABV3@@Z 100115d0 f i driver.obj
 0001:00010600       ??$construct@VVector@@V1@@?$_Wrap_alloc@V?$allocator@VVector@@@std@@@std@@QAEXPAVVector@@$$QAV2@@Z 10011600 f i driver.obj
 0001:00010640       ??$construct@VVector@@V1@@?$allocator@VVector@@@std@@QAEXPAVVector@@$$QAV2@@Z 10011640 f i driver.obj
 0001:000106e0       ??$construct@VVector@@V1@@?$allocator_traits@V?$allocator@VVector@@@std@@@std@@SAXAAV?$allocator@VVector@@@1@PAVVector@@$$QAV3@@Z 100116e0 f i driver.obj
 0001:00010710       ??$destroy@U_Container_proxy@std@@@?$_Wrap_alloc@V?$allocator@U_Container_proxy@std@@@std@@@std@@QAEXPAU_Container_proxy@1@@Z 10011710 f i driver.obj
 0001:00010740       ??$destroy@U_Container_proxy@std@@@?$allocator@U_Container_proxy@std@@@std@@QAEXPAU_Container_proxy@1@@Z 10011740 f i driver.obj
 0001:00010760       ??$destroy@U_Container_proxy@std@@@?$allocator_traits@V?$allocator@U_Container_proxy@std@@@std@@@std@@SAXAAV?$allocator@U_Container_proxy@std@@@1@PAU_Container_proxy@1@@Z 10011760 f i driver.obj
 0001:00010780       ??$destroy@VSegment@@@?$_Wrap_alloc@V?$allocator@VSegment@@@std@@@std@@QAEXPAVSegment@@@Z 10011780 f i driver.obj
 0001:000107b0       ??$destroy@VSegment@@@?$allocator@VSegment@@@std@@QAEXPAVSegment@@@Z 100117b0 f i driver.obj
 0001:000107d0       ??$destroy@VSegment@@@?$allocator_traits@V?$allocator@VSegment@@@std@@@std@@SAXAAV?$allocator@VSegment@@@1@PAVSegment@@@Z 100117d0 f i driver.obj
 0001:000107f0       ??$destroy@VVector@@@?$_Wrap_alloc@V?$allocator@VVector@@@std@@@std@@QAEXPAVVector@@@Z 100117f0 f i driver.obj
 0001:00010820       ??$destroy@VVector@@@?$allocator@VVector@@@std@@QAEXPAVVector@@@Z 10011820 f i driver.obj
 0001:00010850       ??$destroy@VVector@@@?$allocator_traits@V?$allocator@VVector@@@std@@@std@@SAXAAV?$allocator@VVector@@@1@PAVVector@@@Z 10011850 f i driver.obj
 0001:00010870       ??$forward@AAVSegment@@@std@@YAAAVSegment@@AAV1@@Z 10011870 f i driver.obj
 0001:00010880       ??$forward@AAVVector@@@std@@YAAAVVector@@AAV1@@Z 10011880 f i driver.obj
 0001:00010890       ??$forward@ABVSegment@@@std@@YAABVSegment@@ABV1@@Z 10011890 f i driver.obj
 0001:000108a0       ??$forward@ABVVector@@@std@@YAABVVector@@ABV1@@Z 100118a0 f i driver.obj
 0001:000108b0       ??$forward@U_Container_proxy@std@@@std@@YA$$QAU_Container_proxy@0@AAU10@@Z 100118b0 f i driver.obj
 0001:000108c0       ??$forward@VSegment@@@std@@YA$$QAVSegment@@AAV1@@Z 100118c0 f i driver.obj
 0001:000108d0       ??$forward@VVector@@@std@@YA$$QAVVector@@AAV1@@Z 100118d0 f i driver.obj
 0001:000108e0       ??0?$_Iterator012@Urandom_access_iterator_tag@std@@VSegment@@HPBV3@ABV3@U_Iterator_base12@2@@std@@QAE@ABU01@@Z 100118e0 f i driver.obj
 0001:00010910       ??0?$_Iterator012@Urandom_access_iterator_tag@std@@VSegment@@HPBV3@ABV3@U_Iterator_base12@2@@std@@QAE@XZ 10011910 f i driver.obj
 0001:00010940       ??0?$_Iterator012@Urandom_access_iterator_tag@std@@VVector@@HPBV3@ABV3@U_Iterator_base12@2@@std@@QAE@ABU01@@Z 10011940 f i driver.obj
 0001:00010970       ??0?$_Iterator012@Urandom_access_iterator_tag@std@@VVector@@HPBV3@ABV3@U_Iterator_base12@2@@std@@QAE@XZ 10011970 f i driver.obj
 0001:000109a0       ??0?$_Vector_alloc@$0A@U?$_Vec_base_types@HV?$allocator@H@std@@@std@@@std@@QAE@ABV?$allocator@H@1@@Z 100119a0 f i driver.obj
 0001:00010a10       ??0?$_Vector_alloc@$0A@U?$_Vec_base_types@MV?$allocator@M@std@@@std@@@std@@QAE@ABV?$allocator@M@1@@Z 10011a10 f i driver.obj
 0001:00010a80       ??0?$_Vector_alloc@$0A@U?$_Vec_base_types@VSegment@@V?$allocator@VSegment@@@std@@@std@@@std@@QAE@ABV?$allocator@VSegment@@@1@@Z 10011a80 f i driver.obj
 0001:00010af0       ??0?$_Vector_alloc@$0A@U?$_Vec_base_types@VVector@@V?$allocator@VVector@@@std@@@std@@@std@@QAE@ABV?$allocator@VVector@@@1@@Z 10011af0 f i driver.obj
 0001:00010b60       ??0?$_Vector_const_iterator@V?$_Vector_val@U?$_Simple_types@VSegment@@@std@@@std@@@std@@QAE@ABV01@@Z 10011b60 f i driver.obj
 0001:00010ba0       ??0?$_Vector_const_iterator@V?$_Vector_val@U?$_Simple_types@VSegment@@@std@@@std@@@std@@QAE@PAVSegment@@PBU_Container_base12@1@@Z 10011ba0 f i driver.obj
 0001:00010c20       ??0?$_Vector_const_iterator@V?$_Vector_val@U?$_Simple_types@VVector@@@std@@@std@@@std@@QAE@ABV01@@Z 10011c20 f i driver.obj
 0001:00010c60       ??0?$_Vector_const_iterator@V?$_Vector_val@U?$_Simple_types@VVector@@@std@@@std@@@std@@QAE@PAVVector@@PBU_Container_base12@1@@Z 10011c60 f i driver.obj
 0001:00010ce0       ??0?$_Vector_val@U?$_Simple_types@H@std@@@std@@QAE@XZ 10011ce0 f i driver.obj
 0001:00010d30       ??0?$_Vector_val@U?$_Simple_types@M@std@@@std@@QAE@XZ 10011d30 f i driver.obj
 0001:00010d80       ??0?$_Vector_val@U?$_Simple_types@VSegment@@@std@@@std@@QAE@XZ 10011d80 f i driver.obj
 0001:00010dd0       ??0?$_Vector_val@U?$_Simple_types@VVector@@@std@@@std@@QAE@XZ 10011dd0 f i driver.obj
 0001:00010e20       ??0?$_Wrap_alloc@V?$allocator@H@std@@@std@@QAE@XZ 10011e20 f i driver.obj
 0001:00010e50       ??0?$_Wrap_alloc@V?$allocator@M@std@@@std@@QAE@XZ 10011e50 f i driver.obj
 0001:00010e80       ??0?$_Wrap_alloc@V?$allocator@U_Container_proxy@std@@@std@@@std@@QAE@XZ 10011e80 f i driver.obj
 0001:00010eb0       ??0?$_Wrap_alloc@V?$allocator@VSegment@@@std@@@std@@QAE@ABV?$allocator@VSegment@@@1@@Z 10011eb0 f i driver.obj
 0001:00010ee0       ??0?$_Wrap_alloc@V?$allocator@VSegment@@@std@@@std@@QAE@XZ 10011ee0 f i driver.obj
 0001:00010f10       ??0?$_Wrap_alloc@V?$allocator@VVector@@@std@@@std@@QAE@ABV?$allocator@VVector@@@1@@Z 10011f10 f i driver.obj
 0001:00010f40       ??0?$_Wrap_alloc@V?$allocator@VVector@@@std@@@std@@QAE@XZ 10011f40 f i driver.obj
 0001:00010f70       ??0?$allocator@H@std@@QAE@XZ 10011f70 f i driver.obj
 0001:00010f90       ??0?$allocator@M@std@@QAE@XZ 10011f90 f i driver.obj
 0001:00010fb0       ??0?$allocator@U_Container_proxy@std@@@std@@QAE@XZ 10011fb0 f i driver.obj
 0001:00010fd0       ??0?$allocator@VSegment@@@std@@QAE@ABV01@@Z 10011fd0 f i driver.obj
 0001:00010ff0       ??0?$allocator@VSegment@@@std@@QAE@XZ 10011ff0 f i driver.obj
 0001:00011010       ??0?$allocator@VVector@@@std@@QAE@ABV01@@Z 10012010 f i driver.obj
 0001:00011030       ??0?$allocator@VVector@@@std@@QAE@XZ 10012030 f i driver.obj
 0001:00011050       ??0?$vector@HV?$allocator@H@std@@@std@@QAE@XZ 10012050 f i driver.obj
 0001:00011090       ??0?$vector@MV?$allocator@M@std@@@std@@QAE@XZ 10012090 f i driver.obj
 0001:000110d0       ??0?$vector@VSegment@@V?$allocator@VSegment@@@std@@@std@@QAE@ABV01@@Z 100120d0 f i driver.obj
 0001:000111f0       ??0?$vector@VSegment@@V?$allocator@VSegment@@@std@@@std@@QAE@XZ 100121f0 f i driver.obj
 0001:00011230       ??0?$vector@VVector@@V?$allocator@VVector@@@std@@@std@@QAE@ABV01@@Z 10012230 f i driver.obj
 0001:00011350       ??0?$vector@VVector@@V?$allocator@VVector@@@std@@@std@@QAE@XZ 10012350 f i driver.obj
 0001:00011390       ??0Point@@QAE@MMM@Z        10012390 f i driver.obj
 0001:000113e0       ??0Point@@QAE@XZ           100123e0 f i driver.obj
 0001:00011410       ??0Segment@@QAE@VPoint@@0@Z 10012410 f i driver.obj
 0001:00011460       ??0SegmentList@@QAE@ABV0@@Z 10012460 f i driver.obj
 0001:00011490       ??0SegmentList@@QAE@XZ     10012490 f i driver.obj
 0001:000114c0       ??0Trajectory@@QAE@XZ      100124c0 f i driver.obj
 0001:00011560       ??0_Container_base12@std@@QAE@XZ 10012560 f i driver.obj
 0001:00011580       ??0_Container_proxy@std@@QAE@XZ 10012580 f i driver.obj
 0001:000115b0       ??0_Iterator_base12@std@@QAE@ABU01@@Z 100125b0 f i driver.obj
 0001:000115f0       ??0_Iterator_base12@std@@QAE@XZ 100125f0 f i driver.obj
 0001:00011620       ??0v2d@@QAE@MM@Z           10012620 f i driver.obj
 0001:00011650       ??1?$_Iterator012@Urandom_access_iterator_tag@std@@VSegment@@HPBV3@ABV3@U_Iterator_base12@2@@std@@QAE@XZ 10012650 f i driver.obj
 0001:00011680       ??1?$_Iterator012@Urandom_access_iterator_tag@std@@VVector@@HPBV3@ABV3@U_Iterator_base12@2@@std@@QAE@XZ 10012680 f i driver.obj
 0001:000116b0       ??1?$_Vector_alloc@$0A@U?$_Vec_base_types@HV?$allocator@H@std@@@std@@@std@@QAE@XZ 100126b0 f i driver.obj
 0001:000116e0       ??1?$_Vector_alloc@$0A@U?$_Vec_base_types@MV?$allocator@M@std@@@std@@@std@@QAE@XZ 100126e0 f i driver.obj
 0001:00011710       ??1?$_Vector_alloc@$0A@U?$_Vec_base_types@VSegment@@V?$allocator@VSegment@@@std@@@std@@@std@@QAE@XZ 10012710 f i driver.obj
 0001:00011740       ??1?$_Vector_alloc@$0A@U?$_Vec_base_types@VVector@@V?$allocator@VVector@@@std@@@std@@@std@@QAE@XZ 10012740 f i driver.obj
 0001:00011770       ??1?$_Vector_const_iterator@V?$_Vector_val@U?$_Simple_types@VSegment@@@std@@@std@@@std@@QAE@XZ 10012770 f i driver.obj
 0001:000117a0       ??1?$_Vector_const_iterator@V?$_Vector_val@U?$_Simple_types@VVector@@@std@@@std@@@std@@QAE@XZ 100127a0 f i driver.obj
 0001:000117d0       ??1?$_Vector_val@U?$_Simple_types@H@std@@@std@@QAE@XZ 100127d0 f i driver.obj
 0001:00011800       ??1?$_Vector_val@U?$_Simple_types@M@std@@@std@@QAE@XZ 10012800 f i driver.obj
 0001:00011830       ??1?$_Vector_val@U?$_Simple_types@VSegment@@@std@@@std@@QAE@XZ 10012830 f i driver.obj
 0001:00011860       ??1?$_Vector_val@U?$_Simple_types@VVector@@@std@@@std@@QAE@XZ 10012860 f i driver.obj
 0001:00011890       ??1?$vector@HV?$allocator@H@std@@@std@@QAE@XZ 10012890 f i driver.obj
 0001:000118c0       ??1?$vector@MV?$allocator@M@std@@@std@@QAE@XZ 100128c0 f i driver.obj
 0001:000118f0       ??1?$vector@VSegment@@V?$allocator@VSegment@@@std@@@std@@QAE@XZ 100128f0 f i driver.obj
 0001:00011920       ??1?$vector@VVector@@V?$allocator@VVector@@@std@@@std@@QAE@XZ 10012920 f i driver.obj
 0001:00011950       ??1SegmentList@@QAE@XZ     10012950 f i driver.obj
 0001:00011980       ??1Trajectory@@QAE@XZ      10012980 f i driver.obj
 0001:000119d0       ??1_Container_base12@std@@QAE@XZ 100129d0 f i driver.obj
 0001:00011a00       ??1_Iterator_base12@std@@QAE@XZ 10012a00 f i driver.obj
 0001:00011a70       ??2@YAPAXIPAX@Z            10012a70 f i driver.obj
 0001:00011a80       ??3@YAXPAX0@Z              10012a80 f i driver.obj
 0001:00011a90       ??4Point@@QAEAAV0@ABV0@@Z  10012a90 f i driver.obj
 0001:00011ad0       ??4_Iterator_base12@std@@QAEAAU01@ABU01@@Z 10012ad0 f i driver.obj
 0001:00011bb0       ??4v2d@@QAEAAV0@ABV0@@Z    10012bb0 f i driver.obj
 0001:00011be0       ??A?$vector@MV?$allocator@M@std@@@std@@QAEAAMI@Z 10012be0 f i driver.obj
 0001:00011c80       ??D@YA?AVv2d@@MABV0@@Z     10012c80 f i driver.obj
 0001:00011cc0       ??Dv2d@@QBE?AV0@M@Z        10012cc0 f i driver.obj
 0001:00011d10       ??Gv2d@@QBE?AV0@ABV0@@Z    10012d10 f i driver.obj
 0001:00011d70       ??Hv2d@@QBE?AV0@ABV0@@Z    10012d70 f i driver.obj
 0001:00011dd0       ??_GCardata@@QAEPAXI@Z     10012dd0 f i driver.obj
 0001:00011e10       ??_GOpponents@@QAEPAXI@Z   10012e10 f i driver.obj
 0001:00011e50       ??_GPit@@QAEPAXI@Z         10012e50 f i driver.obj
 0001:00011e90       ??_GSegLearn@@QAEPAXI@Z    10012e90 f i driver.obj
 0001:00011ed0       ??_GVector@@QAEPAXI@Z      10012ed0 f i driver.obj
 0001:00011f10       ?Add@SegmentList@@QAEXVSegment@@@Z 10012f10 f i driver.obj
 0001:00011f40       ?GetFrictionDm@SegLearn@@QAEMPAUtrackSeg@@@Z 10012f40 f i driver.obj
 0001:00011f80       ?SetSafetyThreshold@SegLearn@@QAEXM@Z 10012f80 f i driver.obj
 0001:00011fa0       ?Size@Vector@@QAEHXZ       10012fa0 f i driver.obj
 0001:00011fc0       ?_Adopt@_Iterator_base12@std@@QAEXPBU_Container_base12@2@@Z 10012fc0 f i driver.obj
 0001:000120f0       ?_Alloc_proxy@?$_Vector_alloc@$0A@U?$_Vec_base_types@HV?$allocator@H@std@@@std@@@std@@QAEXXZ 100130f0 f i driver.obj
 0001:00012190       ?_Alloc_proxy@?$_Vector_alloc@$0A@U?$_Vec_base_types@MV?$allocator@M@std@@@std@@@std@@QAEXXZ 10013190 f i driver.obj
 0001:00012230       ?_Alloc_proxy@?$_Vector_alloc@$0A@U?$_Vec_base_types@VSegment@@V?$allocator@VSegment@@@std@@@std@@@std@@QAEXXZ 10013230 f i driver.obj
 0001:000122d0       ?_Alloc_proxy@?$_Vector_alloc@$0A@U?$_Vec_base_types@VVector@@V?$allocator@VVector@@@std@@@std@@@std@@QAEXXZ 100132d0 f i driver.obj
 0001:00012370       ?_Buy@?$vector@VSegment@@V?$allocator@VSegment@@@std@@@std@@IAE_NI@Z 10013370 f i driver.obj
 0001:00012420       ?_Buy@?$vector@VVector@@V?$allocator@VVector@@@std@@@std@@IAE_NI@Z 10013420 f i driver.obj
 0001:000124d0       ?_Clrcont@_Iterator_base12@std@@QAEXXZ 100134d0 f i driver.obj
 0001:000124f0       ?_Destroy@?$vector@HV?$allocator@H@std@@@std@@IAEXPAH0@Z 100134f0 f i driver.obj
 0001:00012570       ?_Destroy@?$vector@MV?$allocator@M@std@@@std@@IAEXPAM0@Z 10013570 f i driver.obj
 0001:000125f0       ?_Destroy@?$vector@VSegment@@V?$allocator@VSegment@@@std@@@std@@IAEXPAVSegment@@0@Z 100135f0 f i driver.obj
 0001:00012670       ?_Destroy@?$vector@VVector@@V?$allocator@VVector@@@std@@@std@@IAEXPAVVector@@0@Z 10013670 f i driver.obj
 0001:000126f0       ?_Free_proxy@?$_Vector_alloc@$0A@U?$_Vec_base_types@HV?$allocator@H@std@@@std@@@std@@QAEXXZ 100136f0 f i driver.obj
 0001:00012780       ?_Free_proxy@?$_Vector_alloc@$0A@U?$_Vec_base_types@MV?$allocator@M@std@@@std@@@std@@QAEXXZ 10013780 f i driver.obj
 0001:00012810       ?_Free_proxy@?$_Vector_alloc@$0A@U?$_Vec_base_types@VSegment@@V?$allocator@VSegment@@@std@@@std@@@std@@QAEXXZ 10013810 f i driver.obj
 0001:000128a0       ?_Free_proxy@?$_Vector_alloc@$0A@U?$_Vec_base_types@VVector@@V?$allocator@VVector@@@std@@@std@@@std@@QAEXXZ 100138a0 f i driver.obj
 0001:00012930       ?_Getal@?$_Vector_alloc@$0A@U?$_Vec_base_types@HV?$allocator@H@std@@@std@@@std@@QBE?AU?$_Wrap_alloc@V?$allocator@H@std@@@2@XZ 10013930 f i driver.obj
 0001:00012960       ?_Getal@?$_Vector_alloc@$0A@U?$_Vec_base_types@MV?$allocator@M@std@@@std@@@std@@QBE?AU?$_Wrap_alloc@V?$allocator@M@std@@@2@XZ 10013960 f i driver.obj
 0001:00012990       ?_Getal@?$_Vector_alloc@$0A@U?$_Vec_base_types@VSegment@@V?$allocator@VSegment@@@std@@@std@@@std@@QBE?AU?$_Wrap_alloc@V?$allocator@VSegment@@@std@@@2@XZ 10013990 f i driver.obj
 0001:000129c0       ?_Getal@?$_Vector_alloc@$0A@U?$_Vec_base_types@VVector@@V?$allocator@VVector@@@std@@@std@@@std@@QBE?AU?$_Wrap_alloc@V?$allocator@VVector@@@std@@@2@XZ 100139c0 f i driver.obj
 0001:000129f0       ?_Getpfirst@_Container_base12@std@@QBEPAPAU_Iterator_base12@2@XZ 100139f0 f i driver.obj
 0001:00012a30       ?_Getpnext@_Iterator_base12@std@@QAEPAPAU12@XZ 10013a30 f i driver.obj
 0001:00012a50       ?_Grow_to@?$vector@MV?$allocator@M@std@@@std@@IBEII@Z 10013a50 f i driver.obj
 0001:00012ad0       ?_Grow_to@?$vector@VSegment@@V?$allocator@VSegment@@@std@@@std@@IBEII@Z 10013ad0 f i driver.obj
 0001:00012b50       ?_Grow_to@?$vector@VVector@@V?$allocator@VVector@@@std@@@std@@IBEII@Z 10013b50 f i driver.obj
 0001:00012bd0       ?_Inside@?$vector@VSegment@@V?$allocator@VSegment@@@std@@@std@@IBE_NPBVSegment@@@Z 10013bd0 f i driver.obj
 0001:00012c20       ?_Inside@?$vector@VVector@@V?$allocator@VVector@@@std@@@std@@IBE_NPBVVector@@@Z 10013c20 f i driver.obj
 0001:00012c70       ?_Orphan_all@_Container_base12@std@@QAEXXZ 10013c70 f i driver.obj
 0001:00012d20       ?_Orphan_me@_Iterator_base12@std@@QAEXXZ 10013d20 f i driver.obj
 0001:00012db0       ?_Orphan_range@?$vector@MV?$allocator@M@std@@@std@@IBEXPAM0@Z 10013db0 f i driver.obj
 0001:00012ec0       ?_Orphan_range@?$vector@VSegment@@V?$allocator@VSegment@@@std@@@std@@IBEXPAVSegment@@0@Z 10013ec0 f i driver.obj
 0001:00012fd0       ?_Orphan_range@?$vector@VVector@@V?$allocator@VVector@@@std@@@std@@IBEXPAVVector@@0@Z 10013fd0 f i driver.obj
 0001:000130e0       ?_Pop_back_n@?$vector@MV?$allocator@M@std@@@std@@QAEXI@Z 100140e0 f i driver.obj
 0001:00013150       ?_Reallocate@?$vector@MV?$allocator@M@std@@@std@@IAEXI@Z 10014150 f i driver.obj
 0001:000132b0       ?_Reallocate@?$vector@VSegment@@V?$allocator@VSegment@@@std@@@std@@IAEXI@Z 100142b0 f i driver.obj
 0001:00013410       ?_Reallocate@?$vector@VVector@@V?$allocator@VVector@@@std@@@std@@IAEXI@Z 10014410 f i driver.obj
 0001:00013570       ?_Reserve@?$vector@MV?$allocator@M@std@@@std@@IAEXI@Z 10014570 f i driver.obj
 0001:000135e0       ?_Reserve@?$vector@VSegment@@V?$allocator@VSegment@@@std@@@std@@IAEXI@Z 100145e0 f i driver.obj
 0001:00013650       ?_Reserve@?$vector@VVector@@V?$allocator@VVector@@@std@@@std@@IAEXI@Z 10014650 f i driver.obj
 0001:000136c0       ?_Tidy@?$vector@HV?$allocator@H@std@@@std@@IAEXXZ 100146c0 f i driver.obj
 0001:00013760       ?_Tidy@?$vector@MV?$allocator@M@std@@@std@@IAEXXZ 10014760 f i driver.obj
 0001:00013800       ?_Tidy@?$vector@VSegment@@V?$allocator@VSegment@@@std@@@std@@IAEXXZ 10014800 f i driver.obj
 0001:000138a0       ?_Tidy@?$vector@VVector@@V?$allocator@VVector@@@std@@@std@@IAEXXZ 100148a0 f i driver.obj
 0001:00013940       ?_Unchecked@?$_Vector_const_iterator@V?$_Vector_val@U?$_Simple_types@VSegment@@@std@@@std@@@std@@QBEPBVSegment@@XZ 10014940 f i driver.obj
 0001:00013960       ?_Unchecked@?$_Vector_const_iterator@V?$_Vector_val@U?$_Simple_types@VVector@@@std@@@std@@@std@@QBEPBVVector@@XZ 10014960 f i driver.obj
 0001:00013980       ?_Unused_capacity@?$vector@MV?$allocator@M@std@@@std@@QBEIXZ 10014980 f i driver.obj
 0001:000139b0       ?_Unused_capacity@?$vector@VSegment@@V?$allocator@VSegment@@@std@@@std@@QBEIXZ 100149b0 f i driver.obj
 0001:000139e0       ?_Unused_capacity@?$vector@VVector@@V?$allocator@VVector@@@std@@@std@@QBEIXZ 100149e0 f i driver.obj
 0001:00013a10       ?_Xlen@?$vector@MV?$allocator@M@std@@@std@@IBEXXZ 10014a10 f i driver.obj
 0001:00013a40       ?_Xlen@?$vector@VSegment@@V?$allocator@VSegment@@@std@@@std@@IBEXXZ 10014a40 f i driver.obj
 0001:00013a70       ?_Xlen@?$vector@VVector@@V?$allocator@VVector@@@std@@@std@@IBEXXZ 10014a70 f i driver.obj
 0001:00013aa0       ?allocate@?$_Wrap_alloc@V?$allocator@M@std@@@std@@QAEPAMI@Z 10014aa0 f i driver.obj
 0001:00013ad0       ?allocate@?$_Wrap_alloc@V?$allocator@U_Container_proxy@std@@@std@@@std@@QAEPAU_Container_proxy@2@I@Z 10014ad0 f i driver.obj
 0001:00013b00       ?allocate@?$_Wrap_alloc@V?$allocator@VSegment@@@std@@@std@@QAEPAVSegment@@I@Z 10014b00 f i driver.obj
 0001:00013b30       ?allocate@?$_Wrap_alloc@V?$allocator@VVector@@@std@@@std@@QAEPAVVector@@I@Z 10014b30 f i driver.obj
 0001:00013b60       ?allocate@?$allocator@M@std@@QAEPAMI@Z 10014b60 f i driver.obj
 0001:00013b90       ?allocate@?$allocator@U_Container_proxy@std@@@std@@QAEPAU_Container_proxy@2@I@Z 10014b90 f i driver.obj
 0001:00013bc0       ?allocate@?$allocator@VSegment@@@std@@QAEPAVSegment@@I@Z 10014bc0 f i driver.obj
 0001:00013bf0       ?allocate@?$allocator@VVector@@@std@@QAEPAVVector@@I@Z 10014bf0 f i driver.obj
 0001:00013c20       ?atan2@@YAMMM@Z            10014c20 f i driver.obj
 0001:00013c50       ?begin@?$vector@VSegment@@V?$allocator@VSegment@@@std@@@std@@QBE?AV?$_Vector_const_iterator@V?$_Vector_val@U?$_Simple_types@VSegment@@@std@@@std@@@2@XZ 10014c50 f i driver.obj
 0001:00013c90       ?begin@?$vector@VVector@@V?$allocator@VVector@@@std@@@std@@QBE?AV?$_Vector_const_iterator@V?$_Vector_val@U?$_Simple_types@VVector@@@std@@@std@@@2@XZ 10014c90 f i driver.obj
 0001:00013cd0       ?brakeForCollision@Opponent@@QAEXXZ 10014cd0 f i driver.obj
 0001:00013d00       ?capacity@?$vector@MV?$allocator@M@std@@@std@@QBEIXZ 10014d00 f i driver.obj
 0001:00013d30       ?capacity@?$vector@VSegment@@V?$allocator@VSegment@@@std@@@std@@QBEIXZ 10014d30 f i driver.obj
 0001:00013d60       ?capacity@?$vector@VVector@@V?$allocator@VVector@@@std@@@std@@QBEIXZ 10014d60 f i driver.obj
 0001:00013d90       ?construct@?$allocator@VSegment@@@std@@QAEXPAVSegment@@ABV3@@Z 10014d90 f i driver.obj
 0001:00013e00       ?construct@?$allocator@VVector@@@std@@QAEXPAVVector@@ABV3@@Z 10014e00 f i driver.obj
 0001:00013ea0       ?deallocate@?$_Wrap_alloc@V?$allocator@H@std@@@std@@QAEXPAHI@Z 10014ea0 f i driver.obj
 0001:00013ed0       ?deallocate@?$_Wrap_alloc@V?$allocator@M@std@@@std@@QAEXPAMI@Z 10014ed0 f i driver.obj
 0001:00013f00       ?deallocate@?$_Wrap_alloc@V?$allocator@U_Container_proxy@std@@@std@@@std@@QAEXPAU_Container_proxy@2@I@Z 10014f00 f i driver.obj
 0001:00013f30       ?deallocate@?$_Wrap_alloc@V?$allocator@VSegment@@@std@@@std@@QAEXPAVSegment@@I@Z 10014f30 f i driver.obj
 0001:00013f60       ?deallocate@?$_Wrap_alloc@V?$allocator@VVector@@@std@@@std@@QAEXPAVVector@@I@Z 10014f60 f i driver.obj
 0001:00013f90       ?deallocate@?$allocator@H@std@@QAEXPAHI@Z 10014f90 f i driver.obj
 0001:00013fc0       ?deallocate@?$allocator@M@std@@QAEXPAMI@Z 10014fc0 f i driver.obj
 0001:00013ff0       ?deallocate@?$allocator@U_Container_proxy@std@@@std@@QAEXPAU_Container_proxy@2@I@Z 10014ff0 f i driver.obj
 0001:00014020       ?deallocate@?$allocator@VSegment@@@std@@QAEXPAVSegment@@I@Z 10015020 f i driver.obj
 0001:00014050       ?deallocate@?$allocator@VVector@@@std@@QAEXPAVVector@@I@Z 10015050 f i driver.obj
 0001:00014080       ?end@?$vector@VSegment@@V?$allocator@VSegment@@@std@@@std@@QBE?AV?$_Vector_const_iterator@V?$_Vector_val@U?$_Simple_types@VSegment@@@std@@@std@@@2@XZ 10015080 f i driver.obj
 0001:000140c0       ?end@?$vector@VVector@@V?$allocator@VVector@@@std@@@std@@QBE?AV?$_Vector_const_iterator@V?$_Vector_val@U?$_Simple_types@VVector@@@std@@@std@@@2@XZ 100150c0 f i driver.obj
 0001:00014100       ?fabs@@YAMM@Z              10015100 f i driver.obj
 0001:00014120       ?getBrakeOvertake@Opponent@@QAEMXZ 10015120 f i driver.obj
 0001:00014140       ?getCarAngle@SingleCardata@@QAEMXZ 10015140 f i driver.obj
 0001:00014160       ?getCarPtr@Opponent@@QAEPAUCarElt@@XZ 10015160 f i driver.obj
 0001:00014180       ?getCatchDist@Opponent@@QAEMXZ 10015180 f i driver.obj
 0001:000141a0       ?getDistance@Opponent@@QAEMXZ 100151a0 f i driver.obj
 0001:000141c0       ?getInPit@Pit@@QAE_NXZ     100151c0 f i driver.obj
 0001:000141e0       ?getNOpponents@Opponents@@QAEHXZ 100151e0 f i driver.obj
 0001:00014200       ?getNPitEnd@Pit@@QAEMXZ    10015200 f i driver.obj
 0001:00014230       ?getNPitLoc@Pit@@QAEMXZ    10015230 f i driver.obj
 0001:00014260       ?getNPitStart@Pit@@QAEMXZ  10015260 f i driver.obj
 0001:00014290       ?getOpponentPtr@Opponents@@QAEPAVOpponent@@XZ 10015290 f i driver.obj
 0001:000142b0       ?getPitstop@Pit@@QAE_NXZ   100152b0 f i driver.obj
 0001:000142d0       ?getRadius@SegLearn@@QAEMPAUtrackSeg@@@Z 100152d0 f i driver.obj
 0001:00014300       ?getSideDist@Opponent@@QAEMXZ 10015300 f i driver.obj
 0001:00014320       ?getSpeed@Driver@@QAEMXZ   10015320 f i driver.obj
 0001:00014350       ?getSpeed@Opponent@@QAEMXZ 10015350 f i driver.obj
 0001:00014380       ?getSpeedInTrackDirection@SingleCardata@@QAEMXZ 10015380 f i driver.obj
 0001:000143a0       ?getSpeedlimit@Pit@@QAEMXZ 100153a0 f i driver.obj
 0001:000143c0       ?getSpeedlimitSqr@Pit@@QAEMXZ 100153c0 f i driver.obj
 0001:000143e0       ?getState@Opponent@@QAEHXZ 100153e0 f i driver.obj
 0001:00014400       ?getState@Pit@@QAE?AW4PitState@@XZ 10015400 f i driver.obj
 0001:00014420       ?getTrackangle@SingleCardata@@QAEMXZ 10015420 f i driver.obj
 0001:00014440       ?getWidth@Opponent@@QAEMXZ 10015440 f i driver.obj
 0001:00014470       ?getWidthOnTrack@SingleCardata@@QAEMXZ 10015470 f i driver.obj
 0001:00014490       ?len@v2d@@QBEMXZ           10015490 f i driver.obj
 0001:000144e0       ?log@@YAMM@Z               100154e0 f i driver.obj
 0001:00014500       ?max_size@?$_Wrap_alloc@V?$allocator@M@std@@@std@@QBEIXZ 10015500 f i driver.obj
 0001:00014530       ?max_size@?$_Wrap_alloc@V?$allocator@VSegment@@@std@@@std@@QBEIXZ 10015530 f i driver.obj
 0001:00014560       ?max_size@?$_Wrap_alloc@V?$allocator@VVector@@@std@@@std@@QBEIXZ 10015560 f i driver.obj
 0001:00014590       ?max_size@?$allocator@M@std@@QBEIXZ 10015590 f i driver.obj
 0001:000145b0       ?max_size@?$allocator@VSegment@@@std@@QBEIXZ 100155b0 f i driver.obj
 0001:000145d0       ?max_size@?$allocator@VVector@@@std@@QBEIXZ 100155d0 f i driver.obj
 0001:000145f0       ?max_size@?$allocator_traits@V?$allocator@M@std@@@std@@SAIABV?$allocator@M@2@@Z 100155f0 f i driver.obj
 0001:00014610       ?max_size@?$allocator_traits@V?$allocator@VSegment@@@std@@@std@@SAIABV?$allocator@VSegment@@@2@@Z 10015610 f i driver.obj
 0001:00014630       ?max_size@?$allocator_traits@V?$allocator@VVector@@@std@@@std@@SAIABV?$allocator@VVector@@@2@@Z 10015630 f i driver.obj
 0001:00014650       ?max_size@?$vector@MV?$allocator@M@std@@@std@@QBEIXZ 10015650 f i driver.obj
 0001:00014690       ?max_size@?$vector@VSegment@@V?$allocator@VSegment@@@std@@@std@@QBEIXZ 10015690 f i driver.obj
 0001:000146d0       ?max_size@?$vector@VVector@@V?$allocator@VVector@@@std@@@std@@QBEIXZ 100156d0 f i driver.obj
 0001:00014710       ?normalize@v2d@@QAEXXZ     10015710 f i driver.obj
 0001:00014770       ?push_back@?$vector@VSegment@@V?$allocator@VSegment@@@std@@@std@@QAEXABVSegment@@@Z 10015770 f i driver.obj
 0001:000148a0       ?push_back@?$vector@VVector@@V?$allocator@VVector@@@std@@@std@@QAEXABVVector@@@Z 100158a0 f i driver.obj
 0001:000149d0       ?resize@?$vector@MV?$allocator@M@std@@@std@@QAEXI@Z 100159d0 f i driver.obj
 0001:00014b30       ?rotate@v2d@@QBE?AV1@ABV1@M@Z 10015b30 f i driver.obj
 0001:00014c30       ?select_on_container_copy_construction@?$_Wrap_alloc@V?$allocator@VSegment@@@std@@@std@@QBE?AU12@XZ 10015c30 f i driver.obj
 0001:00014c80       ?select_on_container_copy_construction@?$_Wrap_alloc@V?$allocator@VVector@@@std@@@std@@QBE?AU12@XZ 10015c80 f i driver.obj
 0001:00014cd0       ?select_on_container_copy_construction@?$allocator@VSegment@@@std@@QBE?AV12@XZ 10015cd0 f i driver.obj
 0001:00014d00       ?select_on_container_copy_construction@?$allocator@VVector@@@std@@QBE?AV12@XZ 10015d00 f i driver.obj
 0001:00014d30       ?select_on_container_copy_construction@?$allocator_traits@V?$allocator@VSegment@@@std@@@std@@SA?AV?$allocator@VSegment@@@2@ABV32@@Z 10015d30 f i driver.obj
 0001:00014d50       ?select_on_container_copy_construction@?$allocator_traits@V?$allocator@VVector@@@std@@@std@@SA?AV?$allocator@VVector@@@2@ABV32@@Z 10015d50 f i driver.obj
 0001:00014d70       ?setState@Pit@@QAEXW4PitState@@@Z 10015d70 f i driver.obj
 0001:00014d90       ?size@?$vector@MV?$allocator@M@std@@@std@@QBEIXZ 10015d90 f i driver.obj
 0001:00014dc0       ?size@?$vector@VSegment@@V?$allocator@VSegment@@@std@@@std@@QBEIXZ 10015dc0 f i driver.obj
 0001:00014df0       ?size@?$vector@VVector@@V?$allocator@VVector@@@std@@@std@@QBEIXZ 10015df0 f i driver.obj
 0001:00014e20       ?strrchr@@YAPADPADH@Z      10015e20 f i driver.obj
 0001:00014e40       ?tanh@@YAMM@Z              10015e40 f i driver.obj
 0001:00014e60       _atan2f                    10015e60 f i driver.obj
 0001:00014eb0       _fabsf                     10015eb0 f i driver.obj
 0001:00014ef0       _logf                      10015ef0 f i driver.obj
 0001:00014f30       _tanhf                     10015f30 f i driver.obj
 0001:00014f70       ??0Vector@@QAE@HW4BoundsCheckingStatus@0@@Z 10015f70 f   geometry.obj
 0001:00015020       ??0Vector@@QAE@ABV0@@Z     10016020 f   geometry.obj
 0001:000150e0       ??1Vector@@QAE@XZ          100160e0 f   geometry.obj
 0001:00015120       ??4Vector@@QAEAAV0@ABV0@@Z 10016120 f   geometry.obj
 0001:000151a0       ?Resize@Vector@@QAEXH@Z    100161a0 f   geometry.obj
 0001:00015220       ??AVector@@QAEAAMH@Z       10016220 f   geometry.obj
 0001:00015290       ??AVector@@QBEABMH@Z       10016290 f   geometry.obj
 0001:00015300       ?DotProd@@YAMPAVVector@@0@Z 10016300 f   geometry.obj
 0001:00015380       ?Sub@@YAXPAVVector@@00@Z   10016380 f   geometry.obj
 0001:000153e0       ??0ParametricLine@@QAE@PAVVector@@0@Z 100163e0 f   geometry.obj
 0001:00015550       ??1ParametricLine@@QAE@XZ  10016550 f   geometry.obj
 0001:000155e0       ?PointCoords@ParametricLine@@QAEXMPAVVector@@@Z 100165e0 f   geometry.obj
 0001:00015650       ??0ParametricSphere@@QAE@PAVVector@@M@Z 10016650 f   geometry.obj
 0001:00015750       ??0ParametricSphere@@QAE@H@Z 10016750 f   geometry.obj
 0001:00015800       ??1ParametricSphere@@QAE@XZ 10016800 f   geometry.obj
 0001:00015860       ?GetNormalToLine@@YAPAVVector@@PAV1@@Z 10016860 f   geometry.obj
 0001:00015a50       ?IntersectLineLine@@YAMPAVParametricLine@@0@Z 10016a50 f   geometry.obj
 0001:00015d00       ?CalculateRadiusPoints@@YAMV?$vector@VVector@@V?$allocator@VVector@@@std@@@std@@@Z 10016d00 f   geometry.obj
 0001:00016170       ?IntersectSphereLine@@YAPAVVector@@PAVParametricLine@@PAV1@M@Z 10017170 f   geometry.obj
 0001:00016450       ?EstimateSphere@@YAXV?$vector@VVector@@V?$allocator@VVector@@@std@@@std@@PAVParametricSphere@@@Z 10017450 f   geometry.obj
 0001:00016c80       ??0invalid_argument@std@@QAE@ABV01@@Z 10017c80 f i geometry.obj
 0001:00016cc0       ??0invalid_argument@std@@QAE@PBD@Z 10017cc0 f i geometry.obj
 0001:00016d00       ??0logic_error@std@@QAE@ABV01@@Z 10017d00 f i geometry.obj
 0001:00016d40       ??0logic_error@std@@QAE@PBD@Z 10017d40 f i geometry.obj
 0001:00016d80       ??0out_of_range@std@@QAE@ABV01@@Z 10017d80 f i geometry.obj
 0001:00016dc0       ??0out_of_range@std@@QAE@PBD@Z 10017dc0 f i geometry.obj
 0001:00016e00       ??1invalid_argument@std@@UAE@XZ 10017e00 f i geometry.obj
 0001:00016e30       ??1logic_error@std@@UAE@XZ 10017e30 f i geometry.obj
 0001:00016e60       ??1out_of_range@std@@UAE@XZ 10017e60 f i geometry.obj
 0001:00016e90       ??A?$vector@VVector@@V?$allocator@VVector@@@std@@@std@@QAEAAVVector@@I@Z 10017e90 f i geometry.obj
 0001:00016f30       ??_Ginvalid_argument@std@@UAEPAXI@Z 10017f30 f i geometry.obj
 0001:00016f30       ??_Einvalid_argument@std@@UAEPAXI@Z 10017f30 f i geometry.obj
 0001:00016f70       ??_Elogic_error@std@@UAEPAXI@Z 10017f70 f i geometry.obj
 0001:00016f70       ??_Glogic_error@std@@UAEPAXI@Z 10017f70 f i geometry.obj
 0001:00016fb0       ??_Eout_of_range@std@@UAEPAXI@Z 10017fb0 f i geometry.obj
 0001:00016fb0       ??_Gout_of_range@std@@UAEPAXI@Z 10017fb0 f i geometry.obj
 0001:00016ff0       ??0SegLearn@@QAE@PAUtTrack@@@Z 10017ff0 f   learn.obj
 0001:000174d0       ??1SegLearn@@QAE@XZ        100184d0 f   learn.obj
 0001:000175b0       ?update@SegLearn@@QAEXPAUSituation@@PAUtTrack@@PAUCarElt@@HMMPAMMMM@Z 100185b0 f   learn.obj
 0001:00018130       ?updateAccel@SegLearn@@QAEMPAUSituation@@PAUCarElt@@MMM@Z 10019130 f   learn.obj
 0001:00018500       ?predictedError@SegLearn@@QAEMPAUCarElt@@@Z 10019500 f   learn.obj
 0001:00018550       ?predictedAccel@SegLearn@@QAEMPAUtrackSeg@@@Z 10019550 f   learn.obj
 0001:00018570       ?AdjustFriction@SegLearn@@QAEXPAUtrackSeg@@MMMMMMM@Z 10019570 f   learn.obj
 0001:00018900       ?loadParameters@SegLearn@@QAEXPAD@Z 10019900 f   learn.obj
 0001:00018b60       ?saveParameters@SegLearn@@QAEXPAD@Z 10019b60 f   learn.obj
 0001:00018d30       ?LoadParameter@SegLearn@@AAE_NPAMHPAU_iobuf@@@Z 10019d30 f   learn.obj
 0001:00018e00       ?PropagateUpdateBackwards@SegLearn@@AAEXPAUtrackSeg@@MMM@Z 10019e00 f   learn.obj
 0001:00018ee0       ?segQuantum@SegLearn@@AAEHH@Z 10019ee0 f   learn.obj
 0001:00018f10       ??0Averages@SegLearn@@QAE@XZ 10019f10 f i learn.obj
 0001:00018f60       ?CheckMatchingToken@@YA_NPBDPAUStringBuffer_@@PAU_iobuf@@@Z 10019f60 f i learn.obj
 0001:00019010       ?Measure@Averages@SegLearn@@QAEXMMM@Z 1001a010 f i learn.obj
 0001:000190d0       ?WriteToken@@YAXPBDPAU_iobuf@@@Z 1001a0d0 f i learn.obj
 0001:00019100       ?tand@SegLearn@@AAEMM@Z    1001a100 f i learn.obj
 0001:00019150       ?tand_der@SegLearn@@AAEMM@Z 1001a150 f i learn.obj
 0001:000193b0       _olethros                  1001a3b0 f   olethros.obj
 0001:00019460       ??_GDriver@@QAEPAXI@Z      1001a460 f i olethros.obj
 0001:000194a0       ??0Opponent@@QAE@XZ        1001a4a0 f   opponent.obj
 0001:000194d0       ?update@Opponent@@QAEXPAUSituation@@PAVDriver@@@Z 1001a4d0 f   opponent.obj
 0001:00019d20       ?getDistToSegStart@Opponent@@AAEMXZ 1001ad20 f   opponent.obj
 0001:00019d90       ?updateOverlapTimer@Opponent@@AAEXPAUSituation@@PAUCarElt@@@Z 1001ad90 f   opponent.obj
 0001:00019ee0       ??0Opponents@@QAE@PAUSituation@@PAVDriver@@PAVCardata@@@Z 1001aee0 f   opponent.obj
 0001:0001a060       ??1Opponents@@QAE@XZ       1001b060 f   opponent.obj
 0001:0001a0a0       ?update@Opponents@@QAEXPAUSituation@@PAVDriver@@@Z 1001b0a0 f   opponent.obj
 0001:0001a170       ??0Straight@@QAE@MMMM@Z    1001b170 f i opponent.obj
 0001:0001a1f0       ?dist@Straight@@QBEMABVv2d@@@Z 1001b1f0 f i opponent.obj
 0001:0001a2a0       ?getCarPtr@Driver@@QAEPAUCarElt@@XZ 1001b2a0 f i opponent.obj
 0001:0001a2c0       ?getTrackPtr@Driver@@QAEPAUtTrack@@XZ 1001b2c0 f i opponent.obj
 0001:0001a2e0       ?setCarDataPtr@Opponent@@QAEXPAVSingleCardata@@@Z 1001b2e0 f i opponent.obj
 0001:0001a300       ?setCarPtr@Opponent@@QAEXPAUCarElt@@@Z 1001b300 f i opponent.obj
 0001:0001a320       ?setTrackPtr@Opponent@@SAXPAUtTrack@@@Z 1001b320 f i opponent.obj
 0001:0001a330       ??0Pit@@QAE@PAUSituation@@PAVDriver@@@Z 1001b330 f   pit.obj
 0001:0001a820       ??1Pit@@QAE@XZ             1001b820 f   pit.obj
 0001:0001a870       ?setPitstop@Pit@@QAEX_N@Z  1001b870 f   pit.obj
 0001:0001a900       ?getPitOffset@Pit@@QAEMMM@Z 1001b900 f   pit.obj
 0001:0001a990       ?isBetween@Pit@@QAE_NM@Z   1001b990 f   pit.obj
 0001:0001aa10       ?isTimeout@Pit@@QAE_NM@Z   1001ba10 f   pit.obj
 0001:0001aad0       ?toSplineCoord@Pit@@QAEMM@Z 1001bad0 f   pit.obj
 0001:0001ab30       ?getSpeedLimitBrake@Pit@@QAEMM@Z 1001bb30 f   pit.obj
 0001:0001ab80       ?update@Pit@@QAEXXZ        1001bb80 f   pit.obj
 0001:0001ac10       ?setInPit@Pit@@QAEX_N@Z    1001bc10 f i pit.obj
 0001:0001ac30       ??0Spline@@QAE@HPAVSplinePoint@@@Z 1001bc30 f   spline.obj
 0001:0001ac60       ?evaluate@Spline@@QAEMM@Z  1001bc60 f   spline.obj
 0001:0001ade0       ??0SimpleStrategy@@QAE@XZ  1001bde0 f   strategy.obj
 0001:0001ae40       ??1SimpleStrategy@@UAE@XZ  1001be40 f   strategy.obj
 0001:0001ae70       ?setFuelAtRaceStart@SimpleStrategy@@UAEXPAUtTrack@@PAPAXPAUSituation@@@Z 1001be70 f   strategy.obj
 0001:0001afb0       ?update@SimpleStrategy@@UAEXPAUCarElt@@PAUSituation@@@Z 1001bfb0 f   strategy.obj
 0001:0001b0b0       ?needPitstop@SimpleStrategy@@UAE_NPAUCarElt@@PAUSituation@@PAVOpponents@@@Z 1001c0b0 f   strategy.obj
 0001:0001b180       ?pitRefuel@SimpleStrategy@@UAEMPAUCarElt@@PAUSituation@@@Z 1001c180 f   strategy.obj
 0001:0001b360       ?pitRepair@SimpleStrategy@@UAEHPAUCarElt@@PAUSituation@@@Z 1001c360 f   strategy.obj
 0001:0001b380       ?getSpeedFactor@SimpleStrategy@@UAEMPAUCarElt@@PAUSituation@@PAVOpponents@@@Z 1001c380 f   strategy.obj
 0001:0001b3a0       ??0ManagedStrategy@@QAE@XZ 1001c3a0 f   strategy.obj
 0001:0001b3e0       ??1ManagedStrategy@@UAE@XZ 1001c3e0 f   strategy.obj
 0001:0001b410       ?needPitstop@ManagedStrategy@@UAE_NPAUCarElt@@PAUSituation@@PAVOpponents@@@Z 1001c410 f   strategy.obj
 0001:0001b4f0       ?getSpeedFactor@ManagedStrategy@@UAEMPAUCarElt@@PAUSituation@@PAVOpponents@@@Z 1001c4f0 f   strategy.obj
 0001:0001b610       ?RepairDamage@ManagedStrategy@@MAE_NPAUCarElt@@PAVOpponents@@@Z 1001c610 f   strategy.obj
 0001:0001b920       ??0AbstractStrategy@@QAE@XZ 1001c920 f i strategy.obj
 0001:0001b940       ??1AbstractStrategy@@UAE@XZ 1001c940 f i strategy.obj
 0001:0001b960       ??_EAbstractStrategy@@UAEPAXI@Z 1001c960 f i strategy.obj
 0001:0001b960       ??_GAbstractStrategy@@UAEPAXI@Z 1001c960 f i strategy.obj
 0001:0001b9a0       ??_GManagedStrategy@@UAEPAXI@Z 1001c9a0 f i strategy.obj
 0001:0001b9a0       ??_EManagedStrategy@@UAEPAXI@Z 1001c9a0 f i strategy.obj
 0001:0001b9e0       ??_GSimpleStrategy@@UAEPAXI@Z 1001c9e0 f i strategy.obj
 0001:0001b9e0       ??_ESimpleStrategy@@UAEPAXI@Z 1001c9e0 f i strategy.obj
 0001:0001ba20       ?floor@@YAMM@Z             1001ca20 f i strategy.obj
 0001:0001ba40       ?getNOpponentsBehind@Opponents@@QAEHXZ 1001ca40 f i strategy.obj
 0001:0001ba60       _floorf                    1001ca60 f i strategy.obj
 0001:0001baa0       ??0TrackData@@QAE@XZ       1001caa0 f   TrackData.obj
 0001:0001bb40       ?setWidth@TrackData@@QAEXM@Z 1001cb40 f   TrackData.obj
 0001:0001bbd0       ?setLeftWidth@TrackData@@QAEXM@Z 1001cbd0 f   TrackData.obj
 0001:0001bc30       ?setRightWidth@TrackData@@QAEXM@Z 1001cc30 f   TrackData.obj
 0001:0001bc90       ?setStep@TrackData@@QAEXM@Z 1001cc90 f   TrackData.obj
 0001:0001bce0       ?AddStraight@TrackData@@QAEXAAVSegmentList@@MMM@Z 1001cce0 f   TrackData.obj
 0001:0001c020       ?AddCurve@TrackData@@QAEXAAVSegmentList@@MMMM@Z 1001d020 f   TrackData.obj
 0001:0001c400       ?GetPoint@Trajectory@@SA?AVPoint@@AAVSegment@@M@Z 1001d400 f   Trajectory.obj
 0001:0001c4b0       ?Optimise@Trajectory@@QAEXVSegmentList@@HMPBD_N@Z 1001d4b0 f   Trajectory.obj
 0001:0001d840       ??$_Allocate@H@std@@YAPAHIPAH@Z 1001e840 f i Trajectory.obj
 0001:0001d8a0       ??$_Debug_pointer@H@std@@YAXPAHPB_WI@Z 1001e8a0 f i Trajectory.obj
 0001:0001d8d0       ??$_Debug_range2@PAH@std@@YAXPAH0PB_WIUrandom_access_iterator_tag@0@@Z 1001e8d0 f i Trajectory.obj
 0001:0001d930       ??$_Debug_range@PAH@std@@YAXPAH0PB_WI@Z 1001e930 f i Trajectory.obj
 0001:0001d980       ??$_Fill_n@PAHIH@std@@YAPAHPAHIABH@Z 1001e980 f i Trajectory.obj
 0001:0001d9b0       ??$_Iter_cat@PAH@std@@YA?AUrandom_access_iterator_tag@0@ABQAH@Z 1001e9b0 f i Trajectory.obj
 0001:0001da10       ??$_Rechecked@PAHPAH@std@@YAAAPAHAAPAHPAH@Z 1001ea10 f i Trajectory.obj
 0001:0001da20       ??$_Umove@PAH@?$vector@HV?$allocator@H@std@@@std@@IAEPAHPAH00@Z 1001ea20 f i Trajectory.obj
 0001:0001daa0       ??$_Unchecked@PAH@std@@YAPAHPAH@Z 1001eaa0 f i Trajectory.obj
 0001:0001dab0       ??$_Uninit_def_fill_n@HIH@std@@YAXPAHIAAU?$_Wrap_alloc@V?$allocator@H@std@@@0@0U_Scalar_ptr_iterator_tag@0@@Z 1001eab0 f i Trajectory.obj
 0001:0001daf0       ??$_Uninit_move@HHH@std@@YAPAHPAH00AAU?$_Wrap_alloc@V?$allocator@H@std@@@0@0U_Scalar_ptr_iterator_tag@0@@Z 1001eaf0 f i Trajectory.obj
 0001:0001db70       ??$_Uninit_move@PAHPAHU?$_Wrap_alloc@V?$allocator@H@std@@@std@@@std@@YAPAHPAH00AAU?$_Wrap_alloc@V?$allocator@H@std@@@0@@Z 1001eb70 f i Trajectory.obj
 0001:0001dbd0       ??$_Uninitialized_default_fill_n@PAHIU?$_Wrap_alloc@V?$allocator@H@std@@@std@@@std@@YAXPAHIAAU?$_Wrap_alloc@V?$allocator@H@std@@@0@@Z 1001ebd0 f i Trajectory.obj
 0001:0001dc30       ??$_Uninitialized_move@PAHPAHU?$_Wrap_alloc@V?$allocator@H@std@@@std@@@std@@YAPAHPAH00AAU?$_Wrap_alloc@V?$allocator@H@std@@@0@@Z 1001ec30 f i Trajectory.obj
 0001:0001dc80       ??$_Val_type@PAH@std@@YAPAHPAH@Z 1001ec80 f i Trajectory.obj
 0001:0001dc90       ??A?$vector@HV?$allocator@H@std@@@std@@QAEAAHI@Z 1001ec90 f i Trajectory.obj
 0001:0001dd30       ??A?$vector@VSegment@@V?$allocator@VSegment@@@std@@@std@@QAEAAVSegment@@I@Z 1001ed30 f i Trajectory.obj
 0001:0001ddd0       ??ASegmentList@@QAEAAVSegment@@H@Z 1001edd0 f i Trajectory.obj
 0001:0001de00       ??GPoint@@QAE?AV0@ABV0@@Z  1001ee00 f i Trajectory.obj
 0001:0001dec0       ??KPoint@@QAE?AV0@ABM@Z    1001eec0 f i Trajectory.obj
 0001:0001df80       ?Length@Point@@QAEMXZ      1001ef80 f i Trajectory.obj
 0001:0001e000       ?Normalise@Point@@QAEXXZ   1001f000 f i Trajectory.obj
 0001:0001e0a0       ?_Grow_to@?$vector@HV?$allocator@H@std@@@std@@IBEII@Z 1001f0a0 f i Trajectory.obj
 0001:0001e120       ?_Orphan_range@?$vector@HV?$allocator@H@std@@@std@@IBEXPAH0@Z 1001f120 f i Trajectory.obj
 0001:0001e230       ?_Pop_back_n@?$vector@HV?$allocator@H@std@@@std@@QAEXI@Z 1001f230 f i Trajectory.obj
 0001:0001e2a0       ?_Reallocate@?$vector@HV?$allocator@H@std@@@std@@IAEXI@Z 1001f2a0 f i Trajectory.obj
 0001:0001e400       ?_Reserve@?$vector@HV?$allocator@H@std@@@std@@IAEXI@Z 1001f400 f i Trajectory.obj
 0001:0001e470       ?_Unused_capacity@?$vector@HV?$allocator@H@std@@@std@@QBEIXZ 1001f470 f i Trajectory.obj
 0001:0001e4a0       ?_Xlen@?$vector@HV?$allocator@H@std@@@std@@IBEXXZ 1001f4a0 f i Trajectory.obj
 0001:0001e4d0       ?allocate@?$_Wrap_alloc@V?$allocator@H@std@@@std@@QAEPAHI@Z 1001f4d0 f i Trajectory.obj
 0001:0001e500       ?allocate@?$allocator@H@std@@QAEPAHI@Z 1001f500 f i Trajectory.obj
 0001:0001e530       ?capacity@?$vector@HV?$allocator@H@std@@@std@@QBEIXZ 1001f530 f i Trajectory.obj
 0001:0001e560       ?max_size@?$_Wrap_alloc@V?$allocator@H@std@@@std@@QBEIXZ 1001f560 f i Trajectory.obj
 0001:0001e590       ?max_size@?$allocator@H@std@@QBEIXZ 1001f590 f i Trajectory.obj
 0001:0001e5b0       ?max_size@?$allocator_traits@V?$allocator@H@std@@@std@@SAIABV?$allocator@H@2@@Z 1001f5b0 f i Trajectory.obj
 0001:0001e5d0       ?max_size@?$vector@HV?$allocator@H@std@@@std@@QBEIXZ 1001f5d0 f i Trajectory.obj
 0001:0001e610       ?resize@?$vector@HV?$allocator@H@std@@@std@@QAEXI@Z 1001f610 f i Trajectory.obj
 0001:0001e770       ?size@?$vector@HV?$allocator@H@std@@@std@@QBEIXZ 1001f770 f i Trajectory.obj
 0001:0001e7a0       ?size@SegmentList@@QAEHXZ  1001f7a0 f i Trajectory.obj
 0001:0001e7c4       ?GfParmReadFile@@YAPAXPBDH@Z 1001f7c4 f   tgf:tgf.dll
 0001:0001e7ca       ?GfParmGetStr@@YAPBDPAXPBD11@Z 1001f7ca f   tgf:tgf.dll
 0001:0001e7d0       ?GfParmGetNum@@YAMPAXPBD11M@Z 1001f7d0 f   tgf:tgf.dll
 0001:0001e7d6       ?GetLocalDir@@YAPADXZ      1001f7d6 f   tgf:tgf.dll
 0001:0001e7dc       ?GfCreateDir@@YAHPAD@Z     1001f7dc f   tgf:tgf.dll
 0001:0001e7e2       ?_tgf_win_strdup@@YAPADPBD@Z 1001f7e2 f   tgf:tgf.dll
 0001:0001e7e8       ?GfParmSetNum@@YAHPAXPBD11M@Z 1001f7e8 f   tgf:tgf.dll
 0001:0001e7ee       ?RtTrackSideTgAngleL@@YAMPAUtTrkLocPos@@@Z 1001f7ee f   robottools:robottools.dll
 0001:0001e7f4       ?RtDistToPit@@YAHPAUCarElt@@PAUtTrack@@PAM2@Z 1001f7f4 f   robottools:robottools.dll
 0001:0001e7fa       ?NewStringBuffer@@YAPAUStringBuffer_@@H@Z 1001f7fa f   learning:learning.dll
 0001:0001e800       ?FreeStringBuffer@@YAXPAPAUStringBuffer_@@@Z 1001f800 f   learning:learning.dll
 0001:0001e806       ?SetStringBufferLength@@YAPAUStringBuffer_@@PAU1@I@Z 1001f806 f   learning:learning.dll
 0001:0001e810       ??0_Init_locks@std@@QAE@XZ 1001f810 f   libcpmtd:xlock.obj
 0001:0001e860       ??0_Lockit@std@@QAE@H@Z    1001f860 f   libcpmtd:xlock.obj
 0001:0001e8b0       ??0_Lockit@std@@QAE@XZ     1001f8b0 f   libcpmtd:xlock.obj
 0001:0001e900       ??1_Init_locks@std@@QAE@XZ 1001f900 f   libcpmtd:xlock.obj
 0001:0001e950       ??1_Lockit@std@@QAE@XZ     1001f950 f   libcpmtd:xlock.obj
 0001:0001e990       ?_Init_locks_ctor@_Init_locks@std@@CAXPAV12@@Z 1001f990 f   libcpmtd:xlock.obj
 0001:0001e9e0       ?_Init_locks_dtor@_Init_locks@std@@CAXPAV12@@Z 1001f9e0 f   libcpmtd:xlock.obj
 0001:0001ea30       ?_Lockit_ctor@_Lockit@std@@CAXPAV12@@Z 1001fa30 f   libcpmtd:xlock.obj
 0001:0001ea50       ?_Lockit_ctor@_Lockit@std@@CAXPAV12@H@Z 1001fa50 f   libcpmtd:xlock.obj
 0001:0001ea90       ?_Lockit_ctor@_Lockit@std@@SAXH@Z 1001fa90 f   libcpmtd:xlock.obj
 0001:0001eac0       ?_Lockit_dtor@_Lockit@std@@CAXPAV12@@Z 1001fac0 f   libcpmtd:xlock.obj
 0001:0001eae0       ?_Lockit_dtor@_Lockit@std@@SAXH@Z 1001fae0 f   libcpmtd:xlock.obj
 0001:0001eb10       ??_U@YAPAXI@Z              1001fb10 f   libcpmtd:newaop.obj
 0001:0001eb30       ?_Debug_message@std@@YAXPBG0I@Z 1001fb30 f   libcpmtd:stdthrow.obj
 0001:0001eb50       ?_Debug_message@std@@YAXPB_W0I@Z 1001fb50 f   libcpmtd:stdthrow.obj
 0001:0001eb80       ??$_Allocate@D@std@@YAPADIPAD@Z 1001fb80 f i libcpmtd:xthrow.obj
 0001:0001ebc0       ??$_Debug_pointer@D@std@@YAXPBDPB_WI@Z 1001fbc0 f i libcpmtd:xthrow.obj
 0001:0001ebe0       ??$addressof@D@std@@YAPADAAD@Z 1001fbe0 f i libcpmtd:xthrow.obj
 0001:0001ebf0       ??$construct@PADAAPAD@?$_Wrap_alloc@V?$allocator@D@std@@@std@@QAEXPAPADAAPAD@Z 1001fbf0 f i libcpmtd:xthrow.obj
 0001:0001ec20       ??$construct@PADAAPAD@?$allocator@D@std@@QAEXPAPADAAPAD@Z 1001fc20 f i libcpmtd:xthrow.obj
 0001:0001ecb0       ??$construct@PADAAPAD@?$allocator_traits@V?$allocator@D@std@@@std@@SAXAAV?$allocator@D@1@PAPADAAPAD@Z 1001fcb0 f i libcpmtd:xthrow.obj
 0001:0001ecd0       ??$destroy@PAD@?$_Wrap_alloc@V?$allocator@D@std@@@std@@QAEXPAPAD@Z 1001fcd0 f i libcpmtd:xthrow.obj
 0001:0001ecf0       ??$destroy@PAD@?$allocator@D@std@@QAEXPAPAD@Z 1001fcf0 f i libcpmtd:xthrow.obj
 0001:0001ed00       ??$destroy@PAD@?$allocator_traits@V?$allocator@D@std@@@std@@SAXAAV?$allocator@D@1@PAPAD@Z 1001fd00 f i libcpmtd:xthrow.obj
 0001:0001ed20       ??$forward@AAPAD@std@@YAAAPADAAPAD@Z 1001fd20 f i libcpmtd:xthrow.obj
 0001:0001ed30       ??0?$_String_alloc@$0A@U?$_String_base_types@DV?$allocator@D@std@@@std@@@std@@QAE@ABV?$allocator@D@1@@Z 1001fd30 f i libcpmtd:xthrow.obj
 0001:0001ed90       ??0?$_String_val@U?$_Simple_types@D@std@@@std@@QAE@XZ 1001fd90 f i libcpmtd:xthrow.obj
 0001:0001edc0       ??0?$_Wrap_alloc@V?$allocator@D@std@@@std@@QAE@XZ 1001fdc0 f i libcpmtd:xthrow.obj
 0001:0001ede0       ??0?$allocator@D@std@@QAE@XZ 1001fde0 f i libcpmtd:xthrow.obj
 0001:0001edf0       ??0?$basic_string@DU?$char_traits@D@std@@V?$allocator@D@2@@std@@QAE@PBD@Z 1001fdf0 f i libcpmtd:xthrow.obj
 0001:0001ee70       ??0_Generic_error_category@std@@QAE@XZ 1001fe70 f i libcpmtd:xthrow.obj
 0001:0001ee90       ??0_Ignore@std@@QAE@XZ     1001fe90 f i libcpmtd:xthrow.obj
 0001:0001eea0       ??0_Iostream_error_category@std@@QAE@XZ 1001fea0 f i libcpmtd:xthrow.obj
 0001:0001eec0       ??0_System_error_category@std@@QAE@XZ 1001fec0 f i libcpmtd:xthrow.obj
 0001:0001eee0       ??0bad_alloc@std@@QAE@ABV01@@Z 1001fee0 f i libcpmtd:xthrow.obj
 0001:0001ef10       ??0bad_alloc@std@@QAE@XZ   1001ff10 f i libcpmtd:xthrow.obj
 0001:0001ef40       ??0bad_function_call@std@@QAE@ABV01@@Z 1001ff40 f i libcpmtd:xthrow.obj
 0001:0001ef70       ??0bad_function_call@std@@QAE@PBD@Z 1001ff70 f i libcpmtd:xthrow.obj
 0001:0001efa0       ??0error_category@std@@QAE@XZ 1001ffa0 f i libcpmtd:xthrow.obj
 0001:0001efc0       ??0error_condition@std@@QAE@HABVerror_category@1@@Z 1001ffc0 f i libcpmtd:xthrow.obj
 0001:0001eff0       ??0id@locale@std@@QAE@I@Z  1001fff0 f i libcpmtd:xthrow.obj
 0001:0001f010       ??0length_error@std@@QAE@ABV01@@Z 10020010 f i libcpmtd:xthrow.obj
 0001:0001f040       ??0length_error@std@@QAE@PBD@Z 10020040 f i libcpmtd:xthrow.obj
 0001:0001f070       ??0overflow_error@std@@QAE@ABV01@@Z 10020070 f i libcpmtd:xthrow.obj
 0001:0001f0a0       ??0overflow_error@std@@QAE@PBD@Z 100200a0 f i libcpmtd:xthrow.obj
 0001:0001f0d0       ??0regex_error@std@@QAE@ABV01@@Z 100200d0 f i libcpmtd:xthrow.obj
 0001:0001f110       ??0regex_error@std@@QAE@W4error_type@regex_constants@1@@Z 10020110 f i libcpmtd:xthrow.obj
 0001:0001f150       ??0runtime_error@std@@QAE@ABV01@@Z 10020150 f i libcpmtd:xthrow.obj
 0001:0001f180       ??0runtime_error@std@@QAE@PBD@Z 10020180 f i libcpmtd:xthrow.obj
 0001:0001f1b0       ??1?$_String_alloc@$0A@U?$_String_base_types@DV?$allocator@D@std@@@std@@@std@@QAE@XZ 100201b0 f i libcpmtd:xthrow.obj
 0001:0001f1d0       ??1?$_String_val@U?$_Simple_types@D@std@@@std@@QAE@XZ 100201d0 f i libcpmtd:xthrow.obj
[...]
 0002:0001ee4c       __unwindtable$??0?$_String_alloc@$0A@U?$_String_base_types@DV?$allocator@D@std@@@std@@@std@@QAE@ABV?$allocator@D@1@@Z 1009ae4c     libcpmtd:xthrow.obj
 0002:0001ee54       __ehfuncinfo$??0?$_String_alloc@$0A@U?$_String_base_types@DV?$allocator@D@std@@@std@@@std@@QAE@ABV?$allocator@D@1@@Z 1009ae54     libcpmtd:xthrow.obj
 0002:0001ee78       __unwindtable$??0?$basic_string@DU?$char_traits@D@std@@V?$allocator@D@2@@std@@QAE@PBD@Z 1009ae78     libcpmtd:xthrow.obj
 0002:0001ee80       __ehfuncinfo$??0?$basic_string@DU?$char_traits@D@std@@V?$allocator@D@2@@std@@QAE@PBD@Z 1009ae80     libcpmtd:xthrow.obj
 0002:0001eea4       __catchsym$?_Copy@?$basic_string@DU?$char_traits@D@std@@V?$allocator@D@2@@std@@QAEXII@Z$5 1009aea4     libcpmtd:xthrow.obj
 0002:0001eeb4       __catchsym$?_Copy@?$basic_string@DU?$char_traits@D@std@@V?$allocator@D@2@@std@@QAEXII@Z$4 1009aeb4     libcpmtd:xthrow.obj
 0002:0001eec4       __unwindtable$?_Copy@?$basic_string@DU?$char_traits@D@std@@V?$allocator@D@2@@std@@QAEXII@Z 1009aec4     libcpmtd:xthrow.obj
 0002:0001eee4       __ehfuncinfo$?_Copy@?$basic_string@DU?$char_traits@D@std@@V?$allocator@D@2@@std@@QAEXII@Z 1009aee4     libcpmtd:xthrow.obj
 0002:0001ef08       __tryblocktable$?_Copy@?$basic_string@DU?$char_traits@D@std@@V?$allocator@D@2@@std@@QAEXII@Z 1009af08     libcpmtd:xthrow.obj
 0002:0001ef30       __unwindtable$??$construct@PADAAPAD@?$allocator@D@std@@QAEXPAPADAAPAD@Z 1009af30     libcpmtd:xthrow.obj
 0002:0001ef38       __ehfuncinfo$??$construct@PADAAPAD@?$allocator@D@std@@QAEXPAPADAAPAD@Z 1009af38     libcpmtd:xthrow.obj
 0002:0001f0b8       __sehtable$??3@YAXPAX@Z    1009b0b8     LIBCMTD:dbgdel.obj
 0002:0001f0d8       __sehtable$_fclose         1009b0d8     LIBCMTD:fclose.obj
 0002:0001f0f8       __sehtable$__fsopen        1009b0f8     LIBCMTD:fopen.obj
 0002:0001f118       __sehtable$_fprintf        1009b118     LIBCMTD:fprintf.obj
 0002:0001f138       __sehtable$_printf         1009b138     LIBCMTD:printf.obj
 0002:0001f158       __sehtable$__CrtSetReportHookW2 1009b158     LIBCMTD:dbgrptw.obj
 0002:0001f178       __sehtable$_fread_s        1009b178     LIBCMTD:fread.obj
 0002:0001f198       __sehtable$_fwrite         1009b198     LIBCMTD:fwrite.obj
 0002:0001f1b8       __sehtable$__CRT_INIT@12   1009b1b8     LIBCMTD:dllcrt0.obj
 0002:0001f1d8       __sehtable$___DllMainCRTStartup 1009b1d8     LIBCMTD:dllcrt0.obj
 0002:0001f1f8       __sehtable$_doexit         1009b1f8     LIBCMTD:crt0dat.obj
 0002:0001f218       __sehtable$__onexit        1009b218     LIBCMTD:onexit.obj
 0002:0001f238       __sehtable$__mtinitlocknum 1009b238     LIBCMTD:mlock.obj
 0002:0001f258       __sehtable$___set_fpsr_sse2 1009b258     LIBCMTD:fpctrl.obj
 0002:0001f278       __sehtable$_fflush         1009b278     LIBCMTD:fflush.obj
 0002:0001f298       __sehtable$_flsall         1009b298     LIBCMTD:fflush.obj
 0002:0001f2c0       __sehtable$_setvbuf        1009b2c0     LIBCMTD:setvbuf.obj
 0002:0001f2e0       __sehtable$_fwprintf       1009b2e0     LIBCMTD:fwprintf.obj
 0002:0001f300       __sehtable$_signal         1009b300     LIBCMTD:winsig.obj
 0002:0001f320       __sehtable$_raise          1009b320     LIBCMTD:winsig.obj
 0002:0001f340       __sehtable$_ctrlevent_capture@4 1009b340     LIBCMTD:winsig.obj
 0002:0001f360       __sehtable$?DebuggerProbe@@YAHK@Z 1009b360     LIBCMTD:error.obj
 0002:0001f380       __sehtable$?DebuggerRuntime@@YAHKHPAXPB_W@Z 1009b380     LIBCMTD:error.obj
 0002:0001f3a0       __sehtable$__realloc_dbg   1009b3a0     LIBCMTD:dbgheap.obj
 0002:0001f3c0       __sehtable$__expand_dbg    1009b3c0     LIBCMTD:dbgheap.obj
 0002:0001f3e0       __sehtable$__free_dbg      1009b3e0     LIBCMTD:dbgheap.obj
 0002:0001f400       __sehtable$__msize_dbg     1009b400     LIBCMTD:dbgheap.obj
 0002:0001f420       __sehtable$__CrtCheckMemory 1009b420     LIBCMTD:dbgheap.obj
 0002:0001f440       __sehtable$__CrtSetDbgFlag 1009b440     LIBCMTD:dbgheap.obj
 0002:0001f460       __sehtable$__CrtDoForAllClientObjects 1009b460     LIBCMTD:dbgheap.obj
 0002:0001f480       __sehtable$__CrtIsMemoryBlock 1009b480     LIBCMTD:dbgheap.obj
 0002:0001f4a0       __sehtable$__CrtMemCheckpoint 1009b4a0     LIBCMTD:dbgheap.obj
 0002:0001f4c0       __sehtable$__CrtSetDbgBlockType 1009b4c0     LIBCMTD:dbgheap.obj
 0002:0001f4e0       __sehtable$__heap_alloc_dbg_impl 1009b4e0     LIBCMTD:dbgheap.obj
 0002:0001f500       __sehtable$?__crtIsBadReadPtr@@YAHPBXI@Z 1009b500     LIBCMTD:dbgheap.obj
 0002:0001f520       __sehtable$?_CrtMemDumpAllObjectsSince_stat@@YAXPBU_CrtMemState@@PAUlocaleinfo_struct@@@Z 1009b520     LIBCMTD:dbgheap.obj
 0002:0001f540       __sehtable$__freefls@4     1009b540     LIBCMTD:tidtable.obj
 0002:0001f568       __sehtable$__initptd       1009b568     LIBCMTD:tidtable.obj
 0002:0001f590       __sehtable$?terminate@@YAXXZ 1009b590     LIBCMTD:hooks.obj
 0002:0001f5b0       __sehtable$?_inconsistency@@YAXXZ 1009b5b0     LIBCMTD:hooks.obj
 0002:0001f5d0       __sehtable$___FrameUnwindToState 1009b5d0     LIBCMTD:frame.obj
 0002:0001f5f8       __sehtable$?CallCatchBlock@@YAPAXPAUEHExceptionRecord@@PAUEHRegistrationNode@@PAU_CONTEXT@@PBU_s_FuncInfo@@PAXHK@Z 1009b5f8     LIBCMTD:frame.obj
 0002:0001f620       __sehtable$___BuildCatchObject 1009b620     LIBCMTD:frame.obj
 0002:0001f640       __sehtable$___DestructExceptionObject 1009b640     LIBCMTD:frame.obj
 0002:0001f65c       __catchsym$?CallUnexpected@@YAXPBU_s_ESTypeList@@@Z$2 1009b65c     LIBCMTD:frame.obj
 0002:0001f66c       __unwindtable$?CallUnexpected@@YAXPBU_s_ESTypeList@@@Z 1009b66c     LIBCMTD:frame.obj
 0002:0001f67c       __tryblocktable$?CallUnexpected@@YAXPBU_s_ESTypeList@@@Z 1009b67c     LIBCMTD:frame.obj
 0002:0001f690       __ehfuncinfo$?CallUnexpected@@YAXPBU_s_ESTypeList@@@Z 1009b690     LIBCMTD:frame.obj
 0002:0001f6b8       __sehtable$___BuildCatchObjectHelper 1009b6b8     LIBCMTD:frame.obj
 0002:0001f710       __sehtable$__close         1009b710     LIBCMTD:close.obj
 0002:0001f730       __sehtable$__getstream     1009b730     LIBCMTD:stream.obj
 0002:0001f750       __sehtable$_vfprintf_helper 1009b750     LIBCMTD:vfprintf.obj
 0002:0001f770       __sehtable$__ioinit        1009b770     LIBCMTD:ioinit.obj
 0002:0001f790       __sehtable$_vprintf_helper 1009b790     LIBCMTD:vprintf.obj
 0002:0001f7b0       __sehtable$__VCrtDbgReportA 1009b7b0     LIBCMTD:dbgrptt.obj
 0002:0001f7d8       __sehtable$__VCrtDbgReportW 1009b7d8     LIBCMTD:dbgrptt.obj
 0002:0001f800       __sehtable$?_Name_base@type_info@@CAPBDPBV1@PAU__type_info_node@@@Z 1009b800     LIBCMTD:typname.obj
 0002:0001f820       __sehtable$?_Type_info_dtor@type_info@@CAXPAV1@@Z 1009b820     LIBCMTD:typname.obj
 0002:0001f840       __sehtable$?_Name_base_internal@type_info@@CAPBDPBV1@PAU__type_info_node@@@Z 1009b840     LIBCMTD:typname.obj
 0002:0001f860       __sehtable$?_Type_info_dtor_internal@type_info@@CAXPAV1@@Z 1009b860     LIBCMTD:typname.obj
 0002:0001f880       __sehtable$___clean_type_info_names_internal 1009b880     LIBCMTD:typname.obj
 0002:0001f8a0       __sehtable$__fcloseall     1009b8a0     LIBCMTD:closeall.obj
 0002:0001f8c0       __sehtable$__read          1009b8c0     LIBCMTD:read.obj
 0002:0001f8e0       __sehtable$__write         1009b8e0     LIBCMTD:write.obj
 0002:0001f900       __sehtable$__IsNonwritableInCurrentImage 1009b900     LIBCMTD:pesect.obj
 0002:0001f920       __sehtable$___updatetmbcinfo 1009b920     LIBCMTD:mbctype.obj
 0002:0001f940       __sehtable$__setmbcp       1009b940     LIBCMTD:mbctype.obj
 0002:0001f95c       __unwindtable$?getSystemCP@@YAHH@Z 1009b95c     LIBCMTD:mbctype.obj
 0002:0001f964       __ehfuncinfo$?getSystemCP@@YAHH@Z 1009b964     LIBCMTD:mbctype.obj
 0002:0001f988       __sehtable$__commit        1009b988     LIBCMTD:commit.obj
 0002:0001f9a8       __sehtable$_vfwprintf_helper 1009b9a8     LIBCMTD:vfwprint.obj
 0002:0001f9c8       __sehtable$__CrtSetReportHook2 1009b9c8     LIBCMTD:dbgrpt.obj
 0002:0001f9e8       __sehtable$___updatetlocinfo 1009b9e8     LIBCMTD:localref.obj
 0002:0001fa08       __sehtable$__alloc_osfhnd  1009ba08     LIBCMTD:osfinfo.obj
 0002:0001fa30       __sehtable$___lock_fhandle 1009ba30     LIBCMTD:osfinfo.obj
 0002:0001fa50       __sehtable$__open_osfhandle 1009ba50     LIBCMTD:osfinfo.obj
 0002:0001fa70       __sehtable$__sopen_helper  1009ba70     LIBCMTD:open.obj
 0002:0001fa90       __sehtable$__open          1009ba90     LIBCMTD:open.obj
 0002:0001fab0       __sehtable$__lseeki64      1009bab0     LIBCMTD:lseeki64.obj
 0002:0001fad0       __sehtable$___unDName      1009bad0     LIBCMTD:undname.obj
 0002:0001faf0       __sehtable$___unDNameEx    1009baf0     LIBCMTD:undname.obj
 0002:0001fb0c       __unwindtable$?make@DNameStatusNode@@SAPAV1@W4DNameStatus@@@Z 1009bb0c     LIBCMTD:undname.obj
 0002:0001fb14       __ehfuncinfo$?make@DNameStatusNode@@SAPAV1@W4DNameStatus@@@Z 1009bb14     LIBCMTD:undname.obj
 0002:0001fb38       __sehtable$__putwch        1009bb38     LIBCMTD:putwch.obj
 0002:0001fb54       __unwindtable$?x_ismbbtype_l@@YAHPAUlocaleinfo_struct@@IHH@Z 1009bb54     LIBCMTD:ismbbyte.obj
 0002:0001fb5c       __ehfuncinfo$?x_ismbbtype_l@@YAHPAUlocaleinfo_struct@@IHH@Z 1009bb5c     LIBCMTD:ismbbyte.obj
 0002:0001fb80       __unwindtable$?strtoxl@@YAKPAUlocaleinfo_struct@@PBDPAPBDHH@Z 1009bb80     LIBCMTD:strtol.obj
 0002:0001fb88       __ehfuncinfo$?strtoxl@@YAKPAUlocaleinfo_struct@@PBDPAPBDHH@Z 1009bb88     LIBCMTD:strtol.obj
 0002:0001fbb0       __sehtable$_fputwc         1009bbb0     LIBCMTD:fputwc.obj
 0002:0001fbd0       __sehtable$__get_current_locale 1009bbd0     LIBCMTD:wsetloca.obj
 0002:0001fbf8       __sehtable$__free_locale   1009bbf8     LIBCMTD:wsetloca.obj
 0002:0001fc20       __sehtable$__wsetlocale    1009bc20     LIBCMTD:wsetloca.obj
 0002:0001fc58       __sehtable$__locterm       1009bc58     LIBCMTD:wsetloca.obj
 0002:0001fc78       __sehtable$__wsopen_helper 1009bc78     LIBCMTD:wopen.obj
 0002:0001fc98       __sehtable$__wopen         1009bc98     LIBCMTD:wopen.obj
 0002:0001fcb8       __sehtable$__chsize_s      1009bcb8     LIBCMTD:chsize.obj
 0002:0001fcd8       __sehtable$__setmode       1009bcd8     LIBCMTD:setmode.obj
 0002:0001fcf4       __unwindtable$?strtoxq@@YA_KPAUlocaleinfo_struct@@PBDPAPBDHH@Z 1009bcf4     LIBCMTD:strtoq.obj
 0002:0001fcfc       __ehfuncinfo$?strtoxq@@YA_KPAUlocaleinfo_struct@@PBDPAPBDHH@Z 1009bcfc     LIBCMTD:strtoq.obj
 0002:0001fd20       __unwindtable$?wcstoxq@@YA_KPAUlocaleinfo_struct@@PB_WPAPB_WHH@Z 1009bd20     LIBCMTD:wcstoq.obj
 0002:0001fd28       __ehfuncinfo$?wcstoxq@@YA_KPAUlocaleinfo_struct@@PB_WPAPB_WHH@Z 1009bd28     LIBCMTD:wcstoq.obj
 0002:0001fd50       .edata                     1009bd50     olethros.exp
 0002:0001fd78       rgpv                       1009bd78     olethros.exp
 0002:0001fd7c       rgszName                   1009bd7c     olethros.exp
 0002:0001fd80       rgwOrd                     1009bd80     olethros.exp
 0002:0001fd82       szName                     1009bd82     olethros.exp
 0002:0001fd8f       $N00001                    1009bd8f     olethros.exp
 0002:00020004       .idata$6                   1009c004     tgf:tgf.dll
 0002:00020030       .idata$6                   1009c030     robottools:robottools.dll
 0002:0002007e       .idata$6                   1009c07e     learning:learning.dll
 0002:000206b8       .idata$6                   1009c6b8     kernel32:KERNEL32.dll
 0003:00000000       _botname                   1009d000     olethros.obj
 0003:00000028       _botdesc                   1009d028     olethros.obj
 0003:00000068       __ulSeverityText           1009d068     ul_vs2008_32:ulError.obj
 0003:00000074       _init                      1009d074     libcpmtd:xlock.obj
 0003:00000088       POW_name                   1009d088     LIBCMTD:pow.obj
 0003:00000090       _NAME_                     1009d090     LIBCMTD:sqrt.obj
 0003:00000098       __assertstring             1009d098     LIBCMTD:wassert.obj
 0003:000000e8       _dotdotdot                 1009d0e8     LIBCMTD:wassert.obj
 0003:000000ec       _newline                   1009d0ec     LIBCMTD:wassert.obj
 0003:000000f0       _dblnewline                1009d0f0     LIBCMTD:wassert.obj
 0003:00000100       _NAME_                     1009d100     LIBCMTD:cos.obj
 0003:00000110       _NAME_                     1009d110     LIBCMTD:sin.obj
 0003:00000120       LOG_name                   1009d120     LIBCMTD:log.obj
 0003:00000130       _dotdotdot                 1009d130     LIBCMTD:dbgrptw.obj
 0003:000003c0       _NAME_                     1009d3c0     LIBCMTD:asin.obj
 0003:000003d0       _NAME_                     1009d3d0     LIBCMTD:acos.obj
 0003:000003e0       _NAME_                     1009d3e0     LIBCMTD:tan.obj
 0003:000003e8       __locktable                1009d3e8     LIBCMTD:mlock.obj
 0003:00000510       ?isPackaged@?1??__crtIsPackagedApp@@9@9 1009d510     LIBCMTD:winapisupp.obj
 0003:00000548       ?_names@?1??_get_fname@@9@9 1009d548     LIBCMTD:fpexcept.obj
 0003:00000630       _over                      1009d630     LIBCMTD:fpctrl.obj
 0003:0000063c       _under                     1009d63c     LIBCMTD:fpctrl.obj
 0003:00000648       ?__DAZ_ENABLED@?1??__set_fpsr_sse2@@9@9 1009d648     LIBCMTD:fpctrl.obj
 0003:00000698       __lRequestCurr             1009d698     LIBCMTD:dbgheap.obj
 0003:0000069c       __bNoMansLandFill          1009d69c     LIBCMTD:dbgheap.obj
 0003:0000069d       __bAlignLandFill           1009d69d     LIBCMTD:dbgheap.obj
 0003:0000069e       __bDeadLandFill            1009d69e     LIBCMTD:dbgheap.obj
 0003:0000069f       __bCleanLandFill           1009d69f     LIBCMTD:dbgheap.obj
 0003:000006b8       _errtable                  1009d6b8     LIBCMTD:dosmap.obj
 0003:00000820       _ErrnoNoMem                1009d820     LIBCMTD:dosmap.obj
 0003:00000824       _DoserrorNoMem             1009d824     LIBCMTD:dosmap.obj
 0003:000009a0       _newcw                     1009d9a0     LIBCMTD:floor.obj
 0003:00000dd8       ___rgctypeflag             1009ddd8     LIBCMTD:mbctype.obj
 0003:00000de0       ___rgcode_page_info        1009dde0     LIBCMTD:mbctype.obj
 0003:00000ee0       _dotdotdot                 1009dee0     LIBCMTD:dbgrpt.obj
 0003:0000119c       __ctype_loc_style          1009e19c     LIBCMTD:wsetloca.obj
 0003:000011a0       _DoubleFormat              1009e1a0     LIBCMTD:intrncvt.obj
 0003:000011b8       _FloatFormat               1009e1b8     LIBCMTD:intrncvt.obj
 0003:00001850       _allocator_arg             1009e850     driver.obj
 0003:00001851       _piecewise_construct       1009e851     driver.obj
 0003:00001858       _allocator_arg             1009e858     geometry.obj
 0003:00001859       _piecewise_construct       1009e859     geometry.obj
 0003:0000185c       _allocator_arg             1009e85c     olethros.obj
 0003:0000185d       _piecewise_construct       1009e85d     olethros.obj
 0003:00001860       _driver                    1009e860     olethros.obj
 0003:0000188c       _allocator_arg             1009e88c     opponent.obj
 0003:0000188d       _piecewise_construct       1009e88d     opponent.obj
 0003:0000188e       _allocator_arg             1009e88e     pit.obj
 0003:0000188f       _piecewise_construct       1009e88f     pit.obj
 0003:00001890       _allocator_arg             1009e890     strategy.obj
 0003:00001891       _piecewise_construct       1009e891     strategy.obj
 0003:00001892       _allocator_arg             1009e892     TrackData.obj
 0003:00001893       _piecewise_construct       1009e893     TrackData.obj
 0003:00001894       _allocator_arg             1009e894     Trajectory.obj
 0003:00001895       _piecewise_construct       1009e895     Trajectory.obj
 0003:00001898       __ulErrorBuffer            1009e898     ul_vs2008_32:ulError.obj
 0003:00001c98       __ulErrorCB                1009ec98     ul_vs2008_32:ulError.obj
 0003:00001ca0       _initlocks                 1009eca0     libcpmtd:xlock.obj
 0003:00001ca8       _mtx                       1009eca8     libcpmtd:xlock.obj
 0003:00001d08       __Tuple_alloc              1009ed08     libcpmtd:xthrow.obj
 0003:00001d09       _ignore                    1009ed09     libcpmtd:xthrow.obj
 0003:00001d0a       _allocator_arg             1009ed0a     libcpmtd:xthrow.obj
 0003:00001d0b       _piecewise_construct       1009ed0b     libcpmtd:xthrow.obj
 0003:00001d28       _allocator_arg             1009ed28     libcpmtd:syserror.obj
 0003:00001d29       _piecewise_construct       1009ed29     libcpmtd:syserror.obj
 0003:00001d2a       ?init@?1??_RTC_InitBase@@9@4_NA 1009ed2a     LIBCMTD:init.obj
 0003:00001d34       ___enable_percent_n        1009ed34     LIBCMTD:printf.obj
 0003:00001d40       _start_tics                1009ed40     LIBCMTD:clock.obj
 0003:00001d48       ___proc_attached           1009ed48     LIBCMTD:dllcrt0.obj
 0003:00001d88       _lclcritsects              1009ed88     LIBCMTD:mlock.obj
 0003:00001ef0       _GS_ExceptionRecord        1009eef0     LIBCMTD:gs_report.obj
 0003:00001f40       _GS_ContextRecord          1009ef40     LIBCMTD:gs_report.obj
 0003:0000220c       _DebuggerWasPresent        1009f20c     LIBCMTD:gs_report.obj
 0003:00002214       _ctrlc_action              1009f214     LIBCMTD:winsig.obj
 0003:00002218       _ctrlbreak_action          1009f218     LIBCMTD:winsig.obj
 0003:0000221c       _abort_action              1009f21c     LIBCMTD:winsig.obj
 0003:00002220       _term_action               1009f220     LIBCMTD:winsig.obj
 0003:00002224       _ConsoleCtrlHandler_Installed 1009f224     LIBCMTD:winsig.obj
 0003:00002228       ?pfnGetLastActivePopup@?1??__crtMessageBoxW@@9@9 1009f228     LIBCMTD:crtmboxw.obj
 0003:0000222c       ?pfnGetProcessWindowStation@?1??__crtMessageBoxW@@9@9 1009f22c     LIBCMTD:crtmboxw.obj
 0003:00002230       ?pfnGetUserObjectInformation@?1??__crtMessageBoxW@@9@9 1009f230     LIBCMTD:crtmboxw.obj
 0003:00002234       ?pfnMessageBox@?1??__crtMessageBoxW@@9@9 1009f234     LIBCMTD:crtmboxw.obj
 0003:00002238       ?pfnGetActiveWindow@?1??__crtMessageBoxW@@9@9 1009f238     LIBCMTD:crtmboxw.obj
 0003:00002248       ?outmsg@?M@??_NMSG_WRITE@@9@9 1009f248     LIBCMTD:crt0msg.obj
 0003:00002874       __RTC_ErrorReportFunc      1009f874     LIBCMTD:userapi.obj
 0003:00002878       __RTC_ErrorReportFuncW     1009f878     LIBCMTD:userapi.obj
 0003:00002884       _check_frequency           1009f884     LIBCMTD:dbgheap.obj
 0003:0000288c       _check_counter             1009f88c     LIBCMTD:dbgheap.obj
 0003:00002890       __lTotalAlloc              1009f890     LIBCMTD:dbgheap.obj
 0003:00002894       __lCurAlloc                1009f894     LIBCMTD:dbgheap.obj
 0003:00002898       __lMaxAlloc                1009f898     LIBCMTD:dbgheap.obj
 0003:0000289c       __pFirstBlock              1009f89c     LIBCMTD:dbgheap.obj
 0003:000028a0       __pLastBlock               1009f8a0     LIBCMTD:dbgheap.obj
 0003:000029c4       ___type_info_root_node     1009f9c4     LIBCMTD:typname.obj
 0003:000029d0       __pmatherr_set             1009f9d0     LIBCMTD:libm_error.obj
 0003:000029d8       ?_pgmname@?1??_setargv@@9@9 1009f9d8     LIBCMTD:stdargv.obj
 0003:00002ae0       _g_pfnRtlGenRandom         1009fae0     LIBCMTD:rand_s.obj
 0003:00002afc       _fSystemSet                1009fafc     LIBCMTD:mbctype.obj
 0003:00002b00       _mspdb                     1009fb00     LIBCMTD:pdblkup.obj
 0003:00002b04       ?alreadyTried@?1??GetPdbDll@@YAPAUHINSTANCE__@@XZ@4_NA 1009fb04     LIBCMTD:pdblkup.obj
 0003:00002b05       ?PDBOK@?BM@??_RTC_GetSrcLine@@YAHPAEPA_WKPAH1K@Z@4_NA 1009fb05     LIBCMTD:pdblkup.obj
 0003:00002b38       _heap                      1009fb38     LIBCMTD:undname.obj
 0003:00002b50       ?buf@?1??dbGetString@DName@@QBEPADXZ@4PADA 1009fb50     LIBCMTD:undname.obj
 0003:00002bd4       ___crtCallProc             1009fbd4     LIBCMTD:winapinls.obj
